ggml_metal_device_init: testing tensor API for f16 support
ggml_metal_library_compile_pipeline: compiling pipeline: base = 'dummy_kernel', name = 'dummy_kernel'
ggml_metal_library_compile_pipeline: loaded dummy_kernel                                  0x105beee20 | th_max = 1024 | th_width =   32
ggml_metal_device_init: testing tensor API for bfloat support
ggml_metal_library_compile_pipeline: compiling pipeline: base = 'dummy_kernel', name = 'dummy_kernel'
ggml_metal_library_compile_pipeline: loaded dummy_kernel                                  0x105bef320 | th_max = 1024 | th_width =   32
ggml_metal_library_init: using embedded metal library
ggml_metal_library_compile_all: compiled 'fa_aux' library in 0.003 sec
ggml_metal_library_compile_all: compiled 'fa_f16' library in 0.003 sec
ggml_metal_library_compile_all: compiled 'fa_f32' library in 0.011 sec
ggml_metal_library_compile_all: compiled 'fa_q4_0' library in 0.004 sec
ggml_metal_library_compile_all: compiled 'fa_q4_1' library in 0.008 sec
ggml_metal_library_compile_all: compiled 'fa_q5_0' library in 0.011 sec
ggml_metal_library_compile_all: compiled 'fa_q5_1' library in 0.007 sec
ggml_metal_library_compile_all: compiled 'fa_q8_0' library in 0.004 sec
ggml_metal_library_compile_all: compiled 'fa_vec_f16' library in 0.004 sec
ggml_metal_library_compile_all: compiled 'fa_vec_f32' library in 0.009 sec
ggml_metal_library_compile_all: compiled 'fa_vec_q4_0' library in 0.007 sec
ggml_metal_library_compile_all: compiled 'fa_vec_q4_1' library in 0.011 sec
ggml_metal_library_compile_all: compiled 'fa_vec_q5_0' library in 0.009 sec
ggml_metal_library_compile_all: compiled 'fa_vec_q5_1' library in 0.005 sec
ggml_metal_library_compile_all: compiled 'fa_vec_q8_0' library in 0.010 sec
ggml_metal_library_compile_all: compiled 'mul_mv' library in 0.008 sec
ggml_metal_library_compile_all: compiled 'mul_mv_mma' library in 0.006 sec
ggml_metal_library_compile_all: compiled 'mul_mm' library in 0.013 sec
ggml_metal_library_compile_all: compiled 'quantize' library in 0.010 sec
ggml_metal_library_compile_all: compiled 'softmax' library in 0.004 sec
ggml_metal_library_compile_all: compiled 'norm' library in 0.008 sec
ggml_metal_library_compile_all: compiled 'unary' library in 0.005 sec
ggml_metal_library_compile_all: compiled 'binbcast' library in 0.005 sec
ggml_metal_library_compile_all: compiled 'reduce' library in 0.008 sec
ggml_metal_library_compile_all: compiled 'tri' library in 0.008 sec
ggml_metal_library_compile_all: compiled 'ssm' library in 0.004 sec
ggml_metal_library_compile_all: compiled 'wkv' library in 0.004 sec
ggml_metal_library_compile_all: compiled 'gated_delta_net' library in 0.003 sec
ggml_metal_library_compile_all: compiled 'solve_tri' library in 0.004 sec
ggml_metal_library_compile_all: compiled 'rope' library in 0.006 sec
ggml_metal_library_compile_all: compiled 'conv' library in 0.003 sec
ggml_metal_library_compile_all: compiled 'upscale' library in 0.004 sec
ggml_metal_library_compile_all: compiled 'argsort' library in 0.003 sec
ggml_metal_library_compile_all: compiled 'pool' library in 0.003 sec
ggml_metal_library_compile_all: compiled 'misc' library in 0.003 sec
ggml_metal_library_compile_all: loaded 35 libraries from embedded data in 0.013 sec (max single = 0.013 sec)
ggml_metal_rsets_init: creating a residency set collection (keep_alive = 180 s)
ggml_metal_device_init: GPU name:   MTL0 (Apple M5 Pro)
ggml_metal_device_init: GPU family: MTLGPUFamilyApple10  (1010)
ggml_metal_device_init: GPU family: MTLGPUFamilyMetal4  (5002)
ggml_metal_device_init: simdgroup reduction   = true
ggml_metal_device_init: simdgroup matrix mul. = true
ggml_metal_device_init: has unified memory    = true
ggml_metal_device_init: has bfloat            = true
ggml_metal_device_init: has tensor            = true
ggml_metal_device_init: use residency sets    = true
ggml_metal_device_init: use shared buffers    = true
ggml_metal_device_init: recommendedMaxWorkingSetSize  = 40200.90 MB
ggml_metal_init: allocating
ggml_metal_init: found device: Apple M5 Pro
ggml_metal_init: picking default device: Apple M5 Pro
ggml_metal_init: use fusion         = true
ggml_metal_init: use concurrency    = true
ggml_metal_init: use graph optimize = true
ggml_metal_library_compile_pipeline: compiling pipeline: base = 'kernel_m5_gate_up_q2_0_f32_r4', name = 'kernel_m5_gate_up_q2_0_f32_r4'
ggml_metal_library_compile_pipeline: loaded kernel_m5_gate_up_q2_0_f32_r4                 0x105c00ea0 | th_max = 1024 | th_width =   32
ggml_metal_library_compile_pipeline: compiling pipeline: base = 'kernel_mul_mv_id_q2_0_f32', name = 'kernel_mul_mv_id_q2_0_f32_nsg=2_split=0'
ggml_metal_library_compile_pipeline: loaded kernel_mul_mv_id_q2_0_f32_nsg=2_split=0       0x105c01420 | th_max = 1024 | th_width =   32
ggml_metal_library_compile_pipeline: compiling pipeline: base = 'kernel_bin_fuse_f32_f32_f32', name = 'kernel_bin_fuse_f32_f32_f32_op=2_nf=1_rb=0_cb=1'
ggml_metal_library_compile_pipeline: loaded kernel_bin_fuse_f32_f32_f32_op=2_nf=1_rb=0_cb=1      0x105c019a0 | th_max = 1024 | th_width =   32
ggml_metal_library_compile_pipeline: compiling pipeline: base = 'kernel_bin_fuse_f32_f32_f32_4', name = 'kernel_bin_fuse_f32_f32_f32_4_op=0_nf=7_rb=0_cb=0'
ggml_metal_library_compile_pipeline: loaded kernel_bin_fuse_f32_f32_f32_4_op=0_nf=7_rb=0_cb=0      0x105c01d20 | th_max = 1024 | th_width =   32
ggml_metal_library_compile_pipeline: compiling pipeline: base = 'kernel_bin_fuse_f32_f32_f32_4', name = 'kernel_bin_fuse_f32_f32_f32_4_op=0_nf=2_rb=0_cb=0'
ggml_metal_library_compile_pipeline: loaded kernel_bin_fuse_f32_f32_f32_4_op=0_nf=2_rb=0_cb=0     0x74f1280000 | th_max = 1024 | th_width =   32
ggml_metal_library_compile_pipeline: compiling pipeline: base = 'kernel_bin_fuse_f32_f32_f32_4', name = 'kernel_bin_fuse_f32_f32_f32_4_op=0_nf=1_rb=0_cb=0'
ggml_metal_library_compile_pipeline: loaded kernel_bin_fuse_f32_f32_f32_4_op=0_nf=1_rb=0_cb=0     0x74f1280380 | th_max = 1024 | th_width =   32
M5_GATE_CASE {"cpu_compute_nodes":0,"cpu_nmse":6.957007826013444e-14,"distinct_experts":[14,22,24,26,28,30,33,40],"eligible":true,"graph_buffer_bytes":5385920,"input_ids_preserved":true,"layout":"plain","max_absolute_error":3.669212926826759e-07,"max_scaled_error":3.163219394197725e-07,"output_elements":1105920,"route":"real","route_index":0,"rows":4,"samples":60,"scheduler":true,"triplets_per_graph":8,"wall_samples_us_per_triplet":[288.99475,289.34375,289.802,289.979125,289.984375,290.1875,290.8385,290.95825,291.03125,291.15625,291.21875,291.234375,291.354125,291.416625,292.015625,292.239625,292.380125,292.421875,292.541625,292.68225,292.81775,293.380125,293.755125,293.948,294.322875,294.395875,294.4115,294.61975,294.6875,294.85425,294.895875,294.9115,294.91675,295.099,295.8645,296.020875,296.19275,296.317625,296.484375,296.671875,296.93225,296.99475,297.224,297.552125,297.739625,298.135375,298.432375,298.760375,298.859375,299.724,299.776,300.015625,300.296875,301.505125,301.697875,302.463625,303.2135,303.333375,304.552125,306.3385],"wall_us_per_triplet":294.895875}
M5_GATE_CASE {"cpu_compute_nodes":0,"cpu_nmse":8.813416802937666e-14,"distinct_experts":[40,40,40,40,40,40,40,40],"eligible":true,"graph_buffer_bytes":5385920,"input_ids_preserved":true,"layout":"plain","max_absolute_error":2.665893277242759e-07,"max_scaled_error":2.544322713626812e-07,"output_elements":1105920,"route":"distinct","route_index":0,"rows":4,"samples":60,"scheduler":true,"triplets_per_graph":8,"wall_samples_us_per_triplet":[299.3125,302.25525,303.791625,305.349,305.354125,305.645875,305.833375,306.15625,306.302125,306.38025,306.4635,306.791625,306.859375,306.89575,306.953125,306.9895,307.072875,307.099,307.385375,307.447875,307.895875,308.10425,308.140625,308.614625,308.677125,308.708375,308.84375,308.864625,308.91675,308.963625,309.0625,309.099,309.18225,309.229125,309.34375,309.40625,309.421875,309.546875,309.724,309.823,310.224,310.71875,311.015625,311.8125,312.39575,312.89575,314.015625,314.3385,314.604125,316.52075,316.5625,316.71875,316.828125,316.901125,317.59375,318.203125,318.5,321.94275,323.765625,334.0885],"wall_us_per_triplet":309.0625}
M5_GATE_CASE {"cpu_compute_nodes":0,"cpu_nmse":7.063375741560338e-14,"distinct_experts":[10,10,10,10,10,10,10,10],"eligible":true,"graph_buffer_bytes":5385920,"input_ids_preserved":true,"layout":"plain","max_absolute_error":3.351239759030733e-07,"max_scaled_error":3.351239759030733e-07,"output_elements":1105920,"route":"shared","route_index":0,"rows":4,"samples":60,"scheduler":true,"triplets_per_graph":8,"wall_samples_us_per_triplet":[281.354125,281.698,282.166625,283.06775,285.828125,285.916625,286.151,286.1875,286.348875,286.5625,286.828125,286.885375,287.14575,287.145875,287.197875,287.198,287.416625,287.463625,287.546875,287.625,287.828125,287.849,287.875,288.00525,288.14575,288.15625,288.234375,288.270875,288.849,289.21875,289.322875,289.36975,289.828125,289.859375,290.052125,290.06775,290.296875,290.34375,290.40625,290.75,290.8645,291.098875,291.302125,291.463625,291.640625,291.973875,292.2865,292.953125,293.34375,293.5105,293.75,294.58325,295.026125,297.61975,298.1615,298.645875,298.822875,298.880125,299.265625,302.375],"wall_us_per_triplet":289.322875}
M5_GATE_CASE {"cpu_compute_nodes":0,"cpu_nmse":7.030566706314856e-14,"distinct_experts":[13,26,29,31,34,36,40,50],"eligible":true,"graph_buffer_bytes":6721728,"input_ids_preserved":true,"layout":"plain","max_absolute_error":2.9987389271735054e-07,"max_scaled_error":2.9987389271735054e-07,"output_elements":1382400,"route":"real","route_index":0,"rows":5,"samples":60,"scheduler":true,"triplets_per_graph":8,"wall_samples_us_per_triplet":[349.13025,351.828125,352.239625,352.5,353.09375,353.703125,354.04175,354.53125,354.59375,354.666625,355.21875,355.78125,355.828125,355.8385,356.052,356.244875,356.276,356.375,356.41675,356.44275,356.447875,356.50525,356.671875,356.68225,356.7605,356.78125,356.864625,357.03125,357.04175,357.59375,358.104125,358.203125,358.296875,358.317625,358.63025,358.651,358.713625,358.9115,359.13025,359.192625,359.223875,359.224,359.234375,359.276,359.291625,359.46875,359.55725,359.65625,359.849,359.864625,360.03125,360.34375,360.69275,361.06775,361.947875,362.739625,365.760375,366.41675,368.90625,374.35425],"wall_us_per_triplet":358.104125}
M5_GATE_CASE {"cpu_compute_nodes":0,"cpu_nmse":9.616919896786819e-14,"distinct_experts":[50,50,50,50,50,50,50,50],"eligible":true,"graph_buffer_bytes":6721728,"input_ids_preserved":true,"layout":"plain","max_absolute_error":3.6201216380149503e-07,"max_scaled_error":3.6201216380149503e-07,"output_elements":1382400,"route":"distinct","route_index":0,"rows":5,"samples":60,"scheduler":true,"triplets_per_graph":8,"wall_samples_us_per_triplet":[366.31775,366.53125,366.895875,367.171875,367.1875,367.22925,368.005125,368.234375,368.276,368.28125,368.3385,368.348875,369.151,369.45825,369.5,369.5625,369.776125,369.791625,370.03125,370.052125,370.41675,370.4635,371.473875,371.5365,371.567625,371.697875,371.802,372.09375,372.427,372.55725,372.614625,372.63025,372.875,373.0625,373.145875,373.166625,373.359375,373.364625,373.364625,373.411375,373.776,374.177,374.6145,376.869875,376.901,376.953125,377.97925,378.19275,378.375,380.349,383.505125,383.5625,385.083375,388.604125,407.296875,414.375,414.7395,430.29175,442.791625,478.817625],"wall_us_per_triplet":372.614625}
M5_GATE_CASE {"cpu_compute_nodes":0,"cpu_nmse":7.366095811566404e-14,"distinct_experts":[10,10,10,10,10,10,10,10],"eligible":true,"graph_buffer_bytes":6721728,"input_ids_preserved":true,"layout":"plain","max_absolute_error":3.351239759030733e-07,"max_scaled_error":3.351239759030733e-07,"output_elements":1382400,"route":"shared","route_index":0,"rows":5,"samples":60,"scheduler":true,"triplets_per_graph":8,"wall_samples_us_per_triplet":[339.9375,342.197875,342.390625,342.619875,342.942625,342.948,343.265625,343.567625,344.11975,344.198,344.3125,344.364625,344.473875,344.53125,344.81775,344.828125,345.057375,345.125,345.421875,345.671875,345.8125,345.8645,346.04175,346.177125,346.25,346.411375,346.421875,346.447875,346.677125,346.796875,346.89575,346.901125,346.921875,346.989625,347.005125,347.11975,347.333375,347.364625,347.7865,347.8125,348.026125,348.21875,348.474,349.078125,349.125,349.151,349.348875,349.479125,349.510375,349.682375,349.698,349.776,349.8125,349.9115,349.958375,351.395875,351.927,353.125,354.09375,356.94275],"wall_us_per_triplet":346.89575}
M5_GATE_DONE {"allocated_weight_bytes":2124195840,"cases":6,"cpu_compute_nodes":0,"mode":"perf","scheduler":true,"weights_preserved":true}
ggml_metal_free: deallocating
