ggml_metal_device_init: testing tensor API for f16 support
ggml_metal_library_compile_pipeline: compiling pipeline: base = 'dummy_kernel', name = 'dummy_kernel'
ggml_metal_library_compile_pipeline: loaded dummy_kernel                                  0x1036fdf90 | th_max = 1024 | th_width =   32
ggml_metal_device_init: testing tensor API for bfloat support
ggml_metal_library_compile_pipeline: compiling pipeline: base = 'dummy_kernel', name = 'dummy_kernel'
ggml_metal_library_compile_pipeline: loaded dummy_kernel                                  0x1036fe010 | th_max = 1024 | th_width =   32
ggml_metal_library_init: using embedded metal library
ggml_metal_library_compile_all: compiled 'fa_aux' library in 0.344 sec
ggml_metal_library_compile_all: compiled 'fa_f16' library in 1.721 sec
ggml_metal_library_compile_all: compiled 'fa_f32' library in 0.973 sec
ggml_metal_library_compile_all: compiled 'fa_q4_0' library in 1.069 sec
ggml_metal_library_compile_all: compiled 'fa_q4_1' library in 1.056 sec
ggml_metal_library_compile_all: compiled 'fa_q5_0' library in 1.002 sec
ggml_metal_library_compile_all: compiled 'fa_q5_1' library in 1.007 sec
ggml_metal_library_compile_all: compiled 'fa_q8_0' library in 1.063 sec
ggml_metal_library_compile_all: compiled 'fa_vec_f16' library in 2.444 sec
ggml_metal_library_compile_all: compiled 'fa_vec_f32' library in 0.552 sec
ggml_metal_library_compile_all: compiled 'fa_vec_q4_0' library in 2.736 sec
ggml_metal_library_compile_all: compiled 'fa_vec_q4_1' library in 2.393 sec
ggml_metal_library_compile_all: compiled 'fa_vec_q5_0' library in 2.325 sec
ggml_metal_library_compile_all: compiled 'fa_vec_q5_1' library in 2.223 sec
ggml_metal_library_compile_all: compiled 'fa_vec_q8_0' library in 2.282 sec
ggml_metal_library_compile_all: compiled 'mul_mv' library in 1.393 sec
ggml_metal_library_compile_all: compiled 'mul_mv_mma' library in 2.067 sec
ggml_metal_library_compile_all: compiled 'mul_mm' library in 1.527 sec
ggml_metal_library_compile_all: compiled 'quantize' library in 2.391 sec
ggml_metal_library_compile_all: compiled 'softmax' library in 0.126 sec
ggml_metal_library_compile_all: compiled 'norm' library in 0.146 sec
ggml_metal_library_compile_all: compiled 'unary' library in 0.156 sec
ggml_metal_library_compile_all: compiled 'binbcast' library in 0.147 sec
ggml_metal_library_compile_all: compiled 'reduce' library in 0.113 sec
ggml_metal_library_compile_all: compiled 'tri' library in 1.717 sec
ggml_metal_library_compile_all: compiled 'ssm' library in 0.549 sec
ggml_metal_library_compile_all: compiled 'wkv' library in 2.220 sec
ggml_metal_library_compile_all: compiled 'gated_delta_net' library in 2.440 sec
ggml_metal_library_compile_all: compiled 'solve_tri' library in 1.524 sec
ggml_metal_library_compile_all: compiled 'rope' library in 2.279 sec
ggml_metal_library_compile_all: compiled 'conv' library in 0.628 sec
ggml_metal_library_compile_all: compiled 'upscale' library in 1.004 sec
ggml_metal_library_compile_all: compiled 'argsort' library in 1.390 sec
ggml_metal_library_compile_all: compiled 'pool' library in 1.390 sec
ggml_metal_library_compile_all: compiled 'misc' library in 2.322 sec
ggml_metal_library_compile_all: loaded 35 libraries from embedded data in 2.737 sec (max single = 2.736 sec)
ggml_metal_rsets_init: creating a residency set collection (keep_alive = 180 s)
ggml_metal_device_init: GPU name:   MTL0 (Apple M5 Pro)
ggml_metal_device_init: GPU family: MTLGPUFamilyApple10  (1010)
ggml_metal_device_init: GPU family: MTLGPUFamilyMetal4  (5002)
ggml_metal_device_init: simdgroup reduction   = true
ggml_metal_device_init: simdgroup matrix mul. = true
ggml_metal_device_init: has unified memory    = true
ggml_metal_device_init: has bfloat            = true
ggml_metal_device_init: has tensor            = true
ggml_metal_device_init: use residency sets    = true
ggml_metal_device_init: use shared buffers    = true
ggml_metal_device_init: recommendedMaxWorkingSetSize  = 40200.90 MB
ggml_metal_init: allocating
ggml_metal_init: found device: Apple M5 Pro
ggml_metal_init: picking default device: Apple M5 Pro
ggml_metal_init: use fusion         = true
ggml_metal_init: use concurrency    = true
ggml_metal_init: use graph optimize = true
ggml_metal_library_compile_pipeline: compiling pipeline: base = 'kernel_mul_mv_bf16_f32_4', name = 'kernel_mul_mv_bf16_f32_4_nsg=4_ne12=1_r2=1_r3=1_split=0'
ggml_metal_library_compile_pipeline: loaded kernel_mul_mv_bf16_f32_4_nsg=4_ne12=1_r2=1_r3=1_split=0      0x103733560 | th_max = 1024 | th_width =   32
ggml_metal_library_compile_pipeline: compiling pipeline: base = 'kernel_bin_fuse_f32_f32_f32_4', name = 'kernel_bin_fuse_f32_f32_f32_4_op=0_nf=1_rb=1_cb=0'
ggml_metal_library_compile_pipeline: loaded kernel_bin_fuse_f32_f32_f32_4_op=0_nf=1_rb=1_cb=0     0x7c3d2f8380 | th_max = 1024 | th_width =   32
ggml_metal_library_compile_pipeline: compiling pipeline: base = 'kernel_unary_f32_f32_4', name = 'kernel_unary_f32_f32_4_op=13_cnt=1'
ggml_metal_library_compile_pipeline: loaded kernel_unary_f32_f32_4_op=13_cnt=1           0x7c3d2f8700 | th_max = 1024 | th_width =   32
ggml_metal_library_compile_pipeline: compiling pipeline: base = 'kernel_mul_mv_ext_bf16_f32_r1_2', name = 'kernel_mul_mv_ext_bf16_f32_r1_2_nsg=2_nxpsg=16_ne12=1_r2=1_r3=1'
ggml_metal_library_compile_pipeline: loaded kernel_mul_mv_ext_bf16_f32_r1_2_nsg=2_nxpsg=16_ne12=1_r2=1_r3=1     0x7c3d2f8a80 | th_max = 1024 | th_width =   32
ggml_metal_library_compile_pipeline: compiling pipeline: base = 'kernel_bin_fuse_f32_f32_f32_4', name = 'kernel_bin_fuse_f32_f32_f32_4_op=0_nf=1_rb=0_cb=0'
ggml_metal_library_compile_pipeline: loaded kernel_bin_fuse_f32_f32_f32_4_op=0_nf=1_rb=0_cb=0     0x7c3d2f8e00 | th_max = 1024 | th_width =   32
ggml_metal_library_compile_pipeline: compiling pipeline: base = 'kernel_mul_mv_ext_bf16_f32_r1_3', name = 'kernel_mul_mv_ext_bf16_f32_r1_3_nsg=2_nxpsg=8_ne12=1_r2=1_r3=1'
ggml_metal_library_compile_pipeline: loaded kernel_mul_mv_ext_bf16_f32_r1_3_nsg=2_nxpsg=8_ne12=1_r2=1_r3=1     0x7c3d2f9500 | th_max = 1024 | th_width =   32
ggml_metal_library_compile_pipeline: compiling pipeline: base = 'kernel_mul_mv_mma_bf16_f32_nt1_rt1', name = 'kernel_mul_mv_mma_bf16_f32_nt1_rt1_nsg=16_ne12=1_r2=1_r3=1_ne00=0_add=0'
ggml_metal_library_compile_pipeline: loaded kernel_mul_mv_mma_bf16_f32_nt1_rt1_nsg=16_ne12=1_r2=1_r3=1_ne00=0_add=0     0x7c3d2f8000 | th_max = 1024 | th_width =   32
ggml_metal_library_compile_pipeline: compiling pipeline: base = 'kernel_mul_mv_mma_bf16_f32_nt1_rt1', name = 'kernel_mul_mv_mma_bf16_f32_nt1_rt1_nsg=16_ne12=1_r2=1_r3=1_ne00=0_add=1'
ggml_metal_library_compile_pipeline: loaded kernel_mul_mv_mma_bf16_f32_nt1_rt1_nsg=16_ne12=1_r2=1_r3=1_ne00=0_add=1     0x7c3d2f9180 | th_max = 1024 | th_width =   32
M5_HC_CASE {"copies_per_graph":1,"cpu_nmse":1.281136468289203e-14,"distinct_weight_bytes":6553600,"elements":320,"input_preserved":true,"k":10240,"layout":"plain","m":320,"max_absolute_error":1.2319131847959852e-07,"rows":1,"samples":1,"wall_us_per_op":227.042}
M5_HC_CASE {"copies_per_graph":1,"cpu_nmse":4.107798749570561e-15,"distinct_weight_bytes":6553600,"elements":320,"input_preserved":true,"k":10240,"layout":"residual","m":320,"max_absolute_error":1.5299364086729383e-07,"rows":1,"samples":1,"wall_us_per_op":219.375}
M5_HC_CASE {"copies_per_graph":1,"cpu_nmse":4.107798749570561e-15,"distinct_weight_bytes":6553600,"elements":320,"input_preserved":true,"k":10240,"layout":"exposed","m":320,"max_absolute_error":1.5299364086729383e-07,"rows":1,"samples":1,"wall_us_per_op":217.208}
M5_HC_CASE {"copies_per_graph":1,"cpu_nmse":1.281136468289203e-14,"distinct_weight_bytes":6553600,"elements":320,"input_preserved":true,"k":10240,"layout":"strided","m":320,"max_absolute_error":1.2319131847959852e-07,"rows":1,"samples":1,"wall_us_per_op":217.917}
M5_HC_CASE {"copies_per_graph":1,"cpu_nmse":5.195523870729034e-14,"distinct_weight_bytes":6553600,"elements":640,"input_preserved":true,"k":10240,"layout":"plain","m":320,"max_absolute_error":2.9540237644898326e-07,"rows":2,"samples":1,"wall_us_per_op":260.917}
M5_HC_CASE {"copies_per_graph":1,"cpu_nmse":1.4313892051331833e-14,"distinct_weight_bytes":6553600,"elements":640,"input_preserved":true,"k":10240,"layout":"residual","m":320,"max_absolute_error":2.9540237644898326e-07,"rows":2,"samples":1,"wall_us_per_op":260.0}
M5_HC_CASE {"copies_per_graph":1,"cpu_nmse":1.4313892051331833e-14,"distinct_weight_bytes":6553600,"elements":640,"input_preserved":true,"k":10240,"layout":"exposed","m":320,"max_absolute_error":2.9540237644898326e-07,"rows":2,"samples":1,"wall_us_per_op":236.542}
M5_HC_CASE {"copies_per_graph":1,"cpu_nmse":5.195523870729034e-14,"distinct_weight_bytes":6553600,"elements":640,"input_preserved":true,"k":10240,"layout":"strided","m":320,"max_absolute_error":2.9540237644898326e-07,"rows":2,"samples":1,"wall_us_per_op":255.583}
M5_HC_CASE {"copies_per_graph":1,"cpu_nmse":9.955590463026874e-14,"distinct_weight_bytes":6553600,"elements":960,"input_preserved":true,"k":10240,"layout":"plain","m":320,"max_absolute_error":4.3281094691538513e-07,"rows":3,"samples":1,"wall_us_per_op":318.791}
M5_HC_CASE {"copies_per_graph":1,"cpu_nmse":2.52363070016174e-14,"distinct_weight_bytes":6553600,"elements":960,"input_preserved":true,"k":10240,"layout":"residual","m":320,"max_absolute_error":4.5898039169323113e-07,"rows":3,"samples":1,"wall_us_per_op":373.667}
M5_HC_CASE {"copies_per_graph":1,"cpu_nmse":2.52363070016174e-14,"distinct_weight_bytes":6553600,"elements":960,"input_preserved":true,"k":10240,"layout":"exposed","m":320,"max_absolute_error":4.5898039169323113e-07,"rows":3,"samples":1,"wall_us_per_op":371.875}
M5_HC_CASE {"copies_per_graph":1,"cpu_nmse":9.955590463026874e-14,"distinct_weight_bytes":6553600,"elements":960,"input_preserved":true,"k":10240,"layout":"strided","m":320,"max_absolute_error":4.3281094691538513e-07,"rows":3,"samples":1,"wall_us_per_op":323.792}
M5_HC_CASE {"copies_per_graph":1,"cpu_nmse":2.1531573734840166e-13,"distinct_weight_bytes":6553600,"elements":1280,"input_preserved":true,"k":10240,"layout":"plain","m":320,"max_absolute_error":6.064256478088836e-07,"rows":4,"samples":1,"wall_us_per_op":249.958}
M5_HC_CASE {"copies_per_graph":1,"cpu_nmse":5.389380326335305e-14,"distinct_weight_bytes":6553600,"elements":1280,"input_preserved":true,"k":10240,"layout":"residual","m":320,"max_absolute_error":6.064256478088836e-07,"rows":4,"samples":1,"wall_us_per_op":244.5}
M5_HC_CASE {"copies_per_graph":1,"cpu_nmse":5.389380326335305e-14,"distinct_weight_bytes":6553600,"elements":1280,"input_preserved":true,"k":10240,"layout":"exposed","m":320,"max_absolute_error":6.064256478088836e-07,"rows":4,"samples":1,"wall_us_per_op":265.125}
M5_HC_CASE {"copies_per_graph":1,"cpu_nmse":2.1531573734840166e-13,"distinct_weight_bytes":6553600,"elements":1280,"input_preserved":true,"k":1ggml_metal_library_compile_pipeline: compiling pipeline: base = 'kernel_mul_mv_bf16_f32_4', name = 'kernel_mul_mv_bf16_f32_4_nsg=3_ne12=1_r2=1_r3=1_split=0'
ggml_metal_library_compile_pipeline: loaded kernel_mul_mv_bf16_f32_4_nsg=3_ne12=1_r2=1_r3=1_split=0     0x7c3d2f9c00 | th_max = 1024 | th_width =   32
0240,"layout":"strided","m":320,"max_absolute_error":6.064256478088836e-07,"rows":4,"samples":1,"wall_us_per_op":252.209}
M5_HC_CASE {"copies_per_graph":1,"cpu_nmse":2.1252042975473173e-13,"distinct_weight_bytes":6553600,"elements":1600,"input_preserved":true,"k":10240,"layout":"plain","m":320,"max_absolute_error":7.007216817345174e-07,"rows":5,"samples":1,"wall_us_per_op":264.5}
M5_HC_CASE {"copies_per_graph":1,"cpu_nmse":5.693890544412546e-14,"distinct_weight_bytes":6553600,"elements":1600,"input_preserved":true,"k":10240,"layout":"residual","m":320,"max_absolute_error":7.007216817345174e-07,"rows":5,"samples":1,"wall_us_per_op":267.125}
M5_HC_CASE {"copies_per_graph":1,"cpu_nmse":5.693890544412546e-14,"distinct_weight_bytes":6553600,"elements":1600,"input_preserved":true,"k":10240,"layout":"exposed","m":320,"max_absolute_error":7.007216817345174e-07,"rows":5,"samples":1,"wall_us_per_op":351.916}
M5_HC_CASE {"copies_per_graph":1,"cpu_nmse":2.1252042975473173e-13,"distinct_weight_bytes":6553600,"elements":1600,"input_preserved":true,"k":10240,"layout":"strided","m":320,"max_absolute_error":7.007216817345174e-07,"rows":5,"samples":1,"wall_us_per_op":251.75}
M5_HC_CASE {"copies_per_graph":1,"cpu_nmse":2.0866565523027944e-13,"distinct_weight_bytes":6553600,"elements":2560,"input_preserved":true,"k":10240,"layout":"plain","m":320,"max_absolute_error":7.007216817345174e-07,"rows":8,"samples":1,"wall_us_per_op":299.417}
M5_HC_CASE {"copies_per_graph":1,"cpu_nmse":5.450287088549556e-14,"distinct_weight_bytes":6553600,"elements":2560,"input_preserved":true,"k":10240,"layout":"residual","m":320,"max_absolute_error":6.969963914360555e-07,"rows":8,"samples":1,"wall_us_per_op":304.75}
M5_HC_CASE {"copies_per_graph":1,"cpu_nmse":5.450287088549556e-14,"distinct_weight_bytes":6553600,"elements":2560,"input_preserved":true,"k":10240,"layout":"exposed","m":320,"max_absolute_error":6.969963914360555e-07,"rows":8,"samples":1,"wall_us_per_op":347.5}
M5_HC_CASE {"copies_per_graph":1,"cpu_nmse":2.0866565523027944e-13,"distinct_weight_bytes":6553600,"elements":2560,"input_preserved":true,"k":10240,"layout":"strided","m":320,"max_absolute_error":7.007216817345174e-07,"rows":8,"samples":1,"wall_us_per_op":317.125}
M5_HC_CASE {"copies_per_graph":1,"cpu_nmse":6.539432451194773e-15,"distinct_weight_bytes":6553600,"elements":10240,"input_preserved":true,"k":320,"layout":"plain","m":10240,"max_absolute_error":1.4500918155135878e-07,"rows":1,"samples":1,"wall_us_per_op":259.792}
M5_HC_CASE {"copies_per_graph":1,"cpu_nmse":2.4841067202997753e-15,"distinct_weight_bytes":6553600,"elements":10240,"input_preserved":true,"k":320,"layout":"residual","m":10240,"max_absolute_error":1.546005421459995e-07,"rows":1,"samples":1,"wall_us_per_op":291.75}
M5_HC_CASE {"copies_per_graph":1,"cpu_nmse":2.4841067202997753e-15,"distinct_weight_bytes":6553600,"elements":10240,"input_preserved":true,"k":320,"layout":"exposed","m":10240,"max_absolute_error":1.546005421459995e-07,"rows":1,"samples":1,"wall_us_per_op":324.584}
M5_HC_CASE {"copies_per_graph":1,"cpu_nmse":6.539432451194773e-15,"distinct_weight_bytes":6553600,"elements":10240,"input_preserved":true,"k":320,"layout":"strided","m":10240,"max_absolute_error":1.4500918155135878e-07,"rows":1,"samples":1,"wall_us_per_op":207.583}
M5_HC_CASE {"copies_per_graph":1,"cpu_nmse":6.618231643308687e-15,"distinct_weight_bytes":6553600,"elements":20480,"input_preserved":true,"k":320,"layout":"plain","m":10240,"max_absolute_error":1.4500918155135878e-07,"rows":2,"samples":1,"wall_us_per_op":219.25}
M5_HC_CASE {"copies_per_graph":1,"cpu_nmse":2.4569416873869516e-15,"distinct_weight_bytes":6553600,"elements":20480,"input_preserved":true,"k":320,"layout":"residual","m":10240,"max_absolute_error":1.866796921490277e-07,"rows":2,"samples":1,"wall_us_per_op":238.5}
M5_HC_CASE {"copies_per_graph":1,"cpu_nmse":2.4569416873869516e-15,"distinct_weight_bytes":6553600,"elements":20480,"input_preserved":true,"k":320,"layout":"exposed","m":10240,"max_absolute_error":1.866796921490277e-07,"rows":2,"samples":1,"wall_us_per_op":320.333}
M5_HC_CASEggml_metal_library_compile_pipeline: compiling pipeline: base = 'kernel_mul_mv_mma_bf16_f32_nt4_rt1', name = 'kernel_mul_mv_mma_bf16_f32_nt4_rt1_nsg=4_ne12=1_r2=1_r3=1_ne00=0_add=0'
ggml_metal_library_compile_pipeline: loaded kernel_mul_mv_mma_bf16_f32_nt4_rt1_nsg=4_ne12=1_r2=1_r3=1_ne00=0_add=0     0x7c3d2fa300 | th_max = 1024 | th_width =   32
ggml_metal_library_compile_pipeline: compiling pipeline: base = 'kernel_mul_mv_mma_bf16_f32_nt4_rt1', name = 'kernel_mul_mv_mma_bf16_f32_nt4_rt1_nsg=4_ne12=1_r2=1_r3=1_ne00=0_add=1'
ggml_metal_library_compile_pipeline: loaded kernel_mul_mv_mma_bf16_f32_nt4_rt1_nsg=4_ne12=1_r2=1_r3=1_ne00=0_add=1     0x7c3d2f9f80 | th_max = 1024 | th_width =   32
ggml_metal_library_compile_pipeline: compiling pipeline: base = 'kernel_unary_f32_f32_4', name = 'kernel_unary_f32_f32_4_op=13_cnt=0'
ggml_metal_library_compile_pipeline: loaded kernel_unary_f32_f32_4_op=13_cnt=0           0x7c3d2f9880 | th_max = 1024 | th_width =   32
 {"copies_per_graph":1,"cpu_nmse":6.618231643308687e-15,"distinct_weight_bytes":6553600,"elements":20480,"input_preserved":true,"k":320,"layout":"strided","m":10240,"max_absolute_error":1.4500918155135878e-07,"rows":2,"samples":1,"wall_us_per_op":322.75}
M5_HC_CASE {"copies_per_graph":1,"cpu_nmse":6.5886762796417486e-15,"distinct_weight_bytes":6553600,"elements":30720,"input_preserved":true,"k":320,"layout":"plain","m":10240,"max_absolute_error":1.5957772347974242e-07,"rows":3,"samples":1,"wall_us_per_op":304.209}
M5_HC_CASE {"copies_per_graph":1,"cpu_nmse":2.4325623959240935e-15,"distinct_weight_bytes":6553600,"elements":30720,"input_preserved":true,"k":320,"layout":"residual","m":10240,"max_absolute_error":1.6974733796359942e-07,"rows":3,"samples":1,"wall_us_per_op":239.834}
M5_HC_CASE {"copies_per_graph":1,"cpu_nmse":2.4325623959240935e-15,"distinct_weight_bytes":6553600,"elements":30720,"input_preserved":true,"k":320,"layout":"exposed","m":10240,"max_absolute_error":1.6974733796359942e-07,"rows":3,"samples":1,"wall_us_per_op":276.667}
M5_HC_CASE {"copies_per_graph":1,"cpu_nmse":6.5886762796417486e-15,"distinct_weight_bytes":6553600,"elements":30720,"input_preserved":true,"k":320,"layout":"strided","m":10240,"max_absolute_error":1.5957772347974242e-07,"rows":3,"samples":1,"wall_us_per_op":256.625}
M5_HC_CASE {"copies_per_graph":1,"cpu_nmse":3.148221538056271e-14,"distinct_weight_bytes":6553600,"elements":40960,"input_preserved":true,"k":320,"layout":"plain","m":10240,"max_absolute_error":3.90916966352961e-07,"rows":4,"samples":1,"wall_us_per_op":224.084}
M5_HC_CASE {"copies_per_graph":1,"cpu_nmse":8.809561097087328e-15,"distinct_weight_bytes":6553600,"elements":40960,"input_preserved":true,"k":320,"layout":"residual","m":10240,"max_absolute_error":3.9958410802398703e-07,"rows":4,"samples":1,"wall_us_per_op":241.417}
M5_HC_CASE {"copies_per_graph":1,"cpu_nmse":8.809561097087328e-15,"distinct_weight_bytes":6553600,"elements":40960,"input_preserved":true,"k":320,"layout":"exposed","m":10240,"max_absolute_error":3.9958410802398703e-07,"rows":4,"samples":1,"wall_us_per_op":279.25}
M5_HC_CASE {"copies_per_graph":1,"cpu_nmse":3.148221538056271e-14,"distinct_weight_bytes":6553600,"elements":40960,"input_preserved":true,"k":320,"layout":"strided","m":10240,"max_absolute_error":3.90916966352961e-07,"rows":4,"samples":1,"wall_us_per_op":853.167}
M5_HC_CASE {"copies_per_graph":1,"cpu_nmse":3.111526625202776e-14,"distinct_weight_bytes":6553600,"elements":51200,"input_preserved":true,"k":320,"layout":"plain","m":10240,"max_absolute_error":3.90916966352961e-07,"rows":5,"samples":1,"wall_us_per_op":1205.0}
M5_HC_CASE {"copies_per_graph":1,"cpu_nmse":8.735662395207096e-15,"distinct_weight_bytes":6553600,"elements":51200,"input_preserved":true,"k":320,"layout":"residual","m":10240,"max_absolute_error":3.90916966352961e-07,"rows":5,"samples":1,"wall_us_per_op":221.584}
M5_HC_CASE {"copies_per_graph":1,"cpu_nmse":8.735662395207096e-15,"distinct_weight_bytes":6553600,"elements":51200,"input_preserved":true,"k":320,"layout":"exposed","m":10240,"max_absolute_error":3.90916966352961e-07,"rows":5,"samples":1,"wall_us_per_op":191.084}
M5_HC_CASE {"copies_per_graph":1,"cpu_nmse":3.111526625202776e-14,"distinct_weight_bytes":6553600,"elements":51200,"input_preserved":true,"k":320,"layout":"strided","m":10240,"max_absolute_error":3.90916966352961e-07,"rows":5,"samples":1,"wall_us_per_op":231.917}
M5_HC_CASE {"copies_per_graph":1,"cpu_nmse":3.081334461454917e-14,"distinct_weight_bytes":6553600,"elements":81920,"input_preserved":true,"k":320,"layout":"plain","m":10240,"max_absolute_error":3.920960267578266e-07,"rows":8,"samples":1,"wall_us_per_op":240.167}
M5_HC_CASE {"copies_per_graph":1,"cpu_nmse":8.637769509880064e-15,"distinct_weight_bytes":6553600,"elements":81920,"input_preserved":true,"k":320,"layout":"residual","m":10240,"max_absolute_error":4.5052161112835165e-07,"rows":8,"samples":1,"wall_us_per_op":233.5}
M5_HC_CASE {"copies_per_graph":1,"cpu_nmse":8.637769509880064e-15,"distinct_weight_bytes":6553600,"elements":81920,"input_preserved":tggml_metal_free: deallocating
rue,"k":320,"layout":"exposed","m":10240,"max_absolute_error":4.5052161112835165e-07,"rows":8,"samples":1,"wall_us_per_op":327.958}
M5_HC_CASE {"copies_per_graph":1,"cpu_nmse":3.081334461454917e-14,"distinct_weight_bytes":6553600,"elements":81920,"input_preserved":true,"k":320,"layout":"strided","m":10240,"max_absolute_error":3.920960267578266e-07,"rows":8,"samples":1,"wall_us_per_op":229.25}
M5_HC_DONE {"cases":48,"mode":"check"}
