ggml_metal_device_init: testing tensor API for f16 support
ggml_metal_library_compile_pipeline: compiling pipeline: base = 'dummy_kernel', name = 'dummy_kernel'
ggml_metal_library_compile_pipeline: loaded dummy_kernel                                  0x1014d8ec0 | th_max = 1024 | th_width =   32
ggml_metal_device_init: testing tensor API for bfloat support
ggml_metal_library_compile_pipeline: compiling pipeline: base = 'dummy_kernel', name = 'dummy_kernel'
ggml_metal_library_compile_pipeline: loaded dummy_kernel                                  0x1014da440 | th_max = 1024 | th_width =   32
ggml_metal_library_init: using embedded metal library
ggml_metal_library_compile_all: compiled 'fa_aux' library in 0.000 sec
ggml_metal_library_compile_all: compiled 'fa_f16' library in 0.001 sec
ggml_metal_library_compile_all: compiled 'fa_f32' library in 0.008 sec
ggml_metal_library_compile_all: compiled 'fa_q4_0' library in 0.008 sec
ggml_metal_library_compile_all: compiled 'fa_q4_1' library in 0.003 sec
ggml_metal_library_compile_all: compiled 'fa_q5_0' library in 0.007 sec
ggml_metal_library_compile_all: compiled 'fa_q5_1' library in 0.003 sec
ggml_metal_library_compile_all: compiled 'fa_q8_0' library in 0.006 sec
ggml_metal_library_compile_all: compiled 'fa_vec_f16' library in 0.003 sec
ggml_metal_library_compile_all: compiled 'fa_vec_f32' library in 0.011 sec
ggml_metal_library_compile_all: compiled 'fa_vec_q4_0' library in 0.006 sec
ggml_metal_library_compile_all: compiled 'fa_vec_q4_1' library in 0.002 sec
ggml_metal_library_compile_all: compiled 'fa_vec_q5_0' library in 0.007 sec
ggml_metal_library_compile_all: compiled 'fa_vec_q5_1' library in 0.011 sec
ggml_metal_library_compile_all: compiled 'fa_vec_q8_0' library in 0.010 sec
ggml_metal_library_compile_all: compiled 'mul_mv' library in 0.004 sec
ggml_metal_library_compile_all: compiled 'mul_mv_mma' library in 0.009 sec
ggml_metal_library_compile_all: compiled 'mul_mm' library in 0.005 sec
ggml_metal_library_compile_all: compiled 'quantize' library in 0.007 sec
ggml_metal_library_compile_all: compiled 'softmax' library in 0.003 sec
ggml_metal_library_compile_all: compiled 'norm' library in 0.000 sec
ggml_metal_library_compile_all: compiled 'unary' library in 0.007 sec
ggml_metal_library_compile_all: compiled 'binbcast' library in 0.002 sec
ggml_metal_library_compile_all: compiled 'reduce' library in 0.007 sec
ggml_metal_library_compile_all: compiled 'tri' library in 0.000 sec
ggml_metal_library_compile_all: compiled 'ssm' library in 0.005 sec
ggml_metal_library_compile_all: compiled 'wkv' library in 0.006 sec
ggml_metal_library_compile_all: compiled 'gated_delta_net' library in 0.006 sec
ggml_metal_library_compile_all: compiled 'solve_tri' library in 0.006 sec
ggml_metal_library_compile_all: compiled 'rope' library in 0.006 sec
ggml_metal_library_compile_all: compiled 'conv' library in 0.003 sec
ggml_metal_library_compile_all: compiled 'upscale' library in 0.003 sec
ggml_metal_library_compile_all: compiled 'argsort' library in 0.006 sec
ggml_metal_library_compile_all: compiled 'pool' library in 0.003 sec
ggml_metal_library_compile_all: compiled 'misc' library in 0.006 sec
ggml_metal_library_compile_all: loaded 35 libraries from embedded data in 0.011 sec (max single = 0.011 sec)
ggml_metal_rsets_init: creating a residency set collection (keep_alive = 180 s)
ggml_metal_device_init: GPU name:   MTL0 (Apple M5 Pro)
ggml_metal_device_init: GPU family: MTLGPUFamilyApple10  (1010)
ggml_metal_device_init: GPU family: MTLGPUFamilyMetal4  (5002)
ggml_metal_device_init: simdgroup reduction   = true
ggml_metal_device_init: simdgroup matrix mul. = true
ggml_metal_device_init: has unified memory    = true
ggml_metal_device_init: has bfloat            = true
ggml_metal_device_init: has tensor            = true
ggml_metal_device_init: use residency sets    = true
ggml_metal_device_init: use shared buffers    = true
ggml_metal_device_init: recommendedMaxWorkingSetSize  = 40200.90 MB
ggml_metal_init: allocating
ggml_metal_init: found device: Apple M5 Pro
ggml_metal_init: picking default device: Apple M5 Pro
ggml_metal_init: use fusion         = true
ggml_metal_init: use concurrency    = true
ggml_metal_init: use graph optimize = true
ggml_metal_library_compile_pipeline: compiling pipeline: base = 'kernel_mul_mv_bf16_f32_4', name = 'kernel_mul_mv_bf16_f32_4_nsg=4_ne12=1_r2=1_r3=1_split=0'
ggml_metal_library_compile_pipeline: loaded kernel_mul_mv_bf16_f32_4_nsg=4_ne12=1_r2=1_r3=1_split=0      0x1014e2500 | th_max = 1024 | th_width =   32
M5_HC_CASE {"copies_per_graph":1,"cpu_nmse":1.281136468289203e-14,"distinct_weight_bytes":6553600,"elements":320,"input_preserved":true,"k":10240,"layout":"plain","m":320,"max_absolute_error":1.2319131847959852e-07,"rows":1,"samples":1,"wall_us_per_op":227.5}
ggml_metal_library_compile_pipeline: compiling pipeline: base = 'kernel_bin_fuse_f32_f32_f32_4', name = 'kernel_bin_fuse_f32_f32_f32_4_op=0_nf=1_rb=1_cb=0'
ggml_metal_library_compile_pipeline: loaded kernel_bin_fuse_f32_f32_f32_4_op=0_nf=1_rb=1_cb=0     0x7904ec4380 | th_max = 1024 | th_width =   32
M5_HC_CASE {"copies_per_graph":1,"cpu_nmse":4.107798749570561e-15,"distinct_weight_bytes":6553600,"elements":320,"input_preserved":true,"k":10240,"layout":"residual","m":320,"max_absolute_error":1.5299364086729383e-07,"rows":1,"samples":1,"wall_us_per_op":253.917}
ggml_metal_library_compile_pipeline: compiling pipeline: base = 'kernel_unary_f32_f32_4', name = 'kernel_unary_f32_f32_4_op=13_cnt=1'
ggml_metal_library_compile_pipeline: loaded kernel_unary_f32_f32_4_op=13_cnt=1           0x7904ec4700 | th_max = 1024 | th_width =   32
M5_HC_CASE {"copies_per_graph":1,"cpu_nmse":4.107798749570561e-15,"distinct_weight_bytes":6553600,"elements":320,"input_preserved":true,"k":10240,"layout":"exposed","m":320,"max_absolute_error":1.5299364086729383e-07,"rows":1,"samples":1,"wall_us_per_op":229.334}
M5_HC_CASE {"copies_per_graph":1,"cpu_nmse":1.281136468289203e-14,"distinct_weight_bytes":6553600,"elements":320,"input_preserved":true,"k":10240,"layout":"strided","m":320,"max_absolute_error":1.2319131847959852e-07,"rows":1,"samples":1,"wall_us_per_op":197.958}
M5_HC_CASE {"copies_per_graph":1,"cpu_nmse":1.1319978488381803e-14,"distinct_weight_bytes":6553600,"elements":320,"input_preserved":true,"k":10240,"layout":"cancel","m":320,"max_absolute_error":1.6734582786170904e-07,"rows":1,"samples":1,"wall_us_per_op":995.875}
M5_HC_CASE {"copies_per_graph":1,"cpu_nmse":1.2169960728673978e-14,"distinct_weight_bytes":6553600,"elements":320,"input_preserved":true,"k":10240,"layout":"wide","m":320,"max_absolute_error":6.903478113606809e-07,"rows":1,"samples":1,"wall_us_per_op":239.166}
ggml_metal_library_compile_pipeline: compiling pipeline: base = 'kernel_mul_mv_ext_bf16_f32_r1_2', name = 'kernel_mul_mv_ext_bf16_f32_r1_2_nsg=2_nxpsg=16_ne12=1_r2=1_r3=1'
ggml_metal_library_compile_pipeline: loaded kernel_mul_mv_ext_bf16_f32_r1_2_nsg=2_nxpsg=16_ne12=1_r2=1_r3=1     0x7904ec4000 | th_max = 1024 | th_width =   32
M5_HC_CASE {"copies_per_graph":1,"cpu_nmse":5.195523870729034e-14,"distinct_weight_bytes":6553600,"elements":640,"input_preserved":true,"k":10240,"layout":"plain","m":320,"max_absolute_error":2.9540237644898326e-07,"rows":2,"samples":1,"wall_us_per_op":181.541}
ggml_metal_library_compile_pipeline: compiling pipeline: base = 'kernel_bin_fuse_f32_f32_f32_4', name = 'kernel_bin_fuse_f32_f32_f32_4_op=0_nf=1_rb=0_cb=0'
ggml_metal_library_compile_pipeline: loaded kernel_bin_fuse_f32_f32_f32_4_op=0_nf=1_rb=0_cb=0     0x7904ec4a80 | th_max = 1024 | th_width =   32
M5_HC_CASE {"copies_per_graph":1,"cpu_nmse":1.4313892051331833e-14,"distinct_weight_bytes":6553600,"elements":640,"input_preserved":true,"k":10240,"layout":"residual","m":320,"max_absolute_error":2.9540237644898326e-07,"rows":2,"samples":1,"wall_us_per_op":318.542}
M5_HC_CASE {"copies_per_graph":1,"cpu_nmse":1.4313892051331833e-14,"distinct_weight_bytes":6553600,"elements":640,"input_preserved":true,"k":10240,"layout":"exposed","m":320,"max_absolute_error":2.9540237644898326e-07,"rows":2,"samples":1,"wall_us_per_op":874.959}
M5_HC_CASE {"copies_per_graph":1,"cpu_nmse":5.195523870729034e-14,"distinct_weight_bytes":6553600,"elements":640,"input_preserved":true,"k":10240,"layout":"strided","m":320,"max_absolute_error":2.9540237644898326e-07,"rows":2,"samples":1,"wall_us_per_op":182.916}
M5_HC_CASE {"copies_per_graph":1,"cpu_nmse":1.1823976059728044e-14,"distinct_weight_bytes":6553600,"elements":640,"input_preserved":true,"k":10240,"layout":"cancel","m":320,"max_absolute_error":2.1981509501500796e-07,"rows":2,"samples":1,"wall_us_per_op":261.167}
M5_HC_CASE {"copies_per_graph":1,"cpu_nmse":5.901444650606988e-14,"distinct_weight_bytes":6553600,"elements":640,"input_preserved":true,"k":10240,"layout":"wide","m":320,"max_absolute_error":1.2552212098615456e-06,"rows":2,"samples":1,"wall_us_per_op":181.208}
ggml_metal_library_compile_pipeline: compiling pipeline: base = 'kernel_mul_mv_ext_bf16_f32_r1_3', name = 'kernel_mul_mv_ext_bf16_f32_r1_3_nsg=2_nxpsg=8_ne12=1_r2=1_r3=1'
ggml_metal_library_compile_pipeline: loaded kernel_mul_mv_ext_bf16_f32_r1_3_nsg=2_nxpsg=8_ne12=1_r2=1_r3=1     0x7904ec5180 | th_max = 1024 | th_width =   32
M5_HC_CASE {"copies_per_graph":1,"cpu_nmse":9.955590463026874e-14,"distinct_weight_bytes":6553600,"elements":960,"input_preserved":true,"k":10240,"layout":"plain","m":320,"max_absolute_error":4.3281094691538513e-07,"rows":3,"samples":1,"wall_us_per_op":198.917}
M5_HC_CASE {"copies_per_graph":1,"cpu_nmse":2.52363070016174e-14,"distinct_weight_bytes":6553600,"elements":960,"input_preserved":true,"k":10240,"layout":"residual","m":320,"max_absolute_error":4.5898039169323113e-07,"rows":3,"samples":1,"wall_us_per_op":900.709}
M5_HC_CASE {"copies_per_graph":1,"cpu_nmse":2.52363070016174e-14,"distinct_weight_bytes":6553600,"elements":960,"input_preserved":true,"k":10240,"layout":"exposed","m":320,"max_absolute_error":4.5898039169323113e-07,"rows":3,"samples":1,"wall_us_per_op":262.083}
M5_HC_CASE {"copies_per_graph":1,"cpu_nmse":9.955590463026874e-14,"distinct_weight_bytes":6553600,"elements":960,"input_preserved":true,"k":10240,"layout":"strided","m":320,"max_absolute_error":4.3281094691538513e-07,"rows":3,"samples":1,"wall_us_per_op":206.584}
M5_HC_CASE {"copies_per_graph":1,"cpu_nmse":1.1002133036105962e-14,"distinct_weight_bytes":6553600,"elements":960,"input_preserved":true,"k":10240,"layout":"cancel","m":320,"max_absolute_error":2.1981509501500796e-07,"rows":3,"samples":1,"wall_us_per_op":235.709}
M5_HC_CASE {"copies_per_graph":1,"cpu_nmse":9.813948620054749e-14,"distinct_weight_bytes":6553600,"elements":960,"input_preserved":true,"k":10240,"layout":"wide","m":320,"max_absolute_error":2.162942315919736e-06,"rows":3,"samples":1,"wall_us_per_op":438.334}
ggml_metal_library_compile_pipeline: compiling pipeline: base = 'kernel_mul_mv_mma_bf16_f32_nt1_rt1', name = 'kernel_mul_mv_mma_bf16_f32_nt1_rt1_nsg=16_ne12=1_r2=1_r3=1_ne00=0_add=0'
ggml_metal_library_compile_pipeline: loaded kernel_mul_mv_mma_bf16_f32_nt1_rt1_nsg=16_ne12=1_r2=1_r3=1_ne00=0_add=0     0x7904ec5880 | th_max = 1024 | th_width =   32
M5_HC_CASE {"copies_per_graph":1,"cpu_nmse":2.1531573734840166e-13,"distinct_weight_bytes":6553600,"elements":1280,"input_preserved":true,"k":10240,"layout":"plain","m":320,"max_absolute_error":6.064256478088836e-07,"rows":4,"samples":1,"wall_us_per_op":269.791}
ggml_metal_library_compile_pipeline: compiling pipeline: base = 'kernel_mul_mv_mma_bf16_f32_nt1_rt1', name = 'kernel_mul_mv_mma_bf16_f32_nt1_rt1_nsg=16_ne12=1_r2=1_r3=1_ne00=0_add=1'
ggml_metal_library_compile_pipeline: loaded kernel_mul_mv_mma_bf16_f32_nt1_rt1_nsg=16_ne12=1_r2=1_r3=1_ne00=0_add=1     0x7904ec5500 | th_max = 1024 | th_width =   32
M5_HC_CASE {"copies_per_graph":1,"cpu_nmse":5.389380326335305e-14,"distinct_weight_bytes":6553600,"elements":1280,"input_preserved":true,"k":10240,"layout":"residual","m":320,"max_absolute_error":6.064256478088836e-07,"rows":4,"samples":1,"wall_us_per_op":853.208}
M5_HC_CASE {"copies_per_graph":1,"cpu_nmse":5.389380326335305e-14,"distinct_weight_bytes":6553600,"elements":1280,"input_preserved":true,"k":10240,"layout":"exposed","m":320,"max_absolute_error":6.064256478088836e-07,"rows":4,"samples":1,"wall_us_per_op":261.5}
M5_HC_CASE {"copies_per_graph":1,"cpu_nmse":2.1531573734840166e-13,"distinct_weight_bytes":6553600,"elements":1280,"input_preserved":true,"k":10240,"layout":"strided","m":320,"max_absolute_error":6.064256478088836e-07,"rows":4,"samples":1,"wall_us_per_op":198.25}
M5_HC_CASE {"copies_per_graph":1,"cpu_nmse":1.2073602742204974e-14,"distinct_weight_bytes":6553600,"elements":1280,"input_preserved":true,"k":10240,"layout":"cancel","m":320,"max_absolute_error":1.839807515224834e-07,"rows":4,"samples":1,"wall_us_per_op":257.958}
M5_HC_CASE {"copies_per_graph":1,"cpu_nmse":2.1386511561539688e-13,"distinct_weight_bytes":6553600,"elements":1280,"input_preserved":true,"k":10240,"layout":"wide","m":320,"max_absolute_error":2.3697811372125344e-06,"rows":4,"samples":1,"wall_us_per_op":756.625}
M5_HC_CASE {"copies_per_graph":1,"cpu_nmse":2.1252042975473173e-13,"distinct_weight_bytes":6553600,"elements":1600,"input_preserved":true,"k":10240,"layout":"plain","m":320,"max_absolute_error":7.007216817345174e-07,"rows":5,"samples":1,"wall_us_per_op":219.75}
M5_HC_CASE {"copies_per_graph":1,"cpu_nmse":5.693890544412546e-14,"distinct_weight_bytes":6553600,"elements":1600,"input_preserved":true,"k":10240,"layout":"residual","m":320,"max_absolute_error":7.007216817345174e-07,"rows":5,"samples":1,"wall_us_per_op":742.792}
M5_HC_CASE {"copies_per_graph":1,"cpu_nmse":5.693890544412546e-14,"distinct_weight_bytes":6553600,"elements":1600,"input_preserved":true,"k":10240,"layout":"exposed","m":320,"max_absolute_error":7.007216817345174e-07,"rows":5,"samples":1,"wall_us_per_op":912.375}
M5_HC_CASE {"copies_per_graph":1,"cpu_nmse":2.1252042975473173e-13,"distinct_weight_bytes":6553600,"elements":1600,"input_preserved":true,"k":10240,"layout":"strided","m":320,"max_absolute_error":7.007216817345174e-07,"rows":5,"samples":1,"wall_us_per_op":220.167}
M5_HC_CASE {"copies_per_graph":1,"cpu_nmse":1.2073602742204974e-14,"distinct_weight_bytes":6553600,"elements":1600,"input_preserved":true,"k":10240,"layout":"cancel","m":320,"max_absolute_error":1.839807515224834e-07,"rows":5,"samples":1,"wall_us_per_op":249.458}
M5_HC_CASE {"copies_per_graph":1,"cpu_nmse":2.1448499881041966e-13,"distinct_weight_bytes":6553600,"elements":1600,"input_preserved":true,"k":10240,"layout":"wide","m":320,"max_absolute_error":2.3697811372125344e-06,"rows":5,"samples":1,"wall_us_per_op":269.708}
M5_HC_CASE {"copies_per_graph":1,"cpu_nmse":2.0866565523027944e-13,"distinct_weight_bytes":6553600,"elements":2560,"input_preserved":true,"k":10240,"layout":"plain","m":320,"max_absolute_error":7.007216817345174e-07,"rows":8,"samples":1,"wall_us_per_op":309.125}
M5_HC_CASE {"copies_per_graph":1,"cpu_nmse":5.450287088549556e-14,"distinct_weight_bytes":6553600,"elements":2560,"input_preserved":true,"k":10240,"layout":"residual","m":320,"max_absolute_error":6.969963914360555e-07,"rows":8,"samples":1,"wall_us_per_op":328.542}
M5_HC_CASE {"copies_per_graph":1,"cpu_nmse":5.450287088549556e-14,"distinct_weight_bytes":6553600,"elements":2560,"input_preserved":true,"k":10240,"layout":"exposed","m":320,"max_absolute_error":6.969963914360555e-07,"rows":8,"samples":1,"wall_us_per_op":980.291}
M5_HC_CASE {"copies_per_graph":1,"cpu_nmse":2.0866565523027944e-13,"distinct_weight_bytes":6553600,"elements":2560,"input_preserved":true,"k":10240,"layout":"strided","m":320,"max_absolute_error":7.007216817345174e-07,"rows":8,"samples":1,"wall_us_per_op":329.833}
M5_HC_CASE {"copies_per_graph":1,"cpu_nmse":1.2073602742204982e-14,"distinct_weight_bytes":6553600,"elements":2560,"input_preserved":true,"k":10240,"layout":"cancel","m":320,"max_absolute_error":1.839807515224834e-07,"rows":8,"samples":1,"wall_us_per_op":307.459}
M5_HC_CASE {"copies_per_graph":1,"cpu_nmse":2.0844306106378622e-13,"distinct_weight_bytes":6553600,"elements":2560,"input_preserved":true,"k":10240,"layout":"wide","m":320,"max_absolute_error":2.3697811372125344e-06,"rows":8,"samples":1,"wall_us_per_op":857.25}
ggml_metal_library_compile_pipeline: compiling pipeline: base = 'kernel_mul_mv_bf16_f32_4', name = 'kernel_mul_mv_bf16_f32_4_nsg=3_ne12=1_r2=1_r3=1_split=0'
ggml_metal_library_compile_pipeline: loaded kernel_mul_mv_bf16_f32_4_nsg=3_ne12=1_r2=1_r3=1_split=0     0x7904ec5c00 | th_max = 1024 | th_width =   32
M5_HC_CASE {"copies_per_graph":1,"cpu_nmse":6.539432451194773e-15,"distinct_weight_bytes":6553600,"elements":10240,"input_preserved":true,"k":320,"layout":"plain","m":10240,"max_absolute_error":1.4500918155135878e-07,"rows":1,"samples":1,"wall_us_per_op":284.208}
M5_HC_CASE {"copies_per_graph":1,"cpu_nmse":2.4841067202997753e-15,"distinct_weight_bytes":6553600,"elements":10240,"input_preserved":true,"k":320,"layout":"residual","m":10240,"max_absolute_error":1.546005421459995e-07,"rows":1,"samples":1,"wall_us_per_op":365.75}
M5_HC_CASE {"copies_per_graph":1,"cpu_nmse":2.4841067202997753e-15,"distinct_weight_bytes":6553600,"elements":10240,"input_preserved":true,"k":320,"layout":"exposed","m":10240,"max_absolute_error":1.546005421459995e-07,"rows":1,"samples":1,"wall_us_per_op":236.667}
M5_HC_CASE {"copies_per_graph":1,"cpu_nmse":6.539432451194773e-15,"distinct_weight_bytes":6553600,"elements":10240,"input_preserved":true,"k":320,"layout":"strided","m":10240,"max_absolute_error":1.4500918155135878e-07,"rows":1,"samples":1,"wall_us_per_op":269.791}
M5_HC_CASE {"copies_per_graph":1,"cpu_nmse":7.171510546972803e-15,"distinct_weight_bytes":6553600,"elements":10240,"input_preserved":true,"k":320,"layout":"cancel","m":10240,"max_absolute_error":2.464327053530724e-07,"rows":1,"samples":1,"wall_us_per_op":306.5}
M5_HC_CASE {"copies_per_graph":1,"cpu_nmse":6.848523080653928e-15,"distinct_weight_bytes":6553600,"elements":10240,"input_preserved":true,"k":320,"layout":"wide","m":10240,"max_absolute_error":5.609200690592786e-07,"rows":1,"samples":1,"wall_us_per_op":384.708}
M5_HC_CASE {"copies_per_graph":1,"cpu_nmse":6.618231643308687e-15,"distinct_weight_bytes":6553600,"elements":20480,"input_preserved":true,"k":320,"layout":"plain","m":10240,"max_absolute_error":1.4500918155135878e-07,"rows":2,"samples":1,"wall_us_per_op":276.917}
M5_HC_CASE {"copies_per_graph":1,"cpu_nmse":2.4569416873869516e-15,"distinct_weight_bytes":6553600,"elements":20480,"input_preserved":true,"k":320,"layout":"residual","m":10240,"max_absolute_error":1.866796921490277e-07,"rows":2,"samples":1,"wall_us_per_op":302.75}
M5_HC_CASE {"copies_per_graph":1,"cpu_nmse":2.4569416873869516e-15,"distinct_weight_bytes":6553600,"elements":20480,"input_preserved":true,"k":320,"layout":"exposed","m":10240,"max_absolute_error":1.866796921490277e-07,"rows":2,"samples":1,"wall_us_per_op":816.0}
M5_HC_CASE {"copies_per_graph":1,"cpu_nmse":6.618231643308687e-15,"distinct_weight_bytes":6553600,"elements":20480,"input_preserved":true,"k":320,"layout":"strided","m":10240,"max_absolute_error":1.4500918155135878e-07,"rows":2,"samples":1,"wall_us_per_op":216.042}
M5_HC_CASE {"copies_per_graph":1,"cpu_nmse":7.171510546972545e-15,"distinct_weight_bytes":6553600,"elements":20480,"input_preserved":true,"k":320,"layout":"cancel","m":10240,"max_absolute_error":2.464327053530724e-07,"rows":2,"samples":1,"wall_us_per_op":859.708}
M5_HC_CASE {"copies_per_graph":1,"cpu_nmse":6.799916961582489e-15,"distinct_weight_bytes":6553600,"elements":20480,"input_preserved":true,"k":320,"layout":"wide","m":10240,"max_absolute_error":7.141960036705086e-07,"rows":2,"samples":1,"wall_us_per_op":208.209}
M5_HC_CASE {"copies_per_graph":1,"cpu_nmse":6.5886762796417486e-15,"distinct_weight_bytes":6553600,"elements":30720,"input_preserved":true,"k":320,"layout":"plain","m":10240,"max_absolute_error":1.5957772347974242e-07,"rows":3,"samples":1,"wall_us_per_op":245.958}
M5_HC_CASE {"copies_per_graph":1,"cpu_nmse":2.4325623959240935e-15,"distinct_weight_bytes":6553600,"elements":30720,"input_preserved":true,"k":320,"layout":"residual","m":10240,"max_absolute_error":1.6974733796359942e-07,"rows":3,"samples":1,"wall_us_per_op":879.084}
M5_HC_CASE {"copies_per_graph":1,"cpu_nmse":2.4325623959240935e-15,"distinct_weight_bytes":6553600,"elements":30720,"input_preserved":true,"k":320,"layout":"exposed","m":10240,"max_absolute_error":1.6974733796359942e-07,"rows":3,"samples":1,"wall_us_per_op":940.334}
M5_HC_CASE {"copies_per_graph":1,"cpu_nmse":6.5886762796417486e-15,"distinct_weight_bytes":6553600,"elements":30720,"input_preserved":true,"k":320,"layout":"strided","m":10240,"max_absolute_error":1.5957772347974242e-07,"rows":3,"samples":1,"wall_us_per_op":235.833}
M5_HC_CASE {"copies_per_graph":1,"cpu_nmse":7.171510546972387e-15,"distinct_weight_bytes":6553600,"elements":30720,"input_preserved":true,"k":320,"layout":"cancel","m":10240,"max_absolute_error":2.464327053530724e-07,"rows":3,"samples":1,"wall_us_per_op":267.375}
M5_HC_CASE {"copies_per_graph":1,"cpu_nmse":6.823310274909138e-15,"distinct_weight_bytes":6553600,"elements":30720,"input_preserved":true,"k":320,"layout":"wide","m":10240,"max_absolute_error":7.141960036705086e-07,"rows":3,"samples":1,"wall_us_per_op":268.958}
ggml_metal_library_compile_pipeline: compiling pipeline: base = 'm5_hc_tensor_ks1_k320_m10240', name = 'm5_hc_tensor_ks1_k320_m10240'
ggml_metal_library_compile_pipeline: loaded m5_hc_tensor_ks1_k320_m10240                 0x7904ec6300 | th_max = 1024 | th_width =   32
M5_HC_ROUTE k=320 m=10240 rows=4 add=0 split=1
M5_HC_ROUTE k=320 m=10240 rows=4 add=0 split=1
M5_HC_ROUTE k=320 m=10240 rows=4 add=0 split=1
M5_HC_ROUTE k=320 m=10240 rows=4 add=0 split=1
M5_HC_ROUTE k=320 m=10240 rows=4 add=0 split=1
M5_HC_CASE {"copies_per_graph":1,"cpu_nmse":1.0606662115067864e-13,"distinct_weight_bytes":6553600,"elements":40960,"input_preserved":true,"k":320,"layout":"plain","m":10240,"max_absolute_error":1.3352008068068244e-06,"rows":4,"samples":1,"wall_us_per_op":291.5}
M5_HC_ROUTE k=320 m=10240 rows=4 add=1 split=1
M5_HC_ROUTE k=320 m=10240 rows=4 add=1 split=1
M5_HC_ROUTE k=320 m=10240 rows=4 add=1 split=1
M5_HC_ROUTE k=320 m=10240 rows=4 add=1 split=1
M5_HC_ROUTE k=320 m=10240 rows=4 add=1 split=1
M5_HC_CASE {"copies_per_graph":1,"cpu_nmse":2.7939226206507505e-14,"distinct_weight_bytes":6553600,"elements":40960,"input_preserved":true,"k":320,"layout":"residual","m":10240,"max_absolute_error":1.3426513874037482e-06,"rows":4,"samples":1,"wall_us_per_op":295.458}
M5_HC_ROUTE k=320 m=10240 rows=4 add=0 split=1
ggml_metal_library_compile_pipeline: compiling pipeline: base = 'kernel_unary_f32_f32_4', name = 'kernel_unary_f32_f32_4_op=13_cnt=0'
ggml_metal_library_compile_pipeline: loaded kernel_unary_f32_f32_4_op=13_cnt=0           0x7904ec4e00 | th_max = 1024 | th_width =   32
M5_HC_ROUTE k=320 m=10240 rows=4 add=0 split=1
M5_HC_ROUTE k=320 m=10240 rows=4 add=0 split=1
M5_HC_ROUTE k=320 m=10240 rows=4 add=0 split=1
M5_HC_ROUTE k=320 m=10240 rows=4 add=0 split=1
M5_HC_CASE {"copies_per_graph":1,"cpu_nmse":2.7939226206507505e-14,"distinct_weight_bytes":6553600,"elements":40960,"input_preserved":true,"k":320,"layout":"exposed","m":10240,"max_absolute_error":1.3426513874037482e-06,"rows":4,"samples":1,"wall_us_per_op":368.875}
ggml_metal_library_compile_pipeline: compiling pipeline: base = 'kernel_mul_mv_mma_bf16_f32_nt4_rt1', name = 'kernel_mul_mv_mma_bf16_f32_nt4_rt1_nsg=4_ne12=1_r2=1_r3=1_ne00=0_add=0'
ggml_metal_library_compile_pipeline: loaded kernel_mul_mv_mma_bf16_f32_nt4_rt1_nsg=4_ne12=1_r2=1_r3=1_ne00=0_add=0     0x7904ec6680 | th_max = 1024 | th_width =   32
M5_HC_CASE {"copies_per_graph":1,"cpu_nmse":3.148221538056271e-14,"distinct_weight_bytes":6553600,"elements":40960,"input_preserved":true,"k":320,"layout":"strided","m":10240,"max_absolute_error":3.90916966352961e-07,"rows":4,"samples":1,"wall_us_per_op":305.208}
M5_HC_ROUTE k=320 m=10240 rows=4 add=0 split=1
M5_HC_ROUTE k=320 m=10240 rows=4 add=0 split=1
M5_HC_ROUTE k=320 m=10240 rows=4 add=0 split=1
M5_HC_ROUTE k=320 m=10240 rows=4 add=0 split=1
M5_HC_ROUTE k=320 m=10240 rows=4 add=0 split=1
M5_HC_CASE {"copies_per_graph":1,"cpu_nmse":5.5105885610079904e-15,"distinct_weight_bytes":6553600,"elements":40960,"input_preserved":true,"k":320,"layout":"cancel","m":10240,"max_absolute_error":2.609570586287191e-07,"rows":4,"samples":1,"wall_us_per_op":286.875}
M5_HC_ROUTE k=320 m=10240 rows=4 add=0 split=1
M5_HC_ROUTE k=320 m=10240 rows=4 add=0 split=1
M5_HC_ROUTE k=320 m=10240 rows=4 add=0 split=1
M5_HC_ROUTE k=320 m=10240 rows=4 add=0 split=1
M5_HC_ROUTE k=320 m=10240 rows=4 add=0 split=1
M5_HC_CASE {"copies_per_graph":1,"cpu_nmse":1.0772624939426036e-13,"distinct_weight_bytes":6553600,"elements":40960,"input_preserved":true,"k":320,"layout":"wide","m":10240,"max_absolute_error":4.6323807296744235e-06,"rows":4,"samples":1,"wall_us_per_op":233.708}
M5_HC_ROUTE k=320 m=10240 rows=5 add=0 split=1
M5_HC_ROUTE k=320 m=10240 rows=5 add=0 split=1
M5_HC_ROUTE k=320 m=10240 rows=5 add=0 split=1
M5_HC_ROUTE k=320 m=10240 rows=5 add=0 split=1
M5_HC_ROUTE k=320 m=10240 rows=5 add=0 split=1
M5_HC_CASE {"copies_per_graph":1,"cpu_nmse":1.0448930219711997e-13,"distinct_weight_bytes":6553600,"elements":51200,"input_preserved":true,"k":320,"layout":"plain","m":10240,"max_absolute_error":1.3352008068068244e-06,"rows":5,"samples":1,"wall_us_per_op":418.833}
M5_HC_ROUTE k=320 m=10240 rows=5 add=1 split=1
M5_HC_ROUTE k=320 m=10240 rows=5 add=1 split=1
M5_HC_ROUTE k=320 m=10240 rows=5 add=1 split=1
M5_HC_ROUTE k=320 m=10240 rows=5 add=1 split=1
M5_HC_ROUTE k=320 m=10240 rows=5 add=1 split=1
M5_HC_CASE {"copies_per_graph":1,"cpu_nmse":2.75589181640385e-14,"distinct_weight_bytes":6553600,"elements":51200,"input_preserved":true,"k":320,"layout":"residual","m":10240,"max_absolute_error":1.3426513874037482e-06,"rows":5,"samples":1,"wall_us_per_op":248.125}
M5_HC_ROUTE k=320 m=10240 rows=5 add=0 split=1
M5_HC_ROUTE k=320 m=10240 rows=5 add=0 split=1
M5_HC_ROUTE k=320 m=10240 rows=5 add=0 split=1
M5_HC_ROUTE k=320 m=10240 rows=5 add=0 split=1
M5_HC_ROUTE k=320 m=10240 rows=5 add=0 split=1
M5_HC_CASE {"copies_per_graph":1,"cpu_nmse":2.75589181640385e-14,"distinct_weight_bytes":6553600,"elements":51200,"input_preserved":true,"k":320,"layout":"exposed","m":10240,"max_absolute_error":1.3426513874037482e-06,"rows":5,"samples":1,"wall_us_per_op":259.541}
M5_HC_CASE {"copies_per_graph":1,"cpu_nmse":3.111526625202776e-14,"distinct_weight_bytes":6553600,"elements":51200,"input_preserved":true,"k":320,"layout":"strided","m":10240,"max_absolute_error":3.90916966352961e-07,"rows":5,"samples":1,"wall_us_per_op":283.417}
M5_HC_ROUTE k=320 m=10240 rows=5 add=0 split=1
M5_HC_ROUTE k=320 m=10240 rows=5 add=0 split=1
M5_HC_ROUTE k=320 m=10240 rows=5 add=0 split=1
M5_HC_ROUTE k=320 m=10240 rows=5 add=0 split=1
M5_HC_ROUTE k=320 m=10240 rows=5 add=0 split=1
M5_HC_CASE {"copies_per_graph":1,"cpu_nmse":5.510588561007942e-15,"distinct_weight_bytes":6553600,"elements":51200,"input_preserved":true,"k":320,"layout":"cancel","m":10240,"max_absolute_error":2.609570586287191e-07,"rows":5,"samples":1,"wall_us_per_op":1018.667}
M5_HC_ROUTE k=320 m=10240 rows=5 add=0 split=1
M5_HC_ROUTE k=320 m=10240 rows=5 add=0 split=1
M5_HC_ROUTE k=320 m=10240 rows=5 add=0 split=1
M5_HC_ROUTE k=320 m=10240 rows=5 add=0 split=1
M5_HC_ROUTE k=320 m=10240 rows=5 add=0 split=1
M5_HC_CASE {"copies_per_graph":1,"cpu_nmse":1.0492375747002262e-13,"distinct_weight_bytes":6553600,"elements":51200,"input_preserved":true,"k":320,"layout":"wide","m":10240,"max_absolute_error":4.6323807296744235e-06,"rows":5,"samples":1,"wall_us_per_op":1025.958}
M5_HC_CASE {"copies_per_graph":1,"cpu_nmse":3.081334461454917e-14,"distinct_weight_bytes":6553600,"elements":81920,"input_preserved":true,"k":320,"layout":"plain","m":10240,"max_absolute_error":3.920960267578266e-07,"rows":8,"samples":1,"wall_us_per_op":912.583}
ggml_metal_library_compile_pipeline: compiling pipeline: base = 'kernel_mul_mv_mma_bf16_f32_nt4_rt1', name = 'kernel_mul_mv_mma_bf16_f32_nt4_rt1_nsg=4_ne12=1_r2=1_r3=1_ne00=0_add=1'
ggml_metal_library_compile_pipeline: loaded kernel_mul_mv_mma_bf16_f32_nt4_rt1_nsg=4_ne12=1_r2=1_r3=1_ne00=0_add=1     0x7904ec5f80 | th_max = 1024 | th_width =   32
M5_HC_CASE {"copies_per_graph":1,"cpu_nmse":8.637769509880064e-15,"distinct_weight_bytes":6553600,"elements":81920,"input_preserved":true,"k":320,"layout":"residual","m":10240,"max_absolute_error":4.5052161112835165e-07,"rows":8,"samples":1,"wall_us_per_op":850.292}
M5_HC_CASE {"copies_per_graph":1,"cpu_nmse":8.637769509880064e-15,"distinct_weight_bytes":6553600,"elements":81920,"input_preserved":true,"k":320,"layout":"exposed","m":10240,"max_absolute_error":4.5052161112835165e-07,"rows":8,"samples":1,"wall_us_per_op":384.25}
M5_HC_CASE {"copies_per_graph":1,"cpu_nmse":3.081334461454917e-14,"distinct_weight_bytes":6553600,"elements":81920,"input_preserved":true,"k":320,"layout":"strided","m":10240,"max_absolute_error":3.920960267578266e-07,"rows":8,"samples":1,"wall_us_per_op":223.583}
M5_HC_CASE {"copies_per_graph":1,"cpu_nmse":6.40512529353354e-15,"distinct_weight_bytes":6553600,"elements":81920,"input_preserved":true,"k":320,"layout":"cancel","m":10240,"max_absolute_error":3.174825735641207e-07,"rows":8,"samples":1,"wall_us_per_op":232.292}
M5_HC_CASE {"copies_per_graph":1,"cpu_nmse":2.9879142757300756e-14,"distinct_weight_bytes":6553600,"elements":81920,"input_preserved":true,"k":320,"layout":"wide","m":10240,"max_absolute_error":2.0862178053970837e-06,"rows":8,"samples":1,"wall_us_per_op":889.625}
M5_HC_DONE {"cases":72,"mode":"check"}
ggml_metal_free: deallocating
