ggml_metal_device_init: testing tensor API for f16 support
ggml_metal_library_compile_pipeline: compiling pipeline: base = 'dummy_kernel', name = 'dummy_kernel'
ggml_metal_library_compile_pipeline: loaded dummy_kernel                                  0x103da9b60 | th_max = 1024 | th_width =   32
ggml_metal_device_init: testing tensor API for bfloat support
ggml_metal_library_compile_pipeline: compiling pipeline: base = 'dummy_kernel', name = 'dummy_kernel'
ggml_metal_library_compile_pipeline: loaded dummy_kernel                                  0x103daa060 | th_max = 1024 | th_width =   32
ggml_metal_library_init: using embedded metal library
ggml_metal_library_compile_all: compiled 'fa_aux' library in 0.005 sec
ggml_metal_library_compile_all: compiled 'fa_f16' library in 0.003 sec
ggml_metal_library_compile_all: compiled 'fa_f32' library in 0.003 sec
ggml_metal_library_compile_all: compiled 'fa_q4_0' library in 0.001 sec
ggml_metal_library_compile_all: compiled 'fa_q4_1' library in 0.001 sec
ggml_metal_library_compile_all: compiled 'fa_q5_0' library in 0.009 sec
ggml_metal_library_compile_all: compiled 'fa_q5_1' library in 0.008 sec
ggml_metal_library_compile_all: compiled 'fa_q8_0' library in 0.008 sec
ggml_metal_library_compile_all: compiled 'fa_vec_f16' library in 0.002 sec
ggml_metal_library_compile_all: compiled 'fa_vec_f32' library in 0.011 sec
ggml_metal_library_compile_all: compiled 'fa_vec_q4_0' library in 0.007 sec
ggml_metal_library_compile_all: compiled 'fa_vec_q4_1' library in 0.005 sec
ggml_metal_library_compile_all: compiled 'fa_vec_q5_0' library in 0.005 sec
ggml_metal_library_compile_all: compiled 'fa_vec_q5_1' library in 0.007 sec
ggml_metal_library_compile_all: compiled 'fa_vec_q8_0' library in 0.011 sec
ggml_metal_library_compile_all: compiled 'mul_mv' library in 0.004 sec
ggml_metal_library_compile_all: compiled 'mul_mv_mma' library in 0.010 sec
ggml_metal_library_compile_all: compiled 'mul_mm' library in 0.009 sec
ggml_metal_library_compile_all: compiled 'quantize' library in 0.006 sec
ggml_metal_library_compile_all: compiled 'softmax' library in 0.005 sec
ggml_metal_library_compile_all: compiled 'norm' library in 0.000 sec
ggml_metal_library_compile_all: compiled 'unary' library in 0.000 sec
ggml_metal_library_compile_all: compiled 'binbcast' library in 0.001 sec
ggml_metal_library_compile_all: compiled 'reduce' library in 0.000 sec
ggml_metal_library_compile_all: compiled 'tri' library in 0.000 sec
ggml_metal_library_compile_all: compiled 'ssm' library in 0.002 sec
ggml_metal_library_compile_all: compiled 'wkv' library in 0.002 sec
ggml_metal_library_compile_all: compiled 'gated_delta_net' library in 0.001 sec
ggml_metal_library_compile_all: compiled 'solve_tri' library in 0.010 sec
ggml_metal_library_compile_all: compiled 'rope' library in 0.003 sec
ggml_metal_library_compile_all: compiled 'conv' library in 0.004 sec
ggml_metal_library_compile_all: compiled 'upscale' library in 0.003 sec
ggml_metal_library_compile_all: compiled 'argsort' library in 0.000 sec
ggml_metal_library_compile_all: compiled 'pool' library in 0.003 sec
ggml_metal_library_compile_all: compiled 'misc' library in 0.004 sec
ggml_metal_library_compile_all: loaded 35 libraries from embedded data in 0.011 sec (max single = 0.011 sec)
ggml_metal_rsets_init: creating a residency set collection (keep_alive = 180 s)
ggml_metal_device_init: GPU name:   MTL0 (Apple M5 Pro)
ggml_metal_device_init: GPU family: MTLGPUFamilyApple10  (1010)
ggml_metal_device_init: GPU family: MTLGPUFamilyMetal4  (5002)
ggml_metal_device_init: simdgroup reduction   = true
ggml_metal_device_init: simdgroup matrix mul. = true
ggml_metal_device_init: has unified memory    = true
ggml_metal_device_init: has bfloat            = true
ggml_metal_device_init: has tensor            = true
ggml_metal_device_init: use residency sets    = true
ggml_metal_device_init: use shared buffers    = true
ggml_metal_device_init: recommendedMaxWorkingSetSize  = 40200.90 MB
ggml_metal_init: allocating
ggml_metal_init: found device: Apple M5 Pro
ggml_metal_init: picking default device: Apple M5 Pro
ggml_metal_init: use fusion         = true
ggml_metal_init: use concurrency    = true
ggml_metal_init: use graph optimize = true
ggml_metal_library_compile_pipeline: compiling pipeline: base = 'kernel_mul_mv_id_q2_0_f32', name = 'kernel_mul_mv_id_q2_0_f32_nsg=2_split=0'
ggml_metal_library_compile_pipeline: loaded kernel_mul_mv_id_q2_0_f32_nsg=2_split=0       0x103db6de0 | th_max = 1024 | th_width =   32
ggml_metal_library_compile_pipeline: compiling pipeline: base = 'kernel_swiglu_f32', name = 'kernel_swiglu_f32'
ggml_metal_library_compile_pipeline: loaded kernel_swiglu_f32                             0x103db7960 | th_max = 1024 | th_width =   32
ggml_metal_library_compile_pipeline: compiling pipeline: base = 'kernel_bin_fuse_f32_f32_f32', name = 'kernel_bin_fuse_f32_f32_f32_op=2_nf=1_rb=0_cb=1'
ggml_metal_library_compile_pipeline: loaded kernel_bin_fuse_f32_f32_f32_op=2_nf=1_rb=0_cb=1      0x103db7ee0 | th_max = 1024 | th_width =   32
ggml_metal_library_compile_pipeline: compiling pipeline: base = 'kernel_bin_fuse_f32_f32_f32_4', name = 'kernel_bin_fuse_f32_f32_f32_4_op=0_nf=7_rb=0_cb=0'
ggml_metal_library_compile_pipeline: loaded kernel_bin_fuse_f32_f32_f32_4_op=0_nf=7_rb=0_cb=0      0x103db8260 | th_max = 1024 | th_width =   32
ggml_metal_library_compile_pipeline: compiling pipeline: base = 'kernel_bin_fuse_f32_f32_f32_4', name = 'kernel_bin_fuse_f32_f32_f32_4_op=0_nf=2_rb=0_cb=0'
ggml_metal_library_compile_pipeline: loaded kernel_bin_fuse_f32_f32_f32_4_op=0_nf=2_rb=0_cb=0     0x7af1274000 | th_max = 1024 | th_width =   32
ggml_metal_library_compile_pipeline: compiling pipeline: base = 'kernel_bin_fuse_f32_f32_f32_4', name = 'kernel_bin_fuse_f32_f32_f32_4_op=0_nf=1_rb=0_cb=0'
ggml_metal_library_compile_pipeline: loaded kernel_bin_fuse_f32_f32_f32_4_op=0_nf=1_rb=0_cb=0     0x7af1274380 | th_max = 1024 | th_width =   32
M5_GATE_CASE {"cpu_compute_nodes":0,"cpu_nmse":6.957007826013444e-14,"distinct_experts":[14,22,24,26,28,30,33,40],"eligible":true,"graph_buffer_bytes":5385920,"input_ids_preserved":true,"layout":"plain","max_absolute_error":3.669212926826759e-07,"max_scaled_error":3.163219394197725e-07,"output_elements":1105920,"route":"real","route_index":0,"rows":4,"samples":60,"scheduler":true,"triplets_per_graph":8,"wall_samples_us_per_triplet":[288.588625,290.546875,290.864625,290.947875,291.734375,292.046875,292.125,292.380125,292.9635,293.463625,293.557375,293.796875,293.8385,294.171875,294.25525,294.369875,294.416625,294.484375,294.520875,294.698,294.703125,295.25,295.421875,295.546875,295.651,295.65625,295.71875,295.729125,295.8385,295.84375,296.052,296.098875,296.125,296.234375,296.583375,296.5885,296.765625,296.78125,297.125,297.2865,297.473875,297.8385,298.0885,298.213625,298.395875,298.703125,298.989625,299.03125,299.0885,299.364625,299.59375,300.44275,300.921875,301.97925,302.3385,302.546875,303.578125,305.25,309.041625,312.760375],"wall_us_per_triplet":296.052}
M5_GATE_CASE {"cpu_compute_nodes":0,"cpu_nmse":8.813416802937666e-14,"distinct_experts":[40,40,40,40,40,40,40,40],"eligible":true,"graph_buffer_bytes":5385920,"input_ids_preserved":true,"layout":"plain","max_absolute_error":2.665893277242759e-07,"max_scaled_error":2.544322713626812e-07,"output_elements":1105920,"route":"distinct","route_index":0,"rows":4,"samples":60,"scheduler":true,"triplets_per_graph":8,"wall_samples_us_per_triplet":[297.099,298.46875,298.53125,299.390625,299.890625,300.25,301.13025,301.479125,301.807375,301.90625,302.0,302.02075,302.61975,302.953125,303.140625,303.270875,303.541625,303.64575,303.651125,303.8385,303.859375,303.953125,304.28125,304.43225,304.44275,304.515625,304.572875,304.729125,304.755125,305.213625,305.526125,306.03125,306.0625,306.09375,306.1145,306.1875,306.203125,306.458375,306.53125,306.630125,306.6615,306.75,306.953125,307.145875,307.25,307.43225,307.68225,307.9635,308.81775,308.85425,309.25,309.4635,312.53125,312.53125,312.94275,313.6875,313.95825,314.099,314.38025,314.921875],"wall_us_per_triplet":305.526125}
M5_GATE_CASE {"cpu_compute_nodes":0,"cpu_nmse":7.063375741560338e-14,"distinct_experts":[10,10,10,10,10,10,10,10],"eligible":true,"graph_buffer_bytes":5385920,"input_ids_preserved":true,"layout":"plain","max_absolute_error":3.351239759030733e-07,"max_scaled_error":3.351239759030733e-07,"output_elements":1105920,"route":"shared","route_index":0,"rows":4,"samples":60,"scheduler":true,"triplets_per_graph":8,"wall_samples_us_per_triplet":[282.583375,282.698,284.479125,284.895875,284.984375,286.63025,287.177125,287.4375,287.625,287.90625,288.15625,288.572875,288.911375,289.2865,289.2865,289.36975,289.74475,289.770875,289.776,289.979125,290.05725,290.302125,290.3125,290.5365,291.015625,291.098875,291.401,291.5365,291.6145,291.75,292.010375,292.197875,292.28125,292.28125,292.421875,292.442625,292.515625,292.713625,292.786375,292.84375,292.849,292.895875,293.203125,293.255125,293.260375,293.427,293.5,293.81775,294.015625,294.15625,294.55725,296.64575,296.79175,297.208375,297.6875,300.265625,300.432375,302.40625,304.838625,304.89575],"wall_us_per_triplet":292.010375}
M5_GATE_CASE {"cpu_compute_nodes":0,"cpu_nmse":7.030566706314856e-14,"distinct_experts":[13,26,29,31,34,36,40,50],"eligible":true,"graph_buffer_bytes":6721728,"input_ids_preserved":true,"layout":"plain","max_absolute_error":2.9987389271735054e-07,"max_scaled_error":2.9987389271735054e-07,"output_elements":1382400,"route":"real","route_index":0,"rows":5,"samples":60,"scheduler":true,"triplets_per_graph":8,"wall_samples_us_per_triplet":[349.994875,351.302,352.3125,352.3855,352.661375,352.984375,353.208375,354.161375,354.43225,354.552125,354.849,354.94275,355.046875,355.073,355.088625,355.2135,355.354125,355.546875,355.651,355.71875,355.75,355.84375,356.078125,356.18225,356.46875,356.46875,356.828125,357.06775,357.296875,357.34375,357.4375,357.578125,357.619875,357.84375,357.9375,358.109375,358.197875,358.328125,358.4115,358.578125,358.697875,358.984375,359.015625,359.057375,359.140625,359.1875,359.213625,359.375,360.09375,360.260375,360.322875,360.4115,360.541625,362.385375,362.526,364.104125,364.71875,365.635375,366.234375,368.088625],"wall_us_per_triplet":357.4375}
M5_GATE_CASE {"cpu_compute_nodes":0,"cpu_nmse":9.616919896786819e-14,"distinct_experts":[50,50,50,50,50,50,50,50],"eligible":true,"graph_buffer_bytes":6721728,"input_ids_preserved":true,"layout":"plain","max_absolute_error":3.6201216380149503e-07,"max_scaled_error":3.6201216380149503e-07,"output_elements":1382400,"route":"distinct","route_index":0,"rows":5,"samples":60,"scheduler":true,"triplets_per_graph":8,"wall_samples_us_per_triplet":[358.974,359.109375,360.213625,360.489625,360.666625,361.088625,362.03125,362.03125,362.0625,362.224,362.71875,362.838625,362.973875,363.94275,364.140625,364.380125,364.541625,364.74475,364.963625,365.161375,365.203125,365.338625,365.5,365.510375,365.5885,365.75,365.94275,366.010375,366.088625,366.234375,366.27075,366.3645,366.46875,366.50525,366.770875,366.776,366.9635,367.651125,367.77075,367.96875,368.078125,368.11975,368.182375,368.302125,368.328125,368.3645,368.546875,368.66675,368.703125,368.70825,368.734375,368.75,369.302125,370.307375,370.849,371.203125,372.760375,374.18225,375.265625,375.354125],"wall_us_per_triplet":366.27075}
M5_GATE_CASE {"cpu_compute_nodes":0,"cpu_nmse":7.366095811566404e-14,"distinct_experts":[10,10,10,10,10,10,10,10],"eligible":true,"graph_buffer_bytes":6721728,"input_ids_preserved":true,"layout":"plain","max_absolute_error":3.351239759030733e-07,"max_scaled_error":3.351239759030733e-07,"output_elements":1382400,"route":"shared","route_index":0,"rows":5,"samples":60,"scheduler":true,"triplets_per_graph":8,"wall_samples_us_per_triplet":[343.3125,344.729125,345.359375,345.578125,346.036375,346.354125,346.474,346.651125,347.09375,347.140625,347.19275,347.333375,347.421875,347.526,347.776125,347.864625,348.171875,348.286375,348.385375,348.458375,348.708375,349.052,349.27075,349.49475,349.599,349.869875,350.125,350.135375,350.140625,350.171875,350.625,350.989625,351.13025,351.515625,351.9375,352.427125,352.44275,352.453125,352.5,352.572875,352.625,352.703125,352.770875,352.8385,352.93225,353.265625,353.36975,353.77075,353.9375,354.1615,355.11975,355.7395,357.661375,358.578125,358.81775,359.18225,359.7135,360.28125,360.5625,365.5365],"wall_us_per_triplet":350.625}
M5_GATE_DONE {"allocated_weight_bytes":2124195840,"cases":6,"cpu_compute_nodes":0,"mode":"perf","scheduler":true,"weights_preserved":true}
ggml_metal_free: deallocating
