ggml_metal_device_init: testing tensor API for f16 support
ggml_metal_library_compile_pipeline: compiling pipeline: base = 'dummy_kernel', name = 'dummy_kernel'
ggml_metal_library_compile_pipeline: loaded dummy_kernel                                  0x105344a20 | th_max = 1024 | th_width =   32
ggml_metal_device_init: testing tensor API for bfloat support
ggml_metal_library_compile_pipeline: compiling pipeline: base = 'dummy_kernel', name = 'dummy_kernel'
ggml_metal_library_compile_pipeline: loaded dummy_kernel                                  0x105344a80 | th_max = 1024 | th_width =   32
ggml_metal_library_init: using embedded metal library
ggml_metal_library_compile_all: compiled 'fa_aux' library in 0.001 sec
ggml_metal_library_compile_all: compiled 'fa_f16' library in 0.001 sec
ggml_metal_library_compile_all: compiled 'fa_f32' library in 0.003 sec
ggml_metal_library_compile_all: compiled 'fa_q4_0' library in 0.010 sec
ggml_metal_library_compile_all: compiled 'fa_q4_1' library in 0.011 sec
ggml_metal_library_compile_all: compiled 'fa_q5_0' library in 0.003 sec
ggml_metal_library_compile_all: compiled 'fa_q5_1' library in 0.010 sec
ggml_metal_library_compile_all: compiled 'fa_q8_0' library in 0.002 sec
ggml_metal_library_compile_all: compiled 'fa_vec_f16' library in 0.002 sec
ggml_metal_library_compile_all: compiled 'fa_vec_f32' library in 0.001 sec
ggml_metal_library_compile_all: compiled 'fa_vec_q4_0' library in 0.008 sec
ggml_metal_library_compile_all: compiled 'fa_vec_q4_1' library in 0.011 sec
ggml_metal_library_compile_all: compiled 'fa_vec_q5_0' library in 0.008 sec
ggml_metal_library_compile_all: compiled 'fa_vec_q5_1' library in 0.003 sec
ggml_metal_library_compile_all: compiled 'fa_vec_q8_0' library in 0.006 sec
ggml_metal_library_compile_all: compiled 'mul_mv' library in 0.006 sec
ggml_metal_library_compile_all: compiled 'mul_mv_mma' library in 0.005 sec
ggml_metal_library_compile_all: compiled 'mul_mm' library in 0.009 sec
ggml_metal_library_compile_all: compiled 'quantize' library in 0.005 sec
ggml_metal_library_compile_all: compiled 'softmax' library in 0.001 sec
ggml_metal_library_compile_all: compiled 'norm' library in 0.009 sec
ggml_metal_library_compile_all: compiled 'unary' library in 0.009 sec
ggml_metal_library_compile_all: compiled 'binbcast' library in 0.011 sec
ggml_metal_library_compile_all: compiled 'reduce' library in 0.009 sec
ggml_metal_library_compile_all: compiled 'tri' library in 0.009 sec
ggml_metal_library_compile_all: compiled 'ssm' library in 0.009 sec
ggml_metal_library_compile_all: compiled 'wkv' library in 0.010 sec
ggml_metal_library_compile_all: compiled 'gated_delta_net' library in 0.009 sec
ggml_metal_library_compile_all: compiled 'solve_tri' library in 0.007 sec
ggml_metal_library_compile_all: compiled 'rope' library in 0.006 sec
ggml_metal_library_compile_all: compiled 'conv' library in 0.006 sec
ggml_metal_library_compile_all: compiled 'upscale' library in 0.010 sec
ggml_metal_library_compile_all: compiled 'argsort' library in 0.008 sec
ggml_metal_library_compile_all: compiled 'pool' library in 0.009 sec
ggml_metal_library_compile_all: compiled 'misc' library in 0.008 sec
ggml_metal_library_compile_all: loaded 35 libraries from embedded data in 0.011 sec (max single = 0.011 sec)
ggml_metal_rsets_init: creating a residency set collection (keep_alive = 180 s)
ggml_metal_device_init: GPU name:   MTL0 (Apple M5 Pro)
ggml_metal_device_init: GPU family: MTLGPUFamilyApple10  (1010)
ggml_metal_device_init: GPU family: MTLGPUFamilyMetal4  (5002)
ggml_metal_device_init: simdgroup reduction   = true
ggml_metal_device_init: simdgroup matrix mul. = true
ggml_metal_device_init: has unified memory    = true
ggml_metal_device_init: has bfloat            = true
ggml_metal_device_init: has tensor            = true
ggml_metal_device_init: use residency sets    = true
ggml_metal_device_init: use shared buffers    = true
ggml_metal_device_init: recommendedMaxWorkingSetSize  = 40200.90 MB
ggml_metal_init: allocating
ggml_metal_init: found device: Apple M5 Pro
ggml_metal_init: picking default device: Apple M5 Pro
ggml_metal_init: use fusion         = true
ggml_metal_init: use concurrency    = true
ggml_metal_init: use graph optimize = true
ggml_metal_library_compile_pipeline: compiling pipeline: base = 'kernel_m5_gate_up_q2_0_f32_r8', name = 'kernel_m5_gate_up_q2_0_f32_r8'
ggml_metal_library_compile_pipeline: loaded kernel_m5_gate_up_q2_0_f32_r8                 0x1053529a0 | th_max = 1024 | th_width =   32
ggml_metal_library_compile_pipeline: compiling pipeline: base = 'kernel_mul_mv_id_q2_0_f32', name = 'kernel_mul_mv_id_q2_0_f32_nsg=2_split=0'
ggml_metal_library_compile_pipeline: loaded kernel_mul_mv_id_q2_0_f32_nsg=2_split=0       0x105353120 | th_max = 1024 | th_width =   32
ggml_metal_library_compile_pipeline: compiling pipeline: base = 'kernel_bin_fuse_f32_f32_f32', name = 'kernel_bin_fuse_f32_f32_f32_op=2_nf=1_rb=0_cb=1'
ggml_metal_library_compile_pipeline: loaded kernel_bin_fuse_f32_f32_f32_op=2_nf=1_rb=0_cb=1      0x1053536a0 | th_max = 1024 | th_width =   32
ggml_metal_library_compile_pipeline: compiling pipeline: base = 'kernel_bin_fuse_f32_f32_f32_4', name = 'kernel_bin_fuse_f32_f32_f32_4_op=0_nf=7_rb=0_cb=0'
ggml_metal_library_compile_pipeline: loaded kernel_bin_fuse_f32_f32_f32_4_op=0_nf=7_rb=0_cb=0      0x105353a20 | th_max = 1024 | th_width =   32
ggml_metal_library_compile_pipeline: compiling pipeline: base = 'kernel_bin_fuse_f32_f32_f32_4', name = 'kernel_bin_fuse_f32_f32_f32_4_op=0_nf=2_rb=0_cb=0'
ggml_metal_library_compile_pipeline: loaded kernel_bin_fuse_f32_f32_f32_4_op=0_nf=2_rb=0_cb=0     0x785b254000 | th_max = 1024 | th_width =   32
ggml_metal_library_compile_pipeline: compiling pipeline: base = 'kernel_bin_fuse_f32_f32_f32_4', name = 'kernel_bin_fuse_f32_f32_f32_4_op=0_nf=1_rb=0_cb=0'
ggml_metal_library_compile_pipeline: loaded kernel_bin_fuse_f32_f32_f32_4_op=0_nf=1_rb=0_cb=0     0x785b254380 | th_max = 1024 | th_width =   32
M5_GATE_CASE {"cpu_compute_nodes":0,"cpu_nmse":6.957007826013444e-14,"distinct_experts":[14,22,24,26,28,30,33,40],"eligible":true,"graph_buffer_bytes":5385920,"input_ids_preserved":true,"layout":"plain","max_absolute_error":3.669212926826759e-07,"max_scaled_error":3.163219394197725e-07,"output_elements":1105920,"route":"real","route_index":0,"rows":4,"samples":60,"scheduler":true,"triplets_per_graph":8,"wall_samples_us_per_triplet":[339.1615,340.474,340.901125,342.026,342.823,343.447875,343.489625,344.099,345.010375,345.05725,345.2135,345.3385,345.599,345.80725,345.817625,346.083375,346.21875,346.302125,346.333375,346.442625,346.5885,346.83325,346.859375,347.395875,347.401,347.421875,347.479125,347.546875,347.6145,347.849,348.286375,348.380125,348.515625,348.895875,349.296875,349.354125,349.463625,349.49475,349.572875,349.760375,349.78125,349.80725,350.229125,350.557375,350.81775,350.947875,351.963625,352.0,352.0,352.828125,353.198,353.401,355.05725,355.224,355.552125,356.13025,356.68225,356.869875,357.526,357.703125],"wall_us_per_triplet":348.286375}
M5_GATE_CASE {"cpu_compute_nodes":0,"cpu_nmse":8.813416802937666e-14,"distinct_experts":[40,40,40,40,40,40,40,40],"eligible":true,"graph_buffer_bytes":5385920,"input_ids_preserved":true,"layout":"plain","max_absolute_error":2.665893277242759e-07,"max_scaled_error":2.544322713626812e-07,"output_elements":1105920,"route":"distinct","route_index":0,"rows":4,"samples":60,"scheduler":true,"triplets_per_graph":8,"wall_samples_us_per_triplet":[355.484375,357.13025,359.473875,359.677,359.932375,360.114625,360.177125,360.229125,360.265625,360.296875,360.484375,360.5,360.703125,360.703125,360.708375,360.760375,360.776,360.828125,360.8855,360.984375,361.177125,361.30725,361.59375,361.7395,361.7865,361.79175,361.822875,361.96875,362.046875,362.20825,362.447875,362.635375,362.65625,362.80725,362.828125,363.05725,363.1145,363.15625,363.213625,363.359375,363.53125,363.572875,363.81775,363.859375,364.135375,364.22925,364.390625,364.442625,364.609375,364.729125,364.9115,366.125,367.515625,370.020875,370.046875,370.46875,370.53125,370.96875,371.74475,372.94275],"wall_us_per_triplet":362.447875}
M5_GATE_CASE {"cpu_compute_nodes":0,"cpu_nmse":7.063375741560338e-14,"distinct_experts":[10,10,10,10,10,10,10,10],"eligible":true,"graph_buffer_bytes":5385920,"input_ids_preserved":true,"layout":"plain","max_absolute_error":3.351239759030733e-07,"max_scaled_error":3.351239759030733e-07,"output_elements":1105920,"route":"shared","route_index":0,"rows":4,"samples":60,"scheduler":true,"triplets_per_graph":8,"wall_samples_us_per_triplet":[310.947875,311.161375,311.651125,311.703125,311.84375,312.760375,313.2135,313.338625,313.484375,313.609375,314.052125,314.078125,314.25,314.38025,314.74475,314.807375,314.9115,315.03125,315.38025,315.447875,315.4635,315.645875,315.890625,315.895875,315.953125,315.989625,316.203125,316.2605,316.296875,316.349,316.474,316.572875,316.901,316.947875,317.072875,317.151,317.484375,317.635375,317.677,318.072875,318.317625,318.46875,318.807375,318.859375,318.921875,318.96875,319.04175,319.640625,319.645875,319.692625,319.79175,320.45825,322.296875,322.99475,323.8125,324.479125,327.927125,330.734375,330.859375,331.75],"wall_us_per_triplet":316.474}
M5_GATE_CASE {"cpu_compute_nodes":0,"cpu_nmse":7.030566706314856e-14,"distinct_experts":[13,26,29,31,34,36,40,50],"eligible":true,"graph_buffer_bytes":6721728,"input_ids_preserved":true,"layout":"plain","max_absolute_error":2.9987389271735054e-07,"max_scaled_error":2.9987389271735054e-07,"output_elements":1382400,"route":"real","route_index":0,"rows":5,"samples":60,"scheduler":true,"triplets_per_graph":8,"wall_samples_us_per_triplet":[407.4115,407.77075,408.510375,409.098875,409.359375,409.572875,409.604125,410.09375,410.328125,410.390625,410.83325,410.885375,411.026,411.1875,411.729125,411.765625,411.984375,412.03125,412.203125,412.317625,412.323,412.35425,412.44275,412.552,412.578125,412.578125,412.671875,412.7865,412.817625,412.859375,412.989625,413.151,413.19275,413.260375,413.60425,413.770875,413.99475,414.81775,415.036375,415.46875,415.895875,415.953125,416.234375,416.322875,416.49475,416.5625,416.640625,416.70825,416.734375,417.2135,418.375,419.24475,419.35425,422.323,422.333375,422.5365,422.989625,423.39575,424.479125,424.68225],"wall_us_per_triplet":412.989625}
M5_GATE_CASE {"cpu_compute_nodes":0,"cpu_nmse":9.616919896786819e-14,"distinct_experts":[50,50,50,50,50,50,50,50],"eligible":true,"graph_buffer_bytes":6721728,"input_ids_preserved":true,"layout":"plain","max_absolute_error":3.6201216380149503e-07,"max_scaled_error":3.6201216380149503e-07,"output_elements":1382400,"route":"distinct","route_index":0,"rows":5,"samples":60,"scheduler":true,"triplets_per_graph":8,"wall_samples_us_per_triplet":[424.63025,425.703125,426.078125,427.015625,427.135375,427.145875,427.72925,427.953125,428.140625,428.911375,429.072875,429.099,429.692625,429.776125,429.875,429.9895,430.323,430.34375,430.421875,430.578125,430.74475,430.75,431.270875,431.322875,431.619875,431.74475,431.74475,431.96875,432.026,432.0365,432.354125,432.56775,432.58325,432.822875,432.921875,432.9375,432.953125,433.16675,433.239625,433.421875,433.489625,433.5885,433.729125,433.8125,433.84375,434.078125,434.177,434.473875,435.395875,436.099,436.208375,437.015625,437.552,438.161375,438.20825,440.208375,440.296875,440.953125,441.61975,446.005125],"wall_us_per_triplet":432.354125}
M5_GATE_CASE {"cpu_compute_nodes":0,"cpu_nmse":7.366095811566404e-14,"distinct_experts":[10,10,10,10,10,10,10,10],"eligible":true,"graph_buffer_bytes":6721728,"input_ids_preserved":true,"layout":"plain","max_absolute_error":3.351239759030733e-07,"max_scaled_error":3.351239759030733e-07,"output_elements":1382400,"route":"shared","route_index":0,"rows":5,"samples":60,"scheduler":true,"triplets_per_graph":8,"wall_samples_us_per_triplet":[377.411375,378.171875,378.916625,379.838625,380.349,380.744875,380.8125,380.9375,380.989625,381.177125,381.744875,381.984375,382.05725,382.1875,382.2135,382.255125,382.479125,382.78125,382.88025,382.9635,383.161375,383.197875,383.463625,383.953125,384.073,384.078125,384.088625,384.099,384.1875,384.31775,384.630125,384.677125,384.7395,385.177125,385.2135,385.302125,385.38025,385.385375,385.546875,385.625,385.71875,385.74475,385.75,385.8125,385.948,385.948,386.020875,386.109375,386.546875,386.796875,386.9115,387.302125,387.911375,388.421875,388.8385,389.526,391.526,391.838625,392.4115,394.171875],"wall_us_per_triplet":384.630125}
M5_GATE_DONE {"allocated_weight_bytes":2124195840,"cases":6,"cpu_compute_nodes":0,"mode":"perf","scheduler":true,"weights_preserved":true}
ggml_metal_free: deallocating
