math: PASS [(572, 572)]; peak RSS 312.9 MiB
fused-residual: PASS [(16, 16)]; peak RSS 97.0 MiB
math: PASS [(572, 572)]; peak RSS 317.1 MiB
fused-residual: PASS [(16, 16)]; peak RSS 96.0 MiB
Saved /Users/justin/Documents/Github/Strata-Mac-Lab/bench/results/20261009T205740Z-m5-parallel-top10-1-conv-direct/result.json
Saved /Users/justin/Documents/Github/Strata-Mac-Lab/bench/results/20261009T205724Z-m5-parallel-top10
Traceback (most recent call last):
  File "/Users/justin/Documents/Github/Strata-Mac-Lab/scripts/benchmark_m5_top10_models.py", line 83, in <module>
    main()
  File "/Users/justin/Documents/Github/Strata-Mac-Lab/scripts/benchmark_m5_top10_models.py", line 71, in main
    folder = execute(spec, 3, before_pass=wait_for_headroom, after_pass=check_pass)
             ^^^^^^^^^^^^^^^^^^^^^^^^^^^^^^^^^^^^^^^^^^^^^^^^^^^^^^^^^^^^^^^^^^^^^^
  File "/Users/justin/Documents/Github/Strata-Mac-Lab/scripts/benchmark_m5.py", line 169, in execute
    result = run(args)
             ^^^^^^^^^
  File "/Users/justin/Documents/Github/Strata-Mac-Lab/scripts/benchmark.py", line 301, in run
    record["ready_s"] = wait_ready(process, base)
                        ^^^^^^^^^^^^^^^^^^^^^^^^^
  File "/Users/justin/Documents/Github/Strata-Mac-Lab/scripts/benchmark.py", line 164, in wait_ready
    raise RuntimeError(f"Server exited during load with code {process.returncode}; see server.log")
RuntimeError: Server exited during load with code -15; see server.log
