math: PASS [(572, 572)]; peak RSS 314.6 MiB
fused-residual: PASS [(16, 16)]; peak RSS 95.3 MiB
math: PASS [(572, 572)]; peak RSS 289.2 MiB
fused-residual: PASS [(16, 16)]; peak RSS 95.4 MiB
20261009T205924Z-m5-parallel-top10-1-conv-direct: ready in 2.59s
prompt=512 warmup=1: 45.87 tok/s, TTFT 1.04s, prompt 491.4 tok/s
prompt=512 repeat=1: 48.30 tok/s, TTFT 0.90s, prompt 566.5 tok/s
prompt=512 repeat=2: 48.56 tok/s, TTFT 0.91s, prompt 565.1 tok/s
prompt=512 repeat=3: 48.52 tok/s, TTFT 0.90s, prompt 571.1 tok/s
prompt=2048 warmup=1: 46.86 tok/s, TTFT 3.80s, prompt 538.7 tok/s
prompt=2048 repeat=1: 49.82 tok/s, TTFT 3.78s, prompt 542.5 tok/s
prompt=2048 repeat=2: 49.85 tok/s, TTFT 3.79s, prompt 540.9 tok/s
prompt=2048 repeat=3: 49.92 tok/s, TTFT 3.78s, prompt 541.7 tok/s
code warmup: 55.74 tok/s, TTFT 0.29s
code repeat=1: 59.41 tok/s, TTFT 0.28s
code repeat=2: 59.34 tok/s, TTFT 0.28s
code repeat=3: 59.10 tok/s, TTFT 0.28s
prose warmup: 37.12 tok/s, TTFT 0.30s
prose repeat=1: 39.65 tok/s, TTFT 0.29s
prose repeat=2: 39.91 tok/s, TTFT 0.29s
prose repeat=3: 39.98 tok/s, TTFT 0.29s
PASS answer multiply at temperature 0
PASS answer different-multiply at temperature 0
PASS answer sum at temperature 0
PASS answer extract-json at temperature 0
PASS answer sort-unique-json at temperature 0
PASS answer updated-label at temperature 0
PASS answer ledger at temperature 0
PASS answer python-function at temperature 0
PASS answer multiply at temperature 0.6
PASS answer different-multiply at temperature 0.6
PASS answer sum at temperature 0.6
PASS answer extract-json at temperature 0.6
PASS answer sort-unique-json at temperature 0.6
PASS answer updated-label at temperature 0.6
PASS answer ledger at temperature 0.6
PASS answer python-function at temperature 0.6
cached 512 warmup: 58.56 tok/s, TTFT 0.309s, correct=True
cached 512 repeat=1: 59.07 tok/s, TTFT 0.277s, correct=True
cached 512 repeat=2: 70.91 tok/s, TTFT 0.274s, correct=True
cached 512 repeat=3: 71.21 tok/s, TTFT 0.275s, correct=True
cached 2048 warmup: 65.00 tok/s, TTFT 0.308s, correct=True
cached 2048 repeat=1: 63.44 tok/s, TTFT 0.290s, correct=True
cached 2048 repeat=2: 63.56 tok/s, TTFT 0.289s, correct=True
cached 2048 repeat=3: 65.20 tok/s, TTFT 0.290s, correct=True
Saved /Users/justin/Documents/Github/Strata-Mac-Lab/bench/results/20261009T205924Z-m5-parallel-top10-1-conv-direct/result.json
Waiting for macOS to release model memory: 27.02 GiB available
20261009T210152Z-m5-parallel-top10-2-top10: ready in 2.07s
prompt=512 warmup=1: 45.39 tok/s, TTFT 1.16s, prompt 440.1 tok/s
prompt=512 repeat=1: 48.85 tok/s, TTFT 0.93s, prompt 550.6 tok/s
prompt=512 repeat=2: 48.99 tok/s, TTFT 0.92s, prompt 557.6 tok/s
prompt=512 repeat=3: 48.92 tok/s, TTFT 0.92s, prompt 554.9 tok/s
prompt=2048 warmup=1: 47.09 tok/s, TTFT 3.89s, prompt 526.0 tok/s
prompt=2048 repeat=1: 50.16 tok/s, TTFT 3.86s, prompt 531.0 tok/s
prompt=2048 repeat=2: 50.29 tok/s, TTFT 3.86s, prompt 531.2 tok/s
prompt=2048 repeat=3: 50.21 tok/s, TTFT 3.87s, prompt 531.1 tok/s
code warmup: 56.11 tok/s, TTFT 0.31s
code repeat=1: 59.87 tok/s, TTFT 0.29s
code repeat=2: 59.91 tok/s, TTFT 0.28s
code repeat=3: 60.08 tok/s, TTFT 0.28s
prose warmup: 37.52 tok/s, TTFT 0.31s
prose repeat=1: 40.28 tok/s, TTFT 0.29s
prose repeat=2: 40.34 tok/s, TTFT 0.29s
prose repeat=3: 40.36 tok/s, TTFT 0.29s
PASS answer multiply at temperature 0
PASS answer different-multiply at temperature 0
PASS answer sum at temperature 0
PASS answer extract-json at temperature 0
PASS answer sort-unique-json at temperature 0
PASS answer updated-label at temperature 0
PASS answer ledger at temperature 0
PASS answer python-function at temperature 0
PASS answer multiply at temperature 0.6
PASS answer different-multiply at temperature 0.6
PASS answer sum at temperature 0.6
PASS answer extract-json at temperature 0.6
PASS answer sort-unique-json at temperature 0.6
PASS answer updated-label at temperature 0.6
PASS answer ledger at temperature 0.6
PASS answer python-function at temperature 0.6
cached 512 warmup: 58.82 tok/s, TTFT 0.311s, correct=True
cached 512 repeat=1: 59.81 tok/s, TTFT 0.276s, correct=True
cached 512 repeat=2: 70.62 tok/s, TTFT 0.274s, correct=True
cached 512 repeat=3: 71.37 tok/s, TTFT 0.274s, correct=True
cached 2048 warmup: 65.48 tok/s, TTFT 0.307s, correct=True
cached 2048 repeat=1: 63.55 tok/s, TTFT 0.291s, correct=True
cached 2048 repeat=2: 63.54 tok/s, TTFT 0.288s, correct=True
cached 2048 repeat=3: 64.03 tok/s, TTFT 0.287s, correct=True
Saved /Users/justin/Documents/Github/Strata-Mac-Lab/bench/results/20261009T210152Z-m5-parallel-top10-2-top10/result.json
Waiting for macOS to release model memory: 2.47 GiB available
20261009T210419Z-m5-parallel-top10-3-top10: ready in 2.06s
prompt=512 warmup=1: 45.63 tok/s, TTFT 1.09s, prompt 469.2 tok/s
prompt=512 repeat=1: 48.77 tok/s, TTFT 0.96s, prompt 535.3 tok/s
prompt=512 repeat=2: 48.90 tok/s, TTFT 0.92s, prompt 557.2 tok/s
prompt=512 repeat=3: 48.87 tok/s, TTFT 0.92s, prompt 557.4 tok/s
prompt=2048 warmup=1: 47.08 tok/s, TTFT 3.88s, prompt 528.1 tok/s
prompt=2048 repeat=1: 50.28 tok/s, TTFT 3.89s, prompt 527.0 tok/s
prompt=2048 repeat=2: 50.38 tok/s, TTFT 3.84s, prompt 533.8 tok/s
prompt=2048 repeat=3: 50.31 tok/s, TTFT 3.84s, prompt 533.6 tok/s
code warmup: 55.72 tok/s, TTFT 0.30s
code repeat=1: 60.05 tok/s, TTFT 0.28s
code repeat=2: 60.07 tok/s, TTFT 0.28s
code repeat=3: 60.01 tok/s, TTFT 0.28s
prose warmup: 37.57 tok/s, TTFT 0.31s
prose repeat=1: 40.28 tok/s, TTFT 0.30s
prose repeat=2: 40.20 tok/s, TTFT 0.29s
prose repeat=3: 40.38 tok/s, TTFT 0.29s
PASS answer multiply at temperature 0
PASS answer different-multiply at temperature 0
PASS answer sum at temperature 0
PASS answer extract-json at temperature 0
PASS answer sort-unique-json at temperature 0
PASS answer updated-label at temperature 0
PASS answer ledger at temperature 0
PASS answer python-function at temperature 0
PASS answer multiply at temperature 0.6
PASS answer different-multiply at temperature 0.6
PASS answer sum at temperature 0.6
PASS answer extract-json at temperature 0.6
PASS answer sort-unique-json at temperature 0.6
PASS answer updated-label at temperature 0.6
PASS answer ledger at temperature 0.6
PASS answer python-function at temperature 0.6
cached 512 warmup: 58.94 tok/s, TTFT 0.314s, correct=True
cached 512 repeat=1: 60.56 tok/s, TTFT 0.276s, correct=True
cached 512 repeat=2: 70.88 tok/s, TTFT 0.272s, correct=True
cached 512 repeat=3: 70.68 tok/s, TTFT 0.274s, correct=True
cached 2048 warmup: 66.48 tok/s, TTFT 0.307s, correct=True
cached 2048 repeat=1: 64.25 tok/s, TTFT 0.287s, correct=True
cached 2048 repeat=2: 64.19 tok/s, TTFT 0.287s, correct=True
cached 2048 repeat=3: 63.90 tok/s, TTFT 0.287s, correct=True
Saved /Users/justin/Documents/Github/Strata-Mac-Lab/bench/results/20261009T210419Z-m5-parallel-top10-3-top10/result.json
Waiting for macOS to release model memory: 2.88 GiB available
20261009T210646Z-m5-parallel-top10-4-conv-direct: ready in 2.07s
prompt=512 warmup=1: 44.91 tok/s, TTFT 1.02s, prompt 500.0 tok/s
prompt=512 repeat=1: 46.76 tok/s, TTFT 0.95s, prompt 537.2 tok/s
prompt=512 repeat=2: 48.36 tok/s, TTFT 0.92s, prompt 557.5 tok/s
prompt=512 repeat=3: 48.50 tok/s, TTFT 0.92s, prompt 557.9 tok/s
prompt=2048 warmup=1: 46.52 tok/s, TTFT 3.86s, prompt 530.6 tok/s
prompt=2048 repeat=1: 49.77 tok/s, TTFT 3.85s, prompt 532.6 tok/s
prompt=2048 repeat=2: 49.96 tok/s, TTFT 3.83s, prompt 534.9 tok/s
prompt=2048 repeat=3: 49.88 tok/s, TTFT 3.81s, prompt 537.2 tok/s
code warmup: 55.01 tok/s, TTFT 0.31s
code repeat=1: 59.35 tok/s, TTFT 0.28s
code repeat=2: 59.51 tok/s, TTFT 0.28s
code repeat=3: 59.55 tok/s, TTFT 0.28s
prose warmup: 37.02 tok/s, TTFT 0.30s
prose repeat=1: 39.97 tok/s, TTFT 0.29s
prose repeat=2: 39.90 tok/s, TTFT 0.29s
prose repeat=3: 40.01 tok/s, TTFT 0.29s
PASS answer multiply at temperature 0
PASS answer different-multiply at temperature 0
PASS answer sum at temperature 0
PASS answer extract-json at temperature 0
PASS answer sort-unique-json at temperature 0
PASS answer updated-label at temperature 0
PASS answer ledger at temperature 0
PASS answer python-function at temperature 0
PASS answer multiply at temperature 0.6
PASS answer different-multiply at temperature 0.6
PASS answer sum at temperature 0.6
PASS answer extract-json at temperature 0.6
PASS answer sort-unique-json at temperature 0.6
PASS answer updated-label at temperature 0.6
PASS answer ledger at temperature 0.6
PASS answer python-function at temperature 0.6
cached 512 warmup: 58.06 tok/s, TTFT 0.309s, correct=True
cached 512 repeat=1: 59.31 tok/s, TTFT 0.276s, correct=True
cached 512 repeat=2: 70.77 tok/s, TTFT 0.274s, correct=True
cached 512 repeat=3: 70.94 tok/s, TTFT 0.275s, correct=True
cached 2048 warmup: 65.05 tok/s, TTFT 0.306s, correct=True
cached 2048 repeat=1: 64.18 tok/s, TTFT 0.296s, correct=True
cached 2048 repeat=2: 64.78 tok/s, TTFT 0.289s, correct=True
cached 2048 repeat=3: 63.18 tok/s, TTFT 0.287s, correct=True
Saved /Users/justin/Documents/Github/Strata-Mac-Lab/bench/results/20261009T210646Z-m5-parallel-top10-4-conv-direct/result.json
Saved /Users/justin/Documents/Github/Strata-Mac-Lab/bench/results/20261009T205909Z-m5-parallel-top10
Matched model bracket: /Users/justin/Documents/Github/Strata-Mac-Lab/bench/results/20261009T205909Z-m5-parallel-top10 {'measured_speed_candidate': False, 'winning_real_workloads': [], 'rule': 'At least1% TPS and whole-reply gain on two real workloads, each above its own absolute control drift; exact outputs, null callbacks, effective count, zero new swap.'}
