check control passed /Users/justin/Documents/Github/Strata-Mac-Lab/bench/results/20261009-top10/20261009T205627650008Z-check-control
check candidate passed /Users/justin/Documents/Github/Strata-Mac-Lab/bench/results/20261009-top10/20261009T205638505503Z-check-candidate
perf control passed /Users/justin/Documents/Github/Strata-Mac-Lab/bench/results/20261009-top10/20261009T205649129301Z-perf-control
perf candidate passed /Users/justin/Documents/Github/Strata-Mac-Lab/bench/results/20261009-top10/20261009T205652942438Z-perf-candidate
perf candidate passed /Users/justin/Documents/Github/Strata-Mac-Lab/bench/results/20261009-top10/20261009T205656778060Z-perf-candidate
perf control passed /Users/justin/Documents/Github/Strata-Mac-Lab/bench/results/20261009-top10/20261009T205700620008Z-perf-control
[
  {
    "id": "mixed",
    "control_us": 1903.6706037735848,
    "candidate_us": 1749.3717758620692,
    "saved_us": 154.29882791151567,
    "time_reduction_percent": 8.105332277845445,
    "control_drift_percent": 0.5194609447201515,
    "performance_gate_passed": true
  },
  {
    "id": "alternating",
    "control_us": 1903.4485,
    "candidate_us": 1750.0348448275863,
    "saved_us": 153.41365517241366,
    "time_reduction_percent": 8.059774413251198,
    "control_drift_percent": 0.1321205706721118,
    "performance_gate_passed": true
  }
]
