ggml_metal_device_init: testing tensor API for f16 support
ggml_metal_library_compile_pipeline: compiling pipeline: base = 'dummy_kernel', name = 'dummy_kernel'
ggml_metal_library_compile_pipeline: loaded dummy_kernel                                  0x10323c820 | th_max = 1024 | th_width =   32
ggml_metal_device_init: testing tensor API for bfloat support
ggml_metal_library_compile_pipeline: compiling pipeline: base = 'dummy_kernel', name = 'dummy_kernel'
ggml_metal_library_compile_pipeline: loaded dummy_kernel                                  0x10323cc20 | th_max = 1024 | th_width =   32
ggml_metal_library_init: using embedded metal library
ggml_metal_library_compile_all: compiled 'fa_aux' library in 0.000 sec
ggml_metal_library_compile_all: compiled 'fa_f16' library in 0.001 sec
ggml_metal_library_compile_all: compiled 'fa_f32' library in 0.007 sec
ggml_metal_library_compile_all: compiled 'fa_q4_0' library in 0.006 sec
ggml_metal_library_compile_all: compiled 'fa_q4_1' library in 0.003 sec
ggml_metal_library_compile_all: compiled 'fa_q5_0' library in 0.002 sec
ggml_metal_library_compile_all: compiled 'fa_q5_1' library in 0.002 sec
ggml_metal_library_compile_all: compiled 'fa_q8_0' library in 0.007 sec
ggml_metal_library_compile_all: compiled 'fa_vec_f16' library in 0.008 sec
ggml_metal_library_compile_all: compiled 'fa_vec_f32' library in 0.010 sec
ggml_metal_library_compile_all: compiled 'fa_vec_q4_0' library in 0.011 sec
ggml_metal_library_compile_all: compiled 'fa_vec_q4_1' library in 0.009 sec
ggml_metal_library_compile_all: compiled 'fa_vec_q5_0' library in 0.010 sec
ggml_metal_library_compile_all: compiled 'fa_vec_q5_1' library in 0.002 sec
ggml_metal_library_compile_all: compiled 'fa_vec_q8_0' library in 0.003 sec
ggml_metal_library_compile_all: compiled 'mul_mv' library in 0.004 sec
ggml_metal_library_compile_all: compiled 'mul_mv_mma' library in 0.005 sec
ggml_metal_library_compile_all: compiled 'mul_mm' library in 0.006 sec
ggml_metal_library_compile_all: compiled 'quantize' library in 0.006 sec
ggml_metal_library_compile_all: compiled 'softmax' library in 0.001 sec
ggml_metal_library_compile_all: compiled 'norm' library in 0.008 sec
ggml_metal_library_compile_all: compiled 'unary' library in 0.007 sec
ggml_metal_library_compile_all: compiled 'binbcast' library in 0.006 sec
ggml_metal_library_compile_all: compiled 'reduce' library in 0.010 sec
ggml_metal_library_compile_all: compiled 'tri' library in 0.002 sec
ggml_metal_library_compile_all: compiled 'ssm' library in 0.002 sec
ggml_metal_library_compile_all: compiled 'wkv' library in 0.009 sec
ggml_metal_library_compile_all: compiled 'gated_delta_net' library in 0.000 sec
ggml_metal_library_compile_all: compiled 'solve_tri' library in 0.005 sec
ggml_metal_library_compile_all: compiled 'rope' library in 0.006 sec
ggml_metal_library_compile_all: compiled 'conv' library in 0.004 sec
ggml_metal_library_compile_all: compiled 'upscale' library in 0.004 sec
ggml_metal_library_compile_all: compiled 'argsort' library in 0.004 sec
ggml_metal_library_compile_all: compiled 'pool' library in 0.004 sec
ggml_metal_library_compile_all: compiled 'misc' library in 0.003 sec
ggml_metal_library_compile_all: loaded 35 libraries from embedded data in 0.011 sec (max single = 0.011 sec)
ggml_metal_rsets_init: creating a residency set collection (keep_alive = 180 s)
ggml_metal_device_init: GPU name:   MTL0 (Apple M5 Pro)
ggml_metal_device_init: GPU family: MTLGPUFamilyApple10  (1010)
ggml_metal_device_init: GPU family: MTLGPUFamilyMetal4  (5002)
ggml_metal_device_init: simdgroup reduction   = true
ggml_metal_device_init: simdgroup matrix mul. = true
ggml_metal_device_init: has unified memory    = true
ggml_metal_device_init: has bfloat            = true
ggml_metal_device_init: has tensor            = true
ggml_metal_device_init: use residency sets    = true
ggml_metal_device_init: use shared buffers    = true
ggml_metal_device_init: recommendedMaxWorkingSetSize  = 40200.90 MB
ggml_metal_init: allocating
ggml_metal_init: found device: Apple M5 Pro
ggml_metal_init: picking default device: Apple M5 Pro
ggml_metal_init: use fusion         = true
ggml_metal_init: use concurrency    = true
ggml_metal_init: use graph optimize = true
ggml_metal_library_compile_pipeline: compiling pipeline: base = 'kernel_moe_reduce_f32', name = 'kernel_moe_reduce_f32_n_expert_used=10'
ggml_metal_library_compile_pipeline: loaded kernel_moe_reduce_f32_n_expert_used=10        0x1032499c0 | th_max = 1024 | th_width =   32
M5_REDUCE_CASE {"cpu_bit_differences":0,"cpu_max_abs_error":0.0,"elements":2560,"experts":10,"fusions":{},"input_preserved":true,"layout":"plain","nan_class_matches":0,"rows":1,"samples":100,"wall_us":222.334,"width":2560}
M5_REDUCE_CASE {"cpu_bit_differences":0,"cpu_max_abs_error":0.0,"elements":7680,"experts":10,"fusions":{},"input_preserved":true,"layout":"plain","nan_class_matches":0,"rows":3,"samples":100,"wall_us":178.375,"width":2560}
M5_REDUCE_CASE {"cpu_bit_differences":0,"cpu_max_abs_error":0.0,"elements":10240,"experts":10,"fusions":{},"input_preserved":true,"layout":"plain","nan_class_matches":0,"rows":4,"samples":100,"wall_us":199.125,"width":2560}
M5_REDUCE_CASE {"cpu_bit_differences":0,"cpu_max_abs_error":0.0,"elements":12800,"experts":10,"fusions":{},"input_preserved":true,"layout":"plain","nan_class_matches":0,"rows":5,"samples":100,"wall_us":201.666,"width":2560}
ggml_metal_free: deallocating
M5_REDUCE_DONE {"cases":4,"mode":"perf"}
