ggml_metal_device_init: testing tensor API for f16 support
ggml_metal_library_compile_pipeline: compiling pipeline: base = 'dummy_kernel', name = 'dummy_kernel'
ggml_metal_library_compile_pipeline: loaded dummy_kernel                                  0x101d8d500 | th_max = 1024 | th_width =   32
ggml_metal_device_init: testing tensor API for bfloat support
ggml_metal_library_compile_pipeline: compiling pipeline: base = 'dummy_kernel', name = 'dummy_kernel'
ggml_metal_library_compile_pipeline: loaded dummy_kernel                                  0x101d8dd80 | th_max = 1024 | th_width =   32
ggml_metal_library_init: using embedded metal library
ggml_metal_library_compile_all: compiled 'fa_aux' library in 0.000 sec
ggml_metal_library_compile_all: compiled 'fa_f16' library in 0.001 sec
ggml_metal_library_compile_all: compiled 'fa_f32' library in 0.006 sec
ggml_metal_library_compile_all: compiled 'fa_q4_0' library in 0.001 sec
ggml_metal_library_compile_all: compiled 'fa_q4_1' library in 0.004 sec
ggml_metal_library_compile_all: compiled 'fa_q5_0' library in 0.002 sec
ggml_metal_library_compile_all: compiled 'fa_q5_1' library in 0.002 sec
ggml_metal_library_compile_all: compiled 'fa_q8_0' library in 0.004 sec
ggml_metal_library_compile_all: compiled 'fa_vec_f16' library in 0.003 sec
ggml_metal_library_compile_all: compiled 'fa_vec_f32' library in 0.009 sec
ggml_metal_library_compile_all: compiled 'fa_vec_q4_0' library in 0.011 sec
ggml_metal_library_compile_all: compiled 'fa_vec_q4_1' library in 0.005 sec
ggml_metal_library_compile_all: compiled 'fa_vec_q5_0' library in 0.002 sec
ggml_metal_library_compile_all: compiled 'fa_vec_q5_1' library in 0.007 sec
ggml_metal_library_compile_all: compiled 'fa_vec_q8_0' library in 0.010 sec
ggml_metal_library_compile_all: compiled 'mul_mv' library in 0.005 sec
ggml_metal_library_compile_all: compiled 'mul_mv_mma' library in 0.008 sec
ggml_metal_library_compile_all: compiled 'mul_mm' library in 0.009 sec
ggml_metal_library_compile_all: compiled 'quantize' library in 0.009 sec
ggml_metal_library_compile_all: compiled 'softmax' library in 0.006 sec
ggml_metal_library_compile_all: compiled 'norm' library in 0.005 sec
ggml_metal_library_compile_all: compiled 'unary' library in 0.010 sec
ggml_metal_library_compile_all: compiled 'binbcast' library in 0.008 sec
ggml_metal_library_compile_all: compiled 'reduce' library in 0.008 sec
ggml_metal_library_compile_all: compiled 'tri' library in 0.000 sec
ggml_metal_library_compile_all: compiled 'ssm' library in 0.005 sec
ggml_metal_library_compile_all: compiled 'wkv' library in 0.008 sec
ggml_metal_library_compile_all: compiled 'gated_delta_net' library in 0.005 sec
ggml_metal_library_compile_all: compiled 'solve_tri' library in 0.005 sec
ggml_metal_library_compile_all: compiled 'rope' library in 0.005 sec
ggml_metal_library_compile_all: compiled 'conv' library in 0.005 sec
ggml_metal_library_compile_all: compiled 'upscale' library in 0.005 sec
ggml_metal_library_compile_all: compiled 'argsort' library in 0.005 sec
ggml_metal_library_compile_all: compiled 'pool' library in 0.004 sec
ggml_metal_library_compile_all: compiled 'misc' library in 0.004 sec
ggml_metal_library_compile_all: loaded 35 libraries from embedded data in 0.011 sec (max single = 0.011 sec)
ggml_metal_rsets_init: creating a residency set collection (keep_alive = 180 s)
ggml_metal_device_init: GPU name:   MTL0 (Apple M5 Pro)
ggml_metal_device_init: GPU family: MTLGPUFamilyApple10  (1010)
ggml_metal_device_init: GPU family: MTLGPUFamilyMetal4  (5002)
ggml_metal_device_init: simdgroup reduction   = true
ggml_metal_device_init: simdgroup matrix mul. = true
ggml_metal_device_init: has unified memory    = true
ggml_metal_device_init: has bfloat            = true
ggml_metal_device_init: has tensor            = true
ggml_metal_device_init: use residency sets    = true
ggml_metal_device_init: use shared buffers    = true
ggml_metal_device_init: recommendedMaxWorkingSetSize  = 40200.90 MB
ggml_metal_init: allocating
ggml_metal_init: found device: Apple M5 Pro
ggml_metal_init: picking default device: Apple M5 Pro
ggml_metal_init: use fusion         = true
ggml_metal_init: use concurrency    = true
ggml_metal_init: use graph optimize = true
ggml_metal_library_compile_pipeline: compiling pipeline: base = 'kernel_m5_gate_up_q2_0_f32_r4', name = 'kernel_m5_gate_up_q2_0_f32_r4'
ggml_metal_library_compile_pipeline: loaded kernel_m5_gate_up_q2_0_f32_r4                 0x101d9bec0 | th_max = 1024 | th_width =   32
ggml_metal_library_compile_pipeline: compiling pipeline: base = 'kernel_mul_mv_id_q2_0_f32', name = 'kernel_mul_mv_id_q2_0_f32_nsg=2_split=0'
ggml_metal_library_compile_pipeline: loaded kernel_mul_mv_id_q2_0_f32_nsg=2_split=0       0x101d9d340 | th_max = 1024 | th_width =   32
ggml_metal_library_compile_pipeline: compiling pipeline: base = 'kernel_bin_fuse_f32_f32_f32', name = 'kernel_bin_fuse_f32_f32_f32_op=2_nf=1_rb=0_cb=1'
ggml_metal_library_compile_pipeline: loaded kernel_bin_fuse_f32_f32_f32_op=2_nf=1_rb=0_cb=1      0x101d9d8c0 | th_max = 1024 | th_width =   32
ggml_metal_library_compile_pipeline: compiling pipeline: base = 'kernel_bin_fuse_f32_f32_f32_4', name = 'kernel_bin_fuse_f32_f32_f32_4_op=0_nf=7_rb=0_cb=0'
ggml_metal_library_compile_pipeline: loaded kernel_bin_fuse_f32_f32_f32_4_op=0_nf=7_rb=0_cb=0      0x101d9dc40 | th_max = 1024 | th_width =   32
ggml_metal_library_compile_pipeline: compiling pipeline: base = 'kernel_bin_fuse_f32_f32_f32_4', name = 'kernel_bin_fuse_f32_f32_f32_4_op=0_nf=2_rb=0_cb=0'
ggml_metal_library_compile_pipeline: loaded kernel_bin_fuse_f32_f32_f32_4_op=0_nf=2_rb=0_cb=0     0x77a2f3c000 | th_max = 1024 | th_width =   32
ggml_metal_library_compile_pipeline: compiling pipeline: base = 'kernel_bin_fuse_f32_f32_f32_4', name = 'kernel_bin_fuse_f32_f32_f32_4_op=0_nf=1_rb=0_cb=0'
ggml_metal_library_compile_pipeline: loaded kernel_bin_fuse_f32_f32_f32_4_op=0_nf=1_rb=0_cb=0     0x77a2f3c380 | th_max = 1024 | th_width =   32
M5_GATE_CASE {"cpu_compute_nodes":0,"cpu_nmse":6.957007826013444e-14,"distinct_experts":[14,22,24,26,28,30,33,40],"eligible":true,"graph_buffer_bytes":5385920,"input_ids_preserved":true,"layout":"plain","max_absolute_error":3.669212926826759e-07,"max_scaled_error":3.163219394197725e-07,"output_elements":1105920,"route":"real","route_index":0,"rows":4,"samples":60,"scheduler":true,"triplets_per_graph":8,"wall_samples_us_per_triplet":[290.14575,290.8125,291.276,291.401,291.71875,291.74475,291.802,292.1615,293.078125,293.1875,293.276125,293.724,294.00525,294.3855,294.5,294.65625,294.822875,294.958375,295.8855,295.927125,295.994875,296.078125,296.140625,296.229125,296.33325,296.333375,296.848875,296.859375,297.0365,297.083375,297.1145,297.151125,297.1615,297.25525,297.307375,297.3855,297.41675,297.453125,297.86975,298.140625,298.145875,298.18225,298.2865,298.494875,298.572875,298.651,298.97925,299.03125,299.041625,299.25525,299.541625,299.708375,299.822875,299.869875,301.11975,302.3385,302.385375,306.7865,307.484375,307.802125],"wall_us_per_triplet":297.1145}
M5_GATE_CASE {"cpu_compute_nodes":0,"cpu_nmse":8.813416802937666e-14,"distinct_experts":[40,40,40,40,40,40,40,40],"eligible":true,"graph_buffer_bytes":5385920,"input_ids_preserved":true,"layout":"plain","max_absolute_error":2.665893277242759e-07,"max_scaled_error":2.544322713626812e-07,"output_elements":1105920,"route":"distinct","route_index":0,"rows":4,"samples":60,"scheduler":true,"triplets_per_graph":8,"wall_samples_us_per_triplet":[300.40625,301.5,301.958375,302.52075,302.9115,303.526,303.734375,303.8385,303.984375,304.53125,304.614625,304.828125,305.046875,305.448,305.74475,305.8645,305.96875,306.0,306.135375,306.145875,306.30725,306.421875,306.448,306.671875,306.69275,306.77075,306.802,306.864625,306.875,307.10425,307.11975,307.25525,307.421875,307.958375,308.052125,308.109375,308.15625,308.177125,308.24475,308.348875,308.59375,308.69275,308.8645,309.11975,309.46875,309.625,309.651125,310.067625,310.13025,310.432375,310.75,312.927125,312.947875,313.28125,313.9115,314.0625,314.421875,315.239625,320.02075,342.47925],"wall_us_per_triplet":307.11975}
M5_GATE_CASE {"cpu_compute_nodes":0,"cpu_nmse":7.063375741560338e-14,"distinct_experts":[10,10,10,10,10,10,10,10],"eligible":true,"graph_buffer_bytes":5385920,"input_ids_preserved":true,"layout":"plain","max_absolute_error":3.351239759030733e-07,"max_scaled_error":3.351239759030733e-07,"output_elements":1105920,"route":"shared","route_index":0,"rows":4,"samples":60,"scheduler":true,"triplets_per_graph":8,"wall_samples_us_per_triplet":[280.822875,280.984375,281.833375,281.890625,282.260375,282.270875,282.40625,282.7865,283.921875,284.010375,284.072875,284.578125,284.64575,284.9115,285.0885,285.276125,285.5,285.7135,285.83325,286.208375,286.421875,286.71875,286.828125,287.0105,287.421875,287.77075,287.833375,288.0,288.15625,288.625,288.66675,288.84375,288.974,289.072875,289.177,289.2135,289.21875,289.270875,289.359375,289.614625,289.68225,289.75,289.75525,289.796875,289.9375,289.958375,289.984375,290.28125,290.609375,292.203125,293.677125,294.296875,296.27075,296.322875,296.369875,296.948,297.291625,297.583375,298.390625,309.94275],"wall_us_per_triplet":288.66675}
M5_GATE_CASE {"cpu_compute_nodes":0,"cpu_nmse":7.030566706314856e-14,"distinct_experts":[13,26,29,31,34,36,40,50],"eligible":true,"graph_buffer_bytes":6721728,"input_ids_preserved":true,"layout":"plain","max_absolute_error":2.9987389271735054e-07,"max_scaled_error":2.9987389271735054e-07,"output_elements":1382400,"route":"real","route_index":0,"rows":5,"samples":60,"scheduler":true,"triplets_per_graph":8,"wall_samples_us_per_triplet":[351.026,351.322875,351.723875,352.1145,352.31775,353.036375,353.703125,353.734375,354.177,354.375,354.68225,354.86975,355.16675,355.265625,355.34375,355.552,355.567625,355.573,355.578125,355.645875,355.7135,355.7135,355.744875,355.75,355.901125,356.0885,356.151125,356.1615,356.177125,356.401,356.427,356.942625,357.2135,357.302,357.36975,357.79175,357.83325,357.916625,357.93225,358.09375,358.125,358.265625,358.328125,358.442625,358.9375,359.390625,359.552125,359.598875,359.901,360.114625,360.96875,362.5,364.2135,365.125,365.609375,366.30725,366.6875,367.0625,372.270875,375.1615],"wall_us_per_triplet":356.427}
M5_GATE_CASE {"cpu_compute_nodes":0,"cpu_nmse":9.616919896786819e-14,"distinct_experts":[50,50,50,50,50,50,50,50],"eligible":true,"graph_buffer_bytes":6721728,"input_ids_preserved":true,"layout":"plain","max_absolute_error":3.6201216380149503e-07,"max_scaled_error":3.6201216380149503e-07,"output_elements":1382400,"route":"distinct","route_index":0,"rows":5,"samples":60,"scheduler":true,"triplets_per_graph":8,"wall_samples_us_per_triplet":[362.213625,362.541625,363.791625,364.69275,365.6875,365.760375,366.09375,366.15625,366.4635,366.473875,366.526,366.5885,366.598875,367.328125,367.385375,367.442625,367.453125,367.479125,367.489625,367.760375,367.78125,368.036375,368.05725,368.125,368.15625,368.19275,368.3385,368.359375,368.947875,369.15625,369.166625,369.296875,369.348875,369.348875,369.609375,369.859375,369.927125,370.020875,370.026125,370.03125,370.140625,370.20825,370.349,370.38025,370.4375,370.65625,371.21875,371.33325,371.45825,371.609375,371.677125,371.69275,372.390625,374.609375,375.05725,375.416625,375.6615,376.328125,376.7865,378.453125],"wall_us_per_triplet":369.166625}
M5_GATE_CASE {"cpu_compute_nodes":0,"cpu_nmse":7.366095811566404e-14,"distinct_experts":[10,10,10,10,10,10,10,10],"eligible":true,"graph_buffer_bytes":6721728,"input_ids_preserved":true,"layout":"plain","max_absolute_error":3.351239759030733e-07,"max_scaled_error":3.351239759030733e-07,"output_elements":1382400,"route":"shared","route_index":0,"rows":5,"samples":60,"scheduler":true,"triplets_per_graph":8,"wall_samples_us_per_triplet":[339.677,340.6615,341.70825,342.13025,342.45825,342.5,342.75,343.119875,343.453125,343.59375,343.734375,343.791625,343.885375,344.0885,344.234375,344.34375,344.4375,344.505125,344.78125,344.885375,345.0,345.1615,345.265625,345.520875,345.677125,345.703125,345.71875,345.75,345.7865,345.828125,345.875,345.88025,345.984375,346.109375,346.5365,346.640625,346.703125,346.770875,346.791625,346.864625,346.984375,347.52075,347.546875,347.770875,347.984375,348.125,348.265625,348.390625,348.4635,348.60425,348.921875,349.010375,349.427125,351.614625,352.18225,352.958375,355.40625,355.88025,355.885375,359.323],"wall_us_per_triplet":345.875}
M5_GATE_DONE {"allocated_weight_bytes":2124195840,"cases":6,"cpu_compute_nodes":0,"mode":"perf","scheduler":true,"weights_preserved":true}
ggml_metal_free: deallocating
