check control passed /Users/justin/Documents/Github/Strata-Mac-Lab/bench/results/20261009-top10/20261009T205327587262Z-check-control
check candidate passed /Users/justin/Documents/Github/Strata-Mac-Lab/bench/results/20261009-top10/20261009T205338420787Z-check-candidate
perf control passed /Users/justin/Documents/Github/Strata-Mac-Lab/bench/results/20261009-top10/20261009T205349196527Z-perf-control
perf candidate passed /Users/justin/Documents/Github/Strata-Mac-Lab/bench/results/20261009-top10/20261009T205353058752Z-perf-candidate
perf candidate passed /Users/justin/Documents/Github/Strata-Mac-Lab/bench/results/20261009-top10/20261009T205356929861Z-perf-candidate
perf control passed /Users/justin/Documents/Github/Strata-Mac-Lab/bench/results/20261009-top10/20261009T205400781226Z-perf-control
[
  {
    "id": "mixed",
    "control_us": 1912.875,
    "candidate_us": 1751.8060344827586,
    "saved_us": 161.0689655172414,
    "time_reduction_percent": 8.42025566318978,
    "control_drift_percent": 0.7548322061086021,
    "performance_gate_passed": true
  },
  {
    "id": "alternating",
    "control_us": 1903.5456037735848,
    "candidate_us": 1754.2974549304295,
    "saved_us": 149.24814884315538,
    "time_reduction_percent": 7.840534450411174,
    "control_drift_percent": 0.06783687053095733,
    "performance_gate_passed": true
  }
]
