ggml_metal_device_init: testing tensor API for f16 support
ggml_metal_library_compile_pipeline: compiling pipeline: base = 'dummy_kernel', name = 'dummy_kernel'
ggml_metal_library_compile_pipeline: loaded dummy_kernel                                  0x103660b30 | th_max = 1024 | th_width =   32
ggml_metal_device_init: testing tensor API for bfloat support
ggml_metal_library_compile_pipeline: compiling pipeline: base = 'dummy_kernel', name = 'dummy_kernel'
ggml_metal_library_compile_pipeline: loaded dummy_kernel                                  0x103661370 | th_max = 1024 | th_width =   32
ggml_metal_library_init: using embedded metal library
ggml_metal_library_compile_all: compiled 'fa_aux' library in 0.000 sec
ggml_metal_library_compile_all: compiled 'fa_f16' library in 0.002 sec
ggml_metal_library_compile_all: compiled 'fa_f32' library in 0.002 sec
ggml_metal_library_compile_all: compiled 'fa_q4_0' library in 0.004 sec
ggml_metal_library_compile_all: compiled 'fa_q4_1' library in 0.001 sec
ggml_metal_library_compile_all: compiled 'fa_q5_0' library in 0.001 sec
ggml_metal_library_compile_all: compiled 'fa_q5_1' library in 0.002 sec
ggml_metal_library_compile_all: compiled 'fa_q8_0' library in 0.004 sec
ggml_metal_library_compile_all: compiled 'fa_vec_f16' library in 0.010 sec
ggml_metal_library_compile_all: compiled 'fa_vec_f32' library in 0.007 sec
ggml_metal_library_compile_all: compiled 'fa_vec_q4_0' library in 0.011 sec
ggml_metal_library_compile_all: compiled 'fa_vec_q4_1' library in 0.006 sec
ggml_metal_library_compile_all: compiled 'fa_vec_q5_0' library in 0.006 sec
ggml_metal_library_compile_all: compiled 'fa_vec_q5_1' library in 0.008 sec
ggml_metal_library_compile_all: compiled 'fa_vec_q8_0' library in 0.007 sec
ggml_metal_library_compile_all: compiled 'mul_mv' library in 0.005 sec
ggml_metal_library_compile_all: compiled 'mul_mv_mma' library in 0.003 sec
ggml_metal_library_compile_all: compiled 'mul_mm' library in 0.009 sec
ggml_metal_library_compile_all: compiled 'quantize' library in 0.011 sec
ggml_metal_library_compile_all: compiled 'softmax' library in 0.001 sec
ggml_metal_library_compile_all: compiled 'norm' library in 0.005 sec
ggml_metal_library_compile_all: compiled 'unary' library in 0.001 sec
ggml_metal_library_compile_all: compiled 'binbcast' library in 0.003 sec
ggml_metal_library_compile_all: compiled 'reduce' library in 0.000 sec
ggml_metal_library_compile_all: compiled 'tri' library in 0.003 sec
ggml_metal_library_compile_all: compiled 'ssm' library in 0.005 sec
ggml_metal_library_compile_all: compiled 'wkv' library in 0.005 sec
ggml_metal_library_compile_all: compiled 'gated_delta_net' library in 0.008 sec
ggml_metal_library_compile_all: compiled 'solve_tri' library in 0.005 sec
ggml_metal_library_compile_all: compiled 'rope' library in 0.007 sec
ggml_metal_library_compile_all: compiled 'conv' library in 0.007 sec
ggml_metal_library_compile_all: compiled 'upscale' library in 0.004 sec
ggml_metal_library_compile_all: compiled 'argsort' library in 0.003 sec
ggml_metal_library_compile_all: compiled 'pool' library in 0.003 sec
ggml_metal_library_compile_all: compiled 'misc' library in 0.003 sec
ggml_metal_library_compile_all: loaded 35 libraries from embedded data in 0.011 sec (max single = 0.011 sec)
ggml_metal_rsets_init: creating a residency set collection (keep_alive = 180 s)
ggml_metal_device_init: GPU name:   MTL0 (Apple M5 Pro)
ggml_metal_device_init: GPU family: MTLGPUFamilyApple10  (1010)
ggml_metal_device_init: GPU family: MTLGPUFamilyMetal4  (5002)
ggml_metal_device_init: simdgroup reduction   = true
ggml_metal_device_init: simdgroup matrix mul. = true
ggml_metal_device_init: has unified memory    = true
ggml_metal_device_init: has bfloat            = true
ggml_metal_device_init: has tensor            = true
ggml_metal_device_init: use residency sets    = true
ggml_metal_device_init: use shared buffers    = true
ggml_metal_device_init: recommendedMaxWorkingSetSize  = 40200.90 MB
ggml_metal_init: allocating
ggml_metal_init: found device: Apple M5 Pro
ggml_metal_init: picking default device: Apple M5 Pro
ggml_metal_init: use fusion         = true
ggml_metal_init: use concurrency    = true
ggml_metal_init: use graph optimize = true
ggml_metal_library_compile_pipeline: compiling pipeline: base = 'kernel_m5_gate_up_q2_0_f32_r4', name = 'kernel_m5_gate_up_q2_0_f32_r4'
ggml_metal_library_compile_pipeline: loaded kernel_m5_gate_up_q2_0_f32_r4                 0x10366faf0 | th_max = 1024 | th_width =   32
ggml_metal_library_compile_pipeline: compiling pipeline: base = 'kernel_mul_mv_id_q2_0_f32', name = 'kernel_mul_mv_id_q2_0_f32_nsg=2_split=0'
ggml_metal_library_compile_pipeline: loaded kernel_mul_mv_id_q2_0_f32_nsg=2_split=0       0x103670f70 | th_max = 1024 | th_width =   32
ggml_metal_library_compile_pipeline: compiling pipeline: base = 'kernel_bin_fuse_f32_f32_f32', name = 'kernel_bin_fuse_f32_f32_f32_op=2_nf=1_rb=0_cb=1'
ggml_metal_library_compile_pipeline: loaded kernel_bin_fuse_f32_f32_f32_op=2_nf=1_rb=0_cb=1      0x1036714f0 | th_max = 1024 | th_width =   32
ggml_metal_library_compile_pipeline: compiling pipeline: base = 'kernel_bin_fuse_f32_f32_f32_4', name = 'kernel_bin_fuse_f32_f32_f32_4_op=0_nf=7_rb=0_cb=0'
ggml_metal_library_compile_pipeline: loaded kernel_bin_fuse_f32_f32_f32_4_op=0_nf=7_rb=0_cb=0      0x103671870 | th_max = 1024 | th_width =   32
ggml_metal_library_compile_pipeline: compiling pipeline: base = 'kernel_bin_fuse_f32_f32_f32_4', name = 'kernel_bin_fuse_f32_f32_f32_4_op=0_nf=2_rb=0_cb=0'
ggml_metal_library_compile_pipeline: loaded kernel_bin_fuse_f32_f32_f32_4_op=0_nf=2_rb=0_cb=0     0x79aced8000 | th_max = 1024 | th_width =   32
ggml_metal_library_compile_pipeline: compiling pipeline: base = 'kernel_bin_fuse_f32_f32_f32_4', name = 'kernel_bin_fuse_f32_f32_f32_4_op=0_nf=1_rb=0_cb=0'
ggml_metal_library_compile_pipeline: loaded kernel_bin_fuse_f32_f32_f32_4_op=0_nf=1_rb=0_cb=0     0x79aced8380 | th_max = 1024 | th_width =   32
M5_GATE_CASE {"cpu_compute_nodes":0,"cpu_nmse":6.957007826013444e-14,"distinct_experts":[14,22,24,26,28,30,33,40],"eligible":true,"graph_buffer_bytes":5385920,"input_ids_preserved":true,"layout":"plain","max_absolute_error":3.669212926826759e-07,"max_scaled_error":3.163219394197725e-07,"output_elements":1105920,"route":"real","route_index":0,"rows":4,"samples":60,"scheduler":true,"triplets_per_graph":8,"wall_samples_us_per_triplet":[288.552125,290.671875,290.729125,291.573,292.354125,292.68225,293.0,293.00525,293.239625,293.526,293.744875,293.828125,294.375,294.625,294.78125,295.067625,295.229125,295.375,295.39575,295.4375,295.604125,295.68225,295.734375,295.765625,295.989625,296.083375,296.09375,296.15625,296.4375,296.723875,296.760375,296.786375,296.9635,297.0625,297.10425,297.151125,297.276,297.28125,297.765625,297.78125,297.916625,298.09375,298.3385,298.46875,298.60425,298.630125,299.130125,299.276,299.416625,299.442625,299.625,299.755125,302.28125,303.166625,304.177,304.302,304.765625,305.06775,305.97925,307.453125],"wall_us_per_triplet":296.760375}
M5_GATE_CASE {"cpu_compute_nodes":0,"cpu_nmse":8.813416802937666e-14,"distinct_experts":[40,40,40,40,40,40,40,40],"eligible":true,"graph_buffer_bytes":5385920,"input_ids_preserved":true,"layout":"plain","max_absolute_error":2.665893277242759e-07,"max_scaled_error":2.544322713626812e-07,"output_elements":1105920,"route":"distinct","route_index":0,"rows":4,"samples":60,"scheduler":true,"triplets_per_graph":8,"wall_samples_us_per_triplet":[299.770875,301.276,302.072875,302.375,302.59375,303.234375,303.40625,303.8125,304.041625,304.05725,304.198,304.3385,304.515625,304.890625,305.66675,305.71875,305.822875,305.828125,305.84375,305.979125,306.109375,306.145875,306.380125,306.489625,306.515625,306.573,306.72925,306.9635,307.33325,307.38025,308.276125,308.2865,308.4635,308.489625,308.6875,308.81775,308.984375,309.0,309.302,309.5625,309.609375,309.911375,310.03125,310.10425,310.7135,310.916625,311.19275,311.40625,311.59375,311.703125,313.703125,314.385375,314.526,315.4375,315.515625,315.5365,315.573,318.286375,318.609375,319.458375],"wall_us_per_triplet":308.276125}
M5_GATE_CASE {"cpu_compute_nodes":0,"cpu_nmse":7.063375741560338e-14,"distinct_experts":[10,10,10,10,10,10,10,10],"eligible":true,"graph_buffer_bytes":5385920,"input_ids_preserved":true,"layout":"plain","max_absolute_error":3.351239759030733e-07,"max_scaled_error":3.351239759030733e-07,"output_elements":1105920,"route":"shared","route_index":0,"rows":4,"samples":60,"scheduler":true,"triplets_per_graph":8,"wall_samples_us_per_triplet":[280.84375,283.3125,283.848875,283.9635,284.15625,284.21875,284.5,284.75,284.901125,285.55725,286.13025,286.31775,286.390625,286.401,286.401,286.44275,286.552125,286.58325,286.817625,287.125,287.135375,287.1615,287.18225,287.234375,287.677125,287.760375,287.770875,287.8125,287.875,288.119875,288.229125,288.31775,288.489625,288.822875,288.932375,288.953125,289.015625,289.099,289.27075,289.28125,289.552,290.13025,290.192625,291.03125,292.067625,292.078125,292.333375,292.609375,294.0885,295.354125,295.96875,297.09375,297.265625,297.270875,297.421875,297.72925,297.770875,298.510375,300.104125,300.46875],"wall_us_per_triplet":288.229125}
M5_GATE_CASE {"cpu_compute_nodes":0,"cpu_nmse":7.030566706314856e-14,"distinct_experts":[13,26,29,31,34,36,40,50],"eligible":true,"graph_buffer_bytes":6721728,"input_ids_preserved":true,"layout":"plain","max_absolute_error":2.9987389271735054e-07,"max_scaled_error":2.9987389271735054e-07,"output_elements":1382400,"route":"real","route_index":0,"rows":5,"samples":60,"scheduler":true,"triplets_per_graph":8,"wall_samples_us_per_triplet":[347.0625,351.083375,351.427125,351.88025,352.0885,352.4635,352.46875,352.859375,353.0625,353.666625,353.75525,353.802,353.97925,354.224,354.5,354.572875,354.6355,354.697875,354.84375,355.25,355.4375,355.44275,355.515625,355.520875,355.796875,356.276,356.479125,356.666625,356.77075,356.848875,356.849,356.984375,356.989625,357.10425,357.474,357.703125,357.921875,357.921875,357.953125,357.974,358.151,358.708375,358.828125,358.864625,359.03125,359.739625,359.8645,359.895875,359.916625,361.13025,361.296875,361.848875,362.75,363.35425,363.53125,363.796875,365.578125,366.026,368.86975,369.291625],"wall_us_per_triplet":356.849}
M5_GATE_CASE {"cpu_compute_nodes":0,"cpu_nmse":9.616919896786819e-14,"distinct_experts":[50,50,50,50,50,50,50,50],"eligible":true,"graph_buffer_bytes":6721728,"input_ids_preserved":true,"layout":"plain","max_absolute_error":3.6201216380149503e-07,"max_scaled_error":3.6201216380149503e-07,"output_elements":1382400,"route":"distinct","route_index":0,"rows":5,"samples":60,"scheduler":true,"triplets_per_graph":8,"wall_samples_us_per_triplet":[363.83325,363.895875,364.9375,365.015625,366.1615,367.135375,367.421875,367.5,367.645875,367.68225,367.833375,367.921875,367.942625,368.005125,368.0365,368.052125,368.083375,368.1145,368.453125,368.60425,368.64575,368.645875,368.83325,368.885375,369.151125,369.46875,369.645875,370.135375,370.234375,370.265625,370.296875,370.3385,370.541625,370.75525,370.916625,370.9375,371.21875,371.270875,371.90625,372.125,372.349,372.421875,372.66675,372.75525,372.90625,373.192625,374.541625,374.567625,375.08325,375.109375,375.364625,377.14575,377.359375,377.359375,377.895875,378.020875,378.52075,379.515625,380.421875,380.708375],"wall_us_per_triplet":370.296875}
M5_GATE_CASE {"cpu_compute_nodes":0,"cpu_nmse":7.366095811566404e-14,"distinct_experts":[10,10,10,10,10,10,10,10],"eligible":true,"graph_buffer_bytes":6721728,"input_ids_preserved":true,"layout":"plain","max_absolute_error":3.351239759030733e-07,"max_scaled_error":3.351239759030733e-07,"output_elements":1382400,"route":"shared","route_index":0,"rows":5,"samples":60,"scheduler":true,"triplets_per_graph":8,"wall_samples_us_per_triplet":[341.11975,342.349,342.401125,342.770875,343.229125,344.09375,344.333375,344.390625,344.46875,344.734375,345.401125,345.458375,345.546875,345.609375,345.671875,345.765625,345.823,345.84375,345.942625,345.96875,346.026,346.03125,346.18225,346.229125,346.22925,346.29175,346.354125,346.401,346.40625,346.573,346.703125,346.8125,346.85425,346.859375,347.0365,347.057375,347.213625,347.25,347.265625,347.53125,347.96875,348.5365,348.546875,348.729125,348.828125,349.10425,349.34375,349.546875,349.69275,350.015625,350.140625,350.18225,351.34375,352.395875,353.09375,353.1355,354.317625,355.276,355.708375,357.942625],"wall_us_per_triplet":346.703125}
M5_GATE_DONE {"allocated_weight_bytes":2124195840,"cases":6,"cpu_compute_nodes":0,"mode":"perf","scheduler":true,"weights_preserved":true}
ggml_metal_free: deallocating
