ggml_metal_device_init: testing tensor API for f16 support
ggml_metal_library_compile_pipeline: compiling pipeline: base = 'dummy_kernel', name = 'dummy_kernel'
ggml_metal_library_compile_pipeline: loaded dummy_kernel                                  0x103b62f30 | th_max = 1024 | th_width =   32
ggml_metal_device_init: testing tensor API for bfloat support
ggml_metal_library_compile_pipeline: compiling pipeline: base = 'dummy_kernel', name = 'dummy_kernel'
ggml_metal_library_compile_pipeline: loaded dummy_kernel                                  0x103b61b70 | th_max = 1024 | th_width =   32
ggml_metal_library_init: using embedded metal library
ggml_metal_library_compile_all: compiled 'fa_aux' library in 0.322 sec
ggml_metal_library_compile_all: compiled 'fa_f16' library in 1.686 sec
ggml_metal_library_compile_all: compiled 'fa_f32' library in 0.932 sec
ggml_metal_library_compile_all: compiled 'fa_q4_0' library in 1.020 sec
ggml_metal_library_compile_all: compiled 'fa_q4_1' library in 1.023 sec
ggml_metal_library_compile_all: compiled 'fa_q5_0' library in 0.962 sec
ggml_metal_library_compile_all: compiled 'fa_q5_1' library in 0.964 sec
ggml_metal_library_compile_all: compiled 'fa_q8_0' library in 1.009 sec
ggml_metal_library_compile_all: compiled 'fa_vec_f16' library in 2.410 sec
ggml_metal_library_compile_all: compiled 'fa_vec_f32' library in 1.341 sec
ggml_metal_library_compile_all: compiled 'fa_vec_q4_0' library in 2.424 sec
ggml_metal_library_compile_all: compiled 'fa_vec_q4_1' library in 2.363 sec
ggml_metal_library_compile_all: compiled 'fa_vec_q5_0' library in 2.295 sec
ggml_metal_library_compile_all: compiled 'fa_vec_q5_1' library in 2.190 sec
ggml_metal_library_compile_all: compiled 'fa_vec_q8_0' library in 2.241 sec
ggml_metal_library_compile_all: compiled 'mul_mv' library in 2.190 sec
ggml_metal_library_compile_all: compiled 'mul_mv_mma' library in 1.453 sec
ggml_metal_library_compile_all: compiled 'mul_mm' library in 2.363 sec
ggml_metal_library_compile_all: compiled 'quantize' library in 1.138 sec
ggml_metal_library_compile_all: compiled 'softmax' library in 0.123 sec
ggml_metal_library_compile_all: compiled 'norm' library in 0.148 sec
ggml_metal_library_compile_all: compiled 'unary' library in 0.154 sec
ggml_metal_library_compile_all: compiled 'binbcast' library in 0.134 sec
ggml_metal_library_compile_all: compiled 'reduce' library in 0.118 sec
ggml_metal_library_compile_all: compiled 'tri' library in 0.958 sec
ggml_metal_library_compile_all: compiled 'ssm' library in 2.407 sec
ggml_metal_library_compile_all: compiled 'wkv' library in 2.422 sec
ggml_metal_library_compile_all: compiled 'gated_delta_net' library in 1.006 sec
ggml_metal_library_compile_all: compiled 'solve_tri' library in 0.961 sec
ggml_metal_library_compile_all: compiled 'rope' library in 2.188 sec
ggml_metal_library_compile_all: compiled 'conv' library in 2.188 sec
ggml_metal_library_compile_all: compiled 'upscale' library in 2.292 sec
ggml_metal_library_compile_all: compiled 'argsort' library in 1.451 sec
ggml_metal_library_compile_all: compiled 'pool' library in 2.238 sec
ggml_metal_library_compile_all: compiled 'misc' library in 1.531 sec
ggml_metal_library_compile_all: loaded 35 libraries from embedded data in 2.425 sec (max single = 2.424 sec)
ggml_metal_rsets_init: creating a residency set collection (keep_alive = 180 s)
ggml_metal_device_init: GPU name:   MTL0 (Apple M5 Pro)
ggml_metal_device_init: GPU family: MTLGPUFamilyApple10  (1010)
ggml_metal_device_init: GPU family: MTLGPUFamilyMetal4  (5002)
ggml_metal_device_init: simdgroup reduction   = true
ggml_metal_device_init: simdgroup matrix mul. = true
ggml_metal_device_init: has unified memory    = true
ggml_metal_device_init: has bfloat            = true
ggml_metal_device_init: has tensor            = true
ggml_metal_device_init: use residency sets    = true
ggml_metal_device_init: use shared buffers    = true
ggml_metal_device_init: recommendedMaxWorkingSetSize  = 40200.90 MB
ggml_metal_init: allocating
ggml_metal_init: found device: Apple M5 Pro
ggml_metal_init: picking default device: Apple M5 Pro
ggml_metal_init: use fusion         = true
ggml_metal_init: use concurrency    = true
ggml_metal_init: use graph optimize = true
ggml_metal_library_compile_pipeline: compiling pipeline: base = 'kernel_bin_fuse_f32_f32_f32', name = 'kernel_bin_fuse_f32_f32_f32_op=2_nf=1_rb=0_cb=1'
ggml_metal_library_compile_pipeline: loaded kernel_bin_fuse_f32_f32_f32_op=2_nf=1_rb=0_cb=1      0x103b97cc0 | th_max = 1024 | th_width =   32
ggml_metal_library_compile_pipeline: compiling pipeline: base = 'kernel_bin_fuse_f32_f32_f32', name = 'kernel_bin_fuse_f32_f32_f32_op=0_nf=7_rb=1_cb=0'
ggml_metal_library_compile_pipeline: loaded kernel_bin_fuse_f32_f32_f32_op=0_nf=7_rb=1_cb=0      0x103b98040 | th_max = 1024 | th_width =   32
ggml_metal_library_compile_pipeline: compiling pipeline: base = 'kernel_bin_fuse_f32_f32_f32', name = 'kernel_bin_fuse_f32_f32_f32_op=0_nf=2_rb=1_cb=0'
ggml_metal_library_compile_pipeline: loaded kernel_bin_fuse_f32_f32_f32_op=0_nf=2_rb=1_cb=0      0x103b983c0 | th_max = 1024 | th_width =   32
M5_REDUCE_CASE {"cpu_bit_differences":0,"cpu_max_abs_error":0.0,"elements":7,"experts":10,"fusions":{"ADD+ADD":5,"ADD+ADD+ADD+ADD+ADD+ADD+ADD":5},"input_preserved":true,"layout":"plain","nan_class_matches":0,"rows":1,"samples":1,"wall_us":208.584,"width":7}
M5_REDUCE_CASE {"cpu_bit_differences":0,"cpu_max_abs_error":0.0,"elements":7,"experts":10,"fusions":{"ADD+ADD":5,"ADD+ADD+ADD+ADD+ADD+ADD+ADD":5},"input_preserved":true,"layout":"strided","nan_class_matches":0,"rows":1,"samples":1,"wall_us":192.75,"width":7}
ggml_metal_library_compile_pipeline: compiling pipeline: base = 'kernel_unary_f32_f32', name = 'kernel_unary_f32_f32_op=13_cnt=1'
ggml_metal_library_compile_pipeline: loaded kernel_unary_f32_f32_op=13_cnt=1             0x7b8f388380 | th_max = 1024 | th_width =   32
M5_REDUCE_CASE {"cpu_bit_differences":0,"cpu_max_abs_error":0.0,"elements":7,"experts":10,"fusions":{"ADD+ADD":5,"ADD+ADD+ADD+ADD+ADD+ADD+ADD":5},"input_preserved":true,"layout":"exposed","nan_class_matches":0,"rows":1,"samples":1,"wall_us":194.708,"width":7}
M5_REDUCE_CASE {"cpu_bit_differences":0,"cpu_max_abs_error":0.0,"elements":7,"experts":10,"fusions":{"ADD+ADD":5,"ADD+ADD+ADD+ADD+ADD+ADD+ADD":5},"input_preserved":true,"layout":"reversed","nan_class_matches":0,"rows":1,"samples":1,"wall_us":265.292,"width":7}
M5_REDUCE_CASE {"cpu_bit_differences":0,"cpu_max_abs_error":0.0,"elements":7,"experts":10,"fusions":{"ADD+ADD":5,"ADD+ADD+ADD+ADD+ADD+ADD+ADD":5},"input_preserved":true,"layout":"cancel","nan_class_matches":0,"rows":1,"samples":1,"wall_us":187.334,"width":7}
M5_REDUCE_CASE {"cpu_bit_differences":1,"cpu_max_abs_error":1.1754943508222875e-38,"elements":7,"experts":10,"fusions":{"ADD+ADD":5,"ADD+ADD+ADD+ADD+ADD+ADD+ADD":5},"input_preserved":true,"layout":"special","nan_class_matches":1,"rows":1,"samples":1,"wall_us":186.5,"width":7}
ggml_metal_library_compile_pipeline: compiling pipeline: base = 'kernel_bin_fuse_f32_f32_f32_4', name = 'kernel_bin_fuse_f32_f32_f32_4_op=0_nf=7_rb=1_cb=0'
ggml_metal_library_compile_pipeline: loaded kernel_bin_fuse_f32_f32_f32_4_op=0_nf=7_rb=1_cb=0     0x7b8f388700 | th_max = 1024 | th_width =   32
ggml_metal_library_compile_pipeline: compiling pipeline: base = 'kernel_bin_fuse_f32_f32_f32_4', name = 'kernel_bin_fuse_f32_f32_f32_4_op=0_nf=2_rb=1_cb=0'
ggml_metal_library_compile_pipeline: loaded kernel_bin_fuse_f32_f32_f32_4_op=0_nf=2_rb=1_cb=0     0x7b8f388a80 | th_max = 1024 | th_width =   32
M5_REDUCE_CASE {"cpu_bit_differences":0,"cpu_max_abs_error":0.0,"elements":2560,"experts":10,"fusions":{"ADD+ADD":5,"ADD+ADD+ADD+ADD+ADD+ADD+ADD":5},"input_preserved":true,"layout":"plain","nan_class_matches":0,"rows":1,"samples":1,"wall_us":252.542,"width":2560}
M5_REDUCE_CASE {"cpu_bit_differences":0,"cpu_max_abs_error":0.0,"elements":2560,"experts":10,"fusions":{"ADD+ADD":5,"ADD+ADD+ADD+ADD+ADD+ADD+ADD":5},"input_preserved":true,"layout":"strided","nan_class_matches":0,"rows":1,"samples":1,"wall_us":306.625,"width":2560}
ggml_metal_library_compile_pipeline: compiling pipeline: base = 'kernel_unary_f32_f32_4', name = 'kernel_unary_f32_f32_4_op=13_cnt=1'
ggml_metal_library_compile_pipeline: loaded kernel_unary_f32_f32_4_op=13_cnt=1           0x7b8f388e00 | th_max = 1024 | th_width =   32
M5_REDUCE_CASE {"cpu_bit_differences":0,"cpu_max_abs_error":0.0,"elements":2560,"experts":10,"fusions":{"ADD+ADD":5,"ADD+ADD+ADD+ADD+ADD+ADD+ADD":5},"input_preserved":true,"layout":"exposed","nan_class_matches":0,"rows":1,"samples":1,"wall_us":266.25,"width":2560}
M5_REDUCE_CASE {"cpu_bit_differences":0,"cpu_max_abs_error":0.0,"elements":2560,"experts":10,"fusions":{"ADD+ADD":5,"ADD+ADD+ADD+ADD+ADD+ADD+ADD":5},"input_preserved":true,"layout":"reversed","nan_class_matches":0,"rows":1,"samples":1,"wall_us":264.292,"width":2560}
M5_REDUCE_CASE {"cpu_bit_differences":0,"cpu_max_abs_error":0.0,"elements":2560,"experts":10,"fusions":{"ADD+ADD":5,"ADD+ADD+ADD+ADD+ADD+ADD+ADD":5},"input_preserved":true,"layout":"cancel","nan_class_matches":0,"rows":1,"samples":1,"wall_us":259.917,"width":2560}
M5_REDUCE_CASE {"cpu_bit_differences":365,"cpu_max_abs_error":1.1754943508222875e-38,"elements":2560,"experts":10,"fusions":{"ADD+ADD":5,"ADD+ADD+ADD+ADD+ADD+ADD+ADD":5},"input_preserved":true,"layout":"special","nan_class_matches":366,"rows":1,"samples":1,"wall_us":200.667,"width":2560}
M5_REDUCE_CASE {"cpu_bit_differences":0,"cpu_max_abs_error":0.0,"elements":2563,"experts":10,"fusions":{"ADD+ADD":5,"ADD+ADD+ADD+ADD+ADD+ADD+ADD":5},"input_preserved":true,"layout":"plain","nan_class_matches":0,"rows":1,"samples":1,"wall_us":224.541,"width":2563}
M5_REDUCE_CASE {"cpu_bit_differences":0,"cpu_max_abs_error":0.0,"elements":2563,"experts":10,"fusions":{"ADD+ADD":5,"ADD+ADD+ADD+ADD+ADD+ADD+ADD":5},"input_preserved":true,"layout":"strided","nan_class_matches":0,"rows":1,"samples":1,"wall_us":215.083,"width":2563}
M5_REDUCE_CASE {"cpu_bit_differences":0,"cpu_max_abs_error":0.0,"elements":2563,"experts":10,"fusions":{"ADD+ADD":5,"ADD+ADD+ADD+ADD+ADD+ADD+ADD":5},"input_preserved":true,"layout":"exposed","nan_class_matches":0,"rows":1,"samples":1,"wall_us":200.583,"width":2563}
M5_REDUCE_CASE {"cpu_bit_differences":0,"cpu_max_abs_error":0.0,"elements":2563,"experts":10,"fusions":{"ADD+ADD":5,"ADD+ADD+ADD+ADD+ADD+ADD+ADD":5},"input_preserved":true,"layout":"reversed","nan_class_matches":0,"rows":1,"samples":1,"wall_us":183.416,"width":2563}
M5_REDUCE_CASE {"cpu_bit_differences":0,"cpu_max_abs_error":0.0,"elements":2563,"experts":10,"fusions":{"ADD+ADD":5,"ADD+ADD+ADD+ADD+ADD+ADD+ADD":5},"input_preserved":true,"layout":"cancel","nan_class_matches":0,"rows":1,"samples":1,"wall_us":172.125,"width":2563}
M5_REDUCE_CASE {"cpu_bit_differences":366,"cpu_max_abs_error":1.1754943508222875e-38,"elements":2563,"experts":10,"fusions":{"ADD+ADD":5,"ADD+ADD+ADD+ADD+ADD+ADD+ADD":5},"input_preserved":true,"layout":"special","nan_class_matches":366,"rows":1,"samples":1,"wall_us":169.625,"width":2563}
ggml_metal_library_compile_pipeline: compiling pipeline: base = 'kernel_moe_reduce_f32', name = 'kernel_moe_reduce_f32_n_expert_used=2'
ggml_metal_library_compile_pipeline: loaded kernel_moe_reduce_f32_n_expert_used=2        0x7b8f389180 | th_max = 1024 | th_width =   32
M5_REDUCE_CASE {"cpu_bit_differences":14,"cpu_max_abs_error":1.9073486328125e-06,"elements":67,"experts":2,"fusions":{"MUL+ADD":10},"input_preserved":true,"layout":"plain","nan_class_matches":0,"rows":1,"samples":1,"wall_us":136.875,"width":67}
ggml_metal_library_compile_pipeline: compiling pipeline: base = 'kernel_moe_reduce_f32', name = 'kernel_moe_reduce_f32_n_expert_used=3'
ggml_metal_library_compile_pipeline: loaded kernel_moe_reduce_f32_n_expert_used=3        0x7b8f388000 | th_max = 1024 | th_width =   32
M5_REDUCE_CASE {"cpu_bit_differences":5,"cpu_max_abs_error":1.9073486328125e-06,"elements":67,"experts":3,"fusions":{"MUL+ADD+ADD":10},"input_preserved":true,"layout":"plain","nan_class_matches":0,"rows":1,"samples":1,"wall_us":248.333,"width":67}
ggml_metal_library_compile_pipeline: compiling pipeline: base = 'kernel_moe_reduce_f32', name = 'kernel_moe_reduce_f32_n_expert_used=4'
ggml_metal_library_compile_pipeline: loaded kernel_moe_reduce_f32_n_expert_used=4        0x7b8f389500 | th_max = 1024 | th_width =   32
M5_REDUCE_CASE {"cpu_bit_differences":28,"cpu_max_abs_error":1.9073486328125e-06,"elements":67,"experts":4,"fusions":{"MUL+ADD+ADD+ADD":10},"input_preserved":true,"layout":"plain","nan_class_matches":0,"rows":1,"samples":1,"wall_us":144.333,"width":67}
ggml_metal_library_compile_pipeline: compiling pipeline: base = 'kernel_moe_reduce_f32', name = 'kernel_moe_reduce_f32_n_expert_used=5'
ggml_metal_library_compile_pipeline: loaded kernel_moe_reduce_f32_n_expert_used=5        0x7b8f389880 | th_max = 1024 | th_width =   32
M5_REDUCE_CASE {"cpu_bit_differences":23,"cpu_max_abs_error":1.9073486328125e-06,"elements":67,"experts":5,"fusions":{"MUL+ADD+ADD+ADD+ADD":10},"input_preserved":true,"layout":"plain","nan_class_matches":0,"rows":1,"samples":1,"wall_us":228.875,"width":67}
ggml_metal_library_compile_pipeline: compiling pipeline: base = 'kernel_moe_reduce_f32', name = 'kernel_moe_reduce_f32_n_expert_used=6'
ggml_metal_library_compile_pipeline: loaded kernel_moe_reduce_f32_n_expert_used=6        0x7b8f389c00 | th_max = 1024 | th_width =   32
M5_REDUCE_CASE {"cpu_bit_differences":34,"cpu_max_abs_error":1.9073486328125e-06,"elements":67,"experts":6,"fusions":{"MUL+ADD+ADD+ADD+ADD+ADD":10},"input_preserved":true,"layout":"plain","nan_class_matches":0,"rows":1,"samples":1,"wall_us":300.625,"width":67}
ggml_metal_library_compile_pipeline: compiling pipeline: base = 'kernel_moe_reduce_f32', name = 'kernel_moe_reduce_f32_n_expert_used=7'
ggml_metal_library_compile_pipeline: loaded kernel_moe_reduce_f32_n_expert_used=7        0x7b8f389f80 | th_max = 1024 | th_width =   32
M5_REDUCE_CASE {"cpu_bit_differences":25,"cpu_max_abs_error":9.5367431640625e-07,"elements":67,"experts":7,"fusions":{"MUL+ADD+ADD+ADD+ADD+ADD+ADD":10},"input_preserved":true,"layout":"plain","nan_class_matches":0,"rows":1,"samples":1,"wall_us":150.167,"width":67}
ggml_metal_library_compile_pipeline: compiling pipeline: base = 'kernel_moe_reduce_f32', name = 'kernel_moe_reduce_f32_n_expert_used=8'
ggml_metal_library_compile_pipeline: loaded kernel_moe_reduce_f32_n_expert_used=8        0x7b8f38a300 | th_max = 1024 | th_width =   32
M5_REDUCE_CASE {"cpu_bit_differences":33,"cpu_max_abs_error":9.5367431640625e-07,"elements":67,"experts":8,"fusions":{"MUL+ADD+ADD+ADD+ADD+ADD+ADD+ADD":10},"input_preserved":true,"layout":"plain","nan_class_matches":0,"rows":1,"samples":1,"wall_us":176.083,"width":67}
ggml_metal_library_compile_pipeline: compiling pipeline: base = 'kernel_bin_fuse_f32_f32_f32', name = 'kernel_bin_fuse_f32_f32_f32_op=0_nf=1_rb=1_cb=0'
ggml_metal_library_compile_pipeline: loaded kernel_bin_fuse_f32_f32_f32_op=0_nf=1_rb=1_cb=0     0x7b8f38a680 | th_max = 1024 | th_width =   32
M5_REDUCE_CASE {"cpu_bit_differences":0,"cpu_max_abs_error":0.0,"elements":67,"experts":9,"fusions":{"ADD+ADD+ADD+ADD+ADD+ADD+ADD":5},"input_preserved":true,"layout":"plain","nan_class_matches":0,"rows":1,"samples":1,"wall_us":218.208,"width":67}
ggml_metal_library_compile_pipeline: compiling pipeline: base = 'kernel_bin_fuse_f32_f32_f32', name = 'kernel_bin_fuse_f32_f32_f32_op=0_nf=3_rb=1_cb=0'
ggml_metal_library_compile_pipeline: loaded kernel_bin_fuse_f32_f32_f32_op=0_nf=3_rb=1_cb=0     0x7b8f38aa00 | th_max = 1024 | th_width =   32
M5_REDUCE_CASE {"cpu_bit_differences":0,"cpu_max_abs_error":0.0,"elements":67,"experts":11,"fusions":{"ADD+ADD+ADD":5,"ADD+ADD+ADD+ADD+ADD+ADD+ADD":5},"input_preserved":true,"layout":"plain","nan_class_matches":0,"rows":1,"samples":1,"wall_us":173.958,"width":67}
ggml_metal_library_compile_pipeline: compiling pipeline: base = 'kernel_bin_fuse_f32_f32_f32', name = 'kernel_bin_fuse_f32_f32_f32_op=0_nf=7_rb=0_cb=0'
ggml_metal_library_compile_pipeline: loaded kernel_bin_fuse_f32_f32_f32_op=0_nf=7_rb=0_cb=0     0x7b8f38ad80 | th_max = 1024 | th_width =   32
ggml_metal_library_compile_pipeline: compiling pipeline: base = 'kernel_bin_fuse_f32_f32_f32', name = 'kernel_bin_fuse_f32_f32_f32_op=0_nf=2_rb=0_cb=0'
ggml_metal_library_compile_pipeline: loaded kernel_bin_fuse_f32_f32_f32_op=0_nf=2_rb=0_cb=0     0x7b8f38b480 | th_max = 1024 | th_width =   32
M5_REDUCE_CASE {"cpu_bit_differences":0,"cpu_max_abs_error":0.0,"elements":21,"experts":10,"fusions":{"ADD+ADD":5,"ADD+ADD+ADD+ADD+ADD+ADD+ADD":5},"input_preserved":true,"layout":"plain","nan_class_matches":0,"rows":3,"samples":1,"wall_us":252.125,"width":7}
M5_REDUCE_CASE {"cpu_bit_differences":0,"cpu_max_abs_error":0.0,"elements":21,"experts":10,"fusions":{"ADD+ADD":5,"ADD+ADD+ADD+ADD+ADD+ADD+ADD":5},"input_preserved":true,"layout":"strided","nan_class_matches":0,"rows":3,"samples":1,"wall_us":207.667,"width":7}
M5_REDUCE_CASE {"cpu_bit_differences":0,"cpu_max_abs_error":0.0,"elements":21,"experts":10,"fusions":{"ADD+ADD":5,"ADD+ADD+ADD+ADD+ADD+ADD+ADD":5},"input_preserved":true,"layout":"exposed","nan_class_matches":0,"rows":3,"samples":1,"wall_us":168.833,"width":7}
M5_REDUCE_CASE {"cpu_bit_differences":0,"cpu_max_abs_error":0.0,"elements":21,"experts":10,"fusions":{"ADD+ADD":5,"ADD+ADD+ADD+ADD+ADD+ADD+ADD":5},"input_preserved":true,"layout":"reversed","nan_class_matches":0,"rows":3,"samples":1,"wall_us":169.042,"width":7}
M5_REDUCE_CASE {"cpu_bit_differences":0,"cpu_max_abs_error":0.0,"elements":21,"experts":10,"fusions":{"ADD+ADD":5,"ADD+ADD+ADD+ADD+ADD+ADD+ADD":5},"input_preserved":true,"layout":"cancel","nan_class_matches":0,"rows":3,"samples":1,"wall_us":244.833,"width":7}
M5_REDUCE_CASE {"cpu_bit_differences":3,"cpu_max_abs_error":1.1754943508222875e-38,"elements":21,"experts":10,"fusions":{"ADD+ADD":5,"ADD+ADD+ADD+ADD+ADD+ADD+ADD":5},"input_preserved":true,"layout":"special","nan_class_matches":3,"rows":3,"samples":1,"wall_us":153.542,"width":7}
ggml_metal_library_compile_pipeline: compiling pipeline: base = 'kernel_bin_fuse_f32_f32_f32_4', name = 'kernel_bin_fuse_f32_f32_f32_4_op=0_nf=7_rb=0_cb=0'
ggml_metal_library_compile_pipeline: loaded kernel_bin_fuse_f32_f32_f32_4_op=0_nf=7_rb=0_cb=0     0x7b8f38b800 | th_max = 1024 | th_width =   32
ggml_metal_library_compile_pipeline: compiling pipeline: base = 'kernel_bin_fuse_f32_f32_f32_4', name = 'kernel_bin_fuse_f32_f32_f32_4_op=0_nf=2_rb=0_cb=0'
ggml_metal_library_compile_pipeline: loaded kernel_bin_fuse_f32_f32_f32_4_op=0_nf=2_rb=0_cb=0     0x7b8f38bb80 | th_max = 1024 | th_width =   32
M5_REDUCE_CASE {"cpu_bit_differences":0,"cpu_max_abs_error":0.0,"elements":7680,"experts":10,"fusions":{"ADD+ADD":5,"ADD+ADD+ADD+ADD+ADD+ADD+ADD":5},"input_preserved":true,"layout":"plain","nan_class_matches":0,"rows":3,"samples":1,"wall_us":171.583,"width":2560}
M5_REDUCE_CASE {"cpu_bit_differences":0,"cpu_max_abs_error":0.0,"elements":7680,"experts":10,"fusions":{"ADD+ADD":5,"ADD+ADD+ADD+ADD+ADD+ADD+ADD":5},"input_preserved":true,"layout":"strided","nan_class_matches":0,"rows":3,"samples":1,"wall_us":187.75,"width":2560}
ggml_metal_library_compile_pipeline: compiling pipeline: base = 'kernel_unary_f32_f32_4', name = 'kernel_unary_f32_f32_4_op=13_cnt=0'
ggml_metal_library_compile_pipeline: loaded kernel_unary_f32_f32_4_op=13_cnt=0           0x7b8f3ec000 | th_max = 1024 | th_width =   32
M5_REDUCE_CASE {"cpu_bit_differences":0,"cpu_max_abs_error":0.0,"elements":7680,"experts":10,"fusions":{"ADD+ADD":5,"ADD+ADD+ADD+ADD+ADD+ADD+ADD":5},"input_preserved":true,"layout":"exposed","nan_class_matches":0,"rows":3,"samples":1,"wall_us":209.042,"width":2560}
M5_REDUCE_CASE {"cpu_bit_differences":0,"cpu_max_abs_error":0.0,"elements":7680,"experts":10,"fusions":{"ADD+ADD":5,"ADD+ADD+ADD+ADD+ADD+ADD+ADD":5},"input_preserved":true,"layout":"reversed","nan_class_matches":0,"rows":3,"samples":1,"wall_us":119.0,"width":2560}
M5_REDUCE_CASE {"cpu_bit_differences":0,"cpu_max_abs_error":0.0,"elements":7680,"experts":10,"fusions":{"ADD+ADD":5,"ADD+ADD+ADD+ADD+ADD+ADD+ADD":5},"input_preserved":true,"layout":"cancel","nan_class_matches":0,"rows":3,"samples":1,"wall_us":163.542,"width":2560}
M5_REDUCE_CASE {"cpu_bit_differences":1095,"cpu_max_abs_error":1.1754943508222875e-38,"elements":7680,"experts":10,"fusions":{"ADD+ADD":5,"ADD+ADD+ADD+ADD+ADD+ADD+ADD":5},"input_preserved":true,"layout":"special","nan_class_matches":1098,"rows":3,"samples":1,"wall_us":196.209,"width":2560}
M5_REDUCE_CASE {"cpu_bit_differences":0,"cpu_max_abs_error":0.0,"elements":7689,"experts":10,"fusions":{"ADD+ADD":5,"ADD+ADD+ADD+ADD+ADD+ADD+ADD":5},"input_preserved":true,"layout":"plain","nan_class_matches":0,"rows":3,"samples":1,"wall_us":163.292,"width":2563}
M5_REDUCE_CASE {"cpu_bit_differences":0,"cpu_max_abs_error":0.0,"elements":7689,"experts":10,"fusions":{"ADD+ADD":5,"ADD+ADD+ADD+ADD+ADD+ADD+ADD":5},"input_preserved":true,"layout":"strided","nan_class_matches":0,"rows":3,"samples":1,"wall_us":203.666,"width":2563}
ggml_metal_library_compile_pipeline: compiling pipeline: base = 'kernel_unary_f32_f32', name = 'kernel_unary_f32_f32_op=13_cnt=0'
ggml_metal_library_compile_pipeline: loaded kernel_unary_f32_f32_op=13_cnt=0             0x7b8f3ec700 | th_max = 1024 | th_width =   32
M5_REDUCE_CASE {"cpu_bit_differences":0,"cpu_max_abs_error":0.0,"elements":7689,"experts":10,"fusions":{"ADD+ADD":5,"ADD+ADD+ADD+ADD+ADD+ADD+ADD":5},"input_preserved":true,"layout":"exposed","nan_class_matches":0,"rows":3,"samples":1,"wall_us":183.0,"width":2563}
M5_REDUCE_CASE {"cpu_bit_differences":0,"cpu_max_abs_error":0.0,"elements":7689,"experts":10,"fusions":{"ADD+ADD":5,"ADD+ADD+ADD+ADD+ADD+ADD+ADD":5},"input_preserved":true,"layout":"reversed","nan_class_matches":0,"rows":3,"samples":1,"wall_us":232.667,"width":2563}
M5_REDUCE_CASE {"cpu_bit_differences":0,"cpu_max_abs_error":0.0,"elements":7689,"experts":10,"fusions":{"ADD+ADD":5,"ADD+ADD+ADD+ADD+ADD+ADD+ADD":5},"input_preserved":true,"layout":"cancel","nan_class_matches":0,"rows":3,"samples":1,"wall_us":171.0,"width":2563}
M5_REDUCE_CASE {"cpu_bit_differences":1098,"cpu_max_abs_error":1.1754943508222875e-38,"elements":7689,"experts":10,"fusions":{"ADD+ADD":5,"ADD+ADD+ADD+ADD+ADD+ADD+ADD":5},"input_preserved":true,"layout":"special","nan_class_matches":1098,"rows":3,"samples":1,"wall_us":175.75,"width":2563}
M5_REDUCE_CASE {"cpu_bit_differences":62,"cpu_max_abs_error":1.9073486328125e-06,"elements":201,"experts":2,"fusions":{"MUL+ADD":10},"input_preserved":true,"layout":"plain","nan_class_matches":0,"rows":3,"samples":1,"wall_us":146.25,"width":67}
M5_REDUCE_CASE {"cpu_bit_differences":25,"cpu_max_abs_error":1.9073486328125e-06,"elements":201,"experts":3,"fusions":{"MUL+ADD+ADD":10},"input_preserved":true,"layout":"plain","nan_class_matches":0,"rows":3,"samples":1,"wall_us":145.292,"width":67}
M5_REDUCE_CASE {"cpu_bit_differences":80,"cpu_max_abs_error":1.9073486328125e-06,"elements":201,"experts":4,"fusions":{"MUL+ADD+ADD+ADD":10},"input_preserved":true,"layout":"plain","nan_class_matches":0,"rows":3,"samples":1,"wall_us":190.666,"width":67}
M5_REDUCE_CASE {"cpu_bit_differences":89,"cpu_max_abs_error":1.9073486328125e-06,"elements":201,"experts":5,"fusions":{"MUL+ADD+ADD+ADD+ADD":10},"input_preserved":true,"layout":"plain","nan_class_matches":0,"rows":3,"samples":1,"wall_us":334.583,"width":67}
M5_REDUCE_CASE {"cpu_bit_differences":89,"cpu_max_abs_error":1.9073486328125e-06,"elements":201,"experts":6,"fusions":{"MUL+ADD+ADD+ADD+ADD+ADD":10},"input_preserved":true,"layout":"plain","nan_class_matches":0,"rows":3,"samples":1,"wall_us":244.041,"width":67}
M5_REDUCE_CASE {"cpu_bit_differences":71,"cpu_max_abs_error":1.9073486328125e-06,"elements":201,"experts":7,"fusions":{"MUL+ADD+ADD+ADD+ADD+ADD+ADD":10},"input_preserved":true,"layout":"plain","nan_class_matches":0,"rows":3,"samples":1,"wall_us":251.5,"width":67}
M5_REDUCE_CASE {"cpu_bit_differences":111,"cpu_max_abs_error":9.5367431640625e-07,"elements":201,"experts":8,"fusions":{"MUL+ADD+ADD+ADD+ADD+ADD+ADD+ADD":10},"input_preserved":true,"layout":"plain","nan_class_matches":0,"rows":3,"samples":1,"wall_us":245.917,"width":67}
ggml_metal_library_compile_pipeline: compiling pipeline: base = 'kernel_bin_fuse_f32_f32_f32', name = 'kernel_bin_fuse_f32_f32_f32_op=0_nf=1_rb=0_cb=0'
ggml_metal_library_compile_pipeline: loaded kernel_bin_fuse_f32_f32_f32_op=0_nf=1_rb=0_cb=0     0x7b8f3ec380 | th_max = 1024 | th_width =   32
M5_REDUCE_CASE {"cpu_bit_differences":0,"cpu_max_abs_error":0.0,"elements":201,"experts":9,"fusions":{"ADD+ADD+ADD+ADD+ADD+ADD+ADD":5},"input_preserved":true,"layout":"plain","nan_class_matches":0,"rows":3,"samples":1,"wall_us":178.25,"width":67}
ggml_metal_library_compile_pipeline: compiling pipeline: base = 'kernel_bin_fuse_f32_f32_f32', name = 'kernel_bin_fuse_f32_f32_f32_op=0_nf=3_rb=0_cb=0'
ggml_metal_library_compile_pipeline: loaded kernel_bin_fuse_f32_f32_f32_op=0_nf=3_rb=0_cb=0     0x7b8f3eca80 | th_max = 1024 | th_width =   32
M5_REDUCE_CASE {"cpu_bit_differences":0,"cpu_max_abs_error":0.0,"elements":201,"experts":11,"fusions":{"ADD+ADD+ADD":5,"ADD+ADD+ADD+ADD+ADD+ADD+ADD":5},"input_preserved":true,"layout":"plain","nan_class_matches":0,"rows":3,"samples":1,"wall_us":164.75,"width":67}
M5_REDUCE_CASE {"cpu_bit_differences":0,"cpu_max_abs_error":0.0,"elements":28,"experts":10,"fusions":{"ADD+ADD":5,"ADD+ADD+ADD+ADD+ADD+ADD+ADD":5},"input_preserved":true,"layout":"plain","nan_class_matches":0,"rows":4,"samples":1,"wall_us":233.75,"width":7}
M5_REDUCE_CASE {"cpu_bit_differences":0,"cpu_max_abs_error":0.0,"elements":28,"experts":10,"fusions":{"ADD+ADD":5,"ADD+ADD+ADD+ADD+ADD+ADD+ADD":5},"input_preserved":true,"layout":"strided","nan_class_matches":0,"rows":4,"samples":1,"wall_us":301.208,"width":7}
M5_REDUCE_CASE {"cpu_bit_differences":0,"cpu_max_abs_error":0.0,"elements":28,"experts":10,"fusions":{"ADD+ADD":5,"ADD+ADD+ADD+ADD+ADD+ADD+ADD":5},"input_preserved":true,"layout":"exposed","nan_class_matches":0,"rows":4,"samples":1,"wall_us":167.209,"width":7}
M5_REDUCE_CASE {"cpu_bit_differences":0,"cpu_max_abs_error":0.0,"elements":28,"experts":10,"fusions":{"ADD+ADD":5,"ADD+ADD+ADD+ADD+ADD+ADD+ADD":5},"input_preserved":true,"layout":"reversed","nan_class_matches":0,"rows":4,"samples":1,"wall_us":162.917,"width":7}
M5_REDUCE_CASE {"cpu_bit_differences":0,"cpu_max_abs_error":0.0,"elements":28,"experts":10,"fusions":{"ADD+ADD":5,"ADD+ADD+ADD+ADD+ADD+ADD+ADD":5},"input_preserved":true,"layout":"cancel","nan_class_matches":0,"rows":4,"samples":1,"wall_us":161.25,"width":7}
M5_REDUCE_CASE {"cpu_bit_differences":4,"cpu_max_abs_error":1.1754943508222875e-38,"elements":28,"experts":10,"fusions":{"ADD+ADD":5,"ADD+ADD+ADD+ADD+ADD+ADD+ADD":5},"input_preserved":true,"layout":"special","nan_class_matches":4,"rows":4,"samples":1,"wall_us":162.667,"width":7}
M5_REDUCE_CASE {"cpu_bit_differences":0,"cpu_max_abs_error":0.0,"elements":10240,"experts":10,"fusions":{"ADD+ADD":5,"ADD+ADD+ADD+ADD+ADD+ADD+ADD":5},"input_preserved":true,"layout":"plain","nan_class_matches":0,"rows":4,"samples":1,"wall_us":167.25,"width":2560}
M5_REDUCE_CASE {"cpu_bit_differences":0,"cpu_max_abs_error":0.0,"elements":10240,"experts":10,"fusions":{"ADD+ADD":5,"ADD+ADD+ADD+ADD+ADD+ADD+ADD":5},"input_preserved":true,"layout":"strided","nan_class_matches":0,"rows":4,"samples":1,"wall_us":188.708,"width":2560}
M5_REDUCE_CASE {"cpu_bit_differences":0,"cpu_max_abs_error":0.0,"elements":10240,"experts":10,"fusions":{"ADD+ADD":5,"ADD+ADD+ADD+ADD+ADD+ADD+ADD":5},"input_preserved":true,"layout":"exposed","nan_class_matches":0,"rows":4,"samples":1,"wall_us":204.792,"width":2560}
M5_REDUCE_CASE {"cpu_bit_differences":0,"cpu_max_abs_error":0.0,"elements":10240,"experts":10,"fusions":{"ADD+ADD":5,"ADD+ADD+ADD+ADD+ADD+ADD+ADD":5},"input_preserved":true,"layout":"reversed","nan_class_matches":0,"rows":4,"samples":1,"wall_us":161.125,"width":2560}
M5_REDUCE_CASE {"cpu_bit_differences":0,"cpu_max_abs_error":0.0,"elements":10240,"experts":10,"fusions":{"ADD+ADD":5,"ADD+ADD+ADD+ADD+ADD+ADD+ADD":5},"input_preserved":true,"layout":"cancel","nan_class_matches":0,"rows":4,"samples":1,"wall_us":200.166,"width":2560}
M5_REDUCE_CASE {"cpu_bit_differences":1460,"cpu_max_abs_error":1.1754943508222875e-38,"elements":10240,"experts":10,"fusions":{"ADD+ADD":5,"ADD+ADD+ADD+ADD+ADD+ADD+ADD":5},"input_preserved":true,"layout":"special","nan_class_matches":1464,"rows":4,"samples":1,"wall_us":149.25,"width":2560}
M5_REDUCE_CASE {"cpu_bit_differences":0,"cpu_max_abs_error":0.0,"elements":10252,"experts":10,"fusions":{"ADD+ADD":5,"ADD+ADD+ADD+ADD+ADD+ADD+ADD":5},"input_preserved":true,"layout":"plain","nan_class_matches":0,"rows":4,"samples":1,"wall_us":202.375,"width":2563}
M5_REDUCE_CASE {"cpu_bit_differences":0,"cpu_max_abs_error":0.0,"elements":10252,"experts":10,"fusions":{"ADD+ADD":5,"ADD+ADD+ADD+ADD+ADD+ADD+ADD":5},"input_preserved":true,"layout":"strided","nan_class_matches":0,"rows":4,"samples":1,"wall_us":167.875,"width":2563}
M5_REDUCE_CASE {"cpu_bit_differences":0,"cpu_max_abs_error":0.0,"elements":10252,"experts":10,"fusions":{"ADD+ADD":5,"ADD+ADD+ADD+ADD+ADD+ADD+ADD":5},"input_preserved":true,"layout":"exposed","nan_class_matches":0,"rows":4,"samples":1,"wall_us":199.875,"width":2563}
M5_REDUCE_CASE {"cpu_bit_differences":0,"cpu_max_abs_error":0.0,"elements":10252,"experts":10,"fusions":{"ADD+ADD":5,"ADD+ADD+ADD+ADD+ADD+ADD+ADD":5},"input_preserved":true,"layout":"reversed","nan_class_matches":0,"rows":4,"samples":1,"wall_us":159.709,"width":2563}
M5_REDUCE_CASE {"cpu_bit_differences":0,"cpu_max_abs_error":0.0,"elements":10252,"experts":10,"fusions":{"ADD+ADD":5,"ADD+ADD+ADD+ADD+ADD+ADD+ADD":5},"input_preserved":true,"layout":"cancel","nan_class_matches":0,"rows":4,"samples":1,"wall_us":156.417,"width":2563}
M5_REDUCE_CASE {"cpu_bit_differences":1464,"cpu_max_abs_error":1.1754943508222875e-38,"elements":10252,"experts":10,"fusions":{"ADD+ADD":5,"ADD+ADD+ADD+ADD+ADD+ADD+ADD":5},"input_preserved":true,"layout":"special","nan_class_matches":1464,"rows":4,"samples":1,"wall_us":163.833,"width":2563}
M5_REDUCE_CASE {"cpu_bit_differences":85,"cpu_max_abs_error":1.9073486328125e-06,"elements":268,"experts":2,"fusions":{"MUL+ADD":10},"input_preserved":true,"layout":"plain","nan_class_matches":0,"rows":4,"samples":1,"wall_us":145.5,"width":67}
M5_REDUCE_CASE {"cpu_bit_differences":29,"cpu_max_abs_error":1.9073486328125e-06,"elements":268,"experts":3,"fusions":{"MUL+ADD+ADD":10},"input_preserved":true,"layout":"plain","nan_class_matches":0,"rows":4,"samples":1,"wall_us":144.333,"width":67}
M5_REDUCE_CASE {"cpu_bit_differences":105,"cpu_max_abs_error":1.9073486328125e-06,"elements":268,"experts":4,"fusions":{"MUL+ADD+ADD+ADD":10},"input_preserved":true,"layout":"plain","nan_class_matches":0,"rows":4,"samples":1,"wall_us":141.916,"width":67}
M5_REDUCE_CASE {"cpu_bit_differences":122,"cpu_max_abs_error":1.9073486328125e-06,"elements":268,"experts":5,"fusions":{"MUL+ADD+ADD+ADD+ADD":10},"input_preserved":true,"layout":"plain","nan_class_matches":0,"rows":4,"samples":1,"wall_us":146.458,"width":67}
M5_REDUCE_CASE {"cpu_bit_differences":122,"cpu_max_abs_error":1.9073486328125e-06,"elements":268,"experts":6,"fusions":{"MUL+ADD+ADD+ADD+ADD+ADD":10},"input_preserved":true,"layout":"plain","nan_class_matches":0,"rows":4,"samples":1,"wall_us":267.417,"width":67}
M5_REDUCE_CASE {"cpu_bit_differences":95,"cpu_max_abs_error":1.9073486328125e-06,"elements":268,"experts":7,"fusions":{"MUL+ADD+ADD+ADD+ADD+ADD+ADD":10},"input_preserved":true,"layout":"plain","nan_class_matches":0,"rows":4,"samples":1,"wall_us":206.792,"width":67}
M5_REDUCE_CASE {"cpu_bit_differences":147,"cpu_max_abs_error":9.5367431640625e-07,"elements":268,"experts":8,"fusions":{"MUL+ADD+ADD+ADD+ADD+ADD+ADD+ADD":10},"input_preserved":true,"layout":"plain","nan_class_matches":0,"rows":4,"samples":1,"wall_us":102.083,"width":67}
M5_REDUCE_CASE {"cpu_bit_differences":0,"cpu_max_abs_error":0.0,"elements":268,"experts":9,"fusions":{"ADD+ADD+ADD+ADD+ADD+ADD+ADD":5},"input_preserved":true,"layout":"plain","nan_class_matches":0,"rows":4,"samples":1,"wall_us":265.292,"width":67}
M5_REDUCE_CASE {"cpu_bit_differences":0,"cpu_max_abs_error":0.0,"elements":268,"experts":11,"fusions":{"ADD+ADD+ADD":5,"ADD+ADD+ADD+ADD+ADD+ADD+ADD":5},"input_preserved":true,"layout":"plain","nan_class_matches":0,"rows":4,"samples":1,"wall_us":247.5,"width":67}
M5_REDUCE_CASE {"cpu_bit_differences":0,"cpu_max_abs_error":0.0,"elements":35,"experts":10,"fusions":{"ADD+ADD":5,"ADD+ADD+ADD+ADD+ADD+ADD+ADD":5},"input_preserved":true,"layout":"plain","nan_class_matches":0,"rows":5,"samples":1,"wall_us":288.875,"width":7}
M5_REDUCE_CASE {"cpu_bit_differences":0,"cpu_max_abs_error":0.0,"elements":35,"experts":10,"fusions":{"ADD+ADD":5,"ADD+ADD+ADD+ADD+ADD+ADD+ADD":5},"input_preserved":true,"layout":"strided","nan_class_matches":0,"rows":5,"samples":1,"wall_us":254.875,"width":7}
M5_REDUCE_CASE {"cpu_bit_differences":0,"cpu_max_abs_error":0.0,"elements":35,"experts":10,"fusions":{"ADD+ADD":5,"ADD+ADD+ADD+ADD+ADD+ADD+ADD":5},"input_preserved":true,"layout":"exposed","nan_class_matches":0,"rows":5,"samples":1,"wall_us":160.625,"width":7}
M5_REDUCE_CASE {"cpu_bit_differences":0,"cpu_max_abs_error":0.0,"elements":35,"experts":10,"fusions":{"ADD+ADD":5,"ADD+ADD+ADD+ADD+ADD+ADD+ADD":5},"input_preserved":true,"layout":"reversed","nan_class_matches":0,"rows":5,"samples":1,"wall_us":189.292,"width":7}
M5_REDUCE_CASE {"cpu_bit_differences":0,"cpu_max_abs_error":0.0,"elements":35,"experts":10,"fusions":{"ADD+ADD":5,"ADD+ADD+ADD+ADD+ADD+ADD+ADD":5},"input_preserved":true,"layout":"cancel","nan_class_matches":0,"rows":5,"samples":1,"wall_us":156.042,"width":7}
M5_REDUCE_CASE {"cpu_bit_differences":5,"cpu_max_abs_error":1.1754943508222875e-38,"elements":35,"experts":10,"fusions":{"ADD+ADD":5,"ADD+ADD+ADD+ADD+ADD+ADD+ADD":5},"input_preserved":true,"layout":"special","nan_class_matches":5,"rows":5,"samples":1,"wall_us":269.875,"width":7}
M5_REDUCE_CASE {"cpu_bit_differences":0,"cpu_max_abs_error":0.0,"elements":12800,"experts":10,"fusions":{"ADD+ADD":5,"ADD+ADD+ADD+ADD+ADD+ADD+ADD":5},"input_preserved":true,"layout":"plain","nan_class_matches":0,"rows":5,"samples":1,"wall_us":155.708,"width":2560}
M5_REDUCE_CASE {"cpu_bit_differences":0,"cpu_max_abs_error":0.0,"elements":12800,"experts":10,"fusions":{"ADD+ADD":5,"ADD+ADD+ADD+ADD+ADD+ADD+ADD":5},"input_preserved":true,"layout":"strided","nan_class_matches":0,"rows":5,"samples":1,"wall_us":157.291,"width":2560}
M5_REDUCE_CASE {"cpu_bit_differences":0,"cpu_max_abs_error":0.0,"elements":12800,"experts":10,"fusions":{"ADD+ADD":5,"ADD+ADD+ADD+ADD+ADD+ADD+ADD":5},"input_preserved":true,"layout":"exposed","nan_class_matches":0,"rows":5,"samples":1,"wall_us":201.5,"width":2560}
M5_REDUCE_CASE {"cpu_bit_differences":0,"cpu_max_abs_error":0.0,"elements":12800,"experts":10,"fusions":{"ADD+ADD":5,"ADD+ADD+ADD+ADD+ADD+ADD+ADD":5},"input_preserved":true,"layout":"reversed","nan_class_matches":0,"rows":5,"samples":1,"wall_us":179.0,"width":2560}
M5_REDUCE_CASE {"cpu_bit_differences":0,"cpu_max_abs_error":0.0,"elements":12800,"experts":10,"fusions":{"ADD+ADD":5,"ADD+ADD+ADD+ADD+ADD+ADD+ADD":5},"input_preserved":true,"layout":"cancel","nan_class_matches":0,"rows":5,"samples":1,"wall_us":160.292,"width":2560}
M5_REDUCE_CASE {"cpu_bit_differences":1825,"cpu_max_abs_error":1.1754943508222875e-38,"elements":12800,"experts":10,"fusions":{"ADD+ADD":5,"ADD+ADD+ADD+ADD+ADD+ADD+ADD":5},"input_preserved":true,"layout":"special","nan_class_matches":1830,"rows":5,"samples":1,"wall_us":167.583,"width":2560}
M5_REDUCE_CASE {"cpu_bit_differences":0,"cpu_max_abs_error":0.0,"elements":12815,"experts":10,"fusions":{"ADD+ADD":5,"ADD+ADD+ADD+ADD+ADD+ADD+ADD":5},"input_preserved":true,"layout":"plain","nan_class_matches":0,"rows":5,"samples":1,"wall_us":170.208,"width":2563}
M5_REDUCE_CASE {"cpu_bit_differences":0,"cpu_max_abs_error":0.0,"elements":12815,"experts":10,"fusions":{"ADD+ADD":5,"ADD+ADD+ADD+ADD+ADD+ADD+ADD":5},"input_preserved":true,"layout":"strided","nan_class_matches":0,"rows":5,"samples":1,"wall_us":207.875,"width":2563}
M5_REDUCE_CASE {"cpu_bit_differences":0,"cpu_max_abs_error":0.0,"elements":12815,"experts":10,"fusions":{"ADD+ADD":5,"ADD+ADD+ADD+ADD+ADD+ADD+ADD":5},"input_preserved":true,"layout":"exposed","nan_class_matches":0,"rows":5,"samples":1,"wall_us":160.625,"width":2563}
M5_REDUCE_CASE {"cpu_bit_differences":0,"cpu_max_abs_error":0.0,"elements":12815,"experts":10,"fusions":{"ADD+ADD":5,"ADD+ADD+ADD+ADD+ADD+ADD+ADD":5},"input_preserved":true,"layout":"reversed","nan_class_matches":0,"rows":5,"samples":1,"wall_us":168.666,"width":2563}
M5_REDUCE_CASE {"cpu_bit_differences":0,"cpu_max_abs_error":0.0,"elements":12815,"experts":10,"fusions":{"ADD+ADD":5,"ADD+ADD+ADD+ADD+ADD+ADD+ADD":5},"input_preserved":true,"layout":"cancel","nan_class_matches":0,"rows":5,"samples":1,"wall_us":168.209,"width":2563}
M5_REDUCE_CASE {"cpu_bit_differences":1830,"cpu_max_abs_error":1.1754943508222875e-38,"elements":12815,"experts":10,"fusions":{"ADD+ADD":5,"ADD+ADD+ADD+ADD+ADD+ADD+ADD":5},"input_preserved":true,"layout":"special","nan_class_matches":1830,"rows":5,"samples":1,"wall_us":191.25,"width":2563}
M5_REDUCE_CASE {"cpu_bit_differences":105,"cpu_max_abs_error":1.9073486328125e-06,"elements":335,"experts":2,"fusions":{"MUL+ADD":10},"input_preserved":true,"layout":"plain","nan_class_matches":0,"rows":5,"samples":1,"wall_us":216.208,"width":67}
M5_REDUCE_CASE {"cpu_bit_differences":42,"cpu_max_abs_error":1.9073486328125e-06,"elements":335,"experts":3,"fusions":{"MUL+ADD+ADD":10},"input_preserved":true,"layout":"plain","nan_class_matches":0,"rows":5,"samples":1,"wall_us":185.0,"width":67}
M5_REDUCE_CASE {"cpu_bit_differences":126,"cpu_max_abs_error":1.9073486328125e-06,"elements":335,"experts":4,"fusions":{"MUL+ADD+ADD+ADD":10},"input_preserved":true,"layout":"plain","nan_class_matches":0,"rows":5,"samples":1,"wall_us":146.958,"width":67}
M5_REDUCE_CASE {"cpu_bit_differences":154,"cpu_max_abs_error":1.9073486328125e-06,"elements":335,"experts":5,"fusions":{"MUL+ADD+ADD+ADD+ADD":10},"input_preserved":true,"layout":"plain","nan_class_matches":0,"rows":5,"samples":1,"wall_us":130.375,"width":67}
M5_REDUCE_CASE {"cpu_bit_differences":151,"cpu_max_abs_error":1.9073486328125e-06,"elements":335,"experts":6,"fusions":{"MUL+ADD+ADD+ADD+ADD+ADD":10},"input_preserved":true,"layout":"plain","nan_class_matches":0,"rows":5,"samples":1,"wall_us":143.708,"width":67}
M5_REDUCE_CASE {"cpu_bit_differences":115,"cpu_max_abs_error":1.9073486328125e-06,"elements":335,"experts":7,"fusions":{"MUL+ADD+ADD+ADD+ADD+ADD+ADD":10},"input_preserved":true,"layout":"plain","nan_class_matches":0,"rows":5,"samples":1,"wall_us":104.542,"width":67}
M5_REDUCE_CASE {"cpu_bit_differences":180,"cpu_max_abs_error":1.9073486328125e-06,"elements":335,"experts":8,"fusions":{"MUL+ADD+ADD+ADD+ADD+ADD+ADD+ADD":10},"input_preserved":true,"layout":"plain","nan_class_matches":0,"rows":5,"samples":1,"wall_us":201.708,"width":67}
M5_REDUCE_CASE {"cpu_bit_differences":0,"cpu_max_abs_error":0.0,"elements":335,"experts":9,"fusions":{"ADD+ADD+ADD+ADD+ADD+ADD+ADD":5},"input_preserved":true,"layout":"plain","nan_class_matches":0,"rows":5,"samples":1,"wall_us":254.417,"width":67}
M5_REDUCE_CASE {"cpu_bit_differences":0,"cpu_max_abs_error":0.0,"elements":335,"experts":11,"fusions":{"ADD+ADD+ADD":5,"ADD+ADD+ADD+ADD+ADD+ADD+ADD":5},"input_preserved":true,"layout":"plain","nan_class_matches":0,"rows":5,"samples":1,"wall_us":246.083,"width":67}
ggml_metal_free: deallocating
M5_REDUCE_DONE {"cases":108,"mode":"check"}
