ggml_metal_device_init: testing tensor API for f16 support
ggml_metal_library_compile_pipeline: compiling pipeline: base = 'dummy_kernel', name = 'dummy_kernel'
ggml_metal_library_compile_pipeline: loaded dummy_kernel                                  0x101e98120 | th_max = 1024 | th_width =   32
ggml_metal_device_init: testing tensor API for bfloat support
ggml_metal_library_compile_pipeline: compiling pipeline: base = 'dummy_kernel', name = 'dummy_kernel'
ggml_metal_library_compile_pipeline: loaded dummy_kernel                                  0x101e996a0 | th_max = 1024 | th_width =   32
ggml_metal_library_init: using embedded metal library
ggml_metal_library_compile_all: compiled 'fa_aux' library in 0.000 sec
ggml_metal_library_compile_all: compiled 'fa_f16' library in 0.001 sec
ggml_metal_library_compile_all: compiled 'fa_f32' library in 0.002 sec
ggml_metal_library_compile_all: compiled 'fa_q4_0' library in 0.001 sec
ggml_metal_library_compile_all: compiled 'fa_q4_1' library in 0.010 sec
ggml_metal_library_compile_all: compiled 'fa_q5_0' library in 0.002 sec
ggml_metal_library_compile_all: compiled 'fa_q5_1' library in 0.002 sec
ggml_metal_library_compile_all: compiled 'fa_q8_0' library in 0.011 sec
ggml_metal_library_compile_all: compiled 'fa_vec_f16' library in 0.009 sec
ggml_metal_library_compile_all: compiled 'fa_vec_f32' library in 0.008 sec
ggml_metal_library_compile_all: compiled 'fa_vec_q4_0' library in 0.007 sec
ggml_metal_library_compile_all: compiled 'fa_vec_q4_1' library in 0.011 sec
ggml_metal_library_compile_all: compiled 'fa_vec_q5_0' library in 0.010 sec
ggml_metal_library_compile_all: compiled 'fa_vec_q5_1' library in 0.007 sec
ggml_metal_library_compile_all: compiled 'fa_vec_q8_0' library in 0.004 sec
ggml_metal_library_compile_all: compiled 'mul_mv' library in 0.006 sec
ggml_metal_library_compile_all: compiled 'mul_mv_mma' library in 0.003 sec
ggml_metal_library_compile_all: compiled 'mul_mm' library in 0.005 sec
ggml_metal_library_compile_all: compiled 'quantize' library in 0.004 sec
ggml_metal_library_compile_all: compiled 'softmax' library in 0.011 sec
ggml_metal_library_compile_all: compiled 'norm' library in 0.006 sec
ggml_metal_library_compile_all: compiled 'unary' library in 0.008 sec
ggml_metal_library_compile_all: compiled 'binbcast' library in 0.010 sec
ggml_metal_library_compile_all: compiled 'reduce' library in 0.010 sec
ggml_metal_library_compile_all: compiled 'tri' library in 0.010 sec
ggml_metal_library_compile_all: compiled 'ssm' library in 0.001 sec
ggml_metal_library_compile_all: compiled 'wkv' library in 0.006 sec
ggml_metal_library_compile_all: compiled 'gated_delta_net' library in 0.001 sec
ggml_metal_library_compile_all: compiled 'solve_tri' library in 0.001 sec
ggml_metal_library_compile_all: compiled 'rope' library in 0.010 sec
ggml_metal_library_compile_all: compiled 'conv' library in 0.007 sec
ggml_metal_library_compile_all: compiled 'upscale' library in 0.007 sec
ggml_metal_library_compile_all: compiled 'argsort' library in 0.007 sec
ggml_metal_library_compile_all: compiled 'pool' library in 0.006 sec
ggml_metal_library_compile_all: compiled 'misc' library in 0.007 sec
ggml_metal_library_compile_all: loaded 35 libraries from embedded data in 0.011 sec (max single = 0.011 sec)
ggml_metal_rsets_init: creating a residency set collection (keep_alive = 180 s)
ggml_metal_device_init: GPU name:   MTL0 (Apple M5 Pro)
ggml_metal_device_init: GPU family: MTLGPUFamilyApple10  (1010)
ggml_metal_device_init: GPU family: MTLGPUFamilyMetal4  (5002)
ggml_metal_device_init: simdgroup reduction   = true
ggml_metal_device_init: simdgroup matrix mul. = true
ggml_metal_device_init: has unified memory    = true
ggml_metal_device_init: has bfloat            = true
ggml_metal_device_init: has tensor            = true
ggml_metal_device_init: use residency sets    = true
ggml_metal_device_init: use shared buffers    = true
ggml_metal_device_init: recommendedMaxWorkingSetSize  = 40200.90 MB
ggml_metal_init: allocating
ggml_metal_init: found device: Apple M5 Pro
ggml_metal_init: picking default device: Apple M5 Pro
ggml_metal_init: use fusion         = true
ggml_metal_init: use concurrency    = true
ggml_metal_init: use graph optimize = true
M5_HEAD_CASE_BEGIN {"eligible":true,"id":"mixed"}
M5_HEAD_INIT {"requested_nr0":2,"stock_nr0":1,"nsg":2}
ggml_metal_library_compile_pipeline: compiling pipeline: base = 'kernel_mul_mv_q5_K_f32_m5_head2', name = 'kernel_mul_mv_q5_K_f32_m5_head2_nsg=2_ne12=1_r2=1_r3=1_split=0'
ggml_metal_library_compile_pipeline: loaded kernel_mul_mv_q5_K_f32_m5_head2_nsg=2_ne12=1_r2=1_r3=1_split=0      0x101e69690 | th_max = 1024 | th_width =   32
M5_HEAD_DISPATCH {"requested_nr0":2,"eligible":true,"kernel":"kernel_mul_mv_q5_K_f32_m5_head2","pipeline_key":"kernel_mul_mv_q5_K_f32_m5_head2_nsg=2_ne12=1_r2=1_r3=1_split=0","nr0":2,"nsg":2,"tensors":[{"name":"output.weight","type":"q5_K","ne":[2560,248320,1,1],"nb":[176,1760,437043200,437043200],"view":false,"view_offset":0,"address_mod16":0},{"name":"result_norm","type":"f32","ne":[2560,1,1,1],"nb":[4,10240,10240,10240],"view":false,"view_offset":0,"address_mod16":0},{"name":"result_output","type":"f32","ne":[248320,1,1,1],"nb":[4,993280,993280,993280],"view":false,"view_offset":0,"address_mod16":0}]}
ggml_metal_library_compile_pipeline: compiling pipeline: base = 'kernel_argsort_f32_i32_desc', name = 'kernel_argsort_f32_i32_desc'
ggml_metal_library_compile_pipeline: loaded kernel_argsort_f32_i32_desc                   0x101e69a10 | th_max = 1024 | th_width =   32
ggml_metal_library_compile_pipeline: compiling pipeline: base = 'kernel_argsort_merge_f32_i32_desc', name = 'kernel_argsort_merge_f32_i32_desc'
ggml_metal_library_compile_pipeline: loaded kernel_argsort_merge_f32_i32_desc             0x101e6a290 | th_max = 1024 | th_width =   32
ggml_metal_library_compile_pipeline: compiling pipeline: base = 'kernel_get_rows_f32', name = 'kernel_get_rows_f32'
ggml_metal_library_compile_pipeline: loaded kernel_get_rows_f32                           0x101e6b1d0 | th_max = 1024 | th_width =   32
M5_HEAD_CASE {"all_nodes_metal":true,"allocation_bound_bytes":944185408,"block_iterations":[],"block_us":[],"block_us_per_iteration":[],"consumer_chain":"head-top_k10-gather","consumers":[{"above_cutoff":9,"cutoff_ties":1,"ids":[28770,19711,166503,50550,49144,168291,26106,226472,76474,173374],"tie_safe":true,"values":[722.3253784179688,695.7282104492188,686.5211181640625,682.239501953125,663.3927612304688,663.3659057617188,660.9784545898438,644.2107543945313,625.6520385742188,618.1190185546875]}],"cpu_compute_nodes":0,"cpu_nmse":1.6231220938510617e-14,"cpu_reference_values":248320,"elements":248320,"eligible":true,"graph_buffer_bytes":2990144,"id":"mixed","input_sha256":"e43448e020c52b745e6abc6a960033722dd82ba5dc04da38ed3672d6c0592c0a","inputs_preserved":true,"k":2560,"m":248320,"max_absolute_error":0.0005314546147019428,"max_bound_ratio":1.553262058920044e-08,"median_us":0.0,"output_sha256":"9568f1471f9b09a036166f13e0136cffac0cda9f8f47b7654bd8d29650f91af4","pipeline_primed":false,"rows":1,"scheduler_splits":1,"warmup_iterations":0,"warmup_us":0.0,"weight_sha256":"56b0508225f073b2bb80f53e7fb5a5b44db73e38533928210e8fff9e9fffd8fd"}
M5_HEAD_CASE_BEGIN {"eligible":true,"id":"alternating"}
M5_HEAD_DISPATCH {"requested_nr0":2,"eligible":true,"kernel":"kernel_mul_mv_q5_K_f32_m5_head2","pipeline_key":"kernel_mul_mv_q5_K_f32_m5_head2_nsg=2_ne12=1_r2=1_r3=1_split=0","nr0":2,"nsg":2,"tensors":[{"name":"output.weight","type":"q5_K","ne":[2560,248320,1,1],"nb":[176,1760,437043200,437043200],"view":false,"view_offset":0,"address_mod16":0},{"name":"result_norm","type":"f32","ne":[2560,1,1,1],"nb":[4,10240,10240,10240],"view":false,"view_offset":0,"address_mod16":0},{"name":"result_output","type":"f32","ne":[248320,1,1,1],"nb":[4,993280,993280,993280],"view":false,"view_offset":0,"address_mod16":0}]}
M5_HEAD_CASE {"all_nodes_metal":true,"allocation_bound_bytes":944185408,"block_iterations":[],"block_us":[],"block_us_per_iteration":[],"consumer_chain":"head-top_k10-gather","consumers":[{"above_cutoff":9,"cutoff_ties":1,"ids":[188258,170576,75626,223013,123048,108446,215922,41184,243335,207041],"tie_safe":true,"values":[928.8082885742188,878.5467529296875,867.6236572265625,861.11572265625,857.8529052734375,845.35107421875,840.2062377929688,838.6378173828125,834.7677612304688,833.9251708984375]}],"cpu_compute_nodes":0,"cpu_nmse":2.0179898280460892e-14,"cpu_reference_values":248320,"elements":248320,"eligible":true,"graph_buffer_bytes":2990144,"id":"alternating","input_sha256":"1f2c35c7ae255640bad831d09a3dd8d60016c78b77cad6cf3ee2516ee5eccba7","inputs_preserved":true,"k":2560,"m":248320,"max_absolute_error":0.000135555790620856,"max_bound_ratio":8.139895655232155e-09,"median_us":0.0,"output_sha256":"234ccfff0f5cb3589cbe5200709cf386c399e1e4183ffd92e5dae5cf8e17e66a","pipeline_primed":false,"rows":1,"scheduler_splits":1,"warmup_iterations":0,"warmup_us":0.0,"weight_sha256":"56b0508225f073b2bb80f53e7fb5a5b44db73e38533928210e8fff9e9fffd8fd"}
M5_HEAD_CASE_BEGIN {"eligible":true,"id":"one-hot"}
M5_HEAD_DISPATCH {"requested_nr0":2,"eligible":true,"kernel":"kernel_mul_mv_q5_K_f32_m5_head2","pipeline_key":"kernel_mul_mv_q5_K_f32_m5_head2_nsg=2_ne12=1_r2=1_r3=1_split=0","nr0":2,"nsg":2,"tensors":[{"name":"output.weight","type":"q5_K","ne":[2560,248320,1,1],"nb":[176,1760,437043200,437043200],"view":false,"view_offset":0,"address_mod16":0},{"name":"result_norm","type":"f32","ne":[2560,1,1,1],"nb":[4,10240,10240,10240],"view":false,"view_offset":0,"address_mod16":0},{"name":"result_output","type":"f32","ne":[248320,1,1,1],"nb":[4,993280,993280,993280],"view":false,"view_offset":0,"address_mod16":0}]}
M5_HEAD_CASE {"all_nodes_metal":true,"allocation_bound_bytes":944185408,"block_iterations":[],"block_us":[],"block_us_per_iteration":[],"consumer_chain":"head-top_k10-gather","consumers":[{"above_cutoff":8,"cutoff_ties":12,"ids":[0,1,2,3,4,5,6,7,8,9],"tie_safe":true,"values":[274.640625,268.9189453125,263.197265625,257.4755859375,251.75390625,246.0322265625,240.310546875,234.5888671875,183.09375,183.09375]}],"cpu_compute_nodes":0,"cpu_nmse":0.0,"cpu_reference_values":248320,"elements":248320,"eligible":true,"graph_buffer_bytes":2990144,"id":"one-hot","input_sha256":"5991d1b3c3f4e9bb13ebe263e77f7998a4ba6793fa24baad21ae221bcf820ecb","inputs_preserved":true,"k":2560,"m":248320,"max_absolute_error":0.0,"max_bound_ratio":0.0,"median_us":0.0,"output_sha256":"c3447705f47469524a922f5abd3be85c6658351f9029bdab2179316de7899e07","pipeline_primed":false,"rows":1,"scheduler_splits":1,"warmup_iterations":0,"warmup_us":0.0,"weight_sha256":"56b0508225f073b2bb80f53e7fb5a5b44db73e38533928210e8fff9e9fffd8fd"}
M5_HEAD_CASE_BEGIN {"eligible":true,"id":"zeros"}
M5_HEAD_DISPATCH {"requested_nr0":2,"eligible":true,"kernel":"kernel_mul_mv_q5_K_f32_m5_head2","pipeline_key":"kernel_mul_mv_q5_K_f32_m5_head2_nsg=2_ne12=1_r2=1_r3=1_split=0","nr0":2,"nsg":2,"tensors":[{"name":"output.weight","type":"q5_K","ne":[2560,248320,1,1],"nb":[176,1760,437043200,437043200],"view":false,"view_offset":0,"address_mod16":0},{"name":"result_norm","type":"f32","ne":[2560,1,1,1],"nb":[4,10240,10240,10240],"view":false,"view_offset":0,"address_mod16":0},{"name":"result_output","type":"f32","ne":[248320,1,1,1],"nb":[4,993280,993280,993280],"view":false,"view_offset":0,"address_mod16":0}]}
M5_HEAD_CASE {"all_nodes_metal":true,"allocation_bound_bytes":944185408,"block_iterations":[],"block_us":[],"block_us_per_iteration":[],"consumer_chain":"head-top_k10-gather","consumers":[{"above_cutoff":0,"cutoff_ties":248320,"ids":[0,1,2,3,4,5,6,7,8,9],"tie_safe":true,"values":[0.0,0.0,0.0,0.0,0.0,0.0,0.0,0.0,0.0,0.0]}],"cpu_compute_nodes":0,"cpu_nmse":0.0,"cpu_reference_values":248320,"elements":248320,"eligible":true,"graph_buffer_bytes":2990144,"id":"zeros","input_sha256":"84ff92691f909a05b224e1c56abb4864f01b4f8e3c854e4bb4c7baf1d3f6d652","inputs_preserved":true,"k":2560,"m":248320,"max_absolute_error":0.0,"max_bound_ratio":0.0,"median_us":0.0,"output_sha256":"895365e27ed4255bccdcabe85bebf7c22aaaeebab375264d8e90eae30dc28399","pipeline_primed":false,"rows":1,"scheduler_splits":1,"warmup_iterations":0,"warmup_us":0.0,"weight_sha256":"56b0508225f073b2bb80f53e7fb5a5b44db73e38533928210e8fff9e9fffd8fd"}
M5_HEAD_CASE_BEGIN {"eligible":true,"id":"wide"}
M5_HEAD_DISPATCH {"requested_nr0":2,"eligible":true,"kernel":"kernel_mul_mv_q5_K_f32_m5_head2","pipeline_key":"kernel_mul_mv_q5_K_f32_m5_head2_nsg=2_ne12=1_r2=1_r3=1_split=0","nr0":2,"nsg":2,"tensors":[{"name":"output.weight","type":"q5_K","ne":[2560,248320,1,1],"nb":[176,1760,437043200,437043200],"view":false,"view_offset":0,"address_mod16":0},{"name":"result_norm","type":"f32","ne":[2560,1,1,1],"nb":[4,10240,10240,10240],"view":false,"view_offset":0,"address_mod16":0},{"name":"result_output","type":"f32","ne":[248320,1,1,1],"nb":[4,993280,993280,993280],"view":false,"view_offset":0,"address_mod16":0}]}
M5_HEAD_CASE {"all_nodes_metal":true,"allocation_bound_bytes":944185408,"block_iterations":[],"block_us":[],"block_us_per_iteration":[],"consumer_chain":"head-top_k10-gather","consumers":[{"above_cutoff":8,"cutoff_ties":12,"ids":[0,1,2,3,4,5,6,7,8,9],"tie_safe":true,"values":[88122.75,86286.8828125,84450.96875,82615.078125,80779.1875,78943.3046875,77107.4140625,75271.515625,58748.50390625,58748.50390625]}],"cpu_compute_nodes":0,"cpu_nmse":1.4178600330519374e-14,"cpu_reference_values":248320,"elements":248320,"eligible":true,"graph_buffer_bytes":2990144,"id":"wide","input_sha256":"5c64169cd8a85193a8ac8ec9385f92d0485a6b8b57b90be8a85cb93da43a0eef","inputs_preserved":true,"k":2560,"m":248320,"max_absolute_error":0.014083258822211064,"max_bound_ratio":4.254261355655496e-08,"median_us":0.0,"output_sha256":"2b8e78fd2044bc2df51ef737ea5c07f66991c1bcbeba05cc8986c392c7529bd9","pipeline_primed":false,"rows":1,"scheduler_splits":1,"warmup_iterations":0,"warmup_us":0.0,"weight_sha256":"56b0508225f073b2bb80f53e7fb5a5b44db73e38533928210e8fff9e9fffd8fd"}
M5_HEAD_CASE_BEGIN {"eligible":true,"id":"cutoff-ties"}
M5_HEAD_DISPATCH {"requested_nr0":2,"eligible":true,"kernel":"kernel_mul_mv_q5_K_f32_m5_head2","pipeline_key":"kernel_mul_mv_q5_K_f32_m5_head2_nsg=2_ne12=1_r2=1_r3=1_split=0","nr0":2,"nsg":2,"tensors":[{"name":"output.weight","type":"q5_K","ne":[2560,248320,1,1],"nb":[176,1760,437043200,437043200],"view":false,"view_offset":0,"address_mod16":0},{"name":"result_norm","type":"f32","ne":[2560,1,1,1],"nb":[4,10240,10240,10240],"view":false,"view_offset":0,"address_mod16":0},{"name":"result_output","type":"f32","ne":[248320,1,1,1],"nb":[4,993280,993280,993280],"view":false,"view_offset":0,"address_mod16":0}]}
M5_HEAD_CASE {"all_nodes_metal":true,"allocation_bound_bytes":944185408,"block_iterations":[],"block_us":[],"block_us_per_iteration":[],"consumer_chain":"head-top_k10-gather","consumers":[{"above_cutoff":8,"cutoff_ties":12,"ids":[0,1,2,3,4,5,6,7,8,9],"tie_safe":true,"values":[234360.0,229477.5,224595.0,219712.5,214830.0,209947.5,205065.0,200182.5,156240.0,156240.0]}],"cpu_compute_nodes":0,"cpu_nmse":1.0892735167395328e-15,"cpu_reference_values":248320,"elements":248320,"eligible":true,"graph_buffer_bytes":2990144,"id":"cutoff-ties","input_sha256":"37e287184de6a92556d6620dc350bb5fe1ee478ac42c1c7879ba7c77e9af235e","inputs_preserved":true,"k":2560,"m":248320,"max_absolute_error":0.002685546875,"max_bound_ratio":1.6232445071803852e-07,"median_us":0.0,"output_sha256":"6ef465081869052c357d75330f688aa7187320a1237d1e4d0d94c375bd8902b3","pipeline_primed":false,"rows":1,"scheduler_splits":1,"warmup_iterations":0,"warmup_us":0.0,"weight_sha256":"56b0508225f073b2bb80f53e7fb5a5b44db73e38533928210e8fff9e9fffd8fd"}
M5_HEAD_CASE_BEGIN {"eligible":true,"id":"dense-view"}
M5_HEAD_DISPATCH {"requested_nr0":2,"eligible":true,"kernel":"kernel_mul_mv_q5_K_f32_m5_head2","pipeline_key":"kernel_mul_mv_q5_K_f32_m5_head2_nsg=2_ne12=1_r2=1_r3=1_split=0","nr0":2,"nsg":2,"tensors":[{"name":"output.weight","type":"q5_K","ne":[2560,248320,1,1],"nb":[176,1760,437043200,437043200],"view":false,"view_offset":0,"address_mod16":0},{"name":"result_norm","type":"f32","ne":[2560,1,1,1],"nb":[4,10240,10240,10240],"view":true,"view_offset":0,"address_mod16":0},{"name":"result_output","type":"f32","ne":[248320,1,1,1],"nb":[4,993280,993280,993280],"view":false,"view_offset":0,"address_mod16":0}]}
M5_HEAD_CASE {"all_nodes_metal":true,"allocation_bound_bytes":944185408,"block_iterations":[],"block_us":[],"block_us_per_iteration":[],"consumer_chain":"head-top_k10-gather","consumers":[{"above_cutoff":9,"cutoff_ties":1,"ids":[28770,19711,166503,50550,49144,168291,26106,226472,76474,173374],"tie_safe":true,"values":[722.3253784179688,695.7282104492188,686.5211181640625,682.239501953125,663.3927612304688,663.3659057617188,660.9784545898438,644.2107543945313,625.6520385742188,618.1190185546875]}],"cpu_compute_nodes":0,"cpu_nmse":1.6231220938510617e-14,"cpu_reference_values":248320,"elements":248320,"eligible":true,"graph_buffer_bytes":2990144,"id":"dense-view","input_sha256":"e43448e020c52b745e6abc6a960033722dd82ba5dc04da38ed3672d6c0592c0a","inputs_preserved":true,"k":2560,"m":248320,"max_absolute_error":0.0005314546147019428,"max_bound_ratio":1.553262058920044e-08,"median_us":0.0,"output_sha256":"9568f1471f9b09a036166f13e0136cffac0cda9f8f47b7654bd8d29650f91af4","pipeline_primed":false,"rows":1,"scheduler_splits":1,"warmup_iterations":0,"warmup_us":0.0,"weight_sha256":"56b0508225f073b2bb80f53e7fb5a5b44db73e38533928210e8fff9e9fffd8fd"}
M5_HEAD_CASE_BEGIN {"eligible":false,"id":"rows2"}
ggml_metal_library_compile_pipeline: compiling pipeline: base = 'kernel_mul_mv_mma_q5_K_f32_nt4_rt1', name = 'kernel_mul_mv_mma_q5_K_f32_nt4_rt1_nsg=8_ne12=1_r2=1_r3=1_ne00=2560_add=0'
ggml_metal_library_compile_pipeline: loaded kernel_mul_mv_mma_q5_K_f32_nt4_rt1_nsg=8_ne12=1_r2=1_r3=1_ne00=2560_add=0     0x7c7af78700 | th_max = 1024 | th_width =   32
M5_HEAD_DISPATCH {"requested_nr0":2,"eligible":false,"kernel":"kernel_mul_mv_mma_q5_K_f32_nt4_rt1","pipeline_key":"kernel_mul_mv_mma_q5_K_f32_nt4_rt1_nsg=8_ne12=1_r2=1_r3=1_ne00=2560_add=0","nr0":32,"nsg":8,"tensors":[{"name":"output.weight","type":"q5_K","ne":[2560,248320,1,1],"nb":[176,1760,437043200,437043200],"view":false,"view_offset":0,"address_mod16":0},{"name":"result_norm","type":"f32","ne":[2560,2,1,1],"nb":[4,10240,20480,20480],"view":false,"view_offset":0,"address_mod16":0},{"name":"result_output","type":"f32","ne":[248320,2,1,1],"nb":[4,993280,1986560,1986560],"view":false,"view_offset":0,"address_mod16":0}]}
M5_HEAD_CASE {"all_nodes_metal":true,"allocation_bound_bytes":947175552,"block_iterations":[],"block_us":[],"block_us_per_iteration":[],"consumer_chain":"head-top_k10-gather","consumers":[{"above_cutoff":9,"cutoff_ties":1,"ids":[28770,19711,166503,50550,49144,168291,26106,226472,76474,173374],"tie_safe":true,"values":[722.325439453125,695.728271484375,686.5211181640625,682.239501953125,663.3927612304688,663.3658447265625,660.9784545898438,644.2108154296875,625.6520385742188,618.1189575195313]},{"above_cutoff":9,"cutoff_ties":1,"ids":[170114,236455,63687,173634,184740,40722,83339,239954,135386,200865],"tie_safe":true,"values":[833.248291015625,700.6360473632813,690.92822265625,670.662109375,669.2470092773438,664.2313842773438,649.626708984375,647.326416015625,636.1065063476563,635.6602783203125]}],"cpu_compute_nodes":0,"cpu_nmse":3.8192741054098886e-14,"cpu_reference_values":496640,"elements":496640,"eligible":false,"graph_buffer_bytes":5980288,"id":"rows2","input_sha256":"b6abc1f931fab6ca944afa47030fc65bb56e16db55370ff8a9f4376fbc0dd332","inputs_preserved":true,"k":2560,"m":248320,"max_absolute_error":0.0007921520546005922,"max_bound_ratio":2.4628474967447693e-08,"median_us":0.0,"output_sha256":"e5ed51e140934aaf326e81f40d6cad94089cd84da765f32b9eb724c8c14582e9","pipeline_primed":false,"rows":2,"scheduler_splits":1,"warmup_iterations":0,"warmup_us":0.0,"weight_sha256":"56b0508225f073b2bb80f53e7fb5a5b44db73e38533928210e8fff9e9fffd8fd"}
M5_HEAD_CASE_BEGIN {"eligible":false,"id":"rows4"}
M5_HEAD_DISPATCH {"requested_nr0":2,"eligible":false,"kernel":"kernel_mul_mv_mma_q5_K_f32_nt4_rt1","pipeline_key":"kernel_mul_mv_mma_q5_K_f32_nt4_rt1_nsg=8_ne12=1_r2=1_r3=1_ne00=2560_add=0","nr0":32,"nsg":8,"tensors":[{"name":"output.weight","type":"q5_K","ne":[2560,248320,1,1],"nb":[176,1760,437043200,437043200],"view":false,"view_offset":0,"address_mod16":0},{"name":"result_norm","type":"f32","ne":[2560,4,1,1],"nb":[4,10240,40960,40960],"view":false,"view_offset":0,"address_mod16":0},{"name":"result_output","type":"f32","ne":[248320,4,1,1],"nb":[4,993280,3973120,3973120],"view":false,"view_offset":0,"address_mod16":0}]}
M5_HEAD_CASE {"all_nodes_metal":true,"allocation_bound_bytes":953155840,"block_iterations":[],"block_us":[],"block_us_per_iteration":[],"consumer_chain":"head-top_k10-gather","consumers":[{"above_cutoff":9,"cutoff_ties":1,"ids":[28770,19711,166503,50550,49144,168291,26106,226472,76474,173374],"tie_safe":true,"values":[722.325439453125,695.728271484375,686.5211181640625,682.239501953125,663.3927612304688,663.3658447265625,660.9784545898438,644.2108154296875,625.6520385742188,618.1189575195313]},{"above_cutoff":9,"cutoff_ties":1,"ids":[170114,236455,63687,173634,184740,40722,83339,239954,135386,200865],"tie_safe":true,"values":[833.248291015625,700.6360473632813,690.92822265625,670.662109375,669.2470092773438,664.2313842773438,649.626708984375,647.326416015625,636.1065063476563,635.6602783203125]},{"above_cutoff":9,"cutoff_ties":1,"ids":[55832,187158,135184,173902,11352,31816,171713,202774,60481,646],"tie_safe":true,"values":[757.9479370117188,691.968505859375,683.3964233398438,676.8568115234375,669.595458984375,646.8421630859375,631.569091796875,630.013427734375,626.7052001953125,626.4873046875]},{"above_cutoff":9,"cutoff_ties":1,"ids":[50365,163643,121813,121441,18976,221452,34242,37299,202043,239],"tie_safe":true,"values":[767.42431640625,740.7703857421875,736.6926879882813,728.1830444335938,724.6193237304688,707.2213134765625,704.662109375,700.2142333984375,698.5928955078125,693.1768798828125]}],"cpu_compute_nodes":0,"cpu_nmse":3.7905730267331555e-14,"cpu_reference_values":993280,"elements":993280,"eligible":false,"graph_buffer_bytes":11960576,"id":"rows4","input_sha256":"0a19f7109cef824d8adfb342a55779610b0692342fde4e4c78cd6e3908f5d0cb","inputs_preserved":true,"k":2560,"m":248320,"max_absolute_error":0.0007921520546005922,"max_bound_ratio":2.5308984905990236e-08,"median_us":0.0,"output_sha256":"715769e4ed3e3b7eaaf062dbb71ca3cb64d90a022ae5824bd2c0f2345774aae6","pipeline_primed":false,"rows":4,"scheduler_splits":1,"warmup_iterations":0,"warmup_us":0.0,"weight_sha256":"56b0508225f073b2bb80f53e7fb5a5b44db73e38533928210e8fff9e9fffd8fd"}
M5_HEAD_CASE_BEGIN {"eligible":false,"id":"near-k"}
ggml_metal_library_compile_pipeline: compiling pipeline: base = 'kernel_mul_mv_q5_K_f32', name = 'kernel_mul_mv_q5_K_f32_nsg=2_ne12=1_r2=1_r3=1_split=0'
ggml_metal_library_compile_pipeline: loaded kernel_mul_mv_q5_K_f32_nsg=2_ne12=1_r2=1_r3=1_split=0     0x7c7af78000 | th_max = 1024 | th_width =   32
M5_HEAD_DISPATCH {"requested_nr0":2,"eligible":false,"kernel":"kernel_mul_mv_q5_K_f32","pipeline_key":"kernel_mul_mv_q5_K_f32_nsg=2_ne12=1_r2=1_r3=1_split=0","nr0":1,"nsg":2,"tensors":[{"name":"output.weight","type":"q5_K","ne":[2304,248320,1,1],"nb":[176,1760,437043200,437043200],"view":true,"view_offset":0,"address_mod16":0},{"name":"result_norm","type":"f32","ne":[2304,1,1,1],"nb":[4,9216,9216,9216],"view":false,"view_offset":0,"address_mod16":0},{"name":"result_output","type":"f32","ne":[248320,1,1,1],"nb":[4,993280,993280,993280],"view":false,"view_offset":0,"address_mod16":0}]}
M5_HEAD_CASE {"all_nodes_metal":true,"allocation_bound_bytes":944184384,"block_iterations":[],"block_us":[],"block_us_per_iteration":[],"consumer_chain":"head-top_k10-gather","consumers":[{"above_cutoff":9,"cutoff_ties":1,"ids":[26106,56212,28770,101617,71154,168291,166503,101836,49144,15892],"tie_safe":true,"values":[678.8358154296875,670.2120361328125,643.9235229492188,630.8885498046875,627.5009765625,619.205810546875,614.2916870117188,608.0186767578125,606.7542114257813,605.1866455078125]}],"cpu_compute_nodes":0,"cpu_nmse":1.5466821162843096e-14,"cpu_reference_values":248320,"elements":248320,"eligible":false,"graph_buffer_bytes":2989120,"id":"near-k","input_sha256":"976efcf3d7442bbb5a45824bce014ede9f8531372ec4c466328c4b67680565cb","inputs_preserved":true,"k":2304,"m":248320,"max_absolute_error":0.00018177495348936645,"max_bound_ratio":1.4809030845554913e-08,"median_us":0.0,"output_sha256":"e420e7bd270e222ba010c2b291d95dc8dc665bee2421de87f43d55b17e4e72f2","pipeline_primed":false,"rows":1,"scheduler_splits":1,"warmup_iterations":0,"warmup_us":0.0,"weight_sha256":"56b0508225f073b2bb80f53e7fb5a5b44db73e38533928210e8fff9e9fffd8fd"}
M5_HEAD_CASE_BEGIN {"eligible":false,"id":"near-m"}
M5_HEAD_DISPATCH {"requested_nr0":2,"eligible":false,"kernel":"kernel_mul_mv_q5_K_f32","pipeline_key":"kernel_mul_mv_q5_K_f32_nsg=2_ne12=1_r2=1_r3=1_split=0","nr0":1,"nsg":2,"tensors":[{"name":"output.weight","type":"q5_K","ne":[2560,248318,1,1],"nb":[176,1760,437039680,437039680],"view":true,"view_offset":0,"address_mod16":0},{"name":"result_norm","type":"f32","ne":[2560,1,1,1],"nb":[4,10240,10240,10240],"view":false,"view_offset":0,"address_mod16":0},{"name":"result_output","type":"f32","ne":[248318,1,1,1],"nb":[4,993272,993272,993272],"view":false,"view_offset":0,"address_mod16":0}]}
M5_HEAD_CASE {"all_nodes_metal":true,"allocation_bound_bytes":944185408,"block_iterations":[],"block_us":[],"block_us_per_iteration":[],"consumer_chain":"head-top_k10-gather","consumers":[{"above_cutoff":9,"cutoff_ties":1,"ids":[28770,19711,166503,50550,49144,168291,26106,226472,76474,173374],"tie_safe":true,"values":[722.3253784179688,695.7282104492188,686.5211181640625,682.239501953125,663.3927612304688,663.3659057617188,660.9784545898438,644.2107543945313,625.6520385742188,618.1190185546875]}],"cpu_compute_nodes":0,"cpu_nmse":1.6231031435230728e-14,"cpu_reference_values":248318,"elements":248318,"eligible":false,"graph_buffer_bytes":2990144,"id":"near-m","input_sha256":"e43448e020c52b745e6abc6a960033722dd82ba5dc04da38ed3672d6c0592c0a","inputs_preserved":true,"k":2560,"m":248318,"max_absolute_error":0.0005314546147019428,"max_bound_ratio":1.553262058920044e-08,"median_us":0.0,"output_sha256":"8c4f4cb1d4c09d5555cb08867d99aaf00ab726ee2be6883d0c6fcb0f81745d00","pipeline_primed":false,"rows":1,"scheduler_splits":1,"warmup_iterations":0,"warmup_us":0.0,"weight_sha256":"56b0508225f073b2bb80f53e7fb5a5b44db73e38533928210e8fff9e9fffd8fd"}
M5_HEAD_CASE_BEGIN {"eligible":false,"id":"input-padded"}
M5_HEAD_DISPATCH {"requested_nr0":2,"eligible":false,"kernel":"kernel_mul_mv_q5_K_f32","pipeline_key":"kernel_mul_mv_q5_K_f32_nsg=2_ne12=1_r2=1_r3=1_split=0","nr0":1,"nsg":2,"tensors":[{"name":"output.weight","type":"q5_K","ne":[2560,248320,1,1],"nb":[176,1760,437043200,437043200],"view":false,"view_offset":0,"address_mod16":0},{"name":"result_norm","type":"f32","ne":[2560,1,1,1],"nb":[4,10256,10256,10256],"view":true,"view_offset":0,"address_mod16":0},{"name":"result_output","type":"f32","ne":[248320,1,1,1],"nb":[4,993280,993280,993280],"view":false,"view_offset":0,"address_mod16":0}]}
M5_HEAD_CASE {"all_nodes_metal":true,"allocation_bound_bytes":944185440,"block_iterations":[],"block_us":[],"block_us_per_iteration":[],"consumer_chain":"head-top_k10-gather","consumers":[{"above_cutoff":9,"cutoff_ties":1,"ids":[28770,19711,166503,50550,49144,168291,26106,226472,76474,173374],"tie_safe":true,"values":[722.3253784179688,695.7282104492188,686.5211181640625,682.239501953125,663.3927612304688,663.3659057617188,660.9784545898438,644.2107543945313,625.6520385742188,618.1190185546875]}],"cpu_compute_nodes":0,"cpu_nmse":1.6231220938510617e-14,"cpu_reference_values":248320,"elements":248320,"eligible":false,"graph_buffer_bytes":2990176,"id":"input-padded","input_sha256":"f5f33710a21976dc2bb6577932e43d6912ddd3d784a3d8869117cf3aed5a848e","inputs_preserved":true,"k":2560,"m":248320,"max_absolute_error":0.0005314546147019428,"max_bound_ratio":1.553262058920044e-08,"median_us":0.0,"output_sha256":"9568f1471f9b09a036166f13e0136cffac0cda9f8f47b7654bd8d29650f91af4","pipeline_primed":false,"rows":1,"scheduler_splits":1,"warmup_iterations":0,"warmup_us":0.0,"weight_sha256":"56b0508225f073b2bb80f53e7fb5a5b44db73e38533928210e8fff9e9fffd8fd"}
M5_HEAD_CASE_BEGIN {"eligible":false,"id":"input-offset"}
M5_HEAD_DISPATCH {"requested_nr0":2,"eligible":false,"kernel":"kernel_mul_mv_q5_K_f32","pipeline_key":"kernel_mul_mv_q5_K_f32_nsg=2_ne12=1_r2=1_r3=1_split=0","nr0":1,"nsg":2,"tensors":[{"name":"output.weight","type":"q5_K","ne":[2560,248320,1,1],"nb":[176,1760,437043200,437043200],"view":false,"view_offset":0,"address_mod16":0},{"name":"result_norm","type":"f32","ne":[2560,1,1,1],"nb":[4,10256,10256,10256],"view":true,"view_offset":4,"address_mod16":4},{"name":"result_output","type":"f32","ne":[248320,1,1,1],"nb":[4,993280,993280,993280],"view":false,"view_offset":0,"address_mod16":0}]}
M5_HEAD_CASE {"all_nodes_metal":true,"allocation_bound_bytes":944185440,"block_iterations":[],"block_us":[],"block_us_per_iteration":[],"consumer_chain":"head-top_k10-gather","consumers":[{"above_cutoff":9,"cutoff_ties":1,"ids":[28770,19711,166503,50550,49144,168291,26106,226472,76474,173374],"tie_safe":true,"values":[722.3253784179688,695.7282104492188,686.5211181640625,682.239501953125,663.3927612304688,663.3659057617188,660.9784545898438,644.2107543945313,625.6520385742188,618.1190185546875]}],"cpu_compute_nodes":0,"cpu_nmse":1.6231220938510617e-14,"cpu_reference_values":248320,"elements":248320,"eligible":false,"graph_buffer_bytes":2990176,"id":"input-offset","input_sha256":"cee1b2b8122e886adc39b3fd3ffcaf4fc0b35497e1e511bc7051353b19db1c01","inputs_preserved":true,"k":2560,"m":248320,"max_absolute_error":0.0005314546147019428,"max_bound_ratio":1.553262058920044e-08,"median_us":0.0,"output_sha256":"9568f1471f9b09a036166f13e0136cffac0cda9f8f47b7654bd8d29650f91af4","pipeline_primed":false,"rows":1,"scheduler_splits":1,"warmup_iterations":0,"warmup_us":0.0,"weight_sha256":"56b0508225f073b2bb80f53e7fb5a5b44db73e38533928210e8fff9e9fffd8fd"}
M5_HEAD_CASE_BEGIN {"eligible":false,"id":"weight-view"}
M5_HEAD_DISPATCH {"requested_nr0":2,"eligible":false,"kernel":"kernel_mul_mv_q5_K_f32","pipeline_key":"kernel_mul_mv_q5_K_f32_nsg=2_ne12=1_r2=1_r3=1_split=0","nr0":1,"nsg":2,"tensors":[{"name":"output.weight","type":"q5_K","ne":[2560,248320,1,1],"nb":[176,1760,437043200,437043200],"view":true,"view_offset":0,"address_mod16":0},{"name":"result_norm","type":"f32","ne":[2560,1,1,1],"nb":[4,10240,10240,10240],"view":false,"view_offset":0,"address_mod16":0},{"name":"result_output","type":"f32","ne":[248320,1,1,1],"nb":[4,993280,993280,993280],"view":false,"view_offset":0,"address_mod16":0}]}
M5_HEAD_CASE {"all_nodes_metal":true,"allocation_bound_bytes":944185408,"block_iterations":[],"block_us":[],"block_us_per_iteration":[],"consumer_chain":"head-top_k10-gather","consumers":[{"above_cutoff":9,"cutoff_ties":1,"ids":[28770,19711,166503,50550,49144,168291,26106,226472,76474,173374],"tie_safe":true,"values":[722.3253784179688,695.7282104492188,686.5211181640625,682.239501953125,663.3927612304688,663.3659057617188,660.9784545898438,644.2107543945313,625.6520385742188,618.1190185546875]}],"cpu_compute_nodes":0,"cpu_nmse":1.6231220938510617e-14,"cpu_reference_values":248320,"elements":248320,"eligible":false,"graph_buffer_bytes":2990144,"id":"weight-view","input_sha256":"e43448e020c52b745e6abc6a960033722dd82ba5dc04da38ed3672d6c0592c0a","inputs_preserved":true,"k":2560,"m":248320,"max_absolute_error":0.0005314546147019428,"max_bound_ratio":1.553262058920044e-08,"median_us":0.0,"output_sha256":"9568f1471f9b09a036166f13e0136cffac0cda9f8f47b7654bd8d29650f91af4","pipeline_primed":false,"rows":1,"scheduler_splits":1,"warmup_iterations":0,"warmup_us":0.0,"weight_sha256":"56b0508225f073b2bb80f53e7fb5a5b44db73e38533928210e8fff9e9fffd8fd"}
M5_HEAD_CASE_BEGIN {"eligible":false,"id":"wrong-name"}
M5_HEAD_DISPATCH {"requested_nr0":2,"eligible":false,"kernel":"kernel_mul_mv_q5_K_f32","pipeline_key":"kernel_mul_mv_q5_K_f32_nsg=2_ne12=1_r2=1_r3=1_split=0","nr0":1,"nsg":2,"tensors":[{"name":"output.weight","type":"q5_K","ne":[2560,248320,1,1],"nb":[176,1760,437043200,437043200],"view":false,"view_offset":0,"address_mod16":0},{"name":"result_norm","type":"f32","ne":[2560,1,1,1],"nb":[4,10240,10240,10240],"view":false,"view_offset":0,"address_mod16":0},{"name":"other_output","type":"f32","ne":[248320,1,1,1],"nb":[4,993280,993280,993280],"view":false,"view_offset":0,"address_mod16":0}]}
M5_HEAD_CASE {"all_nodes_metal":true,"allocation_bound_bytes":944185408,"block_iterations":[],"block_us":[],"block_us_per_iteration":[],"consumer_chain":"head-top_k10-gather","consumers":[{"above_cutoff":9,"cutoff_ties":1,"ids":[28770,19711,166503,50550,49144,168291,26106,226472,76474,173374],"tie_safe":true,"values":[722.3253784179688,695.7282104492188,686.5211181640625,682.239501953125,663.3927612304688,663.3659057617188,660.9784545898438,644.2107543945313,625.6520385742188,618.1190185546875]}],"cpu_compute_nodes":0,"cpu_nmse":1.6231220938510617e-14,"cpu_reference_values":248320,"elements":248320,"eligible":false,"graph_buffer_bytes":2990144,"id":"wrong-name","input_sha256":"e43448e020c52b745e6abc6a960033722dd82ba5dc04da38ed3672d6c0592c0a","inputs_preserved":true,"k":2560,"m":248320,"max_absolute_error":0.0005314546147019428,"max_bound_ratio":1.553262058920044e-08,"median_us":0.0,"output_sha256":"9568f1471f9b09a036166f13e0136cffac0cda9f8f47b7654bd8d29650f91af4","pipeline_primed":false,"rows":1,"scheduler_splits":1,"warmup_iterations":0,"warmup_us":0.0,"weight_sha256":"56b0508225f073b2bb80f53e7fb5a5b44db73e38533928210e8fff9e9fffd8fd"}
M5_HEAD_CASE_BEGIN {"eligible":false,"id":"weight-padded"}
M5_HEAD_DISPATCH {"requested_nr0":2,"eligible":false,"kernel":"kernel_mul_mv_q5_K_f32","pipeline_key":"kernel_mul_mv_q5_K_f32_nsg=2_ne12=1_r2=1_r3=1_split=0","nr0":1,"nsg":2,"tensors":[{"name":"output.weight","type":"q5_K","ne":[2560,248320,1,1],"nb":[176,1936,480747520,480747520],"view":true,"view_offset":0,"address_mod16":0},{"name":"result_norm","type":"f32","ne":[2560,1,1,1],"nb":[4,10240,10240,10240],"view":false,"view_offset":0,"address_mod16":0},{"name":"result_output","type":"f32","ne":[248320,1,1,1],"nb":[4,993280,993280,993280],"view":false,"view_offset":0,"address_mod16":0}]}
M5_HEAD_CASE {"all_nodes_metal":true,"allocation_bound_bytes":1031594048,"block_iterations":[],"block_us":[],"block_us_per_iteration":[],"consumer_chain":"head-top_k10-gather","consumers":[{"above_cutoff":9,"cutoff_ties":1,"ids":[242790,23634,112289,68352,138477,93349,21974,62695,29268,151375],"tie_safe":true,"values":[682.7352905273438,682.5380859375,668.6663818359375,659.4766845703125,653.8828735351563,646.3870849609375,642.557861328125,640.1155395507813,627.89599609375,626.9208984375]}],"cpu_compute_nodes":0,"cpu_nmse":1.615880491270791e-14,"cpu_reference_values":248320,"elements":248320,"eligible":false,"graph_buffer_bytes":2990144,"id":"weight-padded","input_sha256":"e43448e020c52b745e6abc6a960033722dd82ba5dc04da38ed3672d6c0592c0a","inputs_preserved":true,"k":2560,"m":248320,"max_absolute_error":0.0005314546147019428,"max_bound_ratio":1.4296340795068975e-08,"median_us":0.0,"output_sha256":"ed0909bfcc362b5325d4d8ef0acb39f17b6cc068c0fee5a303d9005e36ce5f62","pipeline_primed":false,"rows":1,"scheduler_splits":1,"warmup_iterations":0,"warmup_us":0.0,"weight_sha256":"9e936988d0fcc34ea5be8173e7759e5f7b2b52ed00bd5258768b068f34219e07"}
M5_HEAD_DONE {"cases":16,"expanded_weight_cache":false,"max_probe_bytes":3221225472,"mode":"check","models_loaded":false,"weights":[{"bytes":437043200,"padded":false,"preserved":true,"sha256":"56b0508225f073b2bb80f53e7fb5a5b44db73e38533928210e8fff9e9fffd8fd"},{"bytes":480747520,"padded":true,"preserved":true,"sha256":"9e936988d0fcc34ea5be8173e7759e5f7b2b52ed00bd5258768b068f34219e07"}],"weights_preserved":true}
ggml_metal_free: deallocating
