ggml_metal_device_init: testing tensor API for f16 support
ggml_metal_library_compile_pipeline: compiling pipeline: base = 'dummy_kernel', name = 'dummy_kernel'
ggml_metal_library_compile_pipeline: loaded dummy_kernel                                  0x105bf5dc0 | th_max = 1024 | th_width =   32
ggml_metal_device_init: testing tensor API for bfloat support
ggml_metal_library_compile_pipeline: compiling pipeline: base = 'dummy_kernel', name = 'dummy_kernel'
ggml_metal_library_compile_pipeline: loaded dummy_kernel                                  0x105bf62c0 | th_max = 1024 | th_width =   32
ggml_metal_library_init: using embedded metal library
ggml_metal_library_compile_all: compiled 'fa_aux' library in 0.000 sec
ggml_metal_library_compile_all: compiled 'fa_f16' library in 0.001 sec
ggml_metal_library_compile_all: compiled 'fa_f32' library in 0.011 sec
ggml_metal_library_compile_all: compiled 'fa_q4_0' library in 0.007 sec
ggml_metal_library_compile_all: compiled 'fa_q4_1' library in 0.013 sec
ggml_metal_library_compile_all: compiled 'fa_q5_0' library in 0.011 sec
ggml_metal_library_compile_all: compiled 'fa_q5_1' library in 0.010 sec
ggml_metal_library_compile_all: compiled 'fa_q8_0' library in 0.005 sec
ggml_metal_library_compile_all: compiled 'fa_vec_f16' library in 0.012 sec
ggml_metal_library_compile_all: compiled 'fa_vec_f32' library in 0.001 sec
ggml_metal_library_compile_all: compiled 'fa_vec_q4_0' library in 0.013 sec
ggml_metal_library_compile_all: compiled 'fa_vec_q4_1' library in 0.002 sec
ggml_metal_library_compile_all: compiled 'fa_vec_q5_0' library in 0.007 sec
ggml_metal_library_compile_all: compiled 'fa_vec_q5_1' library in 0.006 sec
ggml_metal_library_compile_all: compiled 'fa_vec_q8_0' library in 0.008 sec
ggml_metal_library_compile_all: compiled 'mul_mv' library in 0.005 sec
ggml_metal_library_compile_all: compiled 'mul_mv_mma' library in 0.009 sec
ggml_metal_library_compile_all: compiled 'mul_mm' library in 0.003 sec
ggml_metal_library_compile_all: compiled 'quantize' library in 0.010 sec
ggml_metal_library_compile_all: compiled 'softmax' library in 0.001 sec
ggml_metal_library_compile_all: compiled 'norm' library in 0.001 sec
ggml_metal_library_compile_all: compiled 'unary' library in 0.002 sec
ggml_metal_library_compile_all: compiled 'binbcast' library in 0.007 sec
ggml_metal_library_compile_all: compiled 'reduce' library in 0.002 sec
ggml_metal_library_compile_all: compiled 'tri' library in 0.010 sec
ggml_metal_library_compile_all: compiled 'ssm' library in 0.012 sec
ggml_metal_library_compile_all: compiled 'wkv' library in 0.010 sec
ggml_metal_library_compile_all: compiled 'gated_delta_net' library in 0.009 sec
ggml_metal_library_compile_all: compiled 'solve_tri' library in 0.000 sec
ggml_metal_library_compile_all: compiled 'rope' library in 0.006 sec
ggml_metal_library_compile_all: compiled 'conv' library in 0.006 sec
ggml_metal_library_compile_all: compiled 'upscale' library in 0.006 sec
ggml_metal_library_compile_all: compiled 'argsort' library in 0.003 sec
ggml_metal_library_compile_all: compiled 'pool' library in 0.004 sec
ggml_metal_library_compile_all: compiled 'misc' library in 0.001 sec
ggml_metal_library_compile_all: loaded 35 libraries from embedded data in 0.014 sec (max single = 0.013 sec)
ggml_metal_rsets_init: creating a residency set collection (keep_alive = 180 s)
ggml_metal_device_init: GPU name:   MTL0 (Apple M5 Pro)
ggml_metal_device_init: GPU family: MTLGPUFamilyApple10  (1010)
ggml_metal_device_init: GPU family: MTLGPUFamilyMetal4  (5002)
ggml_metal_device_init: simdgroup reduction   = true
ggml_metal_device_init: simdgroup matrix mul. = true
ggml_metal_device_init: has unified memory    = true
ggml_metal_device_init: has bfloat            = true
ggml_metal_device_init: has tensor            = true
ggml_metal_device_init: use residency sets    = true
ggml_metal_device_init: use shared buffers    = true
ggml_metal_device_init: recommendedMaxWorkingSetSize  = 40200.90 MB
ggml_metal_init: allocating
ggml_metal_init: found device: Apple M5 Pro
ggml_metal_init: picking default device: Apple M5 Pro
ggml_metal_init: use fusion         = true
ggml_metal_init: use concurrency    = true
ggml_metal_init: use graph optimize = true
ggml_metal_library_compile_pipeline: compiling pipeline: base = 'kernel_bin_fuse_f32_f32_f32', name = 'kernel_bin_fuse_f32_f32_f32_op=2_nf=1_rb=0_cb=1'
ggml_metal_library_compile_pipeline: loaded kernel_bin_fuse_f32_f32_f32_op=2_nf=1_rb=0_cb=1      0x105c025c0 | th_max = 1024 | th_width =   32
ggml_metal_library_compile_pipeline: compiling pipeline: base = 'kernel_bin_fuse_f32_f32_f32', name = 'kernel_bin_fuse_f32_f32_f32_op=0_nf=7_rb=1_cb=0'
ggml_metal_library_compile_pipeline: loaded kernel_bin_fuse_f32_f32_f32_op=0_nf=7_rb=1_cb=0      0x105c03780 | th_max = 1024 | th_width =   32
ggml_metal_library_compile_pipeline: compiling pipeline: base = 'kernel_bin_fuse_f32_f32_f32', name = 'kernel_bin_fuse_f32_f32_f32_op=0_nf=2_rb=1_cb=0'
ggml_metal_library_compile_pipeline: loaded kernel_bin_fuse_f32_f32_f32_op=0_nf=2_rb=1_cb=0      0x105c03b00 | th_max = 1024 | th_width =   32
M5_REDUCE_CASE {"cpu_bit_differences":0,"cpu_max_abs_error":0.0,"elements":7,"experts":10,"fusions":{"ADD+ADD":5,"ADD+ADD+ADD+ADD+ADD+ADD+ADD":5},"input_preserved":true,"layout":"plain","nan_class_matches":0,"rows":1,"samples":1,"wall_us":197.375,"width":7}
M5_REDUCE_CASE {"cpu_bit_differences":0,"cpu_max_abs_error":0.0,"elements":7,"experts":10,"fusions":{"ADD+ADD":5,"ADD+ADD+ADD+ADD+ADD+ADD+ADD":5},"input_preserved":true,"layout":"strided","nan_class_matches":0,"rows":1,"samples":1,"wall_us":247.791,"width":7}
ggml_metal_library_compile_pipeline: compiling pipeline: base = 'kernel_unary_f32_f32', name = 'kernel_unary_f32_f32_op=13_cnt=1'
ggml_metal_library_compile_pipeline: loaded kernel_unary_f32_f32_op=13_cnt=1             0x74cf304380 | th_max = 1024 | th_width =   32
M5_REDUCE_CASE {"cpu_bit_differences":0,"cpu_max_abs_error":0.0,"elements":7,"experts":10,"fusions":{"ADD+ADD":5,"ADD+ADD+ADD+ADD+ADD+ADD+ADD":5},"input_preserved":true,"layout":"exposed","nan_class_matches":0,"rows":1,"samples":1,"wall_us":190.542,"width":7}
M5_REDUCE_CASE {"cpu_bit_differences":0,"cpu_max_abs_error":0.0,"elements":7,"experts":10,"fusions":{"ADD+ADD":5,"ADD+ADD+ADD+ADD+ADD+ADD+ADD":5},"input_preserved":true,"layout":"reversed","nan_class_matches":0,"rows":1,"samples":1,"wall_us":196.291,"width":7}
M5_REDUCE_CASE {"cpu_bit_differences":0,"cpu_max_abs_error":0.0,"elements":7,"experts":10,"fusions":{"ADD+ADD":5,"ADD+ADD+ADD+ADD+ADD+ADD+ADD":5},"input_preserved":true,"layout":"cancel","nan_class_matches":0,"rows":1,"samples":1,"wall_us":252.709,"width":7}
M5_REDUCE_CASE {"cpu_bit_differences":1,"cpu_max_abs_error":1.1754943508222875e-38,"elements":7,"experts":10,"fusions":{"ADD+ADD":5,"ADD+ADD+ADD+ADD+ADD+ADD+ADD":5},"input_preserved":true,"layout":"special","nan_class_matches":1,"rows":1,"samples":1,"wall_us":204.375,"width":7}
ggml_metal_library_compile_pipeline: compiling pipeline: base = 'kernel_bin_fuse_f32_f32_f32_4', name = 'kernel_bin_fuse_f32_f32_f32_4_op=0_nf=7_rb=1_cb=0'
ggml_metal_library_compile_pipeline: loaded kernel_bin_fuse_f32_f32_f32_4_op=0_nf=7_rb=1_cb=0     0x74cf304700 | th_max = 1024 | th_width =   32
ggml_metal_library_compile_pipeline: compiling pipeline: base = 'kernel_bin_fuse_f32_f32_f32_4', name = 'kernel_bin_fuse_f32_f32_f32_4_op=0_nf=2_rb=1_cb=0'
ggml_metal_library_compile_pipeline: loaded kernel_bin_fuse_f32_f32_f32_4_op=0_nf=2_rb=1_cb=0     0x74cf304a80 | th_max = 1024 | th_width =   32
M5_REDUCE_CASE {"cpu_bit_differences":0,"cpu_max_abs_error":0.0,"elements":2560,"experts":10,"fusions":{"ADD+ADD":5,"ADD+ADD+ADD+ADD+ADD+ADD+ADD":5},"input_preserved":true,"layout":"plain","nan_class_matches":0,"rows":1,"samples":1,"wall_us":272.959,"width":2560}
M5_REDUCE_CASE {"cpu_bit_differences":0,"cpu_max_abs_error":0.0,"elements":2560,"experts":10,"fusions":{"ADD+ADD":5,"ADD+ADD+ADD+ADD+ADD+ADD+ADD":5},"input_preserved":true,"layout":"strided","nan_class_matches":0,"rows":1,"samples":1,"wall_us":270.667,"width":2560}
ggml_metal_library_compile_pipeline: compiling pipeline: base = 'kernel_unary_f32_f32_4', name = 'kernel_unary_f32_f32_4_op=13_cnt=1'
ggml_metal_library_compile_pipeline: loaded kernel_unary_f32_f32_4_op=13_cnt=1           0x74cf304e00 | th_max = 1024 | th_width =   32
M5_REDUCE_CASE {"cpu_bit_differences":0,"cpu_max_abs_error":0.0,"elements":2560,"experts":10,"fusions":{"ADD+ADD":5,"ADD+ADD+ADD+ADD+ADD+ADD+ADD":5},"input_preserved":true,"layout":"exposed","nan_class_matches":0,"rows":1,"samples":1,"wall_us":226.667,"width":2560}
M5_REDUCE_CASE {"cpu_bit_differences":0,"cpu_max_abs_error":0.0,"elements":2560,"experts":10,"fusions":{"ADD+ADD":5,"ADD+ADD+ADD+ADD+ADD+ADD+ADD":5},"input_preserved":true,"layout":"reversed","nan_class_matches":0,"rows":1,"samples":1,"wall_us":206.333,"width":2560}
M5_REDUCE_CASE {"cpu_bit_differences":0,"cpu_max_abs_error":0.0,"elements":2560,"experts":10,"fusions":{"ADD+ADD":5,"ADD+ADD+ADD+ADD+ADD+ADD+ADD":5},"input_preserved":true,"layout":"cancel","nan_class_matches":0,"rows":1,"samples":1,"wall_us":268.291,"width":2560}
M5_REDUCE_CASE {"cpu_bit_differences":365,"cpu_max_abs_error":1.1754943508222875e-38,"elements":2560,"experts":10,"fusions":{"ADD+ADD":5,"ADD+ADD+ADD+ADD+ADD+ADD+ADD":5},"input_preserved":true,"layout":"special","nan_class_matches":366,"rows":1,"samples":1,"wall_us":283.708,"width":2560}
M5_REDUCE_CASE {"cpu_bit_differences":0,"cpu_max_abs_error":0.0,"elements":2563,"experts":10,"fusions":{"ADD+ADD":5,"ADD+ADD+ADD+ADD+ADD+ADD+ADD":5},"input_preserved":true,"layout":"plain","nan_class_matches":0,"rows":1,"samples":1,"wall_us":256.041,"width":2563}
M5_REDUCE_CASE {"cpu_bit_differences":0,"cpu_max_abs_error":0.0,"elements":2563,"experts":10,"fusions":{"ADD+ADD":5,"ADD+ADD+ADD+ADD+ADD+ADD+ADD":5},"input_preserved":true,"layout":"strided","nan_class_matches":0,"rows":1,"samples":1,"wall_us":284.208,"width":2563}
M5_REDUCE_CASE {"cpu_bit_differences":0,"cpu_max_abs_error":0.0,"elements":2563,"experts":10,"fusions":{"ADD+ADD":5,"ADD+ADD+ADD+ADD+ADD+ADD+ADD":5},"input_preserved":true,"layout":"exposed","nan_class_matches":0,"rows":1,"samples":1,"wall_us":257.875,"width":2563}
M5_REDUCE_CASE {"cpu_bit_differences":0,"cpu_max_abs_error":0.0,"elements":2563,"experts":10,"fusions":{"ADD+ADD":5,"ADD+ADD+ADD+ADD+ADD+ADD+ADD":5},"input_preserved":true,"layout":"reversed","nan_class_matches":0,"rows":1,"samples":1,"wall_us":215.208,"width":2563}
M5_REDUCE_CASE {"cpu_bit_differences":0,"cpu_max_abs_error":0.0,"elements":2563,"experts":10,"fusions":{"ADD+ADD":5,"ADD+ADD+ADD+ADD+ADD+ADD+ADD":5},"input_preserved":true,"layout":"cancel","nan_class_matches":0,"rows":1,"samples":1,"wall_us":219.25,"width":2563}
M5_REDUCE_CASE {"cpu_bit_differences":366,"cpu_max_abs_error":1.1754943508222875e-38,"elements":2563,"experts":10,"fusions":{"ADD+ADD":5,"ADD+ADD+ADD+ADD+ADD+ADD+ADD":5},"input_preserved":true,"layout":"special","nan_class_matches":366,"rows":1,"samples":1,"wall_us":277.0,"width":2563}
ggml_metal_library_compile_pipeline: compiling pipeline: base = 'kernel_moe_reduce_f32', name = 'kernel_moe_reduce_f32_n_expert_used=2'
ggml_metal_library_compile_pipeline: loaded kernel_moe_reduce_f32_n_expert_used=2        0x74cf305180 | th_max = 1024 | th_width =   32
M5_REDUCE_CASE {"cpu_bit_differences":14,"cpu_max_abs_error":1.9073486328125e-06,"elements":67,"experts":2,"fusions":{"MUL+ADD":10},"input_preserved":true,"layout":"plain","nan_class_matches":0,"rows":1,"samples":1,"wall_us":178.625,"width":67}
ggml_metal_library_compile_pipeline: compiling pipeline: base = 'kernel_moe_reduce_f32', name = 'kernel_moe_reduce_f32_n_expert_used=3'
ggml_metal_library_compile_pipeline: loaded kernel_moe_reduce_f32_n_expert_used=3        0x74cf304000 | th_max = 1024 | th_width =   32
M5_REDUCE_CASE {"cpu_bit_differences":5,"cpu_max_abs_error":1.9073486328125e-06,"elements":67,"experts":3,"fusions":{"MUL+ADD+ADD":10},"input_preserved":true,"layout":"plain","nan_class_matches":0,"rows":1,"samples":1,"wall_us":261.625,"width":67}
ggml_metal_library_compile_pipeline: compiling pipeline: base = 'kernel_moe_reduce_f32', name = 'kernel_moe_reduce_f32_n_expert_used=4'
ggml_metal_library_compile_pipeline: loaded kernel_moe_reduce_f32_n_expert_used=4        0x74cf305500 | th_max = 1024 | th_width =   32
M5_REDUCE_CASE {"cpu_bit_differences":28,"cpu_max_abs_error":1.9073486328125e-06,"elements":67,"experts":4,"fusions":{"MUL+ADD+ADD+ADD":10},"input_preserved":true,"layout":"plain","nan_class_matches":0,"rows":1,"samples":1,"wall_us":171.583,"width":67}
ggml_metal_library_compile_pipeline: compiling pipeline: base = 'kernel_moe_reduce_f32', name = 'kernel_moe_reduce_f32_n_expert_used=5'
ggml_metal_library_compile_pipeline: loaded kernel_moe_reduce_f32_n_expert_used=5        0x74cf305880 | th_max = 1024 | th_width =   32
M5_REDUCE_CASE {"cpu_bit_differences":23,"cpu_max_abs_error":1.9073486328125e-06,"elements":67,"experts":5,"fusions":{"MUL+ADD+ADD+ADD+ADD":10},"input_preserved":true,"layout":"plain","nan_class_matches":0,"rows":1,"samples":1,"wall_us":246.833,"width":67}
ggml_metal_library_compile_pipeline: compiling pipeline: base = 'kernel_moe_reduce_f32', name = 'kernel_moe_reduce_f32_n_expert_used=6'
ggml_metal_library_compile_pipeline: loaded kernel_moe_reduce_f32_n_expert_used=6        0x74cf305c00 | th_max = 1024 | th_width =   32
M5_REDUCE_CASE {"cpu_bit_differences":34,"cpu_max_abs_error":1.9073486328125e-06,"elements":67,"experts":6,"fusions":{"MUL+ADD+ADD+ADD+ADD+ADD":10},"input_preserved":true,"layout":"plain","nan_class_matches":0,"rows":1,"samples":1,"wall_us":206.042,"width":67}
ggml_metal_library_compile_pipeline: compiling pipeline: base = 'kernel_moe_reduce_f32', name = 'kernel_moe_reduce_f32_n_expert_used=7'
ggml_metal_library_compile_pipeline: loaded kernel_moe_reduce_f32_n_expert_used=7        0x74cf305f80 | th_max = 1024 | th_width =   32
M5_REDUCE_CASE {"cpu_bit_differences":25,"cpu_max_abs_error":9.5367431640625e-07,"elements":67,"experts":7,"fusions":{"MUL+ADD+ADD+ADD+ADD+ADD+ADD":10},"input_preserved":true,"layout":"plain","nan_class_matches":0,"rows":1,"samples":1,"wall_us":222.333,"width":67}
ggml_metal_library_compile_pipeline: compiling pipeline: base = 'kernel_moe_reduce_f32', name = 'kernel_moe_reduce_f32_n_expert_used=8'
ggml_metal_library_compile_pipeline: loaded kernel_moe_reduce_f32_n_expert_used=8        0x74cf306300 | th_max = 1024 | th_width =   32
M5_REDUCE_CASE {"cpu_bit_differences":33,"cpu_max_abs_error":9.5367431640625e-07,"elements":67,"experts":8,"fusions":{"MUL+ADD+ADD+ADD+ADD+ADD+ADD+ADD":10},"input_preserved":true,"layout":"plain","nan_class_matches":0,"rows":1,"samples":1,"wall_us":220.583,"width":67}
ggml_metal_library_compile_pipeline: compiling pipeline: base = 'kernel_bin_fuse_f32_f32_f32', name = 'kernel_bin_fuse_f32_f32_f32_op=0_nf=1_rb=1_cb=0'
ggml_metal_library_compile_pipeline: loaded kernel_bin_fuse_f32_f32_f32_op=0_nf=1_rb=1_cb=0     0x74cf306680 | th_max = 1024 | th_width =   32
M5_REDUCE_CASE {"cpu_bit_differences":0,"cpu_max_abs_error":0.0,"elements":67,"experts":9,"fusions":{"ADD+ADD+ADD+ADD+ADD+ADD+ADD":5},"input_preserved":true,"layout":"plain","nan_class_matches":0,"rows":1,"samples":1,"wall_us":190.5,"width":67}
ggml_metal_library_compile_pipeline: compiling pipeline: base = 'kernel_bin_fuse_f32_f32_f32', name = 'kernel_bin_fuse_f32_f32_f32_op=0_nf=3_rb=1_cb=0'
ggml_metal_library_compile_pipeline: loaded kernel_bin_fuse_f32_f32_f32_op=0_nf=3_rb=1_cb=0     0x74cf306a00 | th_max = 1024 | th_width =   32
M5_REDUCE_CASE {"cpu_bit_differences":0,"cpu_max_abs_error":0.0,"elements":67,"experts":11,"fusions":{"ADD+ADD+ADD":5,"ADD+ADD+ADD+ADD+ADD+ADD+ADD":5},"input_preserved":true,"layout":"plain","nan_class_matches":0,"rows":1,"samples":1,"wall_us":227.791,"width":67}
ggml_metal_library_compile_pipeline: compiling pipeline: base = 'kernel_bin_fuse_f32_f32_f32', name = 'kernel_bin_fuse_f32_f32_f32_op=0_nf=7_rb=0_cb=0'
ggml_metal_library_compile_pipeline: loaded kernel_bin_fuse_f32_f32_f32_op=0_nf=7_rb=0_cb=0     0x74cf306d80 | th_max = 1024 | th_width =   32
ggml_metal_library_compile_pipeline: compiling pipeline: base = 'kernel_bin_fuse_f32_f32_f32', name = 'kernel_bin_fuse_f32_f32_f32_op=0_nf=2_rb=0_cb=0'
ggml_metal_library_compile_pipeline: loaded kernel_bin_fuse_f32_f32_f32_op=0_nf=2_rb=0_cb=0     0x74cf307480 | th_max = 1024 | th_width =   32
M5_REDUCE_CASE {"cpu_bit_differences":0,"cpu_max_abs_error":0.0,"elements":21,"experts":10,"fusions":{"ADD+ADD":5,"ADD+ADD+ADD+ADD+ADD+ADD+ADD":5},"input_preserved":true,"layout":"plain","nan_class_matches":0,"rows":3,"samples":1,"wall_us":244.417,"width":7}
M5_REDUCE_CASE {"cpu_bit_differences":0,"cpu_max_abs_error":0.0,"elements":21,"experts":10,"fusions":{"ADD+ADD":5,"ADD+ADD+ADD+ADD+ADD+ADD+ADD":5},"input_preserved":true,"layout":"strided","nan_class_matches":0,"rows":3,"samples":1,"wall_us":271.958,"width":7}
M5_REDUCE_CASE {"cpu_bit_differences":0,"cpu_max_abs_error":0.0,"elements":21,"experts":10,"fusions":{"ADD+ADD":5,"ADD+ADD+ADD+ADD+ADD+ADD+ADD":5},"input_preserved":true,"layout":"exposed","nan_class_matches":0,"rows":3,"samples":1,"wall_us":216.167,"width":7}
M5_REDUCE_CASE {"cpu_bit_differences":0,"cpu_max_abs_error":0.0,"elements":21,"experts":10,"fusions":{"ADD+ADD":5,"ADD+ADD+ADD+ADD+ADD+ADD+ADD":5},"input_preserved":true,"layout":"reversed","nan_class_matches":0,"rows":3,"samples":1,"wall_us":203.583,"width":7}
M5_REDUCE_CASE {"cpu_bit_differences":0,"cpu_max_abs_error":0.0,"elements":21,"experts":10,"fusions":{"ADD+ADD":5,"ADD+ADD+ADD+ADD+ADD+ADD+ADD":5},"input_preserved":true,"layout":"cancel","nan_class_matches":0,"rows":3,"samples":1,"wall_us":198.959,"width":7}
M5_REDUCE_CASE {"cpu_bit_differences":3,"cpu_max_abs_error":1.1754943508222875e-38,"elements":21,"experts":10,"fusions":{"ADD+ADD":5,"ADD+ADD+ADD+ADD+ADD+ADD+ADD":5},"input_preserved":true,"layout":"special","nan_class_matches":3,"rows":3,"samples":1,"wall_us":230.417,"width":7}
ggml_metal_library_compile_pipeline: compiling pipeline: base = 'kernel_bin_fuse_f32_f32_f32_4', name = 'kernel_bin_fuse_f32_f32_f32_4_op=0_nf=7_rb=0_cb=0'
ggml_metal_library_compile_pipeline: loaded kernel_bin_fuse_f32_f32_f32_4_op=0_nf=7_rb=0_cb=0     0x74cf307800 | th_max = 1024 | th_width =   32
ggml_metal_library_compile_pipeline: compiling pipeline: base = 'kernel_bin_fuse_f32_f32_f32_4', name = 'kernel_bin_fuse_f32_f32_f32_4_op=0_nf=2_rb=0_cb=0'
ggml_metal_library_compile_pipeline: loaded kernel_bin_fuse_f32_f32_f32_4_op=0_nf=2_rb=0_cb=0     0x74cf307b80 | th_max = 1024 | th_width =   32
M5_REDUCE_CASE {"cpu_bit_differences":0,"cpu_max_abs_error":0.0,"elements":7680,"experts":10,"fusions":{"ADD+ADD":5,"ADD+ADD+ADD+ADD+ADD+ADD+ADD":5},"input_preserved":true,"layout":"plain","nan_class_matches":0,"rows":3,"samples":1,"wall_us":199.084,"width":2560}
M5_REDUCE_CASE {"cpu_bit_differences":0,"cpu_max_abs_error":0.0,"elements":7680,"experts":10,"fusions":{"ADD+ADD":5,"ADD+ADD+ADD+ADD+ADD+ADD+ADD":5},"input_preserved":true,"layout":"strided","nan_class_matches":0,"rows":3,"samples":1,"wall_us":205.792,"width":2560}
ggml_metal_library_compile_pipeline: compiling pipeline: base = 'kernel_unary_f32_f32_4', name = 'kernel_unary_f32_f32_4_op=13_cnt=0'
ggml_metal_library_compile_pipeline: loaded kernel_unary_f32_f32_4_op=13_cnt=0           0x74cf324000 | th_max = 1024 | th_width =   32
M5_REDUCE_CASE {"cpu_bit_differences":0,"cpu_max_abs_error":0.0,"elements":7680,"experts":10,"fusions":{"ADD+ADD":5,"ADD+ADD+ADD+ADD+ADD+ADD+ADD":5},"input_preserved":true,"layout":"exposed","nan_class_matches":0,"rows":3,"samples":1,"wall_us":239.5,"width":2560}
M5_REDUCE_CASE {"cpu_bit_differences":0,"cpu_max_abs_error":0.0,"elements":7680,"experts":10,"fusions":{"ADD+ADD":5,"ADD+ADD+ADD+ADD+ADD+ADD+ADD":5},"input_preserved":true,"layout":"reversed","nan_class_matches":0,"rows":3,"samples":1,"wall_us":253.5,"width":2560}
M5_REDUCE_CASE {"cpu_bit_differences":0,"cpu_max_abs_error":0.0,"elements":7680,"experts":10,"fusions":{"ADD+ADD":5,"ADD+ADD+ADD+ADD+ADD+ADD+ADD":5},"input_preserved":true,"layout":"cancel","nan_class_matches":0,"rows":3,"samples":1,"wall_us":249.959,"width":2560}
M5_REDUCE_CASE {"cpu_bit_differences":1095,"cpu_max_abs_error":1.1754943508222875e-38,"elements":7680,"experts":10,"fusions":{"ADD+ADD":5,"ADD+ADD+ADD+ADD+ADD+ADD+ADD":5},"input_preserved":true,"layout":"special","nan_class_matches":1098,"rows":3,"samples":1,"wall_us":264.125,"width":2560}
M5_REDUCE_CASE {"cpu_bit_differences":0,"cpu_max_abs_error":0.0,"elements":7689,"experts":10,"fusions":{"ADD+ADD":5,"ADD+ADD+ADD+ADD+ADD+ADD+ADD":5},"input_preserved":true,"layout":"plain","nan_class_matches":0,"rows":3,"samples":1,"wall_us":258.625,"width":2563}
M5_REDUCE_CASE {"cpu_bit_differences":0,"cpu_max_abs_error":0.0,"elements":7689,"experts":10,"fusions":{"ADD+ADD":5,"ADD+ADD+ADD+ADD+ADD+ADD+ADD":5},"input_preserved":true,"layout":"strided","nan_class_matches":0,"rows":3,"samples":1,"wall_us":202.75,"width":2563}
ggml_metal_library_compile_pipeline: compiling pipeline: base = 'kernel_unary_f32_f32', name = 'kernel_unary_f32_f32_op=13_cnt=0'
ggml_metal_library_compile_pipeline: loaded kernel_unary_f32_f32_op=13_cnt=0             0x74cf324700 | th_max = 1024 | th_width =   32
M5_REDUCE_CASE {"cpu_bit_differences":0,"cpu_max_abs_error":0.0,"elements":7689,"experts":10,"fusions":{"ADD+ADD":5,"ADD+ADD+ADD+ADD+ADD+ADD+ADD":5},"input_preserved":true,"layout":"exposed","nan_class_matches":0,"rows":3,"samples":1,"wall_us":272.583,"width":2563}
M5_REDUCE_CASE {"cpu_bit_differences":0,"cpu_max_abs_error":0.0,"elements":7689,"experts":10,"fusions":{"ADD+ADD":5,"ADD+ADD+ADD+ADD+ADD+ADD+ADD":5},"input_preserved":true,"layout":"reversed","nan_class_matches":0,"rows":3,"samples":1,"wall_us":221.291,"width":2563}
M5_REDUCE_CASE {"cpu_bit_differences":0,"cpu_max_abs_error":0.0,"elements":7689,"experts":10,"fusions":{"ADD+ADD":5,"ADD+ADD+ADD+ADD+ADD+ADD+ADD":5},"input_preserved":true,"layout":"cancel","nan_class_matches":0,"rows":3,"samples":1,"wall_us":249.792,"width":2563}
M5_REDUCE_CASE {"cpu_bit_differences":1098,"cpu_max_abs_error":1.1754943508222875e-38,"elements":7689,"experts":10,"fusions":{"ADD+ADD":5,"ADD+ADD+ADD+ADD+ADD+ADD+ADD":5},"input_preserved":true,"layout":"special","nan_class_matches":1098,"rows":3,"samples":1,"wall_us":249.5,"width":2563}
M5_REDUCE_CASE {"cpu_bit_differences":62,"cpu_max_abs_error":1.9073486328125e-06,"elements":201,"experts":2,"fusions":{"MUL+ADD":10},"input_preserved":true,"layout":"plain","nan_class_matches":0,"rows":3,"samples":1,"wall_us":201.291,"width":67}
M5_REDUCE_CASE {"cpu_bit_differences":25,"cpu_max_abs_error":1.9073486328125e-06,"elements":201,"experts":3,"fusions":{"MUL+ADD+ADD":10},"input_preserved":true,"layout":"plain","nan_class_matches":0,"rows":3,"samples":1,"wall_us":168.167,"width":67}
M5_REDUCE_CASE {"cpu_bit_differences":80,"cpu_max_abs_error":1.9073486328125e-06,"elements":201,"experts":4,"fusions":{"MUL+ADD+ADD+ADD":10},"input_preserved":true,"layout":"plain","nan_class_matches":0,"rows":3,"samples":1,"wall_us":186.167,"width":67}
M5_REDUCE_CASE {"cpu_bit_differences":89,"cpu_max_abs_error":1.9073486328125e-06,"elements":201,"experts":5,"fusions":{"MUL+ADD+ADD+ADD+ADD":10},"input_preserved":true,"layout":"plain","nan_class_matches":0,"rows":3,"samples":1,"wall_us":166.333,"width":67}
M5_REDUCE_CASE {"cpu_bit_differences":89,"cpu_max_abs_error":1.9073486328125e-06,"elements":201,"experts":6,"fusions":{"MUL+ADD+ADD+ADD+ADD+ADD":10},"input_preserved":true,"layout":"plain","nan_class_matches":0,"rows":3,"samples":1,"wall_us":253.25,"width":67}
M5_REDUCE_CASE {"cpu_bit_differences":71,"cpu_max_abs_error":1.9073486328125e-06,"elements":201,"experts":7,"fusions":{"MUL+ADD+ADD+ADD+ADD+ADD+ADD":10},"input_preserved":true,"layout":"plain","nan_class_matches":0,"rows":3,"samples":1,"wall_us":280.875,"width":67}
M5_REDUCE_CASE {"cpu_bit_differences":111,"cpu_max_abs_error":9.5367431640625e-07,"elements":201,"experts":8,"fusions":{"MUL+ADD+ADD+ADD+ADD+ADD+ADD+ADD":10},"input_preserved":true,"layout":"plain","nan_class_matches":0,"rows":3,"samples":1,"wall_us":172.833,"width":67}
ggml_metal_library_compile_pipeline: compiling pipeline: base = 'kernel_bin_fuse_f32_f32_f32', name = 'kernel_bin_fuse_f32_f32_f32_op=0_nf=1_rb=0_cb=0'
ggml_metal_library_compile_pipeline: loaded kernel_bin_fuse_f32_f32_f32_op=0_nf=1_rb=0_cb=0     0x74cf324380 | th_max = 1024 | th_width =   32
M5_REDUCE_CASE {"cpu_bit_differences":0,"cpu_max_abs_error":0.0,"elements":201,"experts":9,"fusions":{"ADD+ADD+ADD+ADD+ADD+ADD+ADD":5},"input_preserved":true,"layout":"plain","nan_class_matches":0,"rows":3,"samples":1,"wall_us":227.958,"width":67}
ggml_metal_library_compile_pipeline: compiling pipeline: base = 'kernel_bin_fuse_f32_f32_f32', name = 'kernel_bin_fuse_f32_f32_f32_op=0_nf=3_rb=0_cb=0'
ggml_metal_library_compile_pipeline: loaded kernel_bin_fuse_f32_f32_f32_op=0_nf=3_rb=0_cb=0     0x74cf324a80 | th_max = 1024 | th_width =   32
M5_REDUCE_CASE {"cpu_bit_differences":0,"cpu_max_abs_error":0.0,"elements":201,"experts":11,"fusions":{"ADD+ADD+ADD":5,"ADD+ADD+ADD+ADD+ADD+ADD+ADD":5},"input_preserved":true,"layout":"plain","nan_class_matches":0,"rows":3,"samples":1,"wall_us":241.625,"width":67}
M5_REDUCE_CASE {"cpu_bit_differences":0,"cpu_max_abs_error":0.0,"elements":28,"experts":10,"fusions":{"ADD+ADD":5,"ADD+ADD+ADD+ADD+ADD+ADD+ADD":5},"input_preserved":true,"layout":"plain","nan_class_matches":0,"rows":4,"samples":1,"wall_us":183.667,"width":7}
M5_REDUCE_CASE {"cpu_bit_differences":0,"cpu_max_abs_error":0.0,"elements":28,"experts":10,"fusions":{"ADD+ADD":5,"ADD+ADD+ADD+ADD+ADD+ADD+ADD":5},"input_preserved":true,"layout":"strided","nan_class_matches":0,"rows":4,"samples":1,"wall_us":173.167,"width":7}
M5_REDUCE_CASE {"cpu_bit_differences":0,"cpu_max_abs_error":0.0,"elements":28,"experts":10,"fusions":{"ADD+ADD":5,"ADD+ADD+ADD+ADD+ADD+ADD+ADD":5},"input_preserved":true,"layout":"exposed","nan_class_matches":0,"rows":4,"samples":1,"wall_us":268.875,"width":7}
M5_REDUCE_CASE {"cpu_bit_differences":0,"cpu_max_abs_error":0.0,"elements":28,"experts":10,"fusions":{"ADD+ADD":5,"ADD+ADD+ADD+ADD+ADD+ADD+ADD":5},"input_preserved":true,"layout":"reversed","nan_class_matches":0,"rows":4,"samples":1,"wall_us":222.958,"width":7}
M5_REDUCE_CASE {"cpu_bit_differences":0,"cpu_max_abs_error":0.0,"elements":28,"experts":10,"fusions":{"ADD+ADD":5,"ADD+ADD+ADD+ADD+ADD+ADD+ADD":5},"input_preserved":true,"layout":"cancel","nan_class_matches":0,"rows":4,"samples":1,"wall_us":206.958,"width":7}
M5_REDUCE_CASE {"cpu_bit_differences":4,"cpu_max_abs_error":1.1754943508222875e-38,"elements":28,"experts":10,"fusions":{"ADD+ADD":5,"ADD+ADD+ADD+ADD+ADD+ADD+ADD":5},"input_preserved":true,"layout":"special","nan_class_matches":4,"rows":4,"samples":1,"wall_us":245.584,"width":7}
M5_REDUCE_CASE {"cpu_bit_differences":0,"cpu_max_abs_error":0.0,"elements":10240,"experts":10,"fusions":{"ADD+ADD":5,"ADD+ADD+ADD+ADD+ADD+ADD+ADD":5},"input_preserved":true,"layout":"plain","nan_class_matches":0,"rows":4,"samples":1,"wall_us":259.042,"width":2560}
M5_REDUCE_CASE {"cpu_bit_differences":0,"cpu_max_abs_error":0.0,"elements":10240,"experts":10,"fusions":{"ADD+ADD":5,"ADD+ADD+ADD+ADD+ADD+ADD+ADD":5},"input_preserved":true,"layout":"strided","nan_class_matches":0,"rows":4,"samples":1,"wall_us":181.875,"width":2560}
M5_REDUCE_CASE {"cpu_bit_differences":0,"cpu_max_abs_error":0.0,"elements":10240,"experts":10,"fusions":{"ADD+ADD":5,"ADD+ADD+ADD+ADD+ADD+ADD+ADD":5},"input_preserved":true,"layout":"exposed","nan_class_matches":0,"rows":4,"samples":1,"wall_us":239.958,"width":2560}
M5_REDUCE_CASE {"cpu_bit_differences":0,"cpu_max_abs_error":0.0,"elements":10240,"experts":10,"fusions":{"ADD+ADD":5,"ADD+ADD+ADD+ADD+ADD+ADD+ADD":5},"input_preserved":true,"layout":"reversed","nan_class_matches":0,"rows":4,"samples":1,"wall_us":235.75,"width":2560}
M5_REDUCE_CASE {"cpu_bit_differences":0,"cpu_max_abs_error":0.0,"elements":10240,"experts":10,"fusions":{"ADD+ADD":5,"ADD+ADD+ADD+ADD+ADD+ADD+ADD":5},"input_preserved":true,"layout":"cancel","nan_class_matches":0,"rows":4,"samples":1,"wall_us":206.125,"width":2560}
M5_REDUCE_CASE {"cpu_bit_differences":1460,"cpu_max_abs_error":1.1754943508222875e-38,"elements":10240,"experts":10,"fusions":{"ADD+ADD":5,"ADD+ADD+ADD+ADD+ADD+ADD+ADD":5},"input_preserved":true,"layout":"special","nan_class_matches":1464,"rows":4,"samples":1,"wall_us":179.292,"width":2560}
M5_REDUCE_CASE {"cpu_bit_differences":0,"cpu_max_abs_error":0.0,"elements":10252,"experts":10,"fusions":{"ADD+ADD":5,"ADD+ADD+ADD+ADD+ADD+ADD+ADD":5},"input_preserved":true,"layout":"plain","nan_class_matches":0,"rows":4,"samples":1,"wall_us":174.375,"width":2563}
M5_REDUCE_CASE {"cpu_bit_differences":0,"cpu_max_abs_error":0.0,"elements":10252,"experts":10,"fusions":{"ADD+ADD":5,"ADD+ADD+ADD+ADD+ADD+ADD+ADD":5},"input_preserved":true,"layout":"strided","nan_class_matches":0,"rows":4,"samples":1,"wall_us":244.333,"width":2563}
M5_REDUCE_CASE {"cpu_bit_differences":0,"cpu_max_abs_error":0.0,"elements":10252,"experts":10,"fusions":{"ADD+ADD":5,"ADD+ADD+ADD+ADD+ADD+ADD+ADD":5},"input_preserved":true,"layout":"exposed","nan_class_matches":0,"rows":4,"samples":1,"wall_us":192.292,"width":2563}
M5_REDUCE_CASE {"cpu_bit_differences":0,"cpu_max_abs_error":0.0,"elements":10252,"experts":10,"fusions":{"ADD+ADD":5,"ADD+ADD+ADD+ADD+ADD+ADD+ADD":5},"input_preserved":true,"layout":"reversed","nan_class_matches":0,"rows":4,"samples":1,"wall_us":256.833,"width":2563}
M5_REDUCE_CASE {"cpu_bit_differences":0,"cpu_max_abs_error":0.0,"elements":10252,"experts":10,"fusions":{"ADD+ADD":5,"ADD+ADD+ADD+ADD+ADD+ADD+ADD":5},"input_preserved":true,"layout":"cancel","nan_class_matches":0,"rows":4,"samples":1,"wall_us":169.458,"width":2563}
M5_REDUCE_CASE {"cpu_bit_differences":1464,"cpu_max_abs_error":1.1754943508222875e-38,"elements":10252,"experts":10,"fusions":{"ADD+ADD":5,"ADD+ADD+ADD+ADD+ADD+ADD+ADD":5},"input_preserved":true,"layout":"special","nan_class_matches":1464,"rows":4,"samples":1,"wall_us":173.167,"width":2563}
M5_REDUCE_CASE {"cpu_bit_differences":85,"cpu_max_abs_error":1.9073486328125e-06,"elements":268,"experts":2,"fusions":{"MUL+ADD":10},"input_preserved":true,"layout":"plain","nan_class_matches":0,"rows":4,"samples":1,"wall_us":199.667,"width":67}
M5_REDUCE_CASE {"cpu_bit_differences":29,"cpu_max_abs_error":1.9073486328125e-06,"elements":268,"experts":3,"fusions":{"MUL+ADD+ADD":10},"input_preserved":true,"layout":"plain","nan_class_matches":0,"rows":4,"samples":1,"wall_us":219.417,"width":67}
M5_REDUCE_CASE {"cpu_bit_differences":105,"cpu_max_abs_error":1.9073486328125e-06,"elements":268,"experts":4,"fusions":{"MUL+ADD+ADD+ADD":10},"input_preserved":true,"layout":"plain","nan_class_matches":0,"rows":4,"samples":1,"wall_us":173.25,"width":67}
M5_REDUCE_CASE {"cpu_bit_differences":122,"cpu_max_abs_error":1.9073486328125e-06,"elements":268,"experts":5,"fusions":{"MUL+ADD+ADD+ADD+ADD":10},"input_preserved":true,"layout":"plain","nan_class_matches":0,"rows":4,"samples":1,"wall_us":262.125,"width":67}
M5_REDUCE_CASE {"cpu_bit_differences":122,"cpu_max_abs_error":1.9073486328125e-06,"elements":268,"experts":6,"fusions":{"MUL+ADD+ADD+ADD+ADD+ADD":10},"input_preserved":true,"layout":"plain","nan_class_matches":0,"rows":4,"samples":1,"wall_us":279.75,"width":67}
M5_REDUCE_CASE {"cpu_bit_differences":95,"cpu_max_abs_error":1.9073486328125e-06,"elements":268,"experts":7,"fusions":{"MUL+ADD+ADD+ADD+ADD+ADD+ADD":10},"input_preserved":true,"layout":"plain","nan_class_matches":0,"rows":4,"samples":1,"wall_us":254.458,"width":67}
M5_REDUCE_CASE {"cpu_bit_differences":147,"cpu_max_abs_error":9.5367431640625e-07,"elements":268,"experts":8,"fusions":{"MUL+ADD+ADD+ADD+ADD+ADD+ADD+ADD":10},"input_preserved":true,"layout":"plain","nan_class_matches":0,"rows":4,"samples":1,"wall_us":228.5,"width":67}
M5_REDUCE_CASE {"cpu_bit_differences":0,"cpu_max_abs_error":0.0,"elements":268,"experts":9,"fusions":{"ADD+ADD+ADD+ADD+ADD+ADD+ADD":5},"input_preserved":true,"layout":"plain","nan_class_matches":0,"rows":4,"samples":1,"wall_us":233.0,"width":67}
M5_REDUCE_CASE {"cpu_bit_differences":0,"cpu_max_abs_error":0.0,"elements":268,"experts":11,"fusions":{"ADD+ADD+ADD":5,"ADD+ADD+ADD+ADD+ADD+ADD+ADD":5},"input_preserved":true,"layout":"plain","nan_class_matches":0,"rows":4,"samples":1,"wall_us":288.083,"width":67}
M5_REDUCE_CASE {"cpu_bit_differences":0,"cpu_max_abs_error":0.0,"elements":35,"experts":10,"fusions":{"ADD+ADD":5,"ADD+ADD+ADD+ADD+ADD+ADD+ADD":5},"input_preserved":true,"layout":"plain","nan_class_matches":0,"rows":5,"samples":1,"wall_us":239.291,"width":7}
M5_REDUCE_CASE {"cpu_bit_differences":0,"cpu_max_abs_error":0.0,"elements":35,"experts":10,"fusions":{"ADD+ADD":5,"ADD+ADD+ADD+ADD+ADD+ADD+ADD":5},"input_preserved":true,"layout":"strided","nan_class_matches":0,"rows":5,"samples":1,"wall_us":261.125,"width":7}
M5_REDUCE_CASE {"cpu_bit_differences":0,"cpu_max_abs_error":0.0,"elements":35,"experts":10,"fusions":{"ADD+ADD":5,"ADD+ADD+ADD+ADD+ADD+ADD+ADD":5},"input_preserved":true,"layout":"exposed","nan_class_matches":0,"rows":5,"samples":1,"wall_us":162.583,"width":7}
M5_REDUCE_CASE {"cpu_bit_differences":0,"cpu_max_abs_error":0.0,"elements":35,"experts":10,"fusions":{"ADD+ADD":5,"ADD+ADD+ADD+ADD+ADD+ADD+ADD":5},"input_preserved":true,"layout":"reversed","nan_class_matches":0,"rows":5,"samples":1,"wall_us":261.875,"width":7}
M5_REDUCE_CASE {"cpu_bit_differences":0,"cpu_max_abs_error":0.0,"elements":35,"experts":10,"fusions":{"ADD+ADD":5,"ADD+ADD+ADD+ADD+ADD+ADD+ADD":5},"input_preserved":true,"layout":"cancel","nan_class_matches":0,"rows":5,"samples":1,"wall_us":204.375,"width":7}
M5_REDUCE_CASE {"cpu_bit_differences":5,"cpu_max_abs_error":1.1754943508222875e-38,"elements":35,"experts":10,"fusions":{"ADD+ADD":5,"ADD+ADD+ADD+ADD+ADD+ADD+ADD":5},"input_preserved":true,"layout":"special","nan_class_matches":5,"rows":5,"samples":1,"wall_us":266.416,"width":7}
M5_REDUCE_CASE {"cpu_bit_differences":0,"cpu_max_abs_error":0.0,"elements":12800,"experts":10,"fusions":{"ADD+ADD":5,"ADD+ADD+ADD+ADD+ADD+ADD+ADD":5},"input_preserved":true,"layout":"plain","nan_class_matches":0,"rows":5,"samples":1,"wall_us":276.875,"width":2560}
M5_REDUCE_CASE {"cpu_bit_differences":0,"cpu_max_abs_error":0.0,"elements":12800,"experts":10,"fusions":{"ADD+ADD":5,"ADD+ADD+ADD+ADD+ADD+ADD+ADD":5},"input_preserved":true,"layout":"strided","nan_class_matches":0,"rows":5,"samples":1,"wall_us":227.541,"width":2560}
M5_REDUCE_CASE {"cpu_bit_differences":0,"cpu_max_abs_error":0.0,"elements":12800,"experts":10,"fusions":{"ADD+ADD":5,"ADD+ADD+ADD+ADD+ADD+ADD+ADD":5},"input_preserved":true,"layout":"exposed","nan_class_matches":0,"rows":5,"samples":1,"wall_us":208.541,"width":2560}
M5_REDUCE_CASE {"cpu_bit_differences":0,"cpu_max_abs_error":0.0,"elements":12800,"experts":10,"fusions":{"ADD+ADD":5,"ADD+ADD+ADD+ADD+ADD+ADD+ADD":5},"input_preserved":true,"layout":"reversed","nan_class_matches":0,"rows":5,"samples":1,"wall_us":235.292,"width":2560}
M5_REDUCE_CASE {"cpu_bit_differences":0,"cpu_max_abs_error":0.0,"elements":12800,"experts":10,"fusions":{"ADD+ADD":5,"ADD+ADD+ADD+ADD+ADD+ADD+ADD":5},"input_preserved":true,"layout":"cancel","nan_class_matches":0,"rows":5,"samples":1,"wall_us":252.042,"width":2560}
M5_REDUCE_CASE {"cpu_bit_differences":1825,"cpu_max_abs_error":1.1754943508222875e-38,"elements":12800,"experts":10,"fusions":{"ADD+ADD":5,"ADD+ADD+ADD+ADD+ADD+ADD+ADD":5},"input_preserved":true,"layout":"special","nan_class_matches":1830,"rows":5,"samples":1,"wall_us":181.125,"width":2560}
M5_REDUCE_CASE {"cpu_bit_differences":0,"cpu_max_abs_error":0.0,"elements":12815,"experts":10,"fusions":{"ADD+ADD":5,"ADD+ADD+ADD+ADD+ADD+ADD+ADD":5},"input_preserved":true,"layout":"plain","nan_class_matches":0,"rows":5,"samples":1,"wall_us":182.542,"width":2563}
M5_REDUCE_CASE {"cpu_bit_differences":0,"cpu_max_abs_error":0.0,"elements":12815,"experts":10,"fusions":{"ADD+ADD":5,"ADD+ADD+ADD+ADD+ADD+ADD+ADD":5},"input_preserved":true,"layout":"strided","nan_class_matches":0,"rows":5,"samples":1,"wall_us":180.042,"width":2563}
M5_REDUCE_CASE {"cpu_bit_differences":0,"cpu_max_abs_error":0.0,"elements":12815,"experts":10,"fusions":{"ADD+ADD":5,"ADD+ADD+ADD+ADD+ADD+ADD+ADD":5},"input_preserved":true,"layout":"exposed","nan_class_matches":0,"rows":5,"samples":1,"wall_us":180.292,"width":2563}
M5_REDUCE_CASE {"cpu_bit_differences":0,"cpu_max_abs_error":0.0,"elements":12815,"experts":10,"fusions":{"ADD+ADD":5,"ADD+ADD+ADD+ADD+ADD+ADD+ADD":5},"input_preserved":true,"layout":"reversed","nan_class_matches":0,"rows":5,"samples":1,"wall_us":250.584,"width":2563}
M5_REDUCE_CASE {"cpu_bit_differences":0,"cpu_max_abs_error":0.0,"elements":12815,"experts":10,"fusions":{"ADD+ADD":5,"ADD+ADD+ADD+ADD+ADD+ADD+ADD":5},"input_preserved":true,"layout":"cancel","nan_class_matches":0,"rows":5,"samples":1,"wall_us":177.916,"width":2563}
M5_REDUCE_CASE {"cpu_bit_differences":1830,"cpu_max_abs_error":1.1754943508222875e-38,"elements":12815,"experts":10,"fusions":{"ADD+ADD":5,"ADD+ADD+ADD+ADD+ADD+ADD+ADD":5},"input_preserved":true,"layout":"special","nan_class_matches":1830,"rows":5,"samples":1,"wall_us":168.75,"width":2563}
M5_REDUCE_CASE {"cpu_bit_differences":105,"cpu_max_abs_error":1.9073486328125e-06,"elements":335,"experts":2,"fusions":{"MUL+ADD":10},"input_preserved":true,"layout":"plain","nan_class_matches":0,"rows":5,"samples":1,"wall_us":159.458,"width":67}
M5_REDUCE_CASE {"cpu_bit_differences":42,"cpu_max_abs_error":1.9073486328125e-06,"elements":335,"experts":3,"fusions":{"MUL+ADD+ADD":10},"input_preserved":true,"layout":"plain","nan_class_matches":0,"rows":5,"samples":1,"wall_us":153.958,"width":67}
M5_REDUCE_CASE {"cpu_bit_differences":126,"cpu_max_abs_error":1.9073486328125e-06,"elements":335,"experts":4,"fusions":{"MUL+ADD+ADD+ADD":10},"input_preserved":true,"layout":"plain","nan_class_matches":0,"rows":5,"samples":1,"wall_us":196.959,"width":67}
M5_REDUCE_CASE {"cpu_bit_differences":154,"cpu_max_abs_error":1.9073486328125e-06,"elements":335,"experts":5,"fusions":{"MUL+ADD+ADD+ADD+ADD":10},"input_preserved":true,"layout":"plain","nan_class_matches":0,"rows":5,"samples":1,"wall_us":212.792,"width":67}
M5_REDUCE_CASE {"cpu_bit_differences":151,"cpu_max_abs_error":1.9073486328125e-06,"elements":335,"experts":6,"fusions":{"MUL+ADD+ADD+ADD+ADD+ADD":10},"input_preserved":true,"layout":"plain","nan_class_matches":0,"rows":5,"samples":1,"wall_us":198.084,"width":67}
M5_REDUCE_CASE {"cpu_bit_differences":115,"cpu_max_abs_error":1.9073486328125e-06,"elements":335,"experts":7,"fusions":{"MUL+ADD+ADD+ADD+ADD+ADD+ADD":10},"input_preserved":true,"layout":"plain","nan_class_matches":0,"rows":5,"samples":1,"wall_us":261.125,"width":67}
M5_REDUCE_CASE {"cpu_bit_differences":180,"cpu_max_abs_error":1.9073486328125e-06,"elements":335,"experts":8,"fusions":{"MUL+ADD+ADD+ADD+ADD+ADD+ADD+ADD":10},"input_preserved":true,"layout":"plain","nan_class_matches":0,"rows":5,"samples":1,"wall_us":246.458,"width":67}
M5_REDUCE_CASE {"cpu_bit_differences":0,"cpu_max_abs_error":0.0,"elements":335,"experts":9,"fusions":{"ADD+ADD+ADD+ADD+ADD+ADD+ADD":5},"input_preserved":true,"layout":"plain","nan_class_matches":0,"rows":5,"samples":1,"wall_us":177.958,"width":67}
M5_REDUCE_CASE {"cpu_bit_differences":0,"cpu_max_abs_error":0.0,"elements":335,"experts":11,"fusions":{"ADD+ADD+ADD":5,"ADD+ADD+ADD+ADD+ADD+ADD+ADD":5},"input_preserved":true,"layout":"plain","nan_class_matches":0,"rows":5,"samples":1,"wall_us":263.375,"width":67}
ggml_metal_free: deallocating
M5_REDUCE_DONE {"cases":108,"mode":"check"}
