compact original exact outputs passed
top10 original exact outputs passed
reduce original exact outputs passed
compact conv-direct exact outputs passed
top10 conv-direct exact outputs passed
reduce conv-direct exact outputs passed
compact small-reduce exact outputs passed
top10 small-reduce exact outputs passed
reduce small-reduce exact outputs passed
compact small-top10 exact outputs passed
top10 small-top10 exact outputs passed
reduce small-top10 exact outputs passed
compact small-reduce-top10 exact outputs passed
top10 small-reduce-top10 exact outputs passed
reduce small-reduce-top10 exact outputs passed
compact small-compact exact outputs passed
top10 small-compact exact outputs passed
reduce small-compact exact outputs passed
compact small-reduce-compact exact outputs passed
top10 small-reduce-compact exact outputs passed
reduce small-reduce-compact exact outputs passed
compact small-top10-compact exact outputs passed
top10 small-top10-compact exact outputs passed
reduce small-top10-compact exact outputs passed
compact small-reduce-top10-compact exact outputs passed
top10 small-reduce-top10-compact exact outputs passed
reduce small-reduce-top10-compact exact outputs passed
