ggml_metal_device_init: testing tensor API for f16 support
ggml_metal_library_compile_pipeline: compiling pipeline: base = 'dummy_kernel', name = 'dummy_kernel'
ggml_metal_library_compile_pipeline: loaded dummy_kernel                                  0x106b1d730 | th_max = 1024 | th_width =   32
ggml_metal_device_init: testing tensor API for bfloat support
ggml_metal_library_compile_pipeline: compiling pipeline: base = 'dummy_kernel', name = 'dummy_kernel'
ggml_metal_library_compile_pipeline: loaded dummy_kernel                                  0x106b1ca10 | th_max = 1024 | th_width =   32
ggml_metal_library_init: using embedded metal library
ggml_metal_library_compile_all: compiled 'fa_aux' library in 0.009 sec
ggml_metal_library_compile_all: compiled 'fa_f16' library in 0.001 sec
ggml_metal_library_compile_all: compiled 'fa_f32' library in 0.007 sec
ggml_metal_library_compile_all: compiled 'fa_q4_0' library in 0.008 sec
ggml_metal_library_compile_all: compiled 'fa_q4_1' library in 0.007 sec
ggml_metal_library_compile_all: compiled 'fa_q5_0' library in 0.007 sec
ggml_metal_library_compile_all: compiled 'fa_q5_1' library in 0.001 sec
ggml_metal_library_compile_all: compiled 'fa_q8_0' library in 0.001 sec
ggml_metal_library_compile_all: compiled 'fa_vec_f16' library in 0.008 sec
ggml_metal_library_compile_all: compiled 'fa_vec_f32' library in 0.006 sec
ggml_metal_library_compile_all: compiled 'fa_vec_q4_0' library in 0.004 sec
ggml_metal_library_compile_all: compiled 'fa_vec_q4_1' library in 0.003 sec
ggml_metal_library_compile_all: compiled 'fa_vec_q5_0' library in 0.006 sec
ggml_metal_library_compile_all: compiled 'fa_vec_q5_1' library in 0.005 sec
ggml_metal_library_compile_all: compiled 'fa_vec_q8_0' library in 0.002 sec
ggml_metal_library_compile_all: compiled 'mul_mv' library in 0.004 sec
ggml_metal_library_compile_all: compiled 'mul_mv_mma' library in 0.011 sec
ggml_metal_library_compile_all: compiled 'mul_mm' library in 0.009 sec
ggml_metal_library_compile_all: compiled 'quantize' library in 0.008 sec
ggml_metal_library_compile_all: compiled 'softmax' library in 0.001 sec
ggml_metal_library_compile_all: compiled 'norm' library in 0.008 sec
ggml_metal_library_compile_all: compiled 'unary' library in 0.009 sec
ggml_metal_library_compile_all: compiled 'binbcast' library in 0.009 sec
ggml_metal_library_compile_all: compiled 'reduce' library in 0.000 sec
ggml_metal_library_compile_all: compiled 'tri' library in 0.008 sec
ggml_metal_library_compile_all: compiled 'ssm' library in 0.000 sec
ggml_metal_library_compile_all: compiled 'wkv' library in 0.006 sec
ggml_metal_library_compile_all: compiled 'gated_delta_net' library in 0.006 sec
ggml_metal_library_compile_all: compiled 'solve_tri' library in 0.006 sec
ggml_metal_library_compile_all: compiled 'rope' library in 0.000 sec
ggml_metal_library_compile_all: compiled 'conv' library in 0.006 sec
ggml_metal_library_compile_all: compiled 'upscale' library in 0.006 sec
ggml_metal_library_compile_all: compiled 'argsort' library in 0.005 sec
ggml_metal_library_compile_all: compiled 'pool' library in 0.006 sec
ggml_metal_library_compile_all: compiled 'misc' library in 0.005 sec
ggml_metal_library_compile_all: loaded 35 libraries from embedded data in 0.011 sec (max single = 0.011 sec)
ggml_metal_rsets_init: creating a residency set collection (keep_alive = 180 s)
ggml_metal_device_init: GPU name:   MTL0 (Apple M5 Pro)
ggml_metal_device_init: GPU family: MTLGPUFamilyApple10  (1010)
ggml_metal_device_init: GPU family: MTLGPUFamilyMetal4  (5002)
ggml_metal_device_init: simdgroup reduction   = true
ggml_metal_device_init: simdgroup matrix mul. = true
ggml_metal_device_init: has unified memory    = true
ggml_metal_device_init: has bfloat            = true
ggml_metal_device_init: has tensor            = true
ggml_metal_device_init: use residency sets    = true
ggml_metal_device_init: use shared buffers    = true
ggml_metal_device_init: recommendedMaxWorkingSetSize  = 40200.90 MB
ggml_metal_init: allocating
ggml_metal_init: found device: Apple M5 Pro
ggml_metal_init: picking default device: Apple M5 Pro
ggml_metal_init: use fusion         = true
ggml_metal_init: use concurrency    = true
ggml_metal_init: use graph optimize = true
M5_OP_SHAPE {"dst":[640,10,3,1],"family":"expert-up","ids_row_stride_bytes":2048,"routing":"shared","rows":3,"src0":[2560,640,512,1],"src1":[2560,1,3,1],"type":"q2_0"}
ggml_metal_library_compile_pipeline: compiling pipeline: base = 'kernel_mul_mv_id_q2_0_f32', name = 'kernel_mul_mv_id_q2_0_f32_nsg=2_split=0'
ggml_metal_library_compile_pipeline: loaded kernel_mul_mv_id_q2_0_f32_nsg=2_split=0       0x106b276d0 | th_max = 1024 | th_width =   32
  MUL_MAT_ID(family=expert-up,rows=3,routing=shared): [1;32mOK[0m
M5_OP_CHECK {"family":"expert-up","passed":true,"routing":"shared","rows":3}
ggml_metal_free: deallocating
