ggml_metal_device_init: testing tensor API for f16 support
ggml_metal_library_compile_pipeline: compiling pipeline: base = 'dummy_kernel', name = 'dummy_kernel'
ggml_metal_library_compile_pipeline: loaded dummy_kernel                                  0x101973fa0 | th_max = 1024 | th_width =   32
ggml_metal_device_init: testing tensor API for bfloat support
ggml_metal_library_compile_pipeline: compiling pipeline: base = 'dummy_kernel', name = 'dummy_kernel'
ggml_metal_library_compile_pipeline: loaded dummy_kernel                                  0x101973f60 | th_max = 1024 | th_width =   32
ggml_metal_library_init: using embedded metal library
ggml_metal_library_compile_all: compiled 'fa_aux' library in 0.002 sec
ggml_metal_library_compile_all: compiled 'fa_f16' library in 0.003 sec
ggml_metal_library_compile_all: compiled 'fa_f32' library in 0.003 sec
ggml_metal_library_compile_all: compiled 'fa_q4_0' library in 0.006 sec
ggml_metal_library_compile_all: compiled 'fa_q4_1' library in 0.006 sec
ggml_metal_library_compile_all: compiled 'fa_q5_0' library in 0.010 sec
ggml_metal_library_compile_all: compiled 'fa_q5_1' library in 0.014 sec
ggml_metal_library_compile_all: compiled 'fa_q8_0' library in 0.003 sec
ggml_metal_library_compile_all: compiled 'fa_vec_f16' library in 0.005 sec
ggml_metal_library_compile_all: compiled 'fa_vec_f32' library in 0.006 sec
ggml_metal_library_compile_all: compiled 'fa_vec_q4_0' library in 0.010 sec
ggml_metal_library_compile_all: compiled 'fa_vec_q4_1' library in 0.011 sec
ggml_metal_library_compile_all: compiled 'fa_vec_q5_0' library in 0.012 sec
ggml_metal_library_compile_all: compiled 'fa_vec_q5_1' library in 0.013 sec
ggml_metal_library_compile_all: compiled 'fa_vec_q8_0' library in 0.007 sec
ggml_metal_library_compile_all: compiled 'mul_mv' library in 0.674 sec
ggml_metal_library_compile_all: compiled 'mul_mv_mma' library in 0.009 sec
ggml_metal_library_compile_all: compiled 'mul_mm' library in 0.004 sec
ggml_metal_library_compile_all: compiled 'quantize' library in 0.010 sec
ggml_metal_library_compile_all: compiled 'softmax' library in 0.004 sec
ggml_metal_library_compile_all: compiled 'norm' library in 0.007 sec
ggml_metal_library_compile_all: compiled 'unary' library in 0.011 sec
ggml_metal_library_compile_all: compiled 'binbcast' library in 0.003 sec
ggml_metal_library_compile_all: compiled 'reduce' library in 0.002 sec
ggml_metal_library_compile_all: compiled 'tri' library in 0.002 sec
ggml_metal_library_compile_all: compiled 'ssm' library in 0.002 sec
ggml_metal_library_compile_all: compiled 'wkv' library in 0.002 sec
ggml_metal_library_compile_all: compiled 'gated_delta_net' library in 0.002 sec
ggml_metal_library_compile_all: compiled 'solve_tri' library in 0.002 sec
ggml_metal_library_compile_all: compiled 'rope' library in 0.002 sec
ggml_metal_library_compile_all: compiled 'conv' library in 0.005 sec
ggml_metal_library_compile_all: compiled 'upscale' library in 0.002 sec
ggml_metal_library_compile_all: compiled 'argsort' library in 0.005 sec
ggml_metal_library_compile_all: compiled 'pool' library in 0.002 sec
ggml_metal_library_compile_all: compiled 'misc' library in 0.002 sec
ggml_metal_library_compile_all: loaded 35 libraries from embedded data in 0.675 sec (max single = 0.674 sec)
ggml_metal_rsets_init: creating a residency set collection (keep_alive = 180 s)
ggml_metal_device_init: GPU name:   MTL0 (Apple M5 Pro)
ggml_metal_device_init: GPU family: MTLGPUFamilyApple10  (1010)
ggml_metal_device_init: GPU family: MTLGPUFamilyMetal4  (5002)
ggml_metal_device_init: simdgroup reduction   = true
ggml_metal_device_init: simdgroup matrix mul. = true
ggml_metal_device_init: has unified memory    = true
ggml_metal_device_init: has bfloat            = true
ggml_metal_device_init: has tensor            = true
ggml_metal_device_init: use residency sets    = true
ggml_metal_device_init: use shared buffers    = true
ggml_metal_device_init: recommendedMaxWorkingSetSize  = 40200.90 MB
ggml_metal_init: allocating
ggml_metal_init: found device: Apple M5 Pro
ggml_metal_init: picking default device: Apple M5 Pro
ggml_metal_init: use fusion         = true
ggml_metal_init: use concurrency    = true
ggml_metal_init: use graph optimize = true
ggml_metal_library_compile_pipeline: compiling pipeline: base = 'kernel_mul_mv_id_q2_0_f32', name = 'kernel_mul_mv_id_q2_0_f32_nsg=2_split=0'
ggml_metal_library_compile_pipeline: loaded kernel_mul_mv_id_q2_0_f32_nsg=2_split=0       0x10197d3e0 | th_max = 1024 | th_width =   32
ggml_metal_library_compile_pipeline: compiling pipeline: base = 'kernel_swiglu_f32', name = 'kernel_swiglu_f32'
ggml_metal_library_compile_pipeline: loaded kernel_swiglu_f32                             0x10197df60 | th_max = 1024 | th_width =   32
M5_GROUP_CASE {"cpu_nmse":2.992198166983757e-14,"distinct_experts":[10],"elements":38400,"input_ids_preserved":true,"layout":"plain","max_absolute_error":2.3737442056415148e-07,"route":"distinct","route_index":0,"rows":1,"samples":1,"triplets_per_graph":1,"wall_us_per_triplet":505.708}
M5_GROUP_CASE {"cpu_nmse":2.936171953613681e-14,"distinct_experts":[20],"elements":76800,"input_ids_preserved":true,"layout":"plain","max_absolute_error":2.5304836537287656e-07,"route":"distinct","route_index":0,"rows":2,"samples":1,"triplets_per_graph":1,"wall_us_per_triplet":959.167}
M5_GROUP_CASE {"cpu_nmse":3.59195122534704e-14,"distinct_experts":[30],"elements":115200,"input_ids_preserved":true,"layout":"plain","max_absolute_error":2.5991261409785693e-07,"route":"distinct","route_index":0,"rows":3,"samples":1,"triplets_per_graph":1,"wall_us_per_triplet":1273.833}
M5_GROUP_CASE {"cpu_nmse":3.0496928243071225e-14,"distinct_experts":[60],"elements":230400,"input_ids_preserved":true,"layout":"plain","max_absolute_error":2.7654375639452056e-07,"route":"distinct","route_index":0,"rows":6,"samples":1,"triplets_per_graph":1,"wall_us_per_triplet":1129.5}
M5_GROUP_CASE {"cpu_nmse":3.184245724675874e-14,"distinct_experts":[14],"elements":153600,"input_ids_preserved":true,"layout":"plain","max_absolute_error":3.067699703152016e-07,"route":"real","route_index":0,"rows":4,"samples":1,"triplets_per_graph":1,"wall_us_per_triplet":1516.167}
M5_GROUP_CASE {"cpu_nmse":3.19111424781952e-14,"distinct_experts":[22],"elements":153600,"input_ids_preserved":true,"layout":"plain","max_absolute_error":3.1255133858820727e-07,"route":"real","route_index":1,"rows":4,"samples":1,"triplets_per_graph":1,"wall_us_per_triplet":1502.458}
M5_GROUP_CASE {"cpu_nmse":3.212584614080574e-14,"distinct_experts":[24],"elements":153600,"input_ids_preserved":true,"layout":"plain","max_absolute_error":2.914020535982331e-07,"route":"real","route_index":2,"rows":4,"samples":1,"triplets_per_graph":1,"wall_us_per_triplet":1513.208}
M5_GROUP_CASE {"cpu_nmse":3.21282717202299e-14,"distinct_experts":[26],"elements":153600,"input_ids_preserved":true,"layout":"plain","max_absolute_error":2.735184674307334e-07,"route":"real","route_index":3,"rows":4,"samples":1,"triplets_per_graph":1,"wall_us_per_triplet":1588.75}
M5_GROUP_CASE {"cpu_nmse":3.163576921532561e-14,"distinct_experts":[28],"elements":153600,"input_ids_preserved":true,"layout":"plain","max_absolute_error":3.0515603732794716e-07,"route":"real","route_index":4,"rows":4,"samples":1,"triplets_per_graph":1,"wall_us_per_triplet":1578.584}
M5_GROUP_CASE {"cpu_nmse":3.1965411034336674e-14,"distinct_experts":[30],"elements":153600,"input_ids_preserved":true,"layout":"plain","max_absolute_error":2.9169907822534924e-07,"route":"real","route_index":5,"rows":4,"samples":1,"triplets_per_graph":1,"wall_us_per_triplet":1616.625}
M5_GROUP_CASE {"cpu_nmse":3.21129905061413e-14,"distinct_experts":[33],"elements":153600,"input_ids_preserved":true,"layout":"plain","max_absolute_error":2.716450406836657e-07,"route":"real","route_index":6,"rows":4,"samples":1,"triplets_per_graph":1,"wall_us_per_triplet":1485.0}
M5_GROUP_CASE {"cpu_nmse":3.161450915671085e-14,"distinct_experts":[40],"elements":153600,"input_ids_preserved":true,"layout":"plain","max_absolute_error":2.8658504014345e-07,"route":"real","route_index":7,"rows":4,"samples":1,"triplets_per_graph":1,"wall_us_per_triplet":1500.75}
M5_GROUP_CASE {"cpu_nmse":3.1716130572722956e-14,"distinct_experts":[40],"elements":153600,"input_ids_preserved":true,"layout":"plain","max_absolute_error":2.5991261409785693e-07,"route":"distinct","route_index":0,"rows":4,"samples":1,"triplets_per_graph":1,"wall_us_per_triplet":1500.083}
M5_GROUP_CASE {"cpu_nmse":3.250202361285116e-14,"distinct_experts":[10],"elements":153600,"input_ids_preserved":true,"layout":"plain","max_absolute_error":2.71984752053811e-07,"route":"shared","route_index":0,"rows":4,"samples":1,"triplets_per_graph":1,"wall_us_per_triplet":1480.167}
M5_GROUP_CASE {"cpu_nmse":3.271847645182616e-14,"distinct_experts":[1],"elements":153600,"input_ids_preserved":true,"layout":"plain","max_absolute_error":2.797085492112217e-07,"route":"duplicate","route_index":0,"rows":4,"samples":1,"triplets_per_graph":1,"wall_us_per_triplet":1517.666}
M5_GROUP_CASE {"cpu_nmse":3.2129777604265415e-14,"distinct_experts":[25],"elements":153600,"input_ids_preserved":true,"layout":"plain","max_absolute_error":2.71984752053811e-07,"route":"mixed","route_index":0,"rows":4,"samples":1,"triplets_per_graph":1,"wall_us_per_triplet":1542.667}
M5_GROUP_CASE {"cpu_nmse":3.2129777604265415e-14,"distinct_experts":[25],"elements":153600,"input_ids_preserved":true,"layout":"input-strided","max_absolute_error":2.71984752053811e-07,"route":"mixed","route_index":0,"rows":4,"samples":1,"triplets_per_graph":1,"wall_us_per_triplet":1431.667}
M5_GROUP_CASE {"cpu_nmse":3.2129777604265415e-14,"distinct_experts":[25],"elements":153600,"input_ids_preserved":true,"layout":"ids-contiguous","max_absolute_error":2.71984752053811e-07,"route":"mixed","route_index":0,"rows":4,"samples":1,"triplets_per_graph":1,"wall_us_per_triplet":1481.709}
M5_GROUP_CASE {"cpu_nmse":3.2129777604265415e-14,"distinct_experts":[25],"elements":153600,"input_ids_preserved":true,"layout":"ids-offset","max_absolute_error":2.71984752053811e-07,"route":"mixed","route_index":0,"rows":4,"samples":1,"triplets_per_graph":1,"wall_us_per_triplet":1495.75}
M5_GROUP_CASE {"cpu_nmse":3.204104425374727e-14,"distinct_experts":[25],"elements":153600,"input_ids_preserved":true,"layout":"weights-strided","max_absolute_error":2.9574419180278255e-07,"route":"mixed","route_index":0,"rows":4,"samples":1,"triplets_per_graph":1,"wall_us_per_triplet":1472.209}
M5_GROUP_CASE {"cpu_nmse":2.6553447546163038e-14,"distinct_experts":[25],"elements":153600,"input_ids_preserved":true,"layout":"cancel","max_absolute_error":3.878449206240475e-07,"route":"mixed","route_index":0,"rows":4,"samples":1,"triplets_per_graph":1,"wall_us_per_triplet":1468.041}
M5_GROUP_CASE {"cpu_nmse":2.4725704153160793e-14,"distinct_experts":[25],"elements":153600,"input_ids_preserved":true,"layout":"wide","max_absolute_error":2.499925686194615e-05,"route":"mixed","route_index":0,"rows":4,"samples":1,"triplets_per_graph":1,"wall_us_per_triplet":1470.208}
M5_GROUP_CASE {"cpu_nmse":3.293709259154451e-14,"distinct_experts":[13],"elements":192000,"input_ids_preserved":true,"layout":"plain","max_absolute_error":2.989888479021374e-07,"route":"real","route_index":0,"rows":5,"samples":1,"triplets_per_graph":1,"wall_us_per_triplet":1481.208}
M5_GROUP_CASE {"cpu_nmse":3.31739647520516e-14,"distinct_experts":[26],"elements":192000,"input_ids_preserved":true,"layout":"plain","max_absolute_error":3.067699703152016e-07,"route":"real","route_index":1,"rows":5,"samples":1,"triplets_per_graph":1,"wall_us_per_triplet":1323.625}
M5_GROUP_CASE {"cpu_nmse":3.311252376856909e-14,"distinct_experts":[29],"elements":192000,"input_ids_preserved":true,"layout":"plain","max_absolute_error":2.9025725822862114e-07,"route":"real","route_index":2,"rows":5,"samples":1,"triplets_per_graph":1,"wall_us_per_triplet":1365.5}
M5_GROUP_CASE {"cpu_nmse":3.326256624911095e-14,"distinct_experts":[31],"elements":192000,"input_ids_preserved":true,"layout":"plain","max_absolute_error":3.116148983295375e-07,"route":"real","route_index":3,"rows":5,"samples":1,"triplets_per_graph":1,"wall_us_per_triplet":1468.542}
M5_GROUP_CASE {"cpu_nmse":3.334350841019966e-14,"distinct_experts":[34],"elements":192000,"input_ids_preserved":true,"layout":"plain","max_absolute_error":2.9169907822534924e-07,"route":"real","route_index":4,"rows":5,"samples":1,"triplets_per_graph":1,"wall_us_per_triplet":1543.417}
M5_GROUP_CASE {"cpu_nmse":3.365203029589957e-14,"distinct_experts":[36],"elements":192000,"input_ids_preserved":true,"layout":"plain","max_absolute_error":2.989888479021374e-07,"route":"real","route_index":5,"rows":5,"samples":1,"triplets_per_graph":1,"wall_us_per_triplet":1449.125}
M5_GROUP_CASE {"cpu_nmse":3.335293185126759e-14,"distinct_experts":[40],"elements":192000,"input_ids_preserved":true,"layout":"plain","max_absolute_error":2.998392032438346e-07,"route":"real","route_index":6,"rows":5,"samples":1,"triplets_per_graph":1,"wall_us_per_triplet":1564.708}
M5_GROUP_CASE {"cpu_nmse":3.3360612294487045e-14,"distinct_experts":[50],"elements":192000,"input_ids_preserved":true,"layout":"plain","max_absolute_error":2.9620588870571396e-07,"route":"real","route_index":7,"rows":5,"samples":1,"triplets_per_graph":1,"wall_us_per_triplet":977.792}
M5_GROUP_CASE {"cpu_nmse":3.292413235868148e-14,"distinct_experts":[50],"elements":192000,"input_ids_preserved":true,"layout":"plain","max_absolute_error":2.7654375639452056e-07,"route":"distinct","route_index":0,"rows":5,"samples":1,"triplets_per_graph":1,"wall_us_per_triplet":1782.625}
M5_GROUP_CASE {"cpu_nmse":3.37046065046285e-14,"distinct_experts":[10],"elements":192000,"input_ids_preserved":true,"layout":"plain","max_absolute_error":2.9025725822862114e-07,"route":"shared","route_index":0,"rows":5,"samples":1,"triplets_per_graph":1,"wall_us_per_triplet":1425.875}
M5_GROUP_CASE {"cpu_nmse":3.378511275577159e-14,"distinct_experts":[1],"elements":192000,"input_ids_preserved":true,"layout":"plain","max_absolute_error":2.797085492112217e-07,"route":"duplicate","route_index":0,"rows":5,"samples":1,"triplets_per_graph":1,"wall_us_per_triplet":1621.833}
M5_GROUP_CASE {"cpu_nmse":3.3330959489167314e-14,"distinct_experts":[30],"elements":192000,"input_ids_preserved":true,"layout":"plain","max_absolute_error":2.9025725822862114e-07,"route":"mixed","route_index":0,"rows":5,"samples":1,"triplets_per_graph":1,"wall_us_per_triplet":1707.167}
M5_GROUP_CASE {"cpu_nmse":3.3330959489167314e-14,"distinct_experts":[30],"elements":192000,"input_ids_preserved":true,"layout":"input-strided","max_absolute_error":2.9025725822862114e-07,"route":"mixed","route_index":0,"rows":5,"samples":1,"triplets_per_graph":1,"wall_us_per_triplet":1878.0}
M5_GROUP_CASE {"cpu_nmse":3.3330959489167314e-14,"distinct_experts":[30],"elements":192000,"input_ids_preserved":true,"layout":"ids-contiguous","max_absolute_error":2.9025725822862114e-07,"route":"mixed","route_index":0,"rows":5,"samples":1,"triplets_per_graph":1,"wall_us_per_triplet":1514.416}
M5_GROUP_CASE {"cpu_nmse":3.3330959489167314e-14,"distinct_experts":[30],"elements":192000,"input_ids_preserved":true,"layout":"ids-offset","max_absolute_error":2.9025725822862114e-07,"route":"mixed","route_index":0,"rows":5,"samples":1,"triplets_per_graph":1,"wall_us_per_triplet":1413.917}
M5_GROUP_CASE {"cpu_nmse":3.340700862110528e-14,"distinct_experts":[30],"elements":192000,"input_ids_preserved":true,"layout":"weights-strided","max_absolute_error":2.9574419180278255e-07,"route":"mixed","route_index":0,"rows":5,"samples":1,"triplets_per_graph":1,"wall_us_per_triplet":1438.125}
M5_GROUP_CASE {"cpu_nmse":2.6468092515775987e-14,"distinct_experts":[30],"elements":192000,"input_ids_preserved":true,"layout":"cancel","max_absolute_error":3.878449206240475e-07,"route":"mixed","route_index":0,"rows":5,"samples":1,"triplets_per_graph":1,"wall_us_per_triplet":1683.416}
M5_GROUP_CASE {"cpu_nmse":2.5298233756119003e-14,"distinct_experts":[30],"elements":192000,"input_ids_preserved":true,"layout":"wide","max_absolute_error":2.8000824443097372e-05,"route":"mixed","route_index":0,"rows":5,"samples":1,"triplets_per_graph":1,"wall_us_per_triplet":1922.625}
ggml_metal_library_compile_pipeline: compiling pipeline: base = 'kernel_bin_fuse_f32_f32_f32', name = 'kernel_bin_fuse_f32_f32_f32_op=2_nf=1_rb=0_cb=1'
ggml_metal_library_compile_pipeline: loaded kernel_bin_fuse_f32_f32_f32_op=2_nf=1_rb=0_cb=1     0x77fce20700 | th_max = 1024 | th_width =   32
ggml_metal_library_compile_pipeline: compiling pipeline: base = 'kernel_bin_fuse_f32_f32_f32_4', name = 'kernel_bin_fuse_f32_f32_f32_4_op=0_nf=7_rb=0_cb=0'
ggml_metal_library_compile_pipeline: loaded kernel_bin_fuse_f32_f32_f32_4_op=0_nf=7_rb=0_cb=0     0x77fce20a80 | th_max = 1024 | th_width =   32
ggml_metal_library_compile_pipeline: compiling pipeline: base = 'kernel_bin_fuse_f32_f32_f32_4', name = 'kernel_bin_fuse_f32_f32_f32_4_op=0_nf=2_rb=0_cb=0'
ggml_metal_library_compile_pipeline: loaded kernel_bin_fuse_f32_f32_f32_4_op=0_nf=2_rb=0_cb=0     0x77fce20e00 | th_max = 1024 | th_width =   32
ggml_metal_library_compile_pipeline: compiling pipeline: base = 'kernel_bin_fuse_f32_f32_f32_4', name = 'kernel_bin_fuse_f32_f32_f32_4_op=0_nf=1_rb=0_cb=0'
ggml_metal_library_compile_pipeline: loaded kernel_bin_fuse_f32_f32_f32_4_op=0_nf=1_rb=0_cb=0     0x77fce21180 | th_max = 1024 | th_width =   32
M5_GROUP_CASE {"cpu_nmse":2.470497459521935e-14,"distinct_experts":[14,22,24,26,28,30,33,40],"elements":1228800,"input_ids_preserved":true,"layout":"chain","max_absolute_error":3.067699703152016e-07,"route":"real","route_index":0,"rows":4,"samples":1,"triplets_per_graph":8,"wall_us_per_triplet":297.7865}
M5_GROUP_CASE {"cpu_nmse":2.97828214978218e-14,"distinct_experts":[13,26,29,31,34,36,40,50],"elements":1536000,"input_ids_preserved":true,"layout":"chain","max_absolute_error":3.0503878534204887e-07,"route":"real","route_index":0,"rows":5,"samples":1,"triplets_per_graph":8,"wall_us_per_triplet":364.140625}
M5_GROUP_DONE {"allocated_weight_bytes":2124195840,"cases":42,"mode":"check","weights_preserved":true}
ggml_metal_free: deallocating
