Plan: matched control, real expert ID capture at depths3/4, and bounded split-operation diagnostics. Default does not load a model.
control: depth3, input128, output4 complete
control: depth3, input128, output16 complete
control: depth3, input256, output16 complete
Saved /Users/justin/Documents/Github/Strata-Mac-Lab/bench/features/20261007T190432Z-m5-split-batch/depth3-control/capture.json
split: depth3, input128, output4 complete
split: depth3, input128, output16 complete
split: depth3, input256, output16 complete
Saved /Users/justin/Documents/Github/Strata-Mac-Lab/bench/features/20261007T190432Z-m5-split-batch/depth3-split/capture.json
Saved /Users/justin/Documents/Github/Strata-Mac-Lab/bench/features/20261007T190432Z-m5-split-batch/batch.json
Traceback (most recent call last):
  File "/Users/justin/Documents/Github/Strata-Mac-Lab/scripts/profile_m5_routes.py", line 362, in <module>
    main()
  File "/Users/justin/Documents/Github/Strata-Mac-Lab/scripts/profile_m5_routes.py", line 358, in main
    if args.run: execute(args.mode,args.depths,args.small_smoke)
                 ^^^^^^^^^^^^^^^^^^^^^^^^^^^^^^^^^^^^^^^^^^^^^^^
  File "/Users/justin/Documents/Github/Strata-Mac-Lab/scripts/profile_m5_routes.py", line 325, in execute
    b = run_pass(folder / f"depth{depth}-{mode}",depth,mode,small,output)
        ^^^^^^^^^^^^^^^^^^^^^^^^^^^^^^^^^^^^^^^^^^^^^^^^^^^^^^^^^^^^^^^^^
  File "/Users/justin/Documents/Github/Strata-Mac-Lab/scripts/profile_m5_routes.py", line 308, in run_pass
    if record["status"] != "passed": raise RuntimeError(record.get("error","Capture failed"))
                                     ^^^^^^^^^^^^^^^^^^^^^^^^^^^^^^^^^^^^^^^^^^^^^^^^^^^^^^^^
RuntimeError: ValueError: A split GPU interval contains another computational operation
