test_baseline_cannot_inherit_vocabulary_override (test_draft_vocab.VocabularyTests.test_baseline_cannot_inherit_vocabulary_override) ... ok
test_changed_file_rejected (test_draft_vocab.VocabularyTests.test_changed_file_rejected) ... ok
test_nonidentity_order_is_preserved (test_draft_vocab.VocabularyTests.test_nonidentity_order_is_preserved) ... ok
test_pinned_multilingual_list (test_draft_vocab.VocabularyTests.test_pinned_multilingual_list) ... ok
test_reject_invalid_ids_and_partial_files (test_draft_vocab.VocabularyTests.test_reject_invalid_ids_and_partial_files) ... ok
test_wrong_engine_rejected (test_draft_vocab.VocabularyTests.test_wrong_engine_rejected) ... ok
test_matched_percentages_use_the_current_control (test_helper_tuning.TuningTests.test_matched_percentages_use_the_current_control) ... ok
test_preparation_does_not_load_the_model (test_helper_tuning.TuningTests.test_preparation_does_not_load_the_model) ... Plan: depth (2, 1, 3, 4, 4, 3, 1, 2)
ok
test_unfair_or_incomplete_data_is_rejected (test_helper_tuning.TuningTests.test_unfair_or_incomplete_data_is_rejected) ... ok
test_combined_engine_accepts_existing_shared_helper (test_mma_experiment.MmaTests.test_combined_engine_accepts_existing_shared_helper) ... ok
test_percentages_use_fresh_matching_depth_controls (test_mma_experiment.MmaTests.test_percentages_use_fresh_matching_depth_controls) ... ok
test_preparation_does_not_load_the_model (test_mma_experiment.MmaTests.test_preparation_does_not_load_the_model) ... Preparation only. Add --run to benchmark.
Plan: [(1, 'control'), (1, 'candidate'), (1, 'candidate'), (1, 'control'), (3, 'control'), (3, 'candidate'), (3, 'candidate'), (3, 'control'), (4, 'control'), (4, 'candidate'), (4, 'candidate'), (4, 'control')]
ok
test_unfair_data_is_rejected (test_mma_experiment.MmaTests.test_unfair_data_is_rejected) ... ok
test_default_does_not_load_or_benchmark (test_q2_experiment.ComparisonTests.test_default_does_not_load_or_benchmark) ... ok
test_percentage_math (test_q2_experiment.ComparisonTests.test_percentage_math) ... ok
test_reject_unfair_or_incomplete_comparisons (test_q2_experiment.ComparisonTests.test_reject_unfair_or_incomplete_comparisons) ... ok
test_baseline_rejects_dirty_source (test_q2_experiment.SourceTests.test_baseline_rejects_dirty_source) ... ok
test_candidate_accepts_only_exact_patch (test_q2_experiment.SourceTests.test_candidate_accepts_only_exact_patch) ... ok
test_receipt_rejects_replaced_native_library (test_q2_experiment.SourceTests.test_receipt_rejects_replaced_native_library) ... ok
test_packed_rebuild_rejects_a_changed_registered_hash (test_reprovision.ReprovisionTests.test_packed_rebuild_rejects_a_changed_registered_hash) ... ok
test_quantized_rebuild_rejects_changed_pin (test_reprovision.ReprovisionTests.test_quantized_rebuild_rejects_changed_pin) ... ok
test_quantized_registry_rebuilds_missing_output_with_identical_pin (test_reprovision.ReprovisionTests.test_quantized_registry_rebuilds_missing_output_with_identical_pin) ... Preparation only. Add --run to benchmark.
Plan: baseline / q2-masked / q2-masked / baseline; full Flash-Next Q2_0; 512 output tokens; 3 repeats per prompt.
ON HOLD. No model loading or benchmarks. After approval, rerun with --run.
Prepared shared helper: 0.000 GB; saved 0.0 MiB
Packed helper verified: 32 unchanged tensors; GPU dense region 0.00 MiB
Prepared mtp_q3: 0.000 GB; SHA256 f9ae7575a0f06b6d5775b51a6e1740197a9e1300be9a6fe701969967ea0e6095
Saved /var/folders/k5/wc0mdfp571x8q991krfk2v2r0000gn/T/tmp_aoom8ws/bench/results/20261006T223925Z-prepare-mtp_q3/preparation.json
ok
test_shared_and_packed_registry_rebuild_missing_files_with_identical_pins (test_reprovision.ReprovisionTests.test_shared_and_packed_registry_rebuild_missing_files_with_identical_pins) ... ok
test_shared_rebuild_rejects_a_changed_registered_hash (test_reprovision.ReprovisionTests.test_shared_rebuild_rejects_a_changed_registered_hash) ... ok
test_recently_closed_connection_does_not_block_a_restart (test_runtime_ports.PortAvailabilityTests.test_recently_closed_connection_does_not_block_a_restart) ... ok
test_running_server_is_still_rejected (test_runtime_ports.PortAvailabilityTests.test_running_server_is_still_rejected) ... ok
test_pack_reduces_gpu_span_without_changing_any_tensor (test_shared_draft.PackedLayoutTests.test_pack_reduces_gpu_span_without_changing_any_tensor) ... ok
test_real_gguf_copy_preserves_retained_bytes_and_metadata (test_shared_draft.SharedDraftTests.test_real_gguf_copy_preserves_retained_bytes_and_metadata) ... ok
test_shared_helper_cannot_be_sent_to_the_stock_loader (test_shared_draft.SharedDraftTests.test_shared_helper_cannot_be_sent_to_the_stock_loader) ... ok
test_source_without_the_expected_tables_is_rejected (test_shared_draft.SharedDraftTests.test_source_without_the_expected_tables_is_rejected) ... ok

----------------------------------------------------------------------
Ran 30 tests in 0.622s

OK
Prepared shared helper: 0.000 GB; saved 0.0 MiB
Packed helper verified: 32 unchanged tensors; GPU dense region 0.00 MiB
Prepared shared helper: 0.000 GB; saved 0.0 MiB
Packed helper verified: 32 unchanged tensors; GPU dense region 0.00 MiB
Prepared shared helper: 0.000 GB; saved 0.0 MiB
Packed helper verified: 32 unchanged tensors; GPU dense region 0.00 MiB
Prepared shared helper: 0.000 GB; saved 0.0 MiB
