RESUME BATCH /Users/justin/Documents/Github/Strata-Mac-Lab/bench/results/20261009T112641Z-m5-copy-resume
STAGE copy-kernels-resumed
20261009T112653Z-m5-copy-kernels-resume-4-conv-direct: ready in 3.12s
prompt=512 warmup=1: 45.77 tok/s, TTFT 1.04s, prompt 491.4 tok/s
prompt=512 repeat=1: 49.59 tok/s, TTFT 0.91s, prompt 562.2 tok/s
prompt=512 repeat=2: 49.73 tok/s, TTFT 0.90s, prompt 566.7 tok/s
prompt=512 repeat=3: 49.78 tok/s, TTFT 0.90s, prompt 566.3 tok/s
prompt=2048 warmup=1: 48.08 tok/s, TTFT 3.78s, prompt 541.7 tok/s
prompt=2048 repeat=1: 50.88 tok/s, TTFT 3.75s, prompt 546.2 tok/s
prompt=2048 repeat=2: 50.79 tok/s, TTFT 3.76s, prompt 544.4 tok/s
prompt=2048 repeat=3: 50.77 tok/s, TTFT 3.77s, prompt 543.4 tok/s
code warmup: 54.71 tok/s, TTFT 0.30s
code repeat=1: 57.17 tok/s, TTFT 0.28s
code repeat=2: 57.21 tok/s, TTFT 0.28s
code repeat=3: 57.40 tok/s, TTFT 0.28s
prose warmup: 40.36 tok/s, TTFT 0.30s
prose repeat=1: 43.31 tok/s, TTFT 0.29s
prose repeat=2: 43.50 tok/s, TTFT 0.29s
prose repeat=3: 43.40 tok/s, TTFT 0.29s
chinese warmup: 38.92 tok/s, TTFT 0.33s
chinese repeat=1: 40.69 tok/s, TTFT 0.29s
chinese repeat=2: 40.73 tok/s, TTFT 0.29s
chinese repeat=3: 40.81 tok/s, TTFT 0.29s
PASS answer multiply at temperature 0
PASS answer different-multiply at temperature 0
PASS answer sum at temperature 0
PASS answer extract-json at temperature 0
PASS answer sort-unique-json at temperature 0
PASS answer updated-label at temperature 0
PASS answer ledger at temperature 0
PASS answer python-function at temperature 0
PASS answer chinese-multiply at temperature 0
PASS answer chinese-json at temperature 0
PASS answer accented-label at temperature 0
PASS answer multiply at temperature 0.6
PASS answer different-multiply at temperature 0.6
PASS answer sum at temperature 0.6
PASS answer extract-json at temperature 0.6
PASS answer sort-unique-json at temperature 0.6
PASS answer updated-label at temperature 0.6
PASS answer ledger at temperature 0.6
PASS answer python-function at temperature 0.6
PASS answer chinese-multiply at temperature 0.6
PASS answer chinese-json at temperature 0.6
PASS answer accented-label at temperature 0.6
cached 512 warmup: 58.25 tok/s, TTFT 0.302s, correct=True
cached 512 repeat=1: 58.98 tok/s, TTFT 0.273s, correct=True
cached 512 repeat=2: 69.82 tok/s, TTFT 0.274s, correct=True
cached 512 repeat=3: 70.17 tok/s, TTFT 0.272s, correct=True
cached 2048 warmup: 65.03 tok/s, TTFT 0.304s, correct=True
cached 2048 repeat=1: 63.12 tok/s, TTFT 0.292s, correct=True
cached 2048 repeat=2: 63.81 tok/s, TTFT 0.288s, correct=True
cached 2048 repeat=3: 63.27 tok/s, TTFT 0.288s, correct=True
Saved /Users/justin/Documents/Github/Strata-Mac-Lab/bench/results/20261009T112653Z-m5-copy-kernels-resume-4-conv-direct/result.json
20261009T112859Z-m5-copy-kernels-resume-5-conv-direct: ready in 2.07s
prompt=512 warmup=1: 46.54 tok/s, TTFT 1.07s, prompt 478.9 tok/s
prompt=512 repeat=1: 49.58 tok/s, TTFT 0.93s, prompt 553.7 tok/s
prompt=512 repeat=2: 49.77 tok/s, TTFT 0.92s, prompt 559.4 tok/s
prompt=512 repeat=3: 49.75 tok/s, TTFT 0.91s, prompt 561.6 tok/s
prompt=2048 warmup=1: 47.90 tok/s, TTFT 3.85s, prompt 531.4 tok/s
prompt=2048 repeat=1: 50.69 tok/s, TTFT 3.81s, prompt 537.1 tok/s
prompt=2048 repeat=2: 50.61 tok/s, TTFT 3.82s, prompt 536.8 tok/s
prompt=2048 repeat=3: 50.70 tok/s, TTFT 3.83s, prompt 534.8 tok/s
code warmup: 52.79 tok/s, TTFT 0.30s
code repeat=1: 57.28 tok/s, TTFT 0.28s
code repeat=2: 57.24 tok/s, TTFT 0.28s
code repeat=3: 57.37 tok/s, TTFT 0.28s
prose warmup: 40.24 tok/s, TTFT 0.31s
prose repeat=1: 43.30 tok/s, TTFT 0.30s
prose repeat=2: 43.52 tok/s, TTFT 0.29s
prose repeat=3: 43.59 tok/s, TTFT 0.29s
chinese warmup: 40.10 tok/s, TTFT 0.36s
chinese repeat=1: 40.44 tok/s, TTFT 0.30s
chinese repeat=2: 40.82 tok/s, TTFT 0.30s
chinese repeat=3: 40.71 tok/s, TTFT 0.30s
PASS answer multiply at temperature 0
PASS answer different-multiply at temperature 0
PASS answer sum at temperature 0
PASS answer extract-json at temperature 0
PASS answer sort-unique-json at temperature 0
PASS answer updated-label at temperature 0
PASS answer ledger at temperature 0
PASS answer python-function at temperature 0
PASS answer chinese-multiply at temperature 0
PASS answer chinese-json at temperature 0
PASS answer accented-label at temperature 0
PASS answer multiply at temperature 0.6
PASS answer different-multiply at temperature 0.6
PASS answer sum at temperature 0.6
PASS answer extract-json at temperature 0.6
PASS answer sort-unique-json at temperature 0.6
PASS answer updated-label at temperature 0.6
PASS answer ledger at temperature 0.6
PASS answer python-function at temperature 0.6
PASS answer chinese-multiply at temperature 0.6
PASS answer chinese-json at temperature 0.6
PASS answer accented-label at temperature 0.6
cached 512 warmup: 58.85 tok/s, TTFT 0.306s, correct=True
cached 512 repeat=1: 59.07 tok/s, TTFT 0.273s, correct=True
cached 512 repeat=2: 69.69 tok/s, TTFT 0.276s, correct=True
cached 512 repeat=3: 70.34 tok/s, TTFT 0.274s, correct=True
cached 2048 warmup: 65.75 tok/s, TTFT 0.312s, correct=True
cached 2048 repeat=1: 63.03 tok/s, TTFT 0.294s, correct=True
cached 2048 repeat=2: 63.87 tok/s, TTFT 0.287s, correct=True
cached 2048 repeat=3: 63.08 tok/s, TTFT 0.287s, correct=True
Saved /Users/justin/Documents/Github/Strata-Mac-Lab/bench/results/20261009T112859Z-m5-copy-kernels-resume-5-conv-direct/result.json
20261009T113103Z-m5-copy-kernels-resume-6-copy-v4: ready in 2.06s
prompt=512 warmup=1: 45.65 tok/s, TTFT 0.99s, prompt 519.6 tok/s
prompt=512 repeat=1: 48.14 tok/s, TTFT 0.94s, prompt 543.6 tok/s
prompt=512 repeat=2: 48.85 tok/s, TTFT 0.92s, prompt 557.7 tok/s
prompt=512 repeat=3: 49.01 tok/s, TTFT 0.92s, prompt 557.3 tok/s
prompt=2048 warmup=1: 47.18 tok/s, TTFT 3.87s, prompt 529.0 tok/s
prompt=2048 repeat=1: 50.07 tok/s, TTFT 3.84s, prompt 534.1 tok/s
prompt=2048 repeat=2: 49.93 tok/s, TTFT 3.83s, prompt 534.4 tok/s
prompt=2048 repeat=3: 50.06 tok/s, TTFT 3.84s, prompt 533.8 tok/s
code warmup: 52.19 tok/s, TTFT 0.31s
code repeat=1: 56.39 tok/s, TTFT 0.28s
code repeat=2: 56.46 tok/s, TTFT 0.28s
code repeat=3: 56.35 tok/s, TTFT 0.28s
prose warmup: 39.83 tok/s, TTFT 0.31s
prose repeat=1: 42.67 tok/s, TTFT 0.29s
prose repeat=2: 42.87 tok/s, TTFT 0.30s
prose repeat=3: 42.90 tok/s, TTFT 0.29s
chinese warmup: 39.06 tok/s, TTFT 0.35s
chinese repeat=1: 40.17 tok/s, TTFT 0.30s
chinese repeat=2: 40.10 tok/s, TTFT 0.30s
chinese repeat=3: 40.11 tok/s, TTFT 0.30s
PASS answer multiply at temperature 0
PASS answer different-multiply at temperature 0
PASS answer sum at temperature 0
PASS answer extract-json at temperature 0
PASS answer sort-unique-json at temperature 0
PASS answer updated-label at temperature 0
PASS answer ledger at temperature 0
PASS answer python-function at temperature 0
PASS answer chinese-multiply at temperature 0
PASS answer chinese-json at temperature 0
PASS answer accented-label at temperature 0
PASS answer multiply at temperature 0.6
PASS answer different-multiply at temperature 0.6
PASS answer sum at temperature 0.6
PASS answer extract-json at temperature 0.6
PASS answer sort-unique-json at temperature 0.6
PASS answer updated-label at temperature 0.6
PASS answer ledger at temperature 0.6
PASS answer python-function at temperature 0.6
PASS answer chinese-multiply at temperature 0.6
PASS answer chinese-json at temperature 0.6
PASS answer accented-label at temperature 0.6
cached 512 warmup: 61.04 tok/s, TTFT 0.298s, correct=True
cached 512 repeat=1: 61.13 tok/s, TTFT 0.282s, correct=True
cached 512 repeat=2: 71.02 tok/s, TTFT 0.278s, correct=True
cached 512 repeat=3: 71.07 tok/s, TTFT 0.278s, correct=True
cached 2048 warmup: 64.43 tok/s, TTFT 0.316s, correct=True
cached 2048 repeat=1: 65.92 tok/s, TTFT 0.294s, correct=True
cached 2048 repeat=2: 63.06 tok/s, TTFT 0.291s, correct=True
cached 2048 repeat=3: 65.60 tok/s, TTFT 0.309s, correct=True
Saved /Users/justin/Documents/Github/Strata-Mac-Lab/bench/results/20261009T113103Z-m5-copy-kernels-resume-6-copy-v4/result.json
20261009T113309Z-m5-copy-kernels-resume-7-copy-scalar: ready in 2.05s
prompt=512 warmup=1: 47.63 tok/s, TTFT 0.96s, prompt 531.3 tok/s
prompt=512 repeat=1: 48.88 tok/s, TTFT 0.93s, prompt 549.0 tok/s
prompt=512 repeat=2: 48.90 tok/s, TTFT 0.92s, prompt 557.8 tok/s
prompt=512 repeat=3: 49.09 tok/s, TTFT 0.91s, prompt 563.2 tok/s
prompt=2048 warmup=1: 47.87 tok/s, TTFT 3.84s, prompt 533.7 tok/s
prompt=2048 repeat=1: 50.10 tok/s, TTFT 3.83s, prompt 535.5 tok/s
prompt=2048 repeat=2: 50.06 tok/s, TTFT 3.83s, prompt 534.4 tok/s
prompt=2048 repeat=3: 50.04 tok/s, TTFT 3.83s, prompt 534.3 tok/s
code warmup: 52.88 tok/s, TTFT 0.31s
code repeat=1: 56.39 tok/s, TTFT 0.29s
code repeat=2: 56.51 tok/s, TTFT 0.28s
code repeat=3: 56.55 tok/s, TTFT 0.29s
prose warmup: 42.69 tok/s, TTFT 0.31s
prose repeat=1: 42.95 tok/s, TTFT 0.29s
prose repeat=2: 42.82 tok/s, TTFT 0.29s
prose repeat=3: 42.86 tok/s, TTFT 0.29s
chinese warmup: 41.04 tok/s, TTFT 0.30s
chinese repeat=1: 40.00 tok/s, TTFT 0.30s
chinese repeat=2: 40.11 tok/s, TTFT 0.30s
chinese repeat=3: 40.21 tok/s, TTFT 0.30s
PASS answer multiply at temperature 0
PASS answer different-multiply at temperature 0
PASS answer sum at temperature 0
PASS answer extract-json at temperature 0
PASS answer sort-unique-json at temperature 0
PASS answer updated-label at temperature 0
PASS answer ledger at temperature 0
PASS answer python-function at temperature 0
PASS answer chinese-multiply at temperature 0
PASS answer chinese-json at temperature 0
PASS answer accented-label at temperature 0
PASS answer multiply at temperature 0.6
PASS answer different-multiply at temperature 0.6
PASS answer sum at temperature 0.6
PASS answer extract-json at temperature 0.6
PASS answer sort-unique-json at temperature 0.6
PASS answer updated-label at temperature 0.6
PASS answer ledger at temperature 0.6
PASS answer python-function at temperature 0.6
PASS answer chinese-multiply at temperature 0.6
PASS answer chinese-json at temperature 0.6
PASS answer accented-label at temperature 0.6
cached 512 warmup: 61.14 tok/s, TTFT 0.294s, correct=True
cached 512 repeat=1: 61.08 tok/s, TTFT 0.278s, correct=True
cached 512 repeat=2: 70.93 tok/s, TTFT 0.282s, correct=True
cached 512 repeat=3: 71.16 tok/s, TTFT 0.277s, correct=True
cached 2048 warmup: 65.09 tok/s, TTFT 0.329s, correct=True
cached 2048 repeat=1: 65.01 tok/s, TTFT 0.292s, correct=True
cached 2048 repeat=2: 65.86 tok/s, TTFT 0.300s, correct=True
cached 2048 repeat=3: 65.95 tok/s, TTFT 0.291s, correct=True
Saved /Users/justin/Documents/Github/Strata-Mac-Lab/bench/results/20261009T113309Z-m5-copy-kernels-resume-7-copy-scalar/result.json
20261009T113513Z-m5-copy-kernels-resume-8-stock: ready in 2.05s
prompt=512 warmup=1: 48.82 tok/s, TTFT 0.95s, prompt 539.2 tok/s
prompt=512 repeat=1: 49.02 tok/s, TTFT 0.91s, prompt 560.9 tok/s
prompt=512 repeat=2: 48.79 tok/s, TTFT 0.92s, prompt 554.5 tok/s
prompt=512 repeat=3: 48.89 tok/s, TTFT 0.92s, prompt 558.1 tok/s
prompt=2048 warmup=1: 47.27 tok/s, TTFT 3.84s, prompt 533.5 tok/s
prompt=2048 repeat=1: 49.95 tok/s, TTFT 3.82s, prompt 536.4 tok/s
prompt=2048 repeat=2: 50.05 tok/s, TTFT 3.82s, prompt 536.3 tok/s
prompt=2048 repeat=3: 49.98 tok/s, TTFT 3.83s, prompt 535.3 tok/s
code warmup: 52.44 tok/s, TTFT 0.31s
code repeat=1: 56.52 tok/s, TTFT 0.28s
code repeat=2: 56.46 tok/s, TTFT 0.28s
code repeat=3: 56.51 tok/s, TTFT 0.29s
prose warmup: 42.91 tok/s, TTFT 0.29s
prose repeat=1: 42.93 tok/s, TTFT 0.29s
prose repeat=2: 42.86 tok/s, TTFT 0.29s
prose repeat=3: 42.88 tok/s, TTFT 0.29s
chinese warmup: 41.58 tok/s, TTFT 0.30s
chinese repeat=1: 40.11 tok/s, TTFT 0.30s
chinese repeat=2: 40.00 tok/s, TTFT 0.30s
chinese repeat=3: 40.13 tok/s, TTFT 0.30s
PASS answer multiply at temperature 0
PASS answer different-multiply at temperature 0
PASS answer sum at temperature 0
PASS answer extract-json at temperature 0
PASS answer sort-unique-json at temperature 0
PASS answer updated-label at temperature 0
PASS answer ledger at temperature 0
PASS answer python-function at temperature 0
PASS answer chinese-multiply at temperature 0
PASS answer chinese-json at temperature 0
PASS answer accented-label at temperature 0
PASS answer multiply at temperature 0.6
PASS answer different-multiply at temperature 0.6
PASS answer sum at temperature 0.6
PASS answer extract-json at temperature 0.6
PASS answer sort-unique-json at temperature 0.6
PASS answer updated-label at temperature 0.6
PASS answer ledger at temperature 0.6
PASS answer python-function at temperature 0.6
PASS answer chinese-multiply at temperature 0.6
PASS answer chinese-json at temperature 0.6
PASS answer accented-label at temperature 0.6
cached 512 warmup: 60.83 tok/s, TTFT 0.297s, correct=True
cached 512 repeat=1: 61.03 tok/s, TTFT 0.275s, correct=True
cached 512 repeat=2: 71.06 tok/s, TTFT 0.277s, correct=True
cached 512 repeat=3: 71.09 tok/s, TTFT 0.276s, correct=True
cached 2048 warmup: 65.85 tok/s, TTFT 0.317s, correct=True
cached 2048 repeat=1: 63.22 tok/s, TTFT 0.301s, correct=True
cached 2048 repeat=2: 64.76 tok/s, TTFT 0.289s, correct=True
cached 2048 repeat=3: 62.60 tok/s, TTFT 0.289s, correct=True
Saved /Users/justin/Documents/Github/Strata-Mac-Lab/bench/results/20261009T113513Z-m5-copy-kernels-resume-8-stock/result.json
STAGE COMPLETE copy-kernels-resumed: passed
RESUME COMPLETE passed: /Users/justin/Documents/Github/Strata-Mac-Lab/bench/results/20261009T112641Z-m5-copy-resume
