ggml_metal_device_init: testing tensor API for f16 support
ggml_metal_library_compile_pipeline: compiling pipeline: base = 'dummy_kernel', name = 'dummy_kernel'
ggml_metal_library_compile_pipeline: loaded dummy_kernel                                  0x105699350 | th_max = 1024 | th_width =   32
ggml_metal_device_init: testing tensor API for bfloat support
ggml_metal_library_compile_pipeline: compiling pipeline: base = 'dummy_kernel', name = 'dummy_kernel'
ggml_metal_library_compile_pipeline: loaded dummy_kernel                                  0x105699850 | th_max = 1024 | th_width =   32
ggml_metal_library_init: using embedded metal library
ggml_metal_library_compile_all: compiled 'fa_aux' library in 0.002 sec
ggml_metal_library_compile_all: compiled 'fa_f16' library in 0.002 sec
ggml_metal_library_compile_all: compiled 'fa_f32' library in 0.003 sec
ggml_metal_library_compile_all: compiled 'fa_q4_0' library in 0.003 sec
ggml_metal_library_compile_all: compiled 'fa_q4_1' library in 0.003 sec
ggml_metal_library_compile_all: compiled 'fa_q5_0' library in 0.009 sec
ggml_metal_library_compile_all: compiled 'fa_q5_1' library in 0.003 sec
ggml_metal_library_compile_all: compiled 'fa_q8_0' library in 0.006 sec
ggml_metal_library_compile_all: compiled 'fa_vec_f16' library in 0.007 sec
ggml_metal_library_compile_all: compiled 'fa_vec_f32' library in 0.008 sec
ggml_metal_library_compile_all: compiled 'fa_vec_q4_0' library in 0.004 sec
ggml_metal_library_compile_all: compiled 'fa_vec_q4_1' library in 0.008 sec
ggml_metal_library_compile_all: compiled 'fa_vec_q5_0' library in 0.006 sec
ggml_metal_library_compile_all: compiled 'fa_vec_q5_1' library in 0.009 sec
ggml_metal_library_compile_all: compiled 'fa_vec_q8_0' library in 0.005 sec
ggml_metal_library_compile_all: compiled 'mul_mv' library in 0.011 sec
ggml_metal_library_compile_all: compiled 'mul_mv_mma' library in 0.010 sec
ggml_metal_library_compile_all: compiled 'mul_mm' library in 0.012 sec
ggml_metal_library_compile_all: compiled 'quantize' library in 0.011 sec
ggml_metal_library_compile_all: compiled 'softmax' library in 0.006 sec
ggml_metal_library_compile_all: compiled 'norm' library in 0.005 sec
ggml_metal_library_compile_all: compiled 'unary' library in 0.003 sec
ggml_metal_library_compile_all: compiled 'binbcast' library in 0.008 sec
ggml_metal_library_compile_all: compiled 'reduce' library in 0.007 sec
ggml_metal_library_compile_all: compiled 'tri' library in 0.004 sec
ggml_metal_library_compile_all: compiled 'ssm' library in 0.007 sec
ggml_metal_library_compile_all: compiled 'wkv' library in 0.003 sec
ggml_metal_library_compile_all: compiled 'gated_delta_net' library in 0.003 sec
ggml_metal_library_compile_all: compiled 'solve_tri' library in 0.005 sec
ggml_metal_library_compile_all: compiled 'rope' library in 0.004 sec
ggml_metal_library_compile_all: compiled 'conv' library in 0.003 sec
ggml_metal_library_compile_all: compiled 'upscale' library in 0.004 sec
ggml_metal_library_compile_all: compiled 'argsort' library in 0.003 sec
ggml_metal_library_compile_all: compiled 'pool' library in 0.004 sec
ggml_metal_library_compile_all: compiled 'misc' library in 0.000 sec
ggml_metal_library_compile_all: loaded 35 libraries from embedded data in 0.013 sec (max single = 0.012 sec)
ggml_metal_rsets_init: creating a residency set collection (keep_alive = 180 s)
ggml_metal_device_init: GPU name:   MTL0 (Apple M5 Pro)
ggml_metal_device_init: GPU family: MTLGPUFamilyApple10  (1010)
ggml_metal_device_init: GPU family: MTLGPUFamilyMetal4  (5002)
ggml_metal_device_init: simdgroup reduction   = true
ggml_metal_device_init: simdgroup matrix mul. = true
ggml_metal_device_init: has unified memory    = true
ggml_metal_device_init: has bfloat            = true
ggml_metal_device_init: has tensor            = true
ggml_metal_device_init: use residency sets    = true
ggml_metal_device_init: use shared buffers    = true
ggml_metal_device_init: recommendedMaxWorkingSetSize  = 40200.90 MB
ggml_metal_init: allocating
ggml_metal_init: found device: Apple M5 Pro
ggml_metal_init: picking default device: Apple M5 Pro
ggml_metal_init: use fusion         = true
ggml_metal_init: use concurrency    = true
ggml_metal_init: use graph optimize = true
ggml_metal_library_compile_pipeline: compiling pipeline: base = 'kernel_mul_mv_id_q2_0_f32', name = 'kernel_mul_mv_id_q2_0_f32_nsg=2_split=0'
ggml_metal_library_compile_pipeline: loaded kernel_mul_mv_id_q2_0_f32_nsg=2_split=0       0x1056a90d0 | th_max = 1024 | th_width =   32
ggml_metal_library_compile_pipeline: compiling pipeline: base = 'kernel_swiglu_f32', name = 'kernel_swiglu_f32'
ggml_metal_library_compile_pipeline: loaded kernel_swiglu_f32                             0x1056a9450 | th_max = 1024 | th_width =   32
ggml_metal_library_compile_pipeline: compiling pipeline: base = 'kernel_bin_fuse_f32_f32_f32', name = 'kernel_bin_fuse_f32_f32_f32_op=2_nf=1_rb=0_cb=1'
ggml_metal_library_compile_pipeline: loaded kernel_bin_fuse_f32_f32_f32_op=2_nf=1_rb=0_cb=1      0x1056aa410 | th_max = 1024 | th_width =   32
ggml_metal_library_compile_pipeline: compiling pipeline: base = 'kernel_bin_fuse_f32_f32_f32_4', name = 'kernel_bin_fuse_f32_f32_f32_4_op=0_nf=7_rb=0_cb=0'
ggml_metal_library_compile_pipeline: loaded kernel_bin_fuse_f32_f32_f32_4_op=0_nf=7_rb=0_cb=0      0x1056aa790 | th_max = 1024 | th_width =   32
ggml_metal_library_compile_pipeline: compiling pipeline: base = 'kernel_bin_fuse_f32_f32_f32_4', name = 'kernel_bin_fuse_f32_f32_f32_4_op=0_nf=2_rb=0_cb=0'
ggml_metal_library_compile_pipeline: loaded kernel_bin_fuse_f32_f32_f32_4_op=0_nf=2_rb=0_cb=0     0x7c272b8000 | th_max = 1024 | th_width =   32
ggml_metal_library_compile_pipeline: compiling pipeline: base = 'kernel_bin_fuse_f32_f32_f32_4', name = 'kernel_bin_fuse_f32_f32_f32_4_op=0_nf=1_rb=0_cb=0'
ggml_metal_library_compile_pipeline: loaded kernel_bin_fuse_f32_f32_f32_4_op=0_nf=1_rb=0_cb=0     0x7c272b8380 | th_max = 1024 | th_width =   32
M5_GATE_CASE {"cpu_compute_nodes":0,"cpu_nmse":6.957007826013444e-14,"distinct_experts":[14,22,24,26,28,30,33,40],"eligible":true,"graph_buffer_bytes":5385920,"input_ids_preserved":true,"layout":"plain","max_absolute_error":3.669212926826759e-07,"max_scaled_error":3.163219394197725e-07,"output_elements":1105920,"route":"real","route_index":0,"rows":4,"samples":60,"scheduler":true,"triplets_per_graph":8,"wall_samples_us_per_triplet":[290.729125,291.53125,292.0365,292.125,292.270875,292.270875,292.34375,292.36975,292.432375,292.59375,292.9115,293.052125,293.432375,293.677125,294.05725,294.119875,294.296875,294.4375,294.614625,294.61975,294.760375,294.875,295.104125,295.203125,295.333375,295.364625,295.385375,295.421875,295.546875,295.729125,296.00525,296.109375,297.18225,297.359375,297.447875,297.4635,297.6875,297.692625,297.776125,297.9375,298.052125,298.067625,298.09375,298.239625,298.25,298.323,298.677,299.31775,299.72925,300.083375,300.56775,301.619875,302.140625,302.427125,305.505125,305.7865,306.151125,306.416625,307.1875,308.015625],"wall_us_per_triplet":296.00525}
M5_GATE_CASE {"cpu_compute_nodes":0,"cpu_nmse":8.813416802937666e-14,"distinct_experts":[40,40,40,40,40,40,40,40],"eligible":true,"graph_buffer_bytes":5385920,"input_ids_preserved":true,"layout":"plain","max_absolute_error":2.665893277242759e-07,"max_scaled_error":2.544322713626812e-07,"output_elements":1105920,"route":"distinct","route_index":0,"rows":4,"samples":60,"scheduler":true,"triplets_per_graph":8,"wall_samples_us_per_triplet":[296.8385,297.5,298.151125,298.958375,300.0625,300.4115,300.453125,300.484375,301.541625,301.546875,301.614625,302.197875,302.6355,302.859375,302.90625,303.177,303.546875,303.578125,303.609375,303.75,303.895875,304.078125,304.08325,304.24475,304.2865,304.385375,304.421875,304.609375,304.6875,305.09375,305.265625,305.29175,305.630125,305.65625,305.796875,305.84375,306.19275,306.489625,306.578125,306.609375,306.671875,306.677125,306.81775,306.948,307.375,307.677,307.677125,307.833375,308.083375,308.208375,308.6355,308.79175,309.203125,309.520875,310.40625,310.953125,313.515625,314.682375,316.13025,317.802125],"wall_us_per_triplet":305.265625}
M5_GATE_CASE {"cpu_compute_nodes":0,"cpu_nmse":7.063375741560338e-14,"distinct_experts":[10,10,10,10,10,10,10,10],"eligible":true,"graph_buffer_bytes":5385920,"input_ids_preserved":true,"layout":"plain","max_absolute_error":3.351239759030733e-07,"max_scaled_error":3.351239759030733e-07,"output_elements":1105920,"route":"shared","route_index":0,"rows":4,"samples":60,"scheduler":true,"triplets_per_graph":8,"wall_samples_us_per_triplet":[286.4375,286.78125,286.807375,287.151,287.244875,287.296875,288.364625,288.901125,289.177125,289.25525,289.276,289.338625,289.552,289.5885,289.786375,289.796875,289.885375,289.973875,290.005125,290.05725,290.140625,290.1615,290.171875,290.270875,290.349,290.776,291.145875,291.145875,291.38025,291.77075,292.078125,292.13025,292.2865,292.302,292.375,292.9635,293.0625,293.401,293.421875,293.609375,293.614625,293.71875,294.125,294.369875,294.510375,294.515625,294.65625,294.75,295.119875,295.182375,295.3385,296.4895,296.6875,296.74475,296.8385,296.90625,300.161375,300.6615,300.682375,301.6615],"wall_us_per_triplet":292.078125}
M5_GATE_CASE {"cpu_compute_nodes":0,"cpu_nmse":7.030566706314856e-14,"distinct_experts":[13,26,29,31,34,36,40,50],"eligible":true,"graph_buffer_bytes":6721728,"input_ids_preserved":true,"layout":"plain","max_absolute_error":2.9987389271735054e-07,"max_scaled_error":2.9987389271735054e-07,"output_elements":1382400,"route":"real","route_index":0,"rows":5,"samples":60,"scheduler":true,"triplets_per_graph":8,"wall_samples_us_per_triplet":[350.3125,350.39575,350.88025,351.270875,351.448,352.0,352.45825,352.53125,352.5885,352.875,353.46875,353.609375,353.614625,353.75525,353.859375,354.145875,354.151,354.161375,354.197875,354.5625,354.61975,354.68225,354.729125,354.734375,354.74475,354.75525,354.80725,355.052125,355.265625,355.41675,355.963625,356.15625,356.229125,356.50525,356.526125,356.58325,356.599,356.713625,357.421875,357.474,357.744875,357.75525,357.796875,357.9635,358.317625,358.599,358.651,358.75,358.755125,358.776125,358.822875,358.989625,359.06775,359.1875,359.36975,362.3125,363.8125,364.984375,366.7865,366.99475],"wall_us_per_triplet":355.963625}
M5_GATE_CASE {"cpu_compute_nodes":0,"cpu_nmse":9.616919896786819e-14,"distinct_experts":[50,50,50,50,50,50,50,50],"eligible":true,"graph_buffer_bytes":6721728,"input_ids_preserved":true,"layout":"plain","max_absolute_error":3.6201216380149503e-07,"max_scaled_error":3.6201216380149503e-07,"output_elements":1382400,"route":"distinct","route_index":0,"rows":5,"samples":60,"scheduler":true,"triplets_per_graph":8,"wall_samples_us_per_triplet":[358.796875,359.744875,359.807375,361.125,361.473875,362.984375,363.02075,363.625,363.63025,363.9375,363.9375,363.942625,363.9635,363.963625,364.104125,364.25,364.46875,364.635375,364.724,364.880125,364.90625,364.96875,365.328125,365.369875,365.75525,366.08325,366.08325,366.229125,366.364625,366.609375,366.849,367.010375,367.041625,367.15625,367.25,367.5885,367.74475,367.854125,367.875,367.953125,367.979125,368.2395,368.328125,368.421875,368.505125,368.625,368.645875,369.208375,369.609375,369.88025,370.265625,370.703125,370.854125,370.901,372.786375,372.8385,375.36975,377.5,379.18225,385.505125],"wall_us_per_triplet":366.849}
M5_GATE_CASE {"cpu_compute_nodes":0,"cpu_nmse":7.366095811566404e-14,"distinct_experts":[10,10,10,10,10,10,10,10],"eligible":true,"graph_buffer_bytes":6721728,"input_ids_preserved":true,"layout":"plain","max_absolute_error":3.351239759030733e-07,"max_scaled_error":3.351239759030733e-07,"output_elements":1382400,"route":"shared","route_index":0,"rows":5,"samples":60,"scheduler":true,"triplets_per_graph":8,"wall_samples_us_per_triplet":[342.302,344.3125,345.828125,345.958375,346.375,346.921875,347.0885,347.7865,348.03125,348.2395,348.34375,348.458375,348.479125,348.6355,348.729125,349.052125,349.0885,349.09375,349.5,349.552,349.60425,349.6615,349.74475,349.88025,350.0,350.036375,350.078125,350.0885,350.198,350.234375,350.28125,350.2865,350.296875,350.3125,350.43225,350.494875,350.875,350.895875,351.479125,351.833375,351.838625,352.34375,352.5885,352.59375,352.734375,352.765625,352.984375,353.140625,353.20825,353.390625,353.453125,353.5,353.859375,354.208375,357.93225,359.4895,360.333375,361.7135,366.145875,378.35425],"wall_us_per_triplet":350.28125}
M5_GATE_DONE {"allocated_weight_bytes":2124195840,"cases":6,"cpu_compute_nodes":0,"mode":"perf","scheduler":true,"weights_preserved":true}
ggml_metal_free: deallocating
