ggml_metal_device_init: testing tensor API for f16 support
ggml_metal_library_compile_pipeline: compiling pipeline: base = 'dummy_kernel', name = 'dummy_kernel'
ggml_metal_library_compile_pipeline: loaded dummy_kernel                                  0x10484eb50 | th_max = 1024 | th_width =   32
ggml_metal_device_init: testing tensor API for bfloat support
ggml_metal_library_compile_pipeline: compiling pipeline: base = 'dummy_kernel', name = 'dummy_kernel'
ggml_metal_library_compile_pipeline: loaded dummy_kernel                                  0x10484f050 | th_max = 1024 | th_width =   32
ggml_metal_library_init: using embedded metal library
ggml_metal_library_compile_all: compiled 'fa_aux' library in 0.337 sec
ggml_metal_library_compile_all: compiled 'fa_f16' library in 1.765 sec
ggml_metal_library_compile_all: compiled 'fa_f32' library in 0.966 sec
ggml_metal_library_compile_all: compiled 'fa_q4_0' library in 1.075 sec
ggml_metal_library_compile_all: compiled 'fa_q4_1' library in 1.085 sec
ggml_metal_library_compile_all: compiled 'fa_q5_0' library in 1.025 sec
ggml_metal_library_compile_all: compiled 'fa_q5_1' library in 1.029 sec
ggml_metal_library_compile_all: compiled 'fa_q8_0' library in 1.525 sec
ggml_metal_library_compile_all: compiled 'fa_vec_f16' library in 2.868 sec
ggml_metal_library_compile_all: compiled 'fa_vec_f32' library in 0.562 sec
ggml_metal_library_compile_all: compiled 'fa_vec_q4_0' library in 2.466 sec
ggml_metal_library_compile_all: compiled 'fa_vec_q4_1' library in 2.814 sec
ggml_metal_library_compile_all: compiled 'fa_vec_q5_0' library in 2.445 sec
ggml_metal_library_compile_all: compiled 'fa_vec_q5_1' library in 2.449 sec
ggml_metal_library_compile_all: compiled 'fa_vec_q8_0' library in 2.343 sec
ggml_metal_library_compile_all: compiled 'mul_mv' library in 2.466 sec
ggml_metal_library_compile_all: compiled 'mul_mv_mma' library in 1.523 sec
ggml_metal_library_compile_all: compiled 'mul_mm' library in 1.526 sec
ggml_metal_library_compile_all: compiled 'quantize' library in 0.954 sec
ggml_metal_library_compile_all: compiled 'softmax' library in 0.119 sec
ggml_metal_library_compile_all: compiled 'norm' library in 0.141 sec
ggml_metal_library_compile_all: compiled 'unary' library in 0.145 sec
ggml_metal_library_compile_all: compiled 'binbcast' library in 0.140 sec
ggml_metal_library_compile_all: compiled 'reduce' library in 0.107 sec
ggml_metal_library_compile_all: compiled 'tri' library in 0.116 sec
ggml_metal_library_compile_all: compiled 'ssm' library in 1.762 sec
ggml_metal_library_compile_all: compiled 'wkv' library in 1.024 sec
ggml_metal_library_compile_all: compiled 'gated_delta_net' library in 1.363 sec
ggml_metal_library_compile_all: compiled 'solve_tri' library in 1.518 sec
ggml_metal_library_compile_all: compiled 'rope' library in 0.476 sec
ggml_metal_library_compile_all: compiled 'conv' library in 1.019 sec
ggml_metal_library_compile_all: compiled 'upscale' library in 0.460 sec
ggml_metal_library_compile_all: compiled 'argsort' library in 2.440 sec
ggml_metal_library_compile_all: compiled 'pool' library in 1.521 sec
ggml_metal_library_compile_all: compiled 'misc' library in 2.338 sec
ggml_metal_library_compile_all: loaded 35 libraries from embedded data in 2.868 sec (max single = 2.868 sec)
ggml_metal_rsets_init: creating a residency set collection (keep_alive = 180 s)
ggml_metal_device_init: GPU name:   MTL0 (Apple M5 Pro)
ggml_metal_device_init: GPU family: MTLGPUFamilyApple10  (1010)
ggml_metal_device_init: GPU family: MTLGPUFamilyMetal4  (5002)
ggml_metal_device_init: simdgroup reduction   = true
ggml_metal_device_init: simdgroup matrix mul. = true
ggml_metal_device_init: has unified memory    = true
ggml_metal_device_init: has bfloat            = true
ggml_metal_device_init: has tensor            = true
ggml_metal_device_init: use residency sets    = true
ggml_metal_device_init: use shared buffers    = true
ggml_metal_device_init: recommendedMaxWorkingSetSize  = 40200.90 MB
ggml_metal_init: allocating
ggml_metal_init: found device: Apple M5 Pro
ggml_metal_init: picking default device: Apple M5 Pro
ggml_metal_init: use fusion         = true
ggml_metal_init: use concurrency    = true
ggml_metal_init: use graph optimize = true
ggml_metal_library_compile_pipeline: compiling pipeline: base = 'kernel_mul_mv_mma_q4_0_f32_nt1_rt1', name = 'kernel_mul_mv_mma_q4_0_f32_nt1_rt1_nsg=16_ne12=1_r2=1_r3=1_ne00=1024_add=0'
ggml_metal_library_compile_pipeline: loaded kernel_mul_mv_mma_q4_0_f32_nt1_rt1_nsg=16_ne12=1_r2=1_r3=1_ne00=1024_add=0      0x10484d190 | th_max = 1024 | th_width =   32
ggml_metal_library_compile_pipeline: compiling pipeline: base = 'kernel_mul_mv_mma_q4_0_f32_nt1_rt1', name = 'kernel_mul_mv_mma_q4_0_f32_nt1_rt1_nsg=16_ne12=1_r2=1_r3=1_ne00=1024_add=1'
ggml_metal_library_compile_pipeline: loaded kernel_mul_mv_mma_q4_0_f32_nt1_rt1_nsg=16_ne12=1_r2=1_r3=1_ne00=1024_add=1      0x10487fbc0 | th_max = 1024 | th_width =   32
Testing 3 devices

Backend 1/3: MTL0
  Device description: Apple M5 Pro
  Device memory: 38338 MB (38338 MB free)

  MUL_MAT_ADD(type_a=q4_0,m=1000,n=2,k=1024,mode=mm2+mm): [1;32mOK[0m
ggml_metal_library_compile_pipeline: compiling pipeline: base = 'kernel_mul_mv_mma_q8_0_f32_nt1_rt1', name = 'kernel_mul_mv_mma_q8_0_f32_nt1_rt1_nsg=16_ne12=1_r2=1_r3=1_ne00=1024_add=0'
ggml_metal_library_compile_pipeline: loaded kernel_mul_mv_mma_q8_0_f32_nt1_rt1_nsg=16_ne12=1_r2=1_r3=1_ne00=1024_add=0     0x766aff8000 | th_max = 1024 | th_width =   32
ggml_metal_library_compile_pipeline: compiling pipeline: base = 'kernel_mul_mv_mma_q8_0_f32_nt1_rt1', name = 'kernel_mul_mv_mma_q8_0_f32_nt1_rt1_nsg=16_ne12=1_r2=1_r3=1_ne00=1024_add=1'
ggml_metal_library_compile_pipeline: loaded kernel_mul_mv_mma_q8_0_f32_nt1_rt1_nsg=16_ne12=1_r2=1_r3=1_ne00=1024_add=1     0x766aff8380 | th_max = 1024 | th_width =   32
  MUL_MAT_ADD(type_a=q8_0,m=1000,n=2,k=1024,mode=mm2+mm): [1;32mOK[0m
ggml_metal_library_compile_pipeline: compiling pipeline: base = 'kernel_mul_mv_mma_q5_K_f32_nt1_rt1', name = 'kernel_mul_mv_mma_q5_K_f32_nt1_rt1_nsg=16_ne12=1_r2=1_r3=1_ne00=1024_add=0'
ggml_metal_library_compile_pipeline: loaded kernel_mul_mv_mma_q5_K_f32_nt1_rt1_nsg=16_ne12=1_r2=1_r3=1_ne00=1024_add=0     0x766aff8e00 | th_max = 1024 | th_width =   32
ggml_metal_library_compile_pipeline: compiling pipeline: base = 'kernel_mul_mv_mma_q5_K_f32_nt1_rt1', name = 'kernel_mul_mv_mma_q5_K_f32_nt1_rt1_nsg=16_ne12=1_r2=1_r3=1_ne00=1024_add=1'
ggml_metal_library_compile_pipeline: loaded kernel_mul_mv_mma_q5_K_f32_nt1_rt1_nsg=16_ne12=1_r2=1_r3=1_ne00=1024_add=1     0x766aff9180 | th_max = 1024 | th_width =   32
  MUL_MAT_ADD(type_a=q5_K,m=1000,n=2,k=1024,mode=mm2+mm): [1;32mOK[0m
ggml_metal_library_compile_pipeline: compiling pipeline: base = 'kernel_mul_mv_ext_f16_f32_r1_2', name = 'kernel_mul_mv_ext_f16_f32_r1_2_nsg=2_nxpsg=16_ne12=1_r2=1_r3=1'
ggml_metal_library_compile_pipeline: loaded kernel_mul_mv_ext_f16_f32_r1_2_nsg=2_nxpsg=16_ne12=1_r2=1_r3=1     0x766aff8a80 | th_max = 1024 | th_width =   32
ggml_metal_library_compile_pipeline: compiling pipeline: base = 'kernel_bin_fuse_f32_f32_f32_4', name = 'kernel_bin_fuse_f32_f32_f32_4_op=0_nf=1_rb=0_cb=0'
ggml_metal_library_compile_pipeline: loaded kernel_bin_fuse_f32_f32_f32_4_op=0_nf=1_rb=0_cb=0     0x766aff9880 | th_max = 1024 | th_width =   32
  MUL_MAT_ADD(type_a=f16,m=1000,n=2,k=1024,mode=mm2+mm): [1;32mOK[0m
  MUL_MAT_ADD(type_a=q4_0,m=1000,n=3,k=1024,mode=mm2+mm): [1;32mOK[0m
  MUL_MAT_ADD(type_a=q8_0,m=1000,n=3,k=1024,mode=mm2+mm): [1;32mOK[0m
  MUL_MAT_ADD(type_a=q5_K,m=1000,n=3,k=1024,mode=mm2+mm): [1;32mOK[0m
ggml_metal_library_compile_pipeline: compiling pipeline: base = 'kernel_mul_mv_mma_f16_f32_nt1_rt1', name = 'kernel_mul_mv_mma_f16_f32_nt1_rt1_nsg=16_ne12=1_r2=1_r3=1_ne00=0_add=0'
ggml_metal_library_compile_pipeline: loaded kernel_mul_mv_mma_f16_f32_nt1_rt1_nsg=16_ne12=1_r2=1_r3=1_ne00=0_add=0     0x766aff8700 | th_max = 1024 | th_width =   32
ggml_metal_library_compile_pipeline: compiling pipeline: base = 'kernel_mul_mv_mma_f16_f32_nt1_rt1', name = 'kernel_mul_mv_mma_f16_f32_nt1_rt1_nsg=16_ne12=1_r2=1_r3=1_ne00=0_add=1'
ggml_metal_library_compile_pipeline: loaded kernel_mul_mv_mma_f16_f32_nt1_rt1_nsg=16_ne12=1_r2=1_r3=1_ne00=0_add=1     0x766aff9f80 | th_max = 1024 | th_width =   32
  MUL_MAT_ADD(type_a=f16,m=1000,n=3,k=1024,mode=mm2+mm): [1;32mOK[0m
  MUL_MAT_ADD(type_a=q4_0,m=1000,n=5,k=1024,mode=mm2+mm): [1;32mOK[0m
  MUL_MAT_ADD(type_a=q8_0,m=1000,n=5,k=1024,mode=mm2+mm): [1;32mOK[0m
  MUL_MAT_ADD(type_a=q5_K,m=1000,n=5,k=1024,mode=mm2+mm): [1;32mOK[0m
  MUL_MAT_ADD(type_a=f16,m=1000,n=5,k=1024,mode=mm2+mm): [1;32mOK[0m
  MUL_MAT_ADD(type_a=q4_0,m=1000,n=8,k=1024,mode=mm2+mm): [1;32mOK[0m
  MUL_MAT_ADD(type_a=q8_0,m=1000,n=8,k=1024,mode=mm2+mm): [1;32mOK[0m
  MUL_MAT_ADD(type_a=q5_K,m=1000,n=8,k=1024,mode=mm2+mm): [1;32mOK[0m
  MUL_MAT_ADD(type_a=f16,m=1000,n=8,k=1024,mode=mm2+mm): [1;32mOK[0m
ggml_metal_free: deallocating
  16/16 tests passed
  Backend MTL0: [1;32mOK[0m
Backend 2/3: BLAS
  Skipping
Backend 3/3: CPU
  Skipping
3/3 backends passed
[1;32mOK[0m
