ggml_metal_device_init: testing tensor API for f16 support
ggml_metal_library_compile_pipeline: compiling pipeline: base = 'dummy_kernel', name = 'dummy_kernel'
ggml_metal_library_compile_pipeline: loaded dummy_kernel                                  0x103794e60 | th_max = 1024 | th_width =   32
ggml_metal_device_init: testing tensor API for bfloat support
ggml_metal_library_compile_pipeline: compiling pipeline: base = 'dummy_kernel', name = 'dummy_kernel'
ggml_metal_library_compile_pipeline: loaded dummy_kernel                                  0x103795360 | th_max = 1024 | th_width =   32
ggml_metal_library_init: using embedded metal library
ggml_metal_library_compile_all: compiled 'fa_aux' library in 0.003 sec
ggml_metal_library_compile_all: compiled 'fa_f16' library in 0.003 sec
ggml_metal_library_compile_all: compiled 'fa_f32' library in 0.001 sec
ggml_metal_library_compile_all: compiled 'fa_q4_0' library in 0.001 sec
ggml_metal_library_compile_all: compiled 'fa_q4_1' library in 0.003 sec
ggml_metal_library_compile_all: compiled 'fa_q5_0' library in 0.002 sec
ggml_metal_library_compile_all: compiled 'fa_q5_1' library in 0.002 sec
ggml_metal_library_compile_all: compiled 'fa_q8_0' library in 0.006 sec
ggml_metal_library_compile_all: compiled 'fa_vec_f16' library in 0.006 sec
ggml_metal_library_compile_all: compiled 'fa_vec_f32' library in 0.007 sec
ggml_metal_library_compile_all: compiled 'fa_vec_q4_0' library in 0.004 sec
ggml_metal_library_compile_all: compiled 'fa_vec_q4_1' library in 0.007 sec
ggml_metal_library_compile_all: compiled 'fa_vec_q5_0' library in 0.009 sec
ggml_metal_library_compile_all: compiled 'fa_vec_q5_1' library in 0.002 sec
ggml_metal_library_compile_all: compiled 'fa_vec_q8_0' library in 0.008 sec
ggml_metal_library_compile_all: compiled 'mul_mv' library in 0.005 sec
ggml_metal_library_compile_all: compiled 'mul_mv_mma' library in 0.010 sec
ggml_metal_library_compile_all: compiled 'mul_mm' library in 0.011 sec
ggml_metal_library_compile_all: compiled 'quantize' library in 0.006 sec
ggml_metal_library_compile_all: compiled 'softmax' library in 0.007 sec
ggml_metal_library_compile_all: compiled 'norm' library in 0.009 sec
ggml_metal_library_compile_all: compiled 'unary' library in 0.009 sec
ggml_metal_library_compile_all: compiled 'binbcast' library in 0.000 sec
ggml_metal_library_compile_all: compiled 'reduce' library in 0.000 sec
ggml_metal_library_compile_all: compiled 'tri' library in 0.007 sec
ggml_metal_library_compile_all: compiled 'ssm' library in 0.000 sec
ggml_metal_library_compile_all: compiled 'wkv' library in 0.000 sec
ggml_metal_library_compile_all: compiled 'gated_delta_net' library in 0.000 sec
ggml_metal_library_compile_all: compiled 'solve_tri' library in 0.006 sec
ggml_metal_library_compile_all: compiled 'rope' library in 0.010 sec
ggml_metal_library_compile_all: compiled 'conv' library in 0.006 sec
ggml_metal_library_compile_all: compiled 'upscale' library in 0.009 sec
ggml_metal_library_compile_all: compiled 'argsort' library in 0.006 sec
ggml_metal_library_compile_all: compiled 'pool' library in 0.006 sec
ggml_metal_library_compile_all: compiled 'misc' library in 0.007 sec
ggml_metal_library_compile_all: loaded 35 libraries from embedded data in 0.011 sec (max single = 0.011 sec)
ggml_metal_rsets_init: creating a residency set collection (keep_alive = 180 s)
ggml_metal_device_init: GPU name:   MTL0 (Apple M5 Pro)
ggml_metal_device_init: GPU family: MTLGPUFamilyApple10  (1010)
ggml_metal_device_init: GPU family: MTLGPUFamilyMetal4  (5002)
ggml_metal_device_init: simdgroup reduction   = true
ggml_metal_device_init: simdgroup matrix mul. = true
ggml_metal_device_init: has unified memory    = true
ggml_metal_device_init: has bfloat            = true
ggml_metal_device_init: has tensor            = true
ggml_metal_device_init: use residency sets    = true
ggml_metal_device_init: use shared buffers    = true
ggml_metal_device_init: recommendedMaxWorkingSetSize  = 40200.90 MB
ggml_metal_init: allocating
ggml_metal_init: found device: Apple M5 Pro
ggml_metal_init: picking default device: Apple M5 Pro
ggml_metal_init: use fusion         = true
ggml_metal_init: use concurrency    = true
ggml_metal_init: use graph optimize = true
ggml_metal_library_compile_pipeline: compiling pipeline: base = 'kernel_m5_gate_up_q2_0_f32_r4', name = 'kernel_m5_gate_up_q2_0_f32_r4'
ggml_metal_library_compile_pipeline: loaded kernel_m5_gate_up_q2_0_f32_r4                 0x1037a5060 | th_max = 1024 | th_width =   32
ggml_metal_library_compile_pipeline: compiling pipeline: base = 'kernel_mul_mv_id_q2_0_f32', name = 'kernel_mul_mv_id_q2_0_f32_nsg=2_split=0'
ggml_metal_library_compile_pipeline: loaded kernel_mul_mv_id_q2_0_f32_nsg=2_split=0       0x1037a53e0 | th_max = 1024 | th_width =   32
ggml_metal_library_compile_pipeline: compiling pipeline: base = 'kernel_bin_fuse_f32_f32_f32', name = 'kernel_bin_fuse_f32_f32_f32_op=2_nf=1_rb=0_cb=1'
ggml_metal_library_compile_pipeline: loaded kernel_bin_fuse_f32_f32_f32_op=2_nf=1_rb=0_cb=1      0x1037a5760 | th_max = 1024 | th_width =   32
ggml_metal_library_compile_pipeline: compiling pipeline: base = 'kernel_bin_fuse_f32_f32_f32_4', name = 'kernel_bin_fuse_f32_f32_f32_4_op=0_nf=7_rb=0_cb=0'
ggml_metal_library_compile_pipeline: loaded kernel_bin_fuse_f32_f32_f32_4_op=0_nf=7_rb=0_cb=0      0x1037a5ae0 | th_max = 1024 | th_width =   32
ggml_metal_library_compile_pipeline: compiling pipeline: base = 'kernel_bin_fuse_f32_f32_f32_4', name = 'kernel_bin_fuse_f32_f32_f32_4_op=0_nf=2_rb=0_cb=0'
ggml_metal_library_compile_pipeline: loaded kernel_bin_fuse_f32_f32_f32_4_op=0_nf=2_rb=0_cb=0     0x7969278000 | th_max = 1024 | th_width =   32
ggml_metal_library_compile_pipeline: compiling pipeline: base = 'kernel_bin_fuse_f32_f32_f32_4', name = 'kernel_bin_fuse_f32_f32_f32_4_op=0_nf=1_rb=0_cb=0'
ggml_metal_library_compile_pipeline: loaded kernel_bin_fuse_f32_f32_f32_4_op=0_nf=1_rb=0_cb=0     0x7969278380 | th_max = 1024 | th_width =   32
M5_GATE_CASE {"cpu_compute_nodes":0,"cpu_nmse":6.957007826013444e-14,"distinct_experts":[14,22,24,26,28,30,33,40],"eligible":true,"graph_buffer_bytes":5385920,"input_ids_preserved":true,"layout":"plain","max_absolute_error":3.669212926826759e-07,"max_scaled_error":3.163219394197725e-07,"output_elements":1105920,"route":"real","route_index":0,"rows":4,"samples":60,"scheduler":true,"triplets_per_graph":8,"wall_samples_us_per_triplet":[290.90625,292.473875,292.8125,292.859375,292.94275,293.44275,293.599,293.84375,294.0,294.3645,294.609375,294.953125,295.395875,295.447875,295.56775,295.71875,295.79175,295.807375,295.869875,295.974,295.979125,295.99475,296.03125,296.140625,296.229125,296.25,296.328125,296.375,296.5625,296.578125,296.59375,296.640625,296.734375,297.130125,297.182375,297.364625,297.53125,297.552125,297.6615,297.864625,298.098875,298.7605,298.90625,298.942625,298.989625,299.04175,299.109375,299.35425,299.567625,299.776,299.81775,299.911375,300.078125,300.671875,301.974,304.04175,306.13025,306.177125,306.50525,306.708375],"wall_us_per_triplet":296.59375}
M5_GATE_CASE {"cpu_compute_nodes":0,"cpu_nmse":8.813416802937666e-14,"distinct_experts":[40,40,40,40,40,40,40,40],"eligible":true,"graph_buffer_bytes":5385920,"input_ids_preserved":true,"layout":"plain","max_absolute_error":2.665893277242759e-07,"max_scaled_error":2.544322713626812e-07,"output_elements":1105920,"route":"distinct","route_index":0,"rows":4,"samples":60,"scheduler":true,"triplets_per_graph":8,"wall_samples_us_per_triplet":[300.057375,300.390625,301.28125,302.015625,302.104125,302.15625,303.239625,303.375,303.6355,304.84375,305.16675,305.270875,305.4115,305.479125,305.578125,305.6355,305.71875,305.760375,305.85425,305.984375,306.208375,306.25,306.322875,306.416625,306.68225,306.84375,307.296875,307.44275,307.5,307.90625,307.927,307.9635,308.546875,308.55725,308.74475,308.776,308.885375,309.0,309.052125,309.10425,309.11975,309.260375,309.3125,309.447875,309.895875,310.1875,310.78125,311.348875,313.026,313.78125,314.364625,314.36975,315.546875,316.7395,316.744875,316.911375,317.010375,317.015625,319.104125,319.359375],"wall_us_per_triplet":307.927}
M5_GATE_CASE {"cpu_compute_nodes":0,"cpu_nmse":7.063375741560338e-14,"distinct_experts":[10,10,10,10,10,10,10,10],"eligible":true,"graph_buffer_bytes":5385920,"input_ids_preserved":true,"layout":"plain","max_absolute_error":3.351239759030733e-07,"max_scaled_error":3.351239759030733e-07,"output_elements":1105920,"route":"shared","route_index":0,"rows":4,"samples":60,"scheduler":true,"triplets_per_graph":8,"wall_samples_us_per_triplet":[280.098875,280.61975,282.109375,282.369875,282.609375,283.234375,283.88025,284.119875,284.161375,285.171875,285.44275,285.625,285.947875,285.958375,286.302125,286.50525,287.067625,287.125,287.260375,287.34375,287.5,287.53125,287.56775,287.604125,287.640625,287.7395,287.822875,287.93225,287.984375,288.06775,288.140625,288.598875,289.151,289.24475,289.28125,289.442625,289.447875,289.572875,289.849,289.86975,289.953125,290.135375,290.395875,290.45825,290.510375,290.5365,290.6355,290.666625,290.880125,291.47925,293.661375,294.38025,294.817625,295.7135,296.99475,297.526,297.7395,297.84375,298.0,298.2395],"wall_us_per_triplet":288.140625}
M5_GATE_CASE {"cpu_compute_nodes":0,"cpu_nmse":7.030566706314856e-14,"distinct_experts":[13,26,29,31,34,36,40,50],"eligible":true,"graph_buffer_bytes":6721728,"input_ids_preserved":true,"layout":"plain","max_absolute_error":2.9987389271735054e-07,"max_scaled_error":2.9987389271735054e-07,"output_elements":1382400,"route":"real","route_index":0,"rows":5,"samples":60,"scheduler":true,"triplets_per_graph":8,"wall_samples_us_per_triplet":[350.796875,353.125,353.140625,353.35425,353.36975,353.44275,353.484375,353.651,354.33325,354.66675,354.802125,355.015625,355.10425,355.13025,355.302125,355.328125,355.448,355.760375,355.765625,355.796875,355.8125,356.182375,356.453125,356.49475,356.5105,356.52075,356.625,356.760375,356.921875,356.93225,357.130125,357.75525,357.760375,357.95825,358.13025,358.427125,358.473875,358.572875,358.625,358.723875,358.776,358.828125,358.859375,358.95825,359.427125,359.552,359.734375,360.71875,360.9635,361.86975,362.03125,362.20825,363.890625,366.09375,366.203125,366.3645,366.520875,366.99475,368.21875,371.390625],"wall_us_per_triplet":357.130125}
M5_GATE_CASE {"cpu_compute_nodes":0,"cpu_nmse":9.616919896786819e-14,"distinct_experts":[50,50,50,50,50,50,50,50],"eligible":true,"graph_buffer_bytes":6721728,"input_ids_preserved":true,"layout":"plain","max_absolute_error":3.6201216380149503e-07,"max_scaled_error":3.6201216380149503e-07,"output_elements":1382400,"route":"distinct","route_index":0,"rows":5,"samples":60,"scheduler":true,"triplets_per_graph":8,"wall_samples_us_per_triplet":[362.2865,362.666625,363.364625,363.40625,364.046875,364.69275,364.942625,365.114625,365.1875,365.28125,365.505125,365.526,365.74475,365.83325,366.09375,366.2605,366.3645,366.364625,366.46875,367.640625,367.65625,367.75,367.770875,367.84375,367.86975,367.88025,367.927,368.239625,368.385375,368.53125,368.989625,369.25,369.71875,369.734375,369.7865,369.823,369.94275,370.03125,370.140625,370.197875,370.458375,370.526,370.5625,370.5885,370.645875,370.958375,370.979125,370.97925,371.708375,371.708375,371.739625,371.75525,372.302125,372.30725,372.765625,372.786375,373.59375,377.052,378.63025,393.026],"wall_us_per_triplet":368.989625}
M5_GATE_CASE {"cpu_compute_nodes":0,"cpu_nmse":7.366095811566404e-14,"distinct_experts":[10,10,10,10,10,10,10,10],"eligible":true,"graph_buffer_bytes":6721728,"input_ids_preserved":true,"layout":"plain","max_absolute_error":3.351239759030733e-07,"max_scaled_error":3.351239759030733e-07,"output_elements":1382400,"route":"shared","route_index":0,"rows":5,"samples":60,"scheduler":true,"triplets_per_graph":8,"wall_samples_us_per_triplet":[339.880125,341.06775,341.697875,342.401125,342.557375,342.828125,342.86975,343.046875,343.9115,343.974,344.2865,344.473875,344.47925,344.5,344.677125,344.80725,345.036375,345.390625,345.578125,345.849,346.140625,346.4895,346.49475,346.53125,346.645875,346.802125,346.921875,346.958375,347.041625,347.046875,347.140625,347.296875,347.296875,347.78125,347.81775,347.885375,347.989625,348.0625,348.364625,348.5885,348.7865,348.974,349.03125,349.05725,349.098875,349.14575,349.270875,349.447875,349.90625,350.0365,350.151,350.4895,350.661375,350.791625,351.328125,352.822875,354.8125,356.20825,356.671875,362.34375],"wall_us_per_triplet":347.140625}
M5_GATE_DONE {"allocated_weight_bytes":2124195840,"cases":6,"cpu_compute_nodes":0,"mode":"perf","scheduler":true,"weights_preserved":true}
ggml_metal_free: deallocating
