math: PASS [(572, 572)]; peak RSS 314.2 MiB
fused-residual: PASS [(16, 16)]; peak RSS 96.7 MiB
math: PASS [(572, 572)]; peak RSS 301.5 MiB
fused-residual: PASS [(16, 16)]; peak RSS 95.3 MiB
20261010T033721Z-m5-small-gains-p11-screen-resource-retry1-long-1-conv-direct: ready in 10.53s
code warmup: 43.06 tok/s, TTFT 2.07s
code repeat=1: 45.61 tok/s, TTFT 1.62s
code repeat=2: 45.97 tok/s, TTFT 1.61s
code repeat=3: 45.99 tok/s, TTFT 1.58s
prose warmup: 44.01 tok/s, TTFT 2.03s
prose repeat=1: 46.87 tok/s, TTFT 1.77s
prose repeat=2: 46.94 tok/s, TTFT 1.77s
prose repeat=3: 46.94 tok/s, TTFT 1.77s
PASS answer multiply at temperature 0
PASS answer different-multiply at temperature 0
PASS answer sum at temperature 0
PASS answer extract-json at temperature 0
PASS answer sort-unique-json at temperature 0
PASS answer updated-label at temperature 0
PASS answer ledger at temperature 0
PASS answer python-function at temperature 0
PASS answer multiply at temperature 0.6
PASS answer different-multiply at temperature 0.6
PASS answer sum at temperature 0.6
PASS answer extract-json at temperature 0.6
PASS answer sort-unique-json at temperature 0.6
PASS answer updated-label at temperature 0.6
PASS answer ledger at temperature 0.6
PASS answer python-function at temperature 0.6
cached 512 warmup: 59.32 tok/s, TTFT 0.318s, correct=True
cached 512 repeat=1: 59.62 tok/s, TTFT 0.273s, correct=True
cached 512 repeat=2: 70.66 tok/s, TTFT 0.273s, correct=True
cached 512 repeat=3: 70.84 tok/s, TTFT 0.271s, correct=True
cached 2048 warmup: 65.06 tok/s, TTFT 0.322s, correct=True
cached 2048 repeat=1: 63.44 tok/s, TTFT 0.301s, correct=True
cached 2048 repeat=2: 64.03 tok/s, TTFT 0.303s, correct=True
cached 2048 repeat=3: 63.11 tok/s, TTFT 0.299s, correct=True
Saved /Users/justin/Documents/Github/Strata-Mac-Lab/bench/results/20261010T033721Z-m5-small-gains-p11-screen-resource-retry1-long-1-conv-direct/result.json
Waiting for macOS to release model memory: 5.56 GiB available
20261010T033908Z-m5-small-gains-p11-screen-resource-retry1-long-2-small-compact: ready in 2.32s
code warmup: 43.07 tok/s, TTFT 1.91s
code repeat=1: 45.56 tok/s, TTFT 1.64s
code repeat=2: 45.77 tok/s, TTFT 1.61s
code repeat=3: 45.74 tok/s, TTFT 1.60s
prose warmup: 43.66 tok/s, TTFT 2.04s
prose repeat=1: 46.84 tok/s, TTFT 1.79s
prose repeat=2: 46.46 tok/s, TTFT 1.85s
prose repeat=3: 46.87 tok/s, TTFT 1.81s
PASS answer multiply at temperature 0
PASS answer different-multiply at temperature 0
PASS answer sum at temperature 0
PASS answer extract-json at temperature 0
PASS answer sort-unique-json at temperature 0
PASS answer updated-label at temperature 0
PASS answer ledger at temperature 0
PASS answer python-function at temperature 0
PASS answer multiply at temperature 0.6
PASS answer different-multiply at temperature 0.6
PASS answer sum at temperature 0.6
PASS answer extract-json at temperature 0.6
PASS answer sort-unique-json at temperature 0.6
PASS answer updated-label at temperature 0.6
PASS answer ledger at temperature 0.6
PASS answer python-function at temperature 0.6
cached 512 warmup: 58.71 tok/s, TTFT 0.304s, correct=True
cached 512 repeat=1: 60.23 tok/s, TTFT 0.276s, correct=True
cached 512 repeat=2: 70.86 tok/s, TTFT 0.276s, correct=True
cached 512 repeat=3: 70.67 tok/s, TTFT 0.277s, correct=True
cached 2048 warmup: 65.70 tok/s, TTFT 0.317s, correct=True
cached 2048 repeat=1: 63.17 tok/s, TTFT 0.289s, correct=True
cached 2048 repeat=2: 63.82 tok/s, TTFT 0.290s, correct=True
cached 2048 repeat=3: 63.96 tok/s, TTFT 0.291s, correct=True
Saved /Users/justin/Documents/Github/Strata-Mac-Lab/bench/results/20261010T033908Z-m5-small-gains-p11-screen-resource-retry1-long-2-small-compact/result.json
Waiting for macOS to release model memory: 18.36 GiB available
20261010T034048Z-m5-small-gains-p11-screen-resource-retry1-long-3-small-compact: ready in 2.08s
code warmup: 43.00 tok/s, TTFT 1.95s
code repeat=1: 45.47 tok/s, TTFT 1.67s
code repeat=2: 45.64 tok/s, TTFT 1.65s
code repeat=3: 45.82 tok/s, TTFT 1.62s
prose warmup: 44.15 tok/s, TTFT 2.05s
prose repeat=1: 46.78 tok/s, TTFT 1.83s
prose repeat=2: 46.80 tok/s, TTFT 1.80s
prose repeat=3: 46.85 tok/s, TTFT 1.80s
PASS answer multiply at temperature 0
PASS answer different-multiply at temperature 0
PASS answer sum at temperature 0
PASS answer extract-json at temperature 0
PASS answer sort-unique-json at temperature 0
PASS answer updated-label at temperature 0
PASS answer ledger at temperature 0
PASS answer python-function at temperature 0
PASS answer multiply at temperature 0.6
PASS answer different-multiply at temperature 0.6
PASS answer sum at temperature 0.6
PASS answer extract-json at temperature 0.6
PASS answer sort-unique-json at temperature 0.6
PASS answer updated-label at temperature 0.6
PASS answer ledger at temperature 0.6
PASS answer python-function at temperature 0.6
cached 512 warmup: 57.99 tok/s, TTFT 0.316s, correct=True
cached 512 repeat=1: 58.88 tok/s, TTFT 0.276s, correct=True
cached 512 repeat=2: 70.59 tok/s, TTFT 0.276s, correct=True
cached 512 repeat=3: 70.62 tok/s, TTFT 0.276s, correct=True
cached 2048 warmup: 65.14 tok/s, TTFT 0.320s, correct=True
cached 2048 repeat=1: 63.18 tok/s, TTFT 0.290s, correct=True
cached 2048 repeat=2: 63.08 tok/s, TTFT 0.290s, correct=True
cached 2048 repeat=3: 63.41 tok/s, TTFT 0.289s, correct=True
Saved /Users/justin/Documents/Github/Strata-Mac-Lab/bench/results/20261010T034048Z-m5-small-gains-p11-screen-resource-retry1-long-3-small-compact/result.json
Waiting for macOS to release model memory: 16.71 GiB available
20261010T034228Z-m5-small-gains-p11-screen-resource-retry1-long-4-conv-direct: ready in 2.32s
code warmup: 42.74 tok/s, TTFT 2.10s
code repeat=1: 45.70 tok/s, TTFT 1.67s
code repeat=2: 45.69 tok/s, TTFT 1.62s
code repeat=3: 45.79 tok/s, TTFT 1.65s
prose warmup: 43.79 tok/s, TTFT 2.05s
prose repeat=1: 46.86 tok/s, TTFT 1.81s
prose repeat=2: 46.85 tok/s, TTFT 1.81s
prose repeat=3: 46.85 tok/s, TTFT 1.81s
PASS answer multiply at temperature 0
PASS answer different-multiply at temperature 0
PASS answer sum at temperature 0
PASS answer extract-json at temperature 0
PASS answer sort-unique-json at temperature 0
PASS answer updated-label at temperature 0
PASS answer ledger at temperature 0
PASS answer python-function at temperature 0
PASS answer multiply at temperature 0.6
PASS answer different-multiply at temperature 0.6
PASS answer sum at temperature 0.6
PASS answer extract-json at temperature 0.6
PASS answer sort-unique-json at temperature 0.6
PASS answer updated-label at temperature 0.6
PASS answer ledger at temperature 0.6
PASS answer python-function at temperature 0.6
cached 512 warmup: 58.11 tok/s, TTFT 0.312s, correct=True
cached 512 repeat=1: 59.88 tok/s, TTFT 0.275s, correct=True
cached 512 repeat=2: 70.62 tok/s, TTFT 0.276s, correct=True
cached 512 repeat=3: 71.23 tok/s, TTFT 0.274s, correct=True
cached 2048 warmup: 66.18 tok/s, TTFT 0.314s, correct=True
cached 2048 repeat=1: 63.52 tok/s, TTFT 0.291s, correct=True
cached 2048 repeat=2: 64.49 tok/s, TTFT 0.291s, correct=True
cached 2048 repeat=3: 63.55 tok/s, TTFT 0.287s, correct=True
Saved /Users/justin/Documents/Github/Strata-Mac-Lab/bench/results/20261010T034228Z-m5-small-gains-p11-screen-resource-retry1-long-4-conv-direct/result.json
Saved /Users/justin/Documents/Github/Strata-Mac-Lab/bench/results/20261010T033705Z-m5-small-gains-p11-screen-resource-retry1-long
P11 screen-resource-retry1 {'eligible_for_confirmation': False, 'common_metric_scopes': [], 'workload_scopes': {'code': [], 'prose': []}, 'memory_clean': True, 'rule': 'No fixed minimum gain. Positive gain above2x own control drift and both candidate launches better than both controls; no material TPS/TTFT/reply regression. Prompt latency also requires reply benefit. Two tasks for common scope; exact/resource/activation gates mandatory.'}
math: PASS [(572, 572)]; peak RSS 287.8 MiB
fused-residual: PASS [(16, 16)]; peak RSS 94.8 MiB
math: PASS [(572, 572)]; peak RSS 289.5 MiB
fused-residual: PASS [(16, 16)]; peak RSS 102.1 MiB
20261010T034423Z-m5-small-gains-p07-screen-short-1-conv-direct: ready in 2.32s
code warmup: 55.38 tok/s, TTFT 0.37s
code repeat=1: 59.69 tok/s, TTFT 0.28s
code repeat=2: 59.63 tok/s, TTFT 0.28s
code repeat=3: 59.69 tok/s, TTFT 0.28s
prose warmup: 37.19 tok/s, TTFT 0.31s
prose repeat=1: 40.07 tok/s, TTFT 0.29s
prose repeat=2: 40.07 tok/s, TTFT 0.29s
prose repeat=3: 40.11 tok/s, TTFT 0.29s
PASS answer multiply at temperature 0
PASS answer different-multiply at temperature 0
PASS answer sum at temperature 0
PASS answer extract-json at temperature 0
PASS answer sort-unique-json at temperature 0
PASS answer updated-label at temperature 0
PASS answer ledger at temperature 0
PASS answer python-function at temperature 0
PASS answer multiply at temperature 0.6
PASS answer different-multiply at temperature 0.6
PASS answer sum at temperature 0.6
PASS answer extract-json at temperature 0.6
PASS answer sort-unique-json at temperature 0.6
PASS answer updated-label at temperature 0.6
PASS answer ledger at temperature 0.6
PASS answer python-function at temperature 0.6
cached 512 warmup: 59.65 tok/s, TTFT 0.324s, correct=True
cached 512 repeat=1: 61.72 tok/s, TTFT 0.275s, correct=True
cached 512 repeat=2: 71.79 tok/s, TTFT 0.274s, correct=True
cached 512 repeat=3: 72.32 tok/s, TTFT 0.273s, correct=True
cached 2048 warmup: 66.79 tok/s, TTFT 0.318s, correct=True
cached 2048 repeat=1: 63.13 tok/s, TTFT 0.288s, correct=True
cached 2048 repeat=2: 63.32 tok/s, TTFT 0.287s, correct=True
cached 2048 repeat=3: 62.75 tok/s, TTFT 0.287s, correct=True
Saved /Users/justin/Documents/Github/Strata-Mac-Lab/bench/results/20261010T034423Z-m5-small-gains-p07-screen-short-1-conv-direct/result.json
20261010T034547Z-m5-small-gains-p07-screen-short-2-small-reduce: ready in 2.06s
code warmup: 59.42 tok/s, TTFT 0.31s
code repeat=1: 60.03 tok/s, TTFT 0.28s
code repeat=2: 59.90 tok/s, TTFT 0.28s
code repeat=3: 59.24 tok/s, TTFT 0.30s
prose warmup: 39.94 tok/s, TTFT 0.32s
prose repeat=1: 40.34 tok/s, TTFT 0.29s
prose repeat=2: 40.38 tok/s, TTFT 0.29s
prose repeat=3: 40.28 tok/s, TTFT 0.29s
PASS answer multiply at temperature 0
PASS answer different-multiply at temperature 0
PASS answer sum at temperature 0
PASS answer extract-json at temperature 0
PASS answer sort-unique-json at temperature 0
PASS answer updated-label at temperature 0
PASS answer ledger at temperature 0
PASS answer python-function at temperature 0
PASS answer multiply at temperature 0.6
PASS answer different-multiply at temperature 0.6
PASS answer sum at temperature 0.6
PASS answer extract-json at temperature 0.6
PASS answer sort-unique-json at temperature 0.6
PASS answer updated-label at temperature 0.6
PASS answer ledger at temperature 0.6
PASS answer python-function at temperature 0.6
cached 512 warmup: 60.72 tok/s, TTFT 0.337s, correct=True
cached 512 repeat=1: 61.83 tok/s, TTFT 0.273s, correct=True
cached 512 repeat=2: 72.70 tok/s, TTFT 0.273s, correct=True
cached 512 repeat=3: 70.48 tok/s, TTFT 0.272s, correct=True
cached 2048 warmup: 66.73 tok/s, TTFT 0.310s, correct=True
cached 2048 repeat=1: 63.42 tok/s, TTFT 0.293s, correct=True
cached 2048 repeat=2: 63.70 tok/s, TTFT 0.288s, correct=True
cached 2048 repeat=3: 63.89 tok/s, TTFT 0.287s, correct=True
Saved /Users/justin/Documents/Github/Strata-Mac-Lab/bench/results/20261010T034547Z-m5-small-gains-p07-screen-short-2-small-reduce/result.json
20261010T034710Z-m5-small-gains-p07-screen-short-3-small-reduce: ready in 2.07s
code warmup: 58.86 tok/s, TTFT 0.31s
code repeat=1: 60.14 tok/s, TTFT 0.28s
code repeat=2: 60.07 tok/s, TTFT 0.28s
code repeat=3: 60.10 tok/s, TTFT 0.28s
prose warmup: 40.11 tok/s, TTFT 0.29s
prose repeat=1: 40.39 tok/s, TTFT 0.30s
prose repeat=2: 40.32 tok/s, TTFT 0.29s
prose repeat=3: 40.21 tok/s, TTFT 0.29s
PASS answer multiply at temperature 0
PASS answer different-multiply at temperature 0
PASS answer sum at temperature 0
PASS answer extract-json at temperature 0
PASS answer sort-unique-json at temperature 0
PASS answer updated-label at temperature 0
PASS answer ledger at temperature 0
PASS answer python-function at temperature 0
PASS answer multiply at temperature 0.6
PASS answer different-multiply at temperature 0.6
PASS answer sum at temperature 0.6
PASS answer extract-json at temperature 0.6
PASS answer sort-unique-json at temperature 0.6
PASS answer updated-label at temperature 0.6
PASS answer ledger at temperature 0.6
PASS answer python-function at temperature 0.6
cached 512 warmup: 62.49 tok/s, TTFT 0.332s, correct=True
cached 512 repeat=1: 62.05 tok/s, TTFT 0.275s, correct=True
cached 512 repeat=2: 72.95 tok/s, TTFT 0.274s, correct=True
cached 512 repeat=3: 72.81 tok/s, TTFT 0.273s, correct=True
cached 2048 warmup: 67.07 tok/s, TTFT 0.316s, correct=True
cached 2048 repeat=1: 67.05 tok/s, TTFT 0.303s, correct=True
cached 2048 repeat=2: 67.29 tok/s, TTFT 0.289s, correct=True
cached 2048 repeat=3: 67.11 tok/s, TTFT 0.287s, correct=True
Saved /Users/justin/Documents/Github/Strata-Mac-Lab/bench/results/20261010T034710Z-m5-small-gains-p07-screen-short-3-small-reduce/result.json
20261010T034832Z-m5-small-gains-p07-screen-short-4-conv-direct: ready in 2.06s
code warmup: 59.02 tok/s, TTFT 0.31s
code repeat=1: 59.67 tok/s, TTFT 0.28s
code repeat=2: 59.68 tok/s, TTFT 0.28s
code repeat=3: 59.69 tok/s, TTFT 0.28s
prose warmup: 39.74 tok/s, TTFT 0.30s
prose repeat=1: 40.12 tok/s, TTFT 0.30s
prose repeat=2: 40.14 tok/s, TTFT 0.29s
prose repeat=3: 40.10 tok/s, TTFT 0.29s
PASS answer multiply at temperature 0
PASS answer different-multiply at temperature 0
PASS answer sum at temperature 0
PASS answer extract-json at temperature 0
PASS answer sort-unique-json at temperature 0
PASS answer updated-label at temperature 0
PASS answer ledger at temperature 0
PASS answer python-function at temperature 0
PASS answer multiply at temperature 0.6
PASS answer different-multiply at temperature 0.6
PASS answer sum at temperature 0.6
PASS answer extract-json at temperature 0.6
PASS answer sort-unique-json at temperature 0.6
PASS answer updated-label at temperature 0.6
PASS answer ledger at temperature 0.6
PASS answer python-function at temperature 0.6
cached 512 warmup: 62.12 tok/s, TTFT 0.312s, correct=True
cached 512 repeat=1: 62.13 tok/s, TTFT 0.289s, correct=True
cached 512 repeat=2: 72.29 tok/s, TTFT 0.278s, correct=True
cached 512 repeat=3: 72.24 tok/s, TTFT 0.274s, correct=True
cached 2048 warmup: 65.51 tok/s, TTFT 0.317s, correct=True
cached 2048 repeat=1: 66.56 tok/s, TTFT 0.288s, correct=True
cached 2048 repeat=2: 66.93 tok/s, TTFT 0.289s, correct=True
cached 2048 repeat=3: 66.96 tok/s, TTFT 0.287s, correct=True
Saved /Users/justin/Documents/Github/Strata-Mac-Lab/bench/results/20261010T034832Z-m5-small-gains-p07-screen-short-4-conv-direct/result.json
Saved /Users/justin/Documents/Github/Strata-Mac-Lab/bench/results/20261010T034406Z-m5-small-gains-p07-screen-short
P07 screen {'eligible_for_confirmation': True, 'common_metric_scopes': ['generation', 'reply'], 'workload_scopes': {'code': ['generation', 'reply'], 'prose': ['generation', 'reply']}, 'memory_clean': True, 'rule': 'No fixed minimum gain. Positive gain above2x own control drift and both candidate launches better than both controls; no material TPS/TTFT/reply regression. Prompt latency also requires reply benefit. Two tasks for common scope; exact/resource/activation gates mandatory.'}
math: PASS [(572, 572)]; peak RSS 288.8 MiB
fused-residual: PASS [(16, 16)]; peak RSS 96.1 MiB
math: PASS [(572, 572)]; peak RSS 292.5 MiB
fused-residual: PASS [(16, 16)]; peak RSS 96.3 MiB
20261010T035011Z-m5-small-gains-w02-screen-short-1-conv-direct: ready in 2.08s
code warmup: 58.57 tok/s, TTFT 0.33s
code repeat=1: 59.63 tok/s, TTFT 0.28s
code repeat=2: 59.74 tok/s, TTFT 0.28s
code repeat=3: 59.66 tok/s, TTFT 0.28s
prose warmup: 39.90 tok/s, TTFT 0.30s
prose repeat=1: 40.10 tok/s, TTFT 0.29s
prose repeat=2: 40.12 tok/s, TTFT 0.29s
prose repeat=3: 40.05 tok/s, TTFT 0.29s
PASS answer multiply at temperature 0
PASS answer different-multiply at temperature 0
PASS answer sum at temperature 0
PASS answer extract-json at temperature 0
PASS answer sort-unique-json at temperature 0
PASS answer updated-label at temperature 0
PASS answer ledger at temperature 0
PASS answer python-function at temperature 0
PASS answer multiply at temperature 0.6
PASS answer different-multiply at temperature 0.6
PASS answer sum at temperature 0.6
PASS answer extract-json at temperature 0.6
PASS answer sort-unique-json at temperature 0.6
PASS answer updated-label at temperature 0.6
PASS answer ledger at temperature 0.6
PASS answer python-function at temperature 0.6
cached 512 warmup: 59.83 tok/s, TTFT 0.337s, correct=True
cached 512 repeat=1: 60.27 tok/s, TTFT 0.283s, correct=True
cached 512 repeat=2: 70.53 tok/s, TTFT 0.274s, correct=True
cached 512 repeat=3: 70.64 tok/s, TTFT 0.273s, correct=True
cached 2048 warmup: 65.95 tok/s, TTFT 0.317s, correct=True
cached 2048 repeat=1: 66.86 tok/s, TTFT 0.293s, correct=True
cached 2048 repeat=2: 66.81 tok/s, TTFT 0.287s, correct=True
cached 2048 repeat=3: 66.92 tok/s, TTFT 0.289s, correct=True
Saved /Users/justin/Documents/Github/Strata-Mac-Lab/bench/results/20261010T035011Z-m5-small-gains-w02-screen-short-1-conv-direct/result.json
20261010T035135Z-m5-small-gains-w02-screen-short-2-small-top10: ready in 2.05s
code warmup: 59.23 tok/s, TTFT 0.32s
code repeat=1: 59.97 tok/s, TTFT 0.28s
code repeat=2: 60.07 tok/s, TTFT 0.29s
code repeat=3: 60.15 tok/s, TTFT 0.28s
prose warmup: 38.89 tok/s, TTFT 0.30s
prose repeat=1: 40.36 tok/s, TTFT 0.31s
prose repeat=2: 40.38 tok/s, TTFT 0.29s
prose repeat=3: 40.36 tok/s, TTFT 0.29s
PASS answer multiply at temperature 0
PASS answer different-multiply at temperature 0
PASS answer sum at temperature 0
PASS answer extract-json at temperature 0
PASS answer sort-unique-json at temperature 0
PASS answer updated-label at temperature 0
PASS answer ledger at temperature 0
PASS answer python-function at temperature 0
PASS answer multiply at temperature 0.6
PASS answer different-multiply at temperature 0.6
PASS answer sum at temperature 0.6
PASS answer extract-json at temperature 0.6
PASS answer sort-unique-json at temperature 0.6
PASS answer updated-label at temperature 0.6
PASS answer ledger at temperature 0.6
PASS answer python-function at temperature 0.6
cached 512 warmup: 62.58 tok/s, TTFT 0.307s, correct=True
cached 512 repeat=1: 62.56 tok/s, TTFT 0.279s, correct=True
cached 512 repeat=2: 72.93 tok/s, TTFT 0.275s, correct=True
cached 512 repeat=3: 72.78 tok/s, TTFT 0.275s, correct=True
cached 2048 warmup: 67.51 tok/s, TTFT 0.304s, correct=True
cached 2048 repeat=1: 67.41 tok/s, TTFT 0.289s, correct=True
cached 2048 repeat=2: 67.45 tok/s, TTFT 0.288s, correct=True
cached 2048 repeat=3: 67.34 tok/s, TTFT 0.290s, correct=True
Saved /Users/justin/Documents/Github/Strata-Mac-Lab/bench/results/20261010T035135Z-m5-small-gains-w02-screen-short-2-small-top10/result.json
20261010T035258Z-m5-small-gains-w02-screen-short-3-small-top10: ready in 2.07s
code warmup: 58.79 tok/s, TTFT 0.32s
code repeat=1: 60.12 tok/s, TTFT 0.28s
code repeat=2: 60.18 tok/s, TTFT 0.28s
code repeat=3: 60.14 tok/s, TTFT 0.28s
prose warmup: 40.27 tok/s, TTFT 0.29s
prose repeat=1: 40.40 tok/s, TTFT 0.29s
prose repeat=2: 39.27 tok/s, TTFT 0.29s
prose repeat=3: 40.35 tok/s, TTFT 0.30s
PASS answer multiply at temperature 0
PASS answer different-multiply at temperature 0
PASS answer sum at temperature 0
PASS answer extract-json at temperature 0
PASS answer sort-unique-json at temperature 0
PASS answer updated-label at temperature 0
PASS answer ledger at temperature 0
PASS answer python-function at temperature 0
PASS answer multiply at temperature 0.6
PASS answer different-multiply at temperature 0.6
PASS answer sum at temperature 0.6
PASS answer extract-json at temperature 0.6
PASS answer sort-unique-json at temperature 0.6
PASS answer updated-label at temperature 0.6
PASS answer ledger at temperature 0.6
PASS answer python-function at temperature 0.6
cached 512 warmup: 59.76 tok/s, TTFT 0.367s, correct=True
cached 512 repeat=1: 61.65 tok/s, TTFT 0.283s, correct=True
cached 512 repeat=2: 71.54 tok/s, TTFT 0.278s, correct=True
cached 512 repeat=3: 72.82 tok/s, TTFT 0.275s, correct=True
cached 2048 warmup: 67.51 tok/s, TTFT 0.302s, correct=True
cached 2048 repeat=1: 66.91 tok/s, TTFT 0.288s, correct=True
cached 2048 repeat=2: 67.43 tok/s, TTFT 0.288s, correct=True
cached 2048 repeat=3: 67.54 tok/s, TTFT 0.289s, correct=True
Saved /Users/justin/Documents/Github/Strata-Mac-Lab/bench/results/20261010T035258Z-m5-small-gains-w02-screen-short-3-small-top10/result.json
20261010T035421Z-m5-small-gains-w02-screen-short-4-conv-direct: ready in 2.06s
code warmup: 59.05 tok/s, TTFT 0.31s
code repeat=1: 59.69 tok/s, TTFT 0.28s
code repeat=2: 59.69 tok/s, TTFT 0.28s
code repeat=3: 59.69 tok/s, TTFT 0.28s
prose warmup: 40.05 tok/s, TTFT 0.29s
prose repeat=1: 40.11 tok/s, TTFT 0.29s
prose repeat=2: 40.09 tok/s, TTFT 0.30s
prose repeat=3: 40.09 tok/s, TTFT 0.29s
PASS answer multiply at temperature 0
PASS answer different-multiply at temperature 0
PASS answer sum at temperature 0
PASS answer extract-json at temperature 0
PASS answer sort-unique-json at temperature 0
PASS answer updated-label at temperature 0
PASS answer ledger at temperature 0
PASS answer python-function at temperature 0
PASS answer multiply at temperature 0.6
PASS answer different-multiply at temperature 0.6
PASS answer sum at temperature 0.6
PASS answer extract-json at temperature 0.6
PASS answer sort-unique-json at temperature 0.6
PASS answer updated-label at temperature 0.6
PASS answer ledger at temperature 0.6
PASS answer python-function at temperature 0.6
cached 512 warmup: 62.33 tok/s, TTFT 0.309s, correct=True
cached 512 repeat=1: 62.17 tok/s, TTFT 0.276s, correct=True
cached 512 repeat=2: 72.54 tok/s, TTFT 0.273s, correct=True
cached 512 repeat=3: 72.46 tok/s, TTFT 0.272s, correct=True
cached 2048 warmup: 65.46 tok/s, TTFT 0.313s, correct=True
cached 2048 repeat=1: 66.88 tok/s, TTFT 0.287s, correct=True
cached 2048 repeat=2: 67.07 tok/s, TTFT 0.293s, correct=True
cached 2048 repeat=3: 66.76 tok/s, TTFT 0.290s, correct=True
Saved /Users/justin/Documents/Github/Strata-Mac-Lab/bench/results/20261010T035421Z-m5-small-gains-w02-screen-short-4-conv-direct/result.json
Saved /Users/justin/Documents/Github/Strata-Mac-Lab/bench/results/20261010T034955Z-m5-small-gains-w02-screen-short
W02 screen {'eligible_for_confirmation': False, 'common_metric_scopes': [], 'workload_scopes': {'code': [], 'prose': ['generation', 'reply']}, 'memory_clean': True, 'rule': 'No fixed minimum gain. Positive gain above2x own control drift and both candidate launches better than both controls; no material TPS/TTFT/reply regression. Prompt latency also requires reply benefit. Two tasks for common scope; exact/resource/activation gates mandatory.'}
math: PASS [(572, 572)]; peak RSS 299.7 MiB
fused-residual: PASS [(16, 16)]; peak RSS 95.4 MiB
math: PASS [(572, 572)]; peak RSS 288.5 MiB
fused-residual: PASS [(16, 16)]; peak RSS 95.8 MiB
20261010T035559Z-m5-small-gains-p07-confirmation-short-1-conv-direct: ready in 2.06s
code warmup: 58.55 tok/s, TTFT 0.31s
code repeat=1: 59.71 tok/s, TTFT 0.28s
code repeat=2: 59.71 tok/s, TTFT 0.28s
code repeat=3: 59.68 tok/s, TTFT 0.28s
prose warmup: 38.67 tok/s, TTFT 0.30s
prose repeat=1: 40.03 tok/s, TTFT 0.29s
prose repeat=2: 40.10 tok/s, TTFT 0.29s
prose repeat=3: 40.05 tok/s, TTFT 0.29s
PASS answer multiply at temperature 0
PASS answer different-multiply at temperature 0
PASS answer sum at temperature 0
PASS answer extract-json at temperature 0
PASS answer sort-unique-json at temperature 0
PASS answer updated-label at temperature 0
PASS answer ledger at temperature 0
PASS answer python-function at temperature 0
PASS answer multiply at temperature 0.6
PASS answer different-multiply at temperature 0.6
PASS answer sum at temperature 0.6
PASS answer extract-json at temperature 0.6
PASS answer sort-unique-json at temperature 0.6
PASS answer updated-label at temperature 0.6
PASS answer ledger at temperature 0.6
PASS answer python-function at temperature 0.6
cached 512 warmup: 61.22 tok/s, TTFT 0.334s, correct=True
cached 512 repeat=1: 59.84 tok/s, TTFT 0.277s, correct=True
cached 512 repeat=2: 70.22 tok/s, TTFT 0.273s, correct=True
cached 512 repeat=3: 70.61 tok/s, TTFT 0.272s, correct=True
cached 2048 warmup: 66.04 tok/s, TTFT 0.306s, correct=True
cached 2048 repeat=1: 67.01 tok/s, TTFT 0.291s, correct=True
cached 2048 repeat=2: 67.02 tok/s, TTFT 0.287s, correct=True
cached 2048 repeat=3: 67.01 tok/s, TTFT 0.289s, correct=True
Saved /Users/justin/Documents/Github/Strata-Mac-Lab/bench/results/20261010T035559Z-m5-small-gains-p07-confirmation-short-1-conv-direct/result.json
Waiting for macOS to release model memory: 2.35 GiB available
20261010T035725Z-m5-small-gains-p07-confirmation-short-2-small-reduce: ready in 2.08s
code warmup: 58.80 tok/s, TTFT 0.32s
code repeat=1: 60.12 tok/s, TTFT 0.28s
code repeat=2: 60.07 tok/s, TTFT 0.28s
code repeat=3: 59.96 tok/s, TTFT 0.28s
prose warmup: 40.11 tok/s, TTFT 0.30s
prose repeat=1: 40.39 tok/s, TTFT 0.29s
prose repeat=2: 40.40 tok/s, TTFT 0.29s
prose repeat=3: 40.39 tok/s, TTFT 0.29s
PASS answer multiply at temperature 0
PASS answer different-multiply at temperature 0
PASS answer sum at temperature 0
PASS answer extract-json at temperature 0
PASS answer sort-unique-json at temperature 0
PASS answer updated-label at temperature 0
PASS answer ledger at temperature 0
PASS answer python-function at temperature 0
PASS answer multiply at temperature 0.6
PASS answer different-multiply at temperature 0.6
PASS answer sum at temperature 0.6
PASS answer extract-json at temperature 0.6
PASS answer sort-unique-json at temperature 0.6
PASS answer updated-label at temperature 0.6
PASS answer ledger at temperature 0.6
PASS answer python-function at temperature 0.6
cached 512 warmup: 60.46 tok/s, TTFT 0.309s, correct=True
cached 512 repeat=1: 62.67 tok/s, TTFT 0.289s, correct=True
cached 512 repeat=2: 72.68 tok/s, TTFT 0.274s, correct=True
cached 512 repeat=3: 72.88 tok/s, TTFT 0.273s, correct=True
cached 2048 warmup: 63.97 tok/s, TTFT 0.317s, correct=True
cached 2048 repeat=1: 66.57 tok/s, TTFT 0.298s, correct=True
cached 2048 repeat=2: 67.32 tok/s, TTFT 0.287s, correct=True
cached 2048 repeat=3: 66.41 tok/s, TTFT 0.288s, correct=True
Saved /Users/justin/Documents/Github/Strata-Mac-Lab/bench/results/20261010T035725Z-m5-small-gains-p07-confirmation-short-2-small-reduce/result.json
Waiting for macOS to release model memory: 20.09 GiB available
20261010T035849Z-m5-small-gains-p07-confirmation-short-3-small-reduce: ready in 2.09s
code warmup: 59.24 tok/s, TTFT 0.31s
code repeat=1: 60.10 tok/s, TTFT 0.28s
code repeat=2: 60.16 tok/s, TTFT 0.28s
code repeat=3: 60.09 tok/s, TTFT 0.28s
prose warmup: 40.27 tok/s, TTFT 0.30s
prose repeat=1: 40.34 tok/s, TTFT 0.29s
prose repeat=2: 40.36 tok/s, TTFT 0.29s
prose repeat=3: 40.41 tok/s, TTFT 0.29s
PASS answer multiply at temperature 0
PASS answer different-multiply at temperature 0
PASS answer sum at temperature 0
PASS answer extract-json at temperature 0
PASS answer sort-unique-json at temperature 0
PASS answer updated-label at temperature 0
PASS answer ledger at temperature 0
PASS answer python-function at temperature 0
PASS answer multiply at temperature 0.6
PASS answer different-multiply at temperature 0.6
PASS answer sum at temperature 0.6
PASS answer extract-json at temperature 0.6
PASS answer sort-unique-json at temperature 0.6
PASS answer updated-label at temperature 0.6
PASS answer ledger at temperature 0.6
PASS answer python-function at temperature 0.6
cached 512 warmup: 60.65 tok/s, TTFT 0.322s, correct=True
cached 512 repeat=1: 56.69 tok/s, TTFT 0.282s, correct=True
cached 512 repeat=2: 71.57 tok/s, TTFT 0.278s, correct=True
cached 512 repeat=3: 70.89 tok/s, TTFT 0.272s, correct=True
cached 2048 warmup: 65.88 tok/s, TTFT 0.306s, correct=True
cached 2048 repeat=1: 66.98 tok/s, TTFT 0.286s, correct=True
cached 2048 repeat=2: 67.43 tok/s, TTFT 0.287s, correct=True
cached 2048 repeat=3: 67.57 tok/s, TTFT 0.288s, correct=True
Saved /Users/justin/Documents/Github/Strata-Mac-Lab/bench/results/20261010T035849Z-m5-small-gains-p07-confirmation-short-3-small-reduce/result.json
Waiting for macOS to release model memory: 21.7 GiB available
20261010T040013Z-m5-small-gains-p07-confirmation-short-4-conv-direct: ready in 2.08s
code warmup: 59.18 tok/s, TTFT 0.31s
code repeat=1: 59.56 tok/s, TTFT 0.28s
code repeat=2: 59.73 tok/s, TTFT 0.28s
code repeat=3: 59.73 tok/s, TTFT 0.28s
prose warmup: 38.68 tok/s, TTFT 0.29s
prose repeat=1: 39.96 tok/s, TTFT 0.29s
prose repeat=2: 40.08 tok/s, TTFT 0.29s
prose repeat=3: 40.07 tok/s, TTFT 0.29s
PASS answer multiply at temperature 0
PASS answer different-multiply at temperature 0
PASS answer sum at temperature 0
PASS answer extract-json at temperature 0
PASS answer sort-unique-json at temperature 0
PASS answer updated-label at temperature 0
PASS answer ledger at temperature 0
PASS answer python-function at temperature 0
PASS answer multiply at temperature 0.6
PASS answer different-multiply at temperature 0.6
PASS answer sum at temperature 0.6
PASS answer extract-json at temperature 0.6
PASS answer sort-unique-json at temperature 0.6
PASS answer updated-label at temperature 0.6
PASS answer ledger at temperature 0.6
PASS answer python-function at temperature 0.6
cached 512 warmup: 61.50 tok/s, TTFT 0.312s, correct=True
cached 512 repeat=1: 62.22 tok/s, TTFT 0.273s, correct=True
cached 512 repeat=2: 72.49 tok/s, TTFT 0.273s, correct=True
cached 512 repeat=3: 72.41 tok/s, TTFT 0.272s, correct=True
cached 2048 warmup: 64.40 tok/s, TTFT 0.315s, correct=True
cached 2048 repeat=1: 66.65 tok/s, TTFT 0.297s, correct=True
cached 2048 repeat=2: 66.43 tok/s, TTFT 0.287s, correct=True
cached 2048 repeat=3: 66.48 tok/s, TTFT 0.296s, correct=True
Saved /Users/justin/Documents/Github/Strata-Mac-Lab/bench/results/20261010T040013Z-m5-small-gains-p07-confirmation-short-4-conv-direct/result.json
Saved /Users/justin/Documents/Github/Strata-Mac-Lab/bench/results/20261010T035543Z-m5-small-gains-p07-confirmation-short
P07 confirmation {'eligible_for_confirmation': True, 'common_metric_scopes': ['generation', 'reply'], 'workload_scopes': {'code': ['generation', 'reply'], 'prose': ['generation', 'reply']}, 'memory_clean': True, 'rule': 'No fixed minimum gain. Positive gain above2x own control drift and both candidate launches better than both controls; no material TPS/TTFT/reply regression. Prompt latency also requires reply benefit. Two tasks for common scope; exact/resource/activation gates mandatory.'}
Final candidate tracker: /Users/justin/Documents/Github/Strata-Mac-Lab/bench/small-gain-candidates.json
