ggml_metal_library_init: using embedded metal library
ggml_metal_library_compile_all: compiled 'fa_aux' library in 1.028 sec
ggml_metal_library_compile_all: compiled 'fa_f16' library in 1.551 sec
ggml_metal_library_compile_all: compiled 'fa_f32' library in 0.918 sec
ggml_metal_library_compile_all: compiled 'fa_q4_0' library in 1.551 sec
ggml_metal_library_compile_all: compiled 'fa_q4_1' library in 1.028 sec
ggml_metal_library_compile_all: compiled 'fa_q5_0' library in 0.948 sec
ggml_metal_library_compile_all: compiled 'fa_q5_1' library in 1.551 sec
ggml_metal_library_compile_all: compiled 'fa_q8_0' library in 2.310 sec
ggml_metal_library_compile_all: compiled 'fa_vec_f16' library in 2.357 sec
ggml_metal_library_compile_all: compiled 'fa_vec_f32' library in 0.512 sec
ggml_metal_library_compile_all: compiled 'fa_vec_q4_0' library in 2.291 sec
ggml_metal_library_compile_all: compiled 'fa_vec_q4_1' library in 2.310 sec
ggml_metal_library_compile_all: compiled 'fa_vec_q5_0' library in 2.138 sec
ggml_metal_library_compile_all: compiled 'fa_vec_q5_1' library in 2.357 sec
ggml_metal_library_compile_all: compiled 'fa_vec_q8_0' library in 2.182 sec
ggml_metal_library_compile_all: compiled 'mul_mv' library in 1.141 sec
ggml_metal_library_compile_all: compiled 'mul_mv_mma' library in 1.488 sec
ggml_metal_library_compile_all: compiled 'mul_mm' library in 2.138 sec
ggml_metal_library_compile_all: compiled 'quantize' library in 0.558 sec
ggml_metal_library_compile_all: compiled 'softmax' library in 0.090 sec
ggml_metal_library_compile_all: compiled 'norm' library in 0.110 sec
ggml_metal_library_compile_all: compiled 'unary' library in 0.918 sec
ggml_metal_library_compile_all: compiled 'binbcast' library in 0.108 sec
ggml_metal_library_compile_all: compiled 'reduce' library in 0.108 sec
ggml_metal_library_compile_all: compiled 'tri' library in 2.291 sec
ggml_metal_library_compile_all: compiled 'ssm' library in 0.108 sec
ggml_metal_library_compile_all: compiled 'wkv' library in 2.182 sec
ggml_metal_library_compile_all: compiled 'gated_delta_net' library in 0.375 sec
ggml_metal_library_compile_all: compiled 'solve_tri' library in 0.075 sec
ggml_metal_library_compile_all: compiled 'rope' library in 0.512 sec
ggml_metal_library_compile_all: compiled 'conv' library in 0.131 sec
ggml_metal_library_compile_all: compiled 'upscale' library in 1.141 sec
ggml_metal_library_compile_all: compiled 'argsort' library in 0.947 sec
ggml_metal_library_compile_all: compiled 'pool' library in 0.079 sec
ggml_metal_library_compile_all: compiled 'misc' library in 0.204 sec
ggml_metal_library_compile_all: loaded 35 libraries from embedded data in 2.358 sec (max single = 2.357 sec)
ggml_metal_rsets_init: creating a residency set collection (keep_alive = 180 s)
ggml_metal_device_init: GPU name:   MTL0 (Apple M5 Pro)
ggml_metal_device_init: GPU family: MTLGPUFamilyApple10  (1010)
ggml_metal_device_init: GPU family: MTLGPUFamilyMetal4  (5002)
ggml_metal_device_init: simdgroup reduction   = true
ggml_metal_device_init: simdgroup matrix mul. = true
ggml_metal_device_init: has unified memory    = true
ggml_metal_device_init: has bfloat            = true
ggml_metal_device_init: has tensor            = false
ggml_metal_device_init: use residency sets    = true
ggml_metal_device_init: use shared buffers    = true
ggml_metal_device_init: recommendedMaxWorkingSetSize  = 40200.90 MB
ggml_metal_init: allocating
ggml_metal_init: found device: Apple M5 Pro
ggml_metal_init: picking default device: Apple M5 Pro
ggml_metal_init: use fusion         = true
ggml_metal_init: use concurrency    = true
ggml_metal_init: use graph optimize = true
ggml_metal_library_compile_pipeline: compiling pipeline: base = 'kernel_mul_mv_bf16_f32_4', name = 'kernel_mul_mv_bf16_f32_4_nsg=4_ne12=1_r2=1_r3=1_split=0'
ggml_metal_library_compile_pipeline: loaded kernel_mul_mv_bf16_f32_4_nsg=4_ne12=1_r2=1_r3=1_split=0      0x105dba8b0 | th_max = 1024 | th_width =   32
M5_HC_CASE {"copies_per_graph":1,"cpu_nmse":1.281136468289203e-14,"distinct_weight_bytes":6553600,"elements":320,"input_preserved":true,"k":10240,"layout":"plain","m":320,"max_absolute_error":1.2319131847959852e-07,"rows":1,"samples":1,"wall_us_per_op":238.625}
ggml_metal_library_compile_pipeline: compiling pipeline: base = 'kernel_bin_fuse_f32_f32_f32_4', name = 'kernel_bin_fuse_f32_f32_f32_4_op=0_nf=1_rb=1_cb=0'
ggml_metal_library_compile_pipeline: loaded kernel_bin_fuse_f32_f32_f32_4_op=0_nf=1_rb=1_cb=0     0x7bf2e3c700 | th_max = 1024 | th_width =   32
M5_HC_CASE {"copies_per_graph":1,"cpu_nmse":4.107798749570561e-15,"distinct_weight_bytes":6553600,"elements":320,"input_preserved":true,"k":10240,"layout":"residual","m":320,"max_absolute_error":1.5299364086729383e-07,"rows":1,"samples":1,"wall_us_per_op":227.084}
ggml_metal_library_compile_pipeline: compiling pipeline: base = 'kernel_unary_f32_f32_4', name = 'kernel_unary_f32_f32_4_op=13_cnt=1'
ggml_metal_library_compile_pipeline: loaded kernel_unary_f32_f32_4_op=13_cnt=1           0x7bf2e3c000 | th_max = 1024 | th_width =   32
M5_HC_CASE {"copies_per_graph":1,"cpu_nmse":4.107798749570561e-15,"distinct_weight_bytes":6553600,"elements":320,"input_preserved":true,"k":10240,"layout":"exposed","m":320,"max_absolute_error":1.5299364086729383e-07,"rows":1,"samples":1,"wall_us_per_op":255.25}
M5_HC_CASE {"copies_per_graph":1,"cpu_nmse":1.281136468289203e-14,"distinct_weight_bytes":6553600,"elements":320,"input_preserved":true,"k":10240,"layout":"strided","m":320,"max_absolute_error":1.2319131847959852e-07,"rows":1,"samples":1,"wall_us_per_op":257.292}
M5_HC_CASE {"copies_per_graph":1,"cpu_nmse":1.1319978488381803e-14,"distinct_weight_bytes":6553600,"elements":320,"input_preserved":true,"k":10240,"layout":"cancel","m":320,"max_absolute_error":1.6734582786170904e-07,"rows":1,"samples":1,"wall_us_per_op":906.625}
M5_HC_CASE {"copies_per_graph":1,"cpu_nmse":1.2169960728673978e-14,"distinct_weight_bytes":6553600,"elements":320,"input_preserved":true,"k":10240,"layout":"wide","m":320,"max_absolute_error":6.903478113606809e-07,"rows":1,"samples":1,"wall_us_per_op":248.458}
ggml_metal_library_compile_pipeline: compiling pipeline: base = 'kernel_mul_mv_ext_bf16_f32_r1_2', name = 'kernel_mul_mv_ext_bf16_f32_r1_2_nsg=2_nxpsg=16_ne12=1_r2=1_r3=1'
ggml_metal_library_compile_pipeline: loaded kernel_mul_mv_ext_bf16_f32_r1_2_nsg=2_nxpsg=16_ne12=1_r2=1_r3=1     0x7bf2e3c380 | th_max = 1024 | th_width =   32
M5_HC_CASE {"copies_per_graph":1,"cpu_nmse":5.195523870729034e-14,"distinct_weight_bytes":6553600,"elements":640,"input_preserved":true,"k":10240,"layout":"plain","m":320,"max_absolute_error":2.9540237644898326e-07,"rows":2,"samples":1,"wall_us_per_op":281.583}
ggml_metal_library_compile_pipeline: compiling pipeline: base = 'kernel_bin_fuse_f32_f32_f32_4', name = 'kernel_bin_fuse_f32_f32_f32_4_op=0_nf=1_rb=0_cb=0'
ggml_metal_library_compile_pipeline: loaded kernel_bin_fuse_f32_f32_f32_4_op=0_nf=1_rb=0_cb=0     0x7bf2e3ca80 | th_max = 1024 | th_width =   32
M5_HC_CASE {"copies_per_graph":1,"cpu_nmse":1.4313892051331833e-14,"distinct_weight_bytes":6553600,"elements":640,"input_preserved":true,"k":10240,"layout":"residual","m":320,"max_absolute_error":2.9540237644898326e-07,"rows":2,"samples":1,"wall_us_per_op":928.333}
M5_HC_CASE {"copies_per_graph":1,"cpu_nmse":1.4313892051331833e-14,"distinct_weight_bytes":6553600,"elements":640,"input_preserved":true,"k":10240,"layout":"exposed","m":320,"max_absolute_error":2.9540237644898326e-07,"rows":2,"samples":1,"wall_us_per_op":259.875}
M5_HC_CASE {"copies_per_graph":1,"cpu_nmse":5.195523870729034e-14,"distinct_weight_bytes":6553600,"elements":640,"input_preserved":true,"k":10240,"layout":"strided","m":320,"max_absolute_error":2.9540237644898326e-07,"rows":2,"samples":1,"wall_us_per_op":245.584}
M5_HC_CASE {"copies_per_graph":1,"cpu_nmse":1.1823976059728044e-14,"distinct_weight_bytes":6553600,"elements":640,"input_preserved":true,"k":10240,"layout":"cancel","m":320,"max_absolute_error":2.1981509501500796e-07,"rows":2,"samples":1,"wall_us_per_op":236.375}
M5_HC_CASE {"copies_per_graph":1,"cpu_nmse":5.901444650606988e-14,"distinct_weight_bytes":6553600,"elements":640,"input_preserved":true,"k":10240,"layout":"wide","m":320,"max_absolute_error":1.2552212098615456e-06,"rows":2,"samples":1,"wall_us_per_op":185.208}
ggml_metal_library_compile_pipeline: compiling pipeline: base = 'kernel_mul_mv_ext_bf16_f32_r1_3', name = 'kernel_mul_mv_ext_bf16_f32_r1_3_nsg=2_nxpsg=8_ne12=1_r2=1_r3=1'
ggml_metal_library_compile_pipeline: loaded kernel_mul_mv_ext_bf16_f32_r1_3_nsg=2_nxpsg=8_ne12=1_r2=1_r3=1     0x7bf2e3d180 | th_max = 1024 | th_width =   32
M5_HC_CASE {"copies_per_graph":1,"cpu_nmse":9.955590463026874e-14,"distinct_weight_bytes":6553600,"elements":960,"input_preserved":true,"k":10240,"layout":"plain","m":320,"max_absolute_error":4.3281094691538513e-07,"rows":3,"samples":1,"wall_us_per_op":448.792}
M5_HC_CASE {"copies_per_graph":1,"cpu_nmse":2.52363070016174e-14,"distinct_weight_bytes":6553600,"elements":960,"input_preserved":true,"k":10240,"layout":"residual","m":320,"max_absolute_error":4.5898039169323113e-07,"rows":3,"samples":1,"wall_us_per_op":358.125}
M5_HC_CASE {"copies_per_graph":1,"cpu_nmse":2.52363070016174e-14,"distinct_weight_bytes":6553600,"elements":960,"input_preserved":true,"k":10240,"layout":"exposed","m":320,"max_absolute_error":4.5898039169323113e-07,"rows":3,"samples":1,"wall_us_per_op":262.0}
M5_HC_CASE {"copies_per_graph":1,"cpu_nmse":9.955590463026874e-14,"distinct_weight_bytes":6553600,"elements":960,"input_preserved":true,"k":10240,"layout":"strided","m":320,"max_absolute_error":4.3281094691538513e-07,"rows":3,"samples":1,"wall_us_per_op":250.875}
M5_HC_CASE {"copies_per_graph":1,"cpu_nmse":1.1002133036105962e-14,"distinct_weight_bytes":6553600,"elements":960,"input_preserved":true,"k":10240,"layout":"cancel","m":320,"max_absolute_error":2.1981509501500796e-07,"rows":3,"samples":1,"wall_us_per_op":241.708}
M5_HC_CASE {"copies_per_graph":1,"cpu_nmse":9.813948620054749e-14,"distinct_weight_bytes":6553600,"elements":960,"input_preserved":true,"k":10240,"layout":"wide","m":320,"max_absolute_error":2.162942315919736e-06,"rows":3,"samples":1,"wall_us_per_op":331.625}
ggml_metal_library_compile_pipeline: compiling pipeline: base = 'kernel_mul_mv_mma_bf16_f32_nt1_rt1', name = 'kernel_mul_mv_mma_bf16_f32_nt1_rt1_nsg=16_ne12=1_r2=1_r3=1_ne00=0_add=0'
ggml_metal_library_compile_pipeline: loaded kernel_mul_mv_mma_bf16_f32_nt1_rt1_nsg=16_ne12=1_r2=1_r3=1_ne00=0_add=0     0x7bf2e3d880 | th_max = 1024 | th_width =   32
M5_HC_CASE {"copies_per_graph":1,"cpu_nmse":2.1531573734840166e-13,"distinct_weight_bytes":6553600,"elements":1280,"input_preserved":true,"k":10240,"layout":"plain","m":320,"max_absolute_error":6.064256478088836e-07,"rows":4,"samples":1,"wall_us_per_op":264.583}
ggml_metal_library_compile_pipeline: compiling pipeline: base = 'kernel_mul_mv_mma_bf16_f32_nt1_rt1', name = 'kernel_mul_mv_mma_bf16_f32_nt1_rt1_nsg=16_ne12=1_r2=1_r3=1_ne00=0_add=1'
ggml_metal_library_compile_pipeline: loaded kernel_mul_mv_mma_bf16_f32_nt1_rt1_nsg=16_ne12=1_r2=1_r3=1_ne00=0_add=1     0x7bf2e3d500 | th_max = 1024 | th_width =   32
M5_HC_CASE {"copies_per_graph":1,"cpu_nmse":5.389380326335305e-14,"distinct_weight_bytes":6553600,"elements":1280,"input_preserved":true,"k":10240,"layout":"residual","m":320,"max_absolute_error":6.064256478088836e-07,"rows":4,"samples":1,"wall_us_per_op":254.583}
M5_HC_CASE {"copies_per_graph":1,"cpu_nmse":5.389380326335305e-14,"distinct_weight_bytes":6553600,"elements":1280,"input_preserved":true,"k":10240,"layout":"exposed","m":320,"max_absolute_error":6.064256478088836e-07,"rows":4,"samples":1,"wall_us_per_op":916.041}
M5_HC_CASE {"copies_per_graph":1,"cpu_nmse":2.1531573734840166e-13,"distinct_weight_bytes":6553600,"elements":1280,"input_preserved":true,"k":10240,"layout":"strided","m":320,"max_absolute_error":6.064256478088836e-07,"rows":4,"samples":1,"wall_us_per_op":832.667}
M5_HC_CASE {"copies_per_graph":1,"cpu_nmse":1.2073602742204974e-14,"distinct_weight_bytes":6553600,"elements":1280,"input_preserved":true,"k":10240,"layout":"cancel","m":320,"max_absolute_error":1.839807515224834e-07,"rows":4,"samples":1,"wall_us_per_op":244.375}
M5_HC_CASE {"copies_per_graph":1,"cpu_nmse":2.1386511561539688e-13,"distinct_weight_bytes":6553600,"elements":1280,"input_preserved":true,"k":10240,"layout":"wide","m":320,"max_absolute_error":2.3697811372125344e-06,"rows":4,"samples":1,"wall_us_per_op":241.292}
M5_HC_CASE {"copies_per_graph":1,"cpu_nmse":2.1252042975473173e-13,"distinct_weight_bytes":6553600,"elements":1600,"input_preserved":true,"k":10240,"layout":"plain","m":320,"max_absolute_error":7.007216817345174e-07,"rows":5,"samples":1,"wall_us_per_op":266.417}
M5_HC_CASE {"copies_per_graph":1,"cpu_nmse":5.693890544412546e-14,"distinct_weight_bytes":6553600,"elements":1600,"input_preserved":true,"k":10240,"layout":"residual","m":320,"max_absolute_error":7.007216817345174e-07,"rows":5,"samples":1,"wall_us_per_op":793.792}
M5_HC_CASE {"copies_per_graph":1,"cpu_nmse":5.693890544412546e-14,"distinct_weight_bytes":6553600,"elements":1600,"input_preserved":true,"k":10240,"layout":"exposed","m":320,"max_absolute_error":7.007216817345174e-07,"rows":5,"samples":1,"wall_us_per_op":862.25}
M5_HC_CASE {"copies_per_graph":1,"cpu_nmse":2.1252042975473173e-13,"distinct_weight_bytes":6553600,"elements":1600,"input_preserved":true,"k":10240,"layout":"strided","m":320,"max_absolute_error":7.007216817345174e-07,"rows":5,"samples":1,"wall_us_per_op":455.625}
M5_HC_CASE {"copies_per_graph":1,"cpu_nmse":1.2073602742204974e-14,"distinct_weight_bytes":6553600,"elements":1600,"input_preserved":true,"k":10240,"layout":"cancel","m":320,"max_absolute_error":1.839807515224834e-07,"rows":5,"samples":1,"wall_us_per_op":245.667}
M5_HC_CASE {"copies_per_graph":1,"cpu_nmse":2.1448499881041966e-13,"distinct_weight_bytes":6553600,"elements":1600,"input_preserved":true,"k":10240,"layout":"wide","m":320,"max_absolute_error":2.3697811372125344e-06,"rows":5,"samples":1,"wall_us_per_op":283.625}
M5_HC_CASE {"copies_per_graph":1,"cpu_nmse":2.0866565523027944e-13,"distinct_weight_bytes":6553600,"elements":2560,"input_preserved":true,"k":10240,"layout":"plain","m":320,"max_absolute_error":7.007216817345174e-07,"rows":8,"samples":1,"wall_us_per_op":293.875}
M5_HC_CASE {"copies_per_graph":1,"cpu_nmse":5.450287088549556e-14,"distinct_weight_bytes":6553600,"elements":2560,"input_preserved":true,"k":10240,"layout":"residual","m":320,"max_absolute_error":6.969963914360555e-07,"rows":8,"samples":1,"wall_us_per_op":295.875}
M5_HC_CASE {"copies_per_graph":1,"cpu_nmse":5.450287088549556e-14,"distinct_weight_bytes":6553600,"elements":2560,"input_preserved":true,"k":10240,"layout":"exposed","m":320,"max_absolute_error":6.969963914360555e-07,"rows":8,"samples":1,"wall_us_per_op":312.042}
M5_HC_CASE {"copies_per_graph":1,"cpu_nmse":2.0866565523027944e-13,"distinct_weight_bytes":6553600,"elements":2560,"input_preserved":true,"k":10240,"layout":"strided","m":320,"max_absolute_error":7.007216817345174e-07,"rows":8,"samples":1,"wall_us_per_op":311.583}
M5_HC_CASE {"copies_per_graph":1,"cpu_nmse":1.2073602742204982e-14,"distinct_weight_bytes":6553600,"elements":2560,"input_preserved":true,"k":10240,"layout":"cancel","m":320,"max_absolute_error":1.839807515224834e-07,"rows":8,"samples":1,"wall_us_per_op":321.75}
M5_HC_CASE {"copies_per_graph":1,"cpu_nmse":2.0844306106378622e-13,"distinct_weight_bytes":6553600,"elements":2560,"input_preserved":true,"k":10240,"layout":"wide","m":320,"max_absolute_error":2.3697811372125344e-06,"rows":8,"samples":1,"wall_us_per_op":302.166}
ggml_metal_library_compile_pipeline: compiling pipeline: base = 'kernel_mul_mv_bf16_f32_4', name = 'kernel_mul_mv_bf16_f32_4_nsg=3_ne12=1_r2=1_r3=1_split=0'
ggml_metal_library_compile_pipeline: loaded kernel_mul_mv_bf16_f32_4_nsg=3_ne12=1_r2=1_r3=1_split=0     0x7bf2e3dc00 | th_max = 1024 | th_width =   32
M5_HC_CASE {"copies_per_graph":1,"cpu_nmse":6.539432451194773e-15,"distinct_weight_bytes":6553600,"elements":10240,"input_preserved":true,"k":320,"layout":"plain","m":10240,"max_absolute_error":1.4500918155135878e-07,"rows":1,"samples":1,"wall_us_per_op":252.167}
M5_HC_CASE {"copies_per_graph":1,"cpu_nmse":2.4841067202997753e-15,"distinct_weight_bytes":6553600,"elements":10240,"input_preserved":true,"k":320,"layout":"residual","m":10240,"max_absolute_error":1.546005421459995e-07,"rows":1,"samples":1,"wall_us_per_op":273.709}
M5_HC_CASE {"copies_per_graph":1,"cpu_nmse":2.4841067202997753e-15,"distinct_weight_bytes":6553600,"elements":10240,"input_preserved":true,"k":320,"layout":"exposed","m":10240,"max_absolute_error":1.546005421459995e-07,"rows":1,"samples":1,"wall_us_per_op":293.959}
M5_HC_CASE {"copies_per_graph":1,"cpu_nmse":6.539432451194773e-15,"distinct_weight_bytes":6553600,"elements":10240,"input_preserved":true,"k":320,"layout":"strided","m":10240,"max_absolute_error":1.4500918155135878e-07,"rows":1,"samples":1,"wall_us_per_op":263.125}
M5_HC_CASE {"copies_per_graph":1,"cpu_nmse":7.171510546972803e-15,"distinct_weight_bytes":6553600,"elements":10240,"input_preserved":true,"k":320,"layout":"cancel","m":10240,"max_absolute_error":2.464327053530724e-07,"rows":1,"samples":1,"wall_us_per_op":273.584}
M5_HC_CASE {"copies_per_graph":1,"cpu_nmse":6.848523080653928e-15,"distinct_weight_bytes":6553600,"elements":10240,"input_preserved":true,"k":320,"layout":"wide","m":10240,"max_absolute_error":5.609200690592786e-07,"rows":1,"samples":1,"wall_us_per_op":265.0}
M5_HC_CASE {"copies_per_graph":1,"cpu_nmse":6.618231643308687e-15,"distinct_weight_bytes":6553600,"elements":20480,"input_preserved":true,"k":320,"layout":"plain","m":10240,"max_absolute_error":1.4500918155135878e-07,"rows":2,"samples":1,"wall_us_per_op":364.625}
M5_HC_CASE {"copies_per_graph":1,"cpu_nmse":2.4569416873869516e-15,"distinct_weight_bytes":6553600,"elements":20480,"input_preserved":true,"k":320,"layout":"residual","m":10240,"max_absolute_error":1.866796921490277e-07,"rows":2,"samples":1,"wall_us_per_op":262.708}
M5_HC_CASE {"copies_per_graph":1,"cpu_nmse":2.4569416873869516e-15,"distinct_weight_bytes":6553600,"elements":20480,"input_preserved":true,"k":320,"layout":"exposed","m":10240,"max_absolute_error":1.866796921490277e-07,"rows":2,"samples":1,"wall_us_per_op":1029.583}
M5_HC_CASE {"copies_per_graph":1,"cpu_nmse":6.618231643308687e-15,"distinct_weight_bytes":6553600,"elements":20480,"input_preserved":true,"k":320,"layout":"strided","m":10240,"max_absolute_error":1.4500918155135878e-07,"rows":2,"samples":1,"wall_us_per_op":968.208}
M5_HC_CASE {"copies_per_graph":1,"cpu_nmse":7.171510546972545e-15,"distinct_weight_bytes":6553600,"elements":20480,"input_preserved":true,"k":320,"layout":"cancel","m":10240,"max_absolute_error":2.464327053530724e-07,"rows":2,"samples":1,"wall_us_per_op":995.042}
M5_HC_CASE {"copies_per_graph":1,"cpu_nmse":6.799916961582489e-15,"distinct_weight_bytes":6553600,"elements":20480,"input_preserved":true,"k":320,"layout":"wide","m":10240,"max_absolute_error":7.141960036705086e-07,"rows":2,"samples":1,"wall_us_per_op":254.708}
M5_HC_CASE {"copies_per_graph":1,"cpu_nmse":6.5886762796417486e-15,"distinct_weight_bytes":6553600,"elements":30720,"input_preserved":true,"k":320,"layout":"plain","m":10240,"max_absolute_error":1.5957772347974242e-07,"rows":3,"samples":1,"wall_us_per_op":931.5}
M5_HC_CASE {"copies_per_graph":1,"cpu_nmse":2.4325623959240935e-15,"distinct_weight_bytes":6553600,"elements":30720,"input_preserved":true,"k":320,"layout":"residual","m":10240,"max_absolute_error":1.6974733796359942e-07,"rows":3,"samples":1,"wall_us_per_op":317.541}
M5_HC_CASE {"copies_per_graph":1,"cpu_nmse":2.4325623959240935e-15,"distinct_weight_bytes":6553600,"elements":30720,"input_preserved":true,"k":320,"layout":"exposed","m":10240,"max_absolute_error":1.6974733796359942e-07,"rows":3,"samples":1,"wall_us_per_op":229.25}
M5_HC_CASE {"copies_per_graph":1,"cpu_nmse":6.5886762796417486e-15,"distinct_weight_bytes":6553600,"elements":30720,"input_preserved":true,"k":320,"layout":"strided","m":10240,"max_absolute_error":1.5957772347974242e-07,"rows":3,"samples":1,"wall_us_per_op":342.541}
M5_HC_CASE {"copies_per_graph":1,"cpu_nmse":7.171510546972387e-15,"distinct_weight_bytes":6553600,"elements":30720,"input_preserved":true,"k":320,"layout":"cancel","m":10240,"max_absolute_error":2.464327053530724e-07,"rows":3,"samples":1,"wall_us_per_op":344.875}
M5_HC_CASE {"copies_per_graph":1,"cpu_nmse":6.823310274909138e-15,"distinct_weight_bytes":6553600,"elements":30720,"input_preserved":true,"k":320,"layout":"wide","m":10240,"max_absolute_error":7.141960036705086e-07,"rows":3,"samples":1,"wall_us_per_op":1186.625}
ggml_metal_library_compile_pipeline: compiling pipeline: base = 'kernel_mul_mv_mma_bf16_f32_nt4_rt1', name = 'kernel_mul_mv_mma_bf16_f32_nt4_rt1_nsg=4_ne12=1_r2=1_r3=1_ne00=0_add=0'
ggml_metal_library_compile_pipeline: loaded kernel_mul_mv_mma_bf16_f32_nt4_rt1_nsg=4_ne12=1_r2=1_r3=1_ne00=0_add=0     0x7bf2e3e300 | th_max = 1024 | th_width =   32
M5_HC_CASE {"copies_per_graph":1,"cpu_nmse":3.148221538056271e-14,"distinct_weight_bytes":6553600,"elements":40960,"input_preserved":true,"k":320,"layout":"plain","m":10240,"max_absolute_error":3.90916966352961e-07,"rows":4,"samples":1,"wall_us_per_op":228.667}
ggml_metal_library_compile_pipeline: compiling pipeline: base = 'kernel_mul_mv_mma_bf16_f32_nt4_rt1', name = 'kernel_mul_mv_mma_bf16_f32_nt4_rt1_nsg=4_ne12=1_r2=1_r3=1_ne00=0_add=1'
ggml_metal_library_compile_pipeline: loaded kernel_mul_mv_mma_bf16_f32_nt4_rt1_nsg=4_ne12=1_r2=1_r3=1_ne00=0_add=1     0x7bf2e3df80 | th_max = 1024 | th_width =   32
M5_HC_CASE {"copies_per_graph":1,"cpu_nmse":8.809561097087328e-15,"distinct_weight_bytes":6553600,"elements":40960,"input_preserved":true,"k":320,"layout":"residual","m":10240,"max_absolute_error":3.9958410802398703e-07,"rows":4,"samples":1,"wall_us_per_op":257.667}
ggml_metal_library_compile_pipeline: compiling pipeline: base = 'kernel_unary_f32_f32_4', name = 'kernel_unary_f32_f32_4_op=13_cnt=0'
ggml_metal_library_compile_pipeline: loaded kernel_unary_f32_f32_4_op=13_cnt=0           0x7bf2e3ce00 | th_max = 1024 | th_width =   32
M5_HC_CASE {"copies_per_graph":1,"cpu_nmse":8.809561097087328e-15,"distinct_weight_bytes":6553600,"elements":40960,"input_preserved":true,"k":320,"layout":"exposed","m":10240,"max_absolute_error":3.9958410802398703e-07,"rows":4,"samples":1,"wall_us_per_op":274.209}
M5_HC_CASE {"copies_per_graph":1,"cpu_nmse":3.148221538056271e-14,"distinct_weight_bytes":6553600,"elements":40960,"input_preserved":true,"k":320,"layout":"strided","m":10240,"max_absolute_error":3.90916966352961e-07,"rows":4,"samples":1,"wall_us_per_op":236.958}
M5_HC_CASE {"copies_per_graph":1,"cpu_nmse":6.4051252935345466e-15,"distinct_weight_bytes":6553600,"elements":40960,"input_preserved":true,"k":320,"layout":"cancel","m":10240,"max_absolute_error":3.174825735641207e-07,"rows":4,"samples":1,"wall_us_per_op":237.459}
M5_HC_CASE {"copies_per_graph":1,"cpu_nmse":3.1289559573615053e-14,"distinct_weight_bytes":6553600,"elements":40960,"input_preserved":true,"k":320,"layout":"wide","m":10240,"max_absolute_error":1.7115109436360854e-06,"rows":4,"samples":1,"wall_us_per_op":219.625}
M5_HC_CASE {"copies_per_graph":1,"cpu_nmse":3.111526625202776e-14,"distinct_weight_bytes":6553600,"elements":51200,"input_preserved":true,"k":320,"layout":"plain","m":10240,"max_absolute_error":3.90916966352961e-07,"rows":5,"samples":1,"wall_us_per_op":240.916}
M5_HC_CASE {"copies_per_graph":1,"cpu_nmse":8.735662395207096e-15,"distinct_weight_bytes":6553600,"elements":51200,"input_preserved":true,"k":320,"layout":"residual","m":10240,"max_absolute_error":3.90916966352961e-07,"rows":5,"samples":1,"wall_us_per_op":860.833}
M5_HC_CASE {"copies_per_graph":1,"cpu_nmse":8.735662395207096e-15,"distinct_weight_bytes":6553600,"elements":51200,"input_preserved":true,"k":320,"layout":"exposed","m":10240,"max_absolute_error":3.90916966352961e-07,"rows":5,"samples":1,"wall_us_per_op":260.417}
M5_HC_CASE {"copies_per_graph":1,"cpu_nmse":3.111526625202776e-14,"distinct_weight_bytes":6553600,"elements":51200,"input_preserved":true,"k":320,"layout":"strided","m":10240,"max_absolute_error":3.90916966352961e-07,"rows":5,"samples":1,"wall_us_per_op":253.083}
M5_HC_CASE {"copies_per_graph":1,"cpu_nmse":6.405125293534505e-15,"distinct_weight_bytes":6553600,"elements":51200,"input_preserved":true,"k":320,"layout":"cancel","m":10240,"max_absolute_error":3.174825735641207e-07,"rows":5,"samples":1,"wall_us_per_op":370.125}
M5_HC_CASE {"copies_per_graph":1,"cpu_nmse":3.01980772962817e-14,"distinct_weight_bytes":6553600,"elements":51200,"input_preserved":true,"k":320,"layout":"wide","m":10240,"max_absolute_error":1.7115109436360854e-06,"rows":5,"samples":1,"wall_us_per_op":214.792}
M5_HC_CASE {"copies_per_graph":1,"cpu_nmse":3.081334461454917e-14,"distinct_weight_bytes":6553600,"elements":81920,"input_preserved":true,"k":320,"layout":"plain","m":10240,"max_absolute_error":3.920960267578266e-07,"rows":8,"samples":1,"wall_us_per_op":238.458}
M5_HC_CASE {"copies_per_graph":1,"cpu_nmse":8.637769509880064e-15,"distinct_weight_bytes":6553600,"elements":81920,"input_preserved":true,"k":320,"layout":"residual","m":10240,"max_absolute_error":4.5052161112835165e-07,"rows":8,"samples":1,"wall_us_per_op":316.208}
M5_HC_CASE {"copies_per_graph":1,"cpu_nmse":8.637769509880064e-15,"distinct_weight_bytes":6553600,"elements":81920,"input_preserved":true,"k":320,"layout":"exposed","m":10240,"max_absolute_error":4.5052161112835165e-07,"rows":8,"samples":1,"wall_us_per_op":405.5}
M5_HC_CASE {"copies_per_graph":1,"cpu_nmse":3.081334461454917e-14,"distinct_weight_bytes":6553600,"elements":81920,"input_preserved":true,"k":320,"layout":"strided","m":10240,"max_absolute_error":3.920960267578266e-07,"rows":8,"samples":1,"wall_us_per_op":235.542}
M5_HC_CASE {"copies_per_graph":1,"cpu_nmse":6.40512529353354e-15,"distinct_weight_bytes":6553600,"elements":81920,"input_preserved":true,"k":320,"layout":"cancel","m":10240,"max_absolute_error":3.174825735641207e-07,"rows":8,"samples":1,"wall_us_per_op":934.583}
M5_HC_CASE {"copies_per_graph":1,"cpu_nmse":2.9879142757300756e-14,"distinct_weight_bytes":6553600,"elements":81920,"input_preserved":true,"k":320,"layout":"wide","m":10240,"max_absolute_error":2.0862178053970837e-06,"rows":8,"samples":1,"wall_us_per_op":852.083}
M5_HC_DONE {"cases":72,"mode":"check"}
ggml_metal_free: deallocating
