ggml_metal_device_init: testing tensor API for f16 support
ggml_metal_library_compile_pipeline: compiling pipeline: base = 'dummy_kernel', name = 'dummy_kernel'
ggml_metal_library_compile_pipeline: loaded dummy_kernel                                  0x105fc89a0 | th_max = 1024 | th_width =   32
ggml_metal_device_init: testing tensor API for bfloat support
ggml_metal_library_compile_pipeline: compiling pipeline: base = 'dummy_kernel', name = 'dummy_kernel'
ggml_metal_library_compile_pipeline: loaded dummy_kernel                                  0x105fc89a0 | th_max = 1024 | th_width =   32
ggml_metal_library_init: using embedded metal library
ggml_metal_library_compile_all: compiled 'fa_aux' library in 0.000 sec
ggml_metal_library_compile_all: compiled 'fa_f16' library in 0.001 sec
ggml_metal_library_compile_all: compiled 'fa_f32' library in 0.002 sec
ggml_metal_library_compile_all: compiled 'fa_q4_0' library in 0.002 sec
ggml_metal_library_compile_all: compiled 'fa_q4_1' library in 0.004 sec
ggml_metal_library_compile_all: compiled 'fa_q5_0' library in 0.002 sec
ggml_metal_library_compile_all: compiled 'fa_q5_1' library in 0.006 sec
ggml_metal_library_compile_all: compiled 'fa_q8_0' library in 0.001 sec
ggml_metal_library_compile_all: compiled 'fa_vec_f16' library in 0.009 sec
ggml_metal_library_compile_all: compiled 'fa_vec_f32' library in 0.007 sec
ggml_metal_library_compile_all: compiled 'fa_vec_q4_0' library in 0.010 sec
ggml_metal_library_compile_all: compiled 'fa_vec_q4_1' library in 0.007 sec
ggml_metal_library_compile_all: compiled 'fa_vec_q5_0' library in 0.011 sec
ggml_metal_library_compile_all: compiled 'fa_vec_q5_1' library in 0.007 sec
ggml_metal_library_compile_all: compiled 'fa_vec_q8_0' library in 0.008 sec
ggml_metal_library_compile_all: compiled 'mul_mv' library in 0.005 sec
ggml_metal_library_compile_all: compiled 'mul_mv_mma' library in 0.003 sec
ggml_metal_library_compile_all: compiled 'mul_mm' library in 0.005 sec
ggml_metal_library_compile_all: compiled 'quantize' library in 0.003 sec
ggml_metal_library_compile_all: compiled 'softmax' library in 0.003 sec
ggml_metal_library_compile_all: compiled 'norm' library in 0.003 sec
ggml_metal_library_compile_all: compiled 'unary' library in 0.001 sec
ggml_metal_library_compile_all: compiled 'binbcast' library in 0.001 sec
ggml_metal_library_compile_all: compiled 'reduce' library in 0.001 sec
ggml_metal_library_compile_all: compiled 'tri' library in 0.005 sec
ggml_metal_library_compile_all: compiled 'ssm' library in 0.010 sec
ggml_metal_library_compile_all: compiled 'wkv' library in 0.007 sec
ggml_metal_library_compile_all: compiled 'gated_delta_net' library in 0.007 sec
ggml_metal_library_compile_all: compiled 'solve_tri' library in 0.010 sec
ggml_metal_library_compile_all: compiled 'rope' library in 0.007 sec
ggml_metal_library_compile_all: compiled 'conv' library in 0.007 sec
ggml_metal_library_compile_all: compiled 'upscale' library in 0.008 sec
ggml_metal_library_compile_all: compiled 'argsort' library in 0.008 sec
ggml_metal_library_compile_all: compiled 'pool' library in 0.006 sec
ggml_metal_library_compile_all: compiled 'misc' library in 0.006 sec
ggml_metal_library_compile_all: loaded 35 libraries from embedded data in 0.011 sec (max single = 0.011 sec)
ggml_metal_rsets_init: creating a residency set collection (keep_alive = 180 s)
ggml_metal_device_init: GPU name:   MTL0 (Apple M5 Pro)
ggml_metal_device_init: GPU family: MTLGPUFamilyApple10  (1010)
ggml_metal_device_init: GPU family: MTLGPUFamilyMetal4  (5002)
ggml_metal_device_init: simdgroup reduction   = true
ggml_metal_device_init: simdgroup matrix mul. = true
ggml_metal_device_init: has unified memory    = true
ggml_metal_device_init: has bfloat            = true
ggml_metal_device_init: has tensor            = true
ggml_metal_device_init: use residency sets    = true
ggml_metal_device_init: use shared buffers    = true
ggml_metal_device_init: recommendedMaxWorkingSetSize  = 40200.90 MB
ggml_metal_init: allocating
ggml_metal_init: found device: Apple M5 Pro
ggml_metal_init: picking default device: Apple M5 Pro
ggml_metal_init: use fusion         = true
ggml_metal_init: use concurrency    = true
ggml_metal_init: use graph optimize = true
M5_TOP10_CASE_BEGIN {"eligible":true,"id":"mixed"}
ggml_metal_library_compile_pipeline: compiling pipeline: base = 'kernel_mul_mv_q5_K_f32', name = 'kernel_mul_mv_q5_K_f32_nsg=2_ne12=1_r2=1_r3=1_split=0'
ggml_metal_library_compile_pipeline: loaded kernel_mul_mv_q5_K_f32_nsg=2_ne12=1_r2=1_r3=1_split=0      0x105fd53c0 | th_max = 1024 | th_width =   32
M5_TOP10_DISPATCH {"ncols":248320,"rows":1,"k":10,"device":"M5 Pro","fallback":"ties-exceptional-subnormal"}
ggml_metal_library_compile_pipeline: compiling pipeline: base = 'kernel_m5_top10_blocks', name = 'kernel_m5_top10_blocks'
ggml_metal_library_compile_pipeline: loaded kernel_m5_top10_blocks                        0x105fd6380 | th_max = 1024 | th_width =   32
ggml_metal_library_compile_pipeline: compiling pipeline: base = 'kernel_m5_top10_finish', name = 'kernel_m5_top10_finish'
ggml_metal_library_compile_pipeline: loaded kernel_m5_top10_finish                        0x105fd6700 | th_max = 1024 | th_width =   32
ggml_metal_library_compile_pipeline: compiling pipeline: base = 'kernel_argsort_f32_i32_desc', name = 'kernel_argsort_f32_i32_desc'
ggml_metal_library_compile_pipeline: loaded kernel_argsort_f32_i32_desc                   0x105fd6c80 | th_max = 1024 | th_width =   32
ggml_metal_library_compile_pipeline: compiling pipeline: base = 'kernel_argsort_f32_i32_m5', name = 'kernel_argsort_f32_i32_m5'
ggml_metal_library_compile_pipeline: loaded kernel_argsort_f32_i32_m5                    0x78d8e28000 | th_max = 1024 | th_width =   32
ggml_metal_library_compile_pipeline: compiling pipeline: base = 'kernel_argsort_merge_f32_i32_desc', name = 'kernel_argsort_merge_f32_i32_desc'
ggml_metal_library_compile_pipeline: loaded kernel_argsort_merge_f32_i32_desc            0x78d8e28380 | th_max = 1024 | th_width =   32
ggml_metal_library_compile_pipeline: compiling pipeline: base = 'kernel_argsort_merge_f32_i32_m5', name = 'kernel_argsort_merge_f32_i32_m5'
ggml_metal_library_compile_pipeline: loaded kernel_argsort_merge_f32_i32_m5              0x78d8e28700 | th_max = 1024 | th_width =   32
ggml_metal_library_compile_pipeline: compiling pipeline: base = 'kernel_get_rows_f32', name = 'kernel_get_rows_f32'
ggml_metal_library_compile_pipeline: loaded kernel_get_rows_f32                          0x78d8e28a80 | th_max = 1024 | th_width =   32
M5_TOP10_CASE {"all_nodes_metal":true,"allocation_bound_bytes":944224320,"block_iterations":[57,57,58,58,58,57,58],"block_us":[100007.25,100252.125,101414.417,101584.917,101562.0,100197.042,101139.583],"block_us_per_iteration":[1754.5131578947369,1758.8092105263158,1748.5244310344829,1751.4640862068966,1751.0689655172414,1757.8428421052631,1743.7859137931034],"consumer_chain":"head-top_k10-gather","consumers":[{"above_cutoff":9,"cutoff_ties":1,"ids":[28770,19711,166503,50550,49144,168291,26106,226472,76474,173374],"ids_sha256":"9c6d4e9bf9cca24ddf7eb270990f95d0b2aea21d14c42203ca15db0f48472ae9","selector_status":1,"tie_safe":true,"values":[722.3253784179688,695.7282104492188,686.5211181640625,682.239501953125,663.3927612304688,663.3659057617188,660.9784545898438,644.2107543945313,625.6520385742188,618.1190185546875],"values_sha256":"047fea13eba33f367dbdd3237d9a9bd80a04e2fabca020318798a3d72180fa8b"}],"cpu_compute_nodes":0,"cpu_nmse":0.0,"cpu_reference_values":0,"elements":248320,"eligible":true,"graph_buffer_bytes":3029056,"id":"mixed","input_sha256":"e43448e020c52b745e6abc6a960033722dd82ba5dc04da38ed3672d6c0592c0a","inputs_preserved":true,"k":2560,"m":248320,"max_absolute_error":0.0,"max_bound_ratio":0.0,"median_us":1751.4640862068966,"output_sha256":"9568f1471f9b09a036166f13e0136cffac0cda9f8f47b7654bd8d29650f91af4","pipeline_primed":true,"rows":1,"scheduler_splits":1,"warmup_iterations":283,"warmup_us":500210.833,"weight_sha256":"56b0508225f073b2bb80f53e7fb5a5b44db73e38533928210e8fff9e9fffd8fd"}
M5_TOP10_CASE_BEGIN {"eligible":true,"id":"alternating"}
M5_TOP10_CASE {"all_nodes_metal":true,"allocation_bound_bytes":944224320,"block_iterations":[58,58,58,58,57,58,58],"block_us":[101335.0,101643.334,101405.0,101221.917,100117.25,101435.5,101439.208],"block_us_per_iteration":[1747.155172413793,1752.471275862069,1748.3620689655172,1745.2054655172415,1756.4429824561403,1748.8879310344828,1748.9518620689655],"consumer_chain":"head-top_k10-gather","consumers":[{"above_cutoff":9,"cutoff_ties":1,"ids":[188258,170576,75626,223013,123048,108446,215922,41184,243335,207041],"ids_sha256":"04574f8797b986cadc6185e53a7a4c9dba77f37ad8bfd53dcc35966f8f54024b","selector_status":1,"tie_safe":true,"values":[928.8082885742188,878.5467529296875,867.6236572265625,861.11572265625,857.8529052734375,845.35107421875,840.2062377929688,838.6378173828125,834.7677612304688,833.9251708984375],"values_sha256":"696d1904488292c375cd7d7670626ad6cccd1d8fe220df4cca3b3bf466bc6aa8"}],"cpu_compute_nodes":0,"cpu_nmse":0.0,"cpu_reference_values":0,"elements":248320,"eligible":true,"graph_buffer_bytes":3029056,"id":"alternating","input_sha256":"1f2c35c7ae255640bad831d09a3dd8d60016c78b77cad6cf3ee2516ee5eccba7","inputs_preserved":true,"k":2560,"m":248320,"max_absolute_error":0.0,"max_bound_ratio":0.0,"median_us":1748.8879310344828,"output_sha256":"234ccfff0f5cb3589cbe5200709cf386c399e1e4183ffd92e5dae5cf8e17e66a","pipeline_primed":true,"rows":1,"scheduler_splits":1,"warmup_iterations":287,"warmup_us":501425.833,"weight_sha256":"56b0508225f073b2bb80f53e7fb5a5b44db73e38533928210e8fff9e9fffd8fd"}
M5_TOP10_DONE {"cases":2,"expanded_weight_cache":false,"max_probe_bytes":3221225472,"mode":"perf","models_loaded":false,"scope":"candidate","weights":[{"bytes":437043200,"padded":false,"preserved":true,"sha256":"56b0508225f073b2bb80f53e7fb5a5b44db73e38533928210e8fff9e9fffd8fd"}],"weights_preserved":true}
ggml_metal_free: deallocating
