ggml_metal_device_init: testing tensor API for f16 support
ggml_metal_library_compile_pipeline: compiling pipeline: base = 'dummy_kernel', name = 'dummy_kernel'
ggml_metal_library_compile_pipeline: loaded dummy_kernel                                  0x103a839a0 | th_max = 1024 | th_width =   32
ggml_metal_device_init: testing tensor API for bfloat support
ggml_metal_library_compile_pipeline: compiling pipeline: base = 'dummy_kernel', name = 'dummy_kernel'
ggml_metal_library_compile_pipeline: loaded dummy_kernel                                  0x103a83740 | th_max = 1024 | th_width =   32
ggml_metal_library_init: using embedded metal library
ggml_metal_library_compile_all: compiled 'fa_aux' library in 0.000 sec
ggml_metal_library_compile_all: compiled 'fa_f16' library in 0.007 sec
ggml_metal_library_compile_all: compiled 'fa_f32' library in 0.001 sec
ggml_metal_library_compile_all: compiled 'fa_q4_0' library in 0.012 sec
ggml_metal_library_compile_all: compiled 'fa_q4_1' library in 0.012 sec
ggml_metal_library_compile_all: compiled 'fa_q5_0' library in 0.004 sec
ggml_metal_library_compile_all: compiled 'fa_q5_1' library in 0.001 sec
ggml_metal_library_compile_all: compiled 'fa_q8_0' library in 0.011 sec
ggml_metal_library_compile_all: compiled 'fa_vec_f16' library in 0.013 sec
ggml_metal_library_compile_all: compiled 'fa_vec_f32' library in 0.013 sec
ggml_metal_library_compile_all: compiled 'fa_vec_q4_0' library in 0.005 sec
ggml_metal_library_compile_all: compiled 'fa_vec_q4_1' library in 0.009 sec
ggml_metal_library_compile_all: compiled 'fa_vec_q5_0' library in 0.008 sec
ggml_metal_library_compile_all: compiled 'fa_vec_q5_1' library in 0.006 sec
ggml_metal_library_compile_all: compiled 'fa_vec_q8_0' library in 0.003 sec
ggml_metal_library_compile_all: compiled 'mul_mv' library in 0.005 sec
ggml_metal_library_compile_all: compiled 'mul_mv_mma' library in 0.011 sec
ggml_metal_library_compile_all: compiled 'mul_mm' library in 0.002 sec
ggml_metal_library_compile_all: compiled 'quantize' library in 0.009 sec
ggml_metal_library_compile_all: compiled 'softmax' library in 0.003 sec
ggml_metal_library_compile_all: compiled 'norm' library in 0.001 sec
ggml_metal_library_compile_all: compiled 'unary' library in 0.009 sec
ggml_metal_library_compile_all: compiled 'binbcast' library in 0.002 sec
ggml_metal_library_compile_all: compiled 'reduce' library in 0.002 sec
ggml_metal_library_compile_all: compiled 'tri' library in 0.011 sec
ggml_metal_library_compile_all: compiled 'ssm' library in 0.002 sec
ggml_metal_library_compile_all: compiled 'wkv' library in 0.000 sec
ggml_metal_library_compile_all: compiled 'gated_delta_net' library in 0.000 sec
ggml_metal_library_compile_all: compiled 'solve_tri' library in 0.000 sec
ggml_metal_library_compile_all: compiled 'rope' library in 0.006 sec
ggml_metal_library_compile_all: compiled 'conv' library in 0.008 sec
ggml_metal_library_compile_all: compiled 'upscale' library in 0.011 sec
ggml_metal_library_compile_all: compiled 'argsort' library in 0.002 sec
ggml_metal_library_compile_all: compiled 'pool' library in 0.002 sec
ggml_metal_library_compile_all: compiled 'misc' library in 0.010 sec
ggml_metal_library_compile_all: loaded 35 libraries from embedded data in 0.013 sec (max single = 0.013 sec)
ggml_metal_rsets_init: creating a residency set collection (keep_alive = 180 s)
ggml_metal_device_init: GPU name:   MTL0 (Apple M5 Pro)
ggml_metal_device_init: GPU family: MTLGPUFamilyApple10  (1010)
ggml_metal_device_init: GPU family: MTLGPUFamilyMetal4  (5002)
ggml_metal_device_init: simdgroup reduction   = true
ggml_metal_device_init: simdgroup matrix mul. = true
ggml_metal_device_init: has unified memory    = true
ggml_metal_device_init: has bfloat            = true
ggml_metal_device_init: has tensor            = true
ggml_metal_device_init: use residency sets    = true
ggml_metal_device_init: use shared buffers    = true
ggml_metal_device_init: recommendedMaxWorkingSetSize  = 40200.90 MB
ggml_metal_init: allocating
ggml_metal_init: found device: Apple M5 Pro
ggml_metal_init: picking default device: Apple M5 Pro
ggml_metal_init: use fusion         = true
ggml_metal_init: use concurrency    = true
ggml_metal_init: use graph optimize = true
ggml_metal_library_compile_pipeline: compiling pipeline: base = 'kernel_bin_fuse_f32_f32_f32', name = 'kernel_bin_fuse_f32_f32_f32_op=2_nf=1_rb=0_cb=1'
ggml_metal_library_compile_pipeline: loaded kernel_bin_fuse_f32_f32_f32_op=2_nf=1_rb=0_cb=1      0x103a8d020 | th_max = 1024 | th_width =   32
ggml_metal_library_compile_pipeline: compiling pipeline: base = 'kernel_bin_fuse_f32_f32_f32', name = 'kernel_bin_fuse_f32_f32_f32_op=0_nf=7_rb=1_cb=0'
ggml_metal_library_compile_pipeline: loaded kernel_bin_fuse_f32_f32_f32_op=0_nf=7_rb=1_cb=0      0x103a8e1e0 | th_max = 1024 | th_width =   32
ggml_metal_library_compile_pipeline: compiling pipeline: base = 'kernel_bin_fuse_f32_f32_f32', name = 'kernel_bin_fuse_f32_f32_f32_op=0_nf=2_rb=1_cb=0'
ggml_metal_library_compile_pipeline: loaded kernel_bin_fuse_f32_f32_f32_op=0_nf=2_rb=1_cb=0      0x103a8e560 | th_max = 1024 | th_width =   32
M5_REDUCE_CASE {"cpu_bit_differences":0,"cpu_max_abs_error":0.0,"elements":7,"experts":10,"fusions":{"ADD+ADD":5,"ADD+ADD+ADD+ADD+ADD+ADD+ADD":5},"input_preserved":true,"layout":"plain","nan_class_matches":0,"rows":1,"samples":1,"wall_us":248.667,"width":7}
M5_REDUCE_CASE {"cpu_bit_differences":0,"cpu_max_abs_error":0.0,"elements":7,"experts":10,"fusions":{"ADD+ADD":5,"ADD+ADD+ADD+ADD+ADD+ADD+ADD":5},"input_preserved":true,"layout":"strided","nan_class_matches":0,"rows":1,"samples":1,"wall_us":268.458,"width":7}
ggml_metal_library_compile_pipeline: compiling pipeline: base = 'kernel_unary_f32_f32', name = 'kernel_unary_f32_f32_op=13_cnt=1'
ggml_metal_library_compile_pipeline: loaded kernel_unary_f32_f32_op=13_cnt=1             0x790d254380 | th_max = 1024 | th_width =   32
M5_REDUCE_CASE {"cpu_bit_differences":0,"cpu_max_abs_error":0.0,"elements":7,"experts":10,"fusions":{"ADD+ADD":5,"ADD+ADD+ADD+ADD+ADD+ADD+ADD":5},"input_preserved":true,"layout":"exposed","nan_class_matches":0,"rows":1,"samples":1,"wall_us":179.334,"width":7}
M5_REDUCE_CASE {"cpu_bit_differences":0,"cpu_max_abs_error":0.0,"elements":7,"experts":10,"fusions":{"ADD+ADD":5,"ADD+ADD+ADD+ADD+ADD+ADD+ADD":5},"input_preserved":true,"layout":"reversed","nan_class_matches":0,"rows":1,"samples":1,"wall_us":261.875,"width":7}
M5_REDUCE_CASE {"cpu_bit_differences":0,"cpu_max_abs_error":0.0,"elements":7,"experts":10,"fusions":{"ADD+ADD":5,"ADD+ADD+ADD+ADD+ADD+ADD+ADD":5},"input_preserved":true,"layout":"cancel","nan_class_matches":0,"rows":1,"samples":1,"wall_us":201.875,"width":7}
M5_REDUCE_CASE {"cpu_bit_differences":1,"cpu_max_abs_error":1.1754943508222875e-38,"elements":7,"experts":10,"fusions":{"ADD+ADD":5,"ADD+ADD+ADD+ADD+ADD+ADD+ADD":5},"input_preserved":true,"layout":"special","nan_class_matches":1,"rows":1,"samples":1,"wall_us":189.166,"width":7}
M5_REDUCE_CASE {"cpu_bit_differences":0,"cpu_max_abs_error":0.0,"elements":7,"experts":10,"fusions":{"ADD+ADD":5,"ADD+ADD+ADD+ADD+ADD+ADD+ADD":5},"input_preserved":true,"layout":"alias","nan_class_matches":0,"rows":1,"samples":1,"wall_us":183.042,"width":7}
ggml_metal_library_compile_pipeline: compiling pipeline: base = 'kernel_bin_fuse_f32_f32_f32_4', name = 'kernel_bin_fuse_f32_f32_f32_4_op=0_nf=7_rb=1_cb=0'
ggml_metal_library_compile_pipeline: loaded kernel_bin_fuse_f32_f32_f32_4_op=0_nf=7_rb=1_cb=0     0x790d254000 | th_max = 1024 | th_width =   32
ggml_metal_library_compile_pipeline: compiling pipeline: base = 'kernel_bin_fuse_f32_f32_f32_4', name = 'kernel_bin_fuse_f32_f32_f32_4_op=0_nf=2_rb=1_cb=0'
ggml_metal_library_compile_pipeline: loaded kernel_bin_fuse_f32_f32_f32_4_op=0_nf=2_rb=1_cb=0     0x790d254a80 | th_max = 1024 | th_width =   32
M5_REDUCE_CASE {"cpu_bit_differences":0,"cpu_max_abs_error":0.0,"elements":2560,"experts":10,"fusions":{"ADD+ADD":5,"ADD+ADD+ADD+ADD+ADD+ADD+ADD":5},"input_preserved":true,"layout":"plain","nan_class_matches":0,"rows":1,"samples":1,"wall_us":285.75,"width":2560}
M5_REDUCE_CASE {"cpu_bit_differences":0,"cpu_max_abs_error":0.0,"elements":2560,"experts":10,"fusions":{"ADD+ADD":5,"ADD+ADD+ADD+ADD+ADD+ADD+ADD":5},"input_preserved":true,"layout":"strided","nan_class_matches":0,"rows":1,"samples":1,"wall_us":272.834,"width":2560}
ggml_metal_library_compile_pipeline: compiling pipeline: base = 'kernel_unary_f32_f32_4', name = 'kernel_unary_f32_f32_4_op=13_cnt=1'
ggml_metal_library_compile_pipeline: loaded kernel_unary_f32_f32_4_op=13_cnt=1           0x790d254e00 | th_max = 1024 | th_width =   32
M5_REDUCE_CASE {"cpu_bit_differences":0,"cpu_max_abs_error":0.0,"elements":2560,"experts":10,"fusions":{"ADD+ADD":5,"ADD+ADD+ADD+ADD+ADD+ADD+ADD":5},"input_preserved":true,"layout":"exposed","nan_class_matches":0,"rows":1,"samples":1,"wall_us":264.875,"width":2560}
M5_REDUCE_CASE {"cpu_bit_differences":0,"cpu_max_abs_error":0.0,"elements":2560,"experts":10,"fusions":{"ADD+ADD":5,"ADD+ADD+ADD+ADD+ADD+ADD+ADD":5},"input_preserved":true,"layout":"reversed","nan_class_matches":0,"rows":1,"samples":1,"wall_us":252.5,"width":2560}
M5_REDUCE_CASE {"cpu_bit_differences":0,"cpu_max_abs_error":0.0,"elements":2560,"experts":10,"fusions":{"ADD+ADD":5,"ADD+ADD+ADD+ADD+ADD+ADD+ADD":5},"input_preserved":true,"layout":"cancel","nan_class_matches":0,"rows":1,"samples":1,"wall_us":252.292,"width":2560}
M5_REDUCE_CASE {"cpu_bit_differences":365,"cpu_max_abs_error":1.1754943508222875e-38,"elements":2560,"experts":10,"fusions":{"ADD+ADD":5,"ADD+ADD+ADD+ADD+ADD+ADD+ADD":5},"input_preserved":true,"layout":"special","nan_class_matches":366,"rows":1,"samples":1,"wall_us":259.959,"width":2560}
M5_REDUCE_CASE {"cpu_bit_differences":0,"cpu_max_abs_error":0.0,"elements":2560,"experts":10,"fusions":{"ADD+ADD":5,"ADD+ADD+ADD+ADD+ADD+ADD+ADD":5},"input_preserved":true,"layout":"alias","nan_class_matches":0,"rows":1,"samples":1,"wall_us":217.959,"width":2560}
M5_REDUCE_CASE {"cpu_bit_differences":0,"cpu_max_abs_error":0.0,"elements":2563,"experts":10,"fusions":{"ADD+ADD":5,"ADD+ADD+ADD+ADD+ADD+ADD+ADD":5},"input_preserved":true,"layout":"plain","nan_class_matches":0,"rows":1,"samples":1,"wall_us":256.917,"width":2563}
M5_REDUCE_CASE {"cpu_bit_differences":0,"cpu_max_abs_error":0.0,"elements":2563,"experts":10,"fusions":{"ADD+ADD":5,"ADD+ADD+ADD+ADD+ADD+ADD+ADD":5},"input_preserved":true,"layout":"strided","nan_class_matches":0,"rows":1,"samples":1,"wall_us":257.334,"width":2563}
M5_REDUCE_CASE {"cpu_bit_differences":0,"cpu_max_abs_error":0.0,"elements":2563,"experts":10,"fusions":{"ADD+ADD":5,"ADD+ADD+ADD+ADD+ADD+ADD+ADD":5},"input_preserved":true,"layout":"exposed","nan_class_matches":0,"rows":1,"samples":1,"wall_us":270.75,"width":2563}
M5_REDUCE_CASE {"cpu_bit_differences":0,"cpu_max_abs_error":0.0,"elements":2563,"experts":10,"fusions":{"ADD+ADD":5,"ADD+ADD+ADD+ADD+ADD+ADD+ADD":5},"input_preserved":true,"layout":"reversed","nan_class_matches":0,"rows":1,"samples":1,"wall_us":275.0,"width":2563}
M5_REDUCE_CASE {"cpu_bit_differences":0,"cpu_max_abs_error":0.0,"elements":2563,"experts":10,"fusions":{"ADD+ADD":5,"ADD+ADD+ADD+ADD+ADD+ADD+ADD":5},"input_preserved":true,"layout":"cancel","nan_class_matches":0,"rows":1,"samples":1,"wall_us":249.75,"width":2563}
M5_REDUCE_CASE {"cpu_bit_differences":366,"cpu_max_abs_error":1.1754943508222875e-38,"elements":2563,"experts":10,"fusions":{"ADD+ADD":5,"ADD+ADD+ADD+ADD+ADD+ADD+ADD":5},"input_preserved":true,"layout":"special","nan_class_matches":366,"rows":1,"samples":1,"wall_us":282.5,"width":2563}
M5_REDUCE_CASE {"cpu_bit_differences":0,"cpu_max_abs_error":0.0,"elements":2563,"experts":10,"fusions":{"ADD+ADD":5,"ADD+ADD+ADD+ADD+ADD+ADD+ADD":5},"input_preserved":true,"layout":"alias","nan_class_matches":0,"rows":1,"samples":1,"wall_us":276.542,"width":2563}
ggml_metal_library_compile_pipeline: compiling pipeline: base = 'kernel_moe_reduce_f32', name = 'kernel_moe_reduce_f32_n_expert_used=2'
ggml_metal_library_compile_pipeline: loaded kernel_moe_reduce_f32_n_expert_used=2        0x790d255180 | th_max = 1024 | th_width =   32
M5_REDUCE_CASE {"cpu_bit_differences":14,"cpu_max_abs_error":1.9073486328125e-06,"elements":67,"experts":2,"fusions":{"MUL+ADD":10},"input_preserved":true,"layout":"plain","nan_class_matches":0,"rows":1,"samples":1,"wall_us":251.333,"width":67}
ggml_metal_library_compile_pipeline: compiling pipeline: base = 'kernel_moe_reduce_f32', name = 'kernel_moe_reduce_f32_n_expert_used=3'
ggml_metal_library_compile_pipeline: loaded kernel_moe_reduce_f32_n_expert_used=3        0x790d254700 | th_max = 1024 | th_width =   32
M5_REDUCE_CASE {"cpu_bit_differences":5,"cpu_max_abs_error":1.9073486328125e-06,"elements":67,"experts":3,"fusions":{"MUL+ADD+ADD":10},"input_preserved":true,"layout":"plain","nan_class_matches":0,"rows":1,"samples":1,"wall_us":174.459,"width":67}
ggml_metal_library_compile_pipeline: compiling pipeline: base = 'kernel_moe_reduce_f32', name = 'kernel_moe_reduce_f32_n_expert_used=4'
ggml_metal_library_compile_pipeline: loaded kernel_moe_reduce_f32_n_expert_used=4        0x790d255500 | th_max = 1024 | th_width =   32
M5_REDUCE_CASE {"cpu_bit_differences":28,"cpu_max_abs_error":1.9073486328125e-06,"elements":67,"experts":4,"fusions":{"MUL+ADD+ADD+ADD":10},"input_preserved":true,"layout":"plain","nan_class_matches":0,"rows":1,"samples":1,"wall_us":311.875,"width":67}
ggml_metal_library_compile_pipeline: compiling pipeline: base = 'kernel_moe_reduce_f32', name = 'kernel_moe_reduce_f32_n_expert_used=5'
ggml_metal_library_compile_pipeline: loaded kernel_moe_reduce_f32_n_expert_used=5        0x790d255880 | th_max = 1024 | th_width =   32
M5_REDUCE_CASE {"cpu_bit_differences":23,"cpu_max_abs_error":1.9073486328125e-06,"elements":67,"experts":5,"fusions":{"MUL+ADD+ADD+ADD+ADD":10},"input_preserved":true,"layout":"plain","nan_class_matches":0,"rows":1,"samples":1,"wall_us":181.041,"width":67}
ggml_metal_library_compile_pipeline: compiling pipeline: base = 'kernel_moe_reduce_f32', name = 'kernel_moe_reduce_f32_n_expert_used=6'
ggml_metal_library_compile_pipeline: loaded kernel_moe_reduce_f32_n_expert_used=6        0x790d255c00 | th_max = 1024 | th_width =   32
M5_REDUCE_CASE {"cpu_bit_differences":34,"cpu_max_abs_error":1.9073486328125e-06,"elements":67,"experts":6,"fusions":{"MUL+ADD+ADD+ADD+ADD+ADD":10},"input_preserved":true,"layout":"plain","nan_class_matches":0,"rows":1,"samples":1,"wall_us":195.125,"width":67}
ggml_metal_library_compile_pipeline: compiling pipeline: base = 'kernel_moe_reduce_f32', name = 'kernel_moe_reduce_f32_n_expert_used=7'
ggml_metal_library_compile_pipeline: loaded kernel_moe_reduce_f32_n_expert_used=7        0x790d255f80 | th_max = 1024 | th_width =   32
M5_REDUCE_CASE {"cpu_bit_differences":25,"cpu_max_abs_error":9.5367431640625e-07,"elements":67,"experts":7,"fusions":{"MUL+ADD+ADD+ADD+ADD+ADD+ADD":10},"input_preserved":true,"layout":"plain","nan_class_matches":0,"rows":1,"samples":1,"wall_us":244.375,"width":67}
ggml_metal_library_compile_pipeline: compiling pipeline: base = 'kernel_moe_reduce_f32', name = 'kernel_moe_reduce_f32_n_expert_used=8'
ggml_metal_library_compile_pipeline: loaded kernel_moe_reduce_f32_n_expert_used=8        0x790d256300 | th_max = 1024 | th_width =   32
M5_REDUCE_CASE {"cpu_bit_differences":33,"cpu_max_abs_error":9.5367431640625e-07,"elements":67,"experts":8,"fusions":{"MUL+ADD+ADD+ADD+ADD+ADD+ADD+ADD":10},"input_preserved":true,"layout":"plain","nan_class_matches":0,"rows":1,"samples":1,"wall_us":184.5,"width":67}
ggml_metal_library_compile_pipeline: compiling pipeline: base = 'kernel_bin_fuse_f32_f32_f32', name = 'kernel_bin_fuse_f32_f32_f32_op=0_nf=1_rb=1_cb=0'
ggml_metal_library_compile_pipeline: loaded kernel_bin_fuse_f32_f32_f32_op=0_nf=1_rb=1_cb=0     0x790d256680 | th_max = 1024 | th_width =   32
M5_REDUCE_CASE {"cpu_bit_differences":0,"cpu_max_abs_error":0.0,"elements":67,"experts":9,"fusions":{"ADD+ADD+ADD+ADD+ADD+ADD+ADD":5},"input_preserved":true,"layout":"plain","nan_class_matches":0,"rows":1,"samples":1,"wall_us":187.375,"width":67}
ggml_metal_library_compile_pipeline: compiling pipeline: base = 'kernel_bin_fuse_f32_f32_f32', name = 'kernel_bin_fuse_f32_f32_f32_op=0_nf=3_rb=1_cb=0'
ggml_metal_library_compile_pipeline: loaded kernel_bin_fuse_f32_f32_f32_op=0_nf=3_rb=1_cb=0     0x790d256a00 | th_max = 1024 | th_width =   32
M5_REDUCE_CASE {"cpu_bit_differences":0,"cpu_max_abs_error":0.0,"elements":67,"experts":11,"fusions":{"ADD+ADD+ADD":5,"ADD+ADD+ADD+ADD+ADD+ADD+ADD":5},"input_preserved":true,"layout":"plain","nan_class_matches":0,"rows":1,"samples":1,"wall_us":267.083,"width":67}
ggml_metal_library_compile_pipeline: compiling pipeline: base = 'kernel_bin_fuse_f32_f32_f32', name = 'kernel_bin_fuse_f32_f32_f32_op=0_nf=7_rb=0_cb=0'
ggml_metal_library_compile_pipeline: loaded kernel_bin_fuse_f32_f32_f32_op=0_nf=7_rb=0_cb=0     0x790d256d80 | th_max = 1024 | th_width =   32
ggml_metal_library_compile_pipeline: compiling pipeline: base = 'kernel_bin_fuse_f32_f32_f32', name = 'kernel_bin_fuse_f32_f32_f32_op=0_nf=2_rb=0_cb=0'
ggml_metal_library_compile_pipeline: loaded kernel_bin_fuse_f32_f32_f32_op=0_nf=2_rb=0_cb=0     0x790d257480 | th_max = 1024 | th_width =   32
M5_REDUCE_CASE {"cpu_bit_differences":0,"cpu_max_abs_error":0.0,"elements":21,"experts":10,"fusions":{"ADD+ADD":5,"ADD+ADD+ADD+ADD+ADD+ADD+ADD":5},"input_preserved":true,"layout":"plain","nan_class_matches":0,"rows":3,"samples":1,"wall_us":317.0,"width":7}
M5_REDUCE_CASE {"cpu_bit_differences":0,"cpu_max_abs_error":0.0,"elements":21,"experts":10,"fusions":{"ADD+ADD":5,"ADD+ADD+ADD+ADD+ADD+ADD+ADD":5},"input_preserved":true,"layout":"strided","nan_class_matches":0,"rows":3,"samples":1,"wall_us":197.208,"width":7}
M5_REDUCE_CASE {"cpu_bit_differences":0,"cpu_max_abs_error":0.0,"elements":21,"experts":10,"fusions":{"ADD+ADD":5,"ADD+ADD+ADD+ADD+ADD+ADD+ADD":5},"input_preserved":true,"layout":"exposed","nan_class_matches":0,"rows":3,"samples":1,"wall_us":201.458,"width":7}
M5_REDUCE_CASE {"cpu_bit_differences":0,"cpu_max_abs_error":0.0,"elements":21,"experts":10,"fusions":{"ADD+ADD":5,"ADD+ADD+ADD+ADD+ADD+ADD+ADD":5},"input_preserved":true,"layout":"reversed","nan_class_matches":0,"rows":3,"samples":1,"wall_us":206.541,"width":7}
M5_REDUCE_CASE {"cpu_bit_differences":0,"cpu_max_abs_error":0.0,"elements":21,"experts":10,"fusions":{"ADD+ADD":5,"ADD+ADD+ADD+ADD+ADD+ADD+ADD":5},"input_preserved":true,"layout":"cancel","nan_class_matches":0,"rows":3,"samples":1,"wall_us":260.959,"width":7}
M5_REDUCE_CASE {"cpu_bit_differences":3,"cpu_max_abs_error":1.1754943508222875e-38,"elements":21,"experts":10,"fusions":{"ADD+ADD":5,"ADD+ADD+ADD+ADD+ADD+ADD+ADD":5},"input_preserved":true,"layout":"special","nan_class_matches":3,"rows":3,"samples":1,"wall_us":262.875,"width":7}
M5_REDUCE_CASE {"cpu_bit_differences":0,"cpu_max_abs_error":0.0,"elements":21,"experts":10,"fusions":{"ADD+ADD":5,"ADD+ADD+ADD+ADD+ADD+ADD+ADD":5},"input_preserved":true,"layout":"alias","nan_class_matches":0,"rows":3,"samples":1,"wall_us":260.542,"width":7}
ggml_metal_library_compile_pipeline: compiling pipeline: base = 'kernel_bin_fuse_f32_f32_f32_4', name = 'kernel_bin_fuse_f32_f32_f32_4_op=0_nf=7_rb=0_cb=0'
ggml_metal_library_compile_pipeline: loaded kernel_bin_fuse_f32_f32_f32_4_op=0_nf=7_rb=0_cb=0     0x790d257100 | th_max = 1024 | th_width =   32
ggml_metal_library_compile_pipeline: compiling pipeline: base = 'kernel_bin_fuse_f32_f32_f32_4', name = 'kernel_bin_fuse_f32_f32_f32_4_op=0_nf=2_rb=0_cb=0'
ggml_metal_library_compile_pipeline: loaded kernel_bin_fuse_f32_f32_f32_4_op=0_nf=2_rb=0_cb=0     0x790d257b80 | th_max = 1024 | th_width =   32
M5_REDUCE_CASE {"cpu_bit_differences":0,"cpu_max_abs_error":0.0,"elements":7680,"experts":10,"fusions":{"ADD+ADD":5,"ADD+ADD+ADD+ADD+ADD+ADD+ADD":5},"input_preserved":true,"layout":"plain","nan_class_matches":0,"rows":3,"samples":1,"wall_us":233.292,"width":2560}
M5_REDUCE_CASE {"cpu_bit_differences":0,"cpu_max_abs_error":0.0,"elements":7680,"experts":10,"fusions":{"ADD+ADD":5,"ADD+ADD+ADD+ADD+ADD+ADD+ADD":5},"input_preserved":true,"layout":"strided","nan_class_matches":0,"rows":3,"samples":1,"wall_us":236.791,"width":2560}
ggml_metal_library_compile_pipeline: compiling pipeline: base = 'kernel_unary_f32_f32_4', name = 'kernel_unary_f32_f32_4_op=13_cnt=0'
ggml_metal_library_compile_pipeline: loaded kernel_unary_f32_f32_4_op=13_cnt=0           0x790d284000 | th_max = 1024 | th_width =   32
M5_REDUCE_CASE {"cpu_bit_differences":0,"cpu_max_abs_error":0.0,"elements":7680,"experts":10,"fusions":{"ADD+ADD":5,"ADD+ADD+ADD+ADD+ADD+ADD+ADD":5},"input_preserved":true,"layout":"exposed","nan_class_matches":0,"rows":3,"samples":1,"wall_us":227.708,"width":2560}
M5_REDUCE_CASE {"cpu_bit_differences":0,"cpu_max_abs_error":0.0,"elements":7680,"experts":10,"fusions":{"ADD+ADD":5,"ADD+ADD+ADD+ADD+ADD+ADD+ADD":5},"input_preserved":true,"layout":"reversed","nan_class_matches":0,"rows":3,"samples":1,"wall_us":260.125,"width":2560}
M5_REDUCE_CASE {"cpu_bit_differences":0,"cpu_max_abs_error":0.0,"elements":7680,"experts":10,"fusions":{"ADD+ADD":5,"ADD+ADD+ADD+ADD+ADD+ADD+ADD":5},"input_preserved":true,"layout":"cancel","nan_class_matches":0,"rows":3,"samples":1,"wall_us":273.084,"width":2560}
M5_REDUCE_CASE {"cpu_bit_differences":1095,"cpu_max_abs_error":1.1754943508222875e-38,"elements":7680,"experts":10,"fusions":{"ADD+ADD":5,"ADD+ADD+ADD+ADD+ADD+ADD+ADD":5},"input_preserved":true,"layout":"special","nan_class_matches":1098,"rows":3,"samples":1,"wall_us":270.083,"width":2560}
M5_REDUCE_CASE {"cpu_bit_differences":0,"cpu_max_abs_error":0.0,"elements":7680,"experts":10,"fusions":{"ADD+ADD":5,"ADD+ADD+ADD+ADD+ADD+ADD+ADD":5},"input_preserved":true,"layout":"alias","nan_class_matches":0,"rows":3,"samples":1,"wall_us":234.5,"width":2560}
M5_REDUCE_CASE {"cpu_bit_differences":0,"cpu_max_abs_error":0.0,"elements":7689,"experts":10,"fusions":{"ADD+ADD":5,"ADD+ADD+ADD+ADD+ADD+ADD+ADD":5},"input_preserved":true,"layout":"plain","nan_class_matches":0,"rows":3,"samples":1,"wall_us":275.875,"width":2563}
M5_REDUCE_CASE {"cpu_bit_differences":0,"cpu_max_abs_error":0.0,"elements":7689,"experts":10,"fusions":{"ADD+ADD":5,"ADD+ADD+ADD+ADD+ADD+ADD+ADD":5},"input_preserved":true,"layout":"strided","nan_class_matches":0,"rows":3,"samples":1,"wall_us":245.459,"width":2563}
ggml_metal_library_compile_pipeline: compiling pipeline: base = 'kernel_unary_f32_f32', name = 'kernel_unary_f32_f32_op=13_cnt=0'
ggml_metal_library_compile_pipeline: loaded kernel_unary_f32_f32_op=13_cnt=0             0x790d284380 | th_max = 1024 | th_width =   32
M5_REDUCE_CASE {"cpu_bit_differences":0,"cpu_max_abs_error":0.0,"elements":7689,"experts":10,"fusions":{"ADD+ADD":5,"ADD+ADD+ADD+ADD+ADD+ADD+ADD":5},"input_preserved":true,"layout":"exposed","nan_class_matches":0,"rows":3,"samples":1,"wall_us":228.667,"width":2563}
M5_REDUCE_CASE {"cpu_bit_differences":0,"cpu_max_abs_error":0.0,"elements":7689,"experts":10,"fusions":{"ADD+ADD":5,"ADD+ADD+ADD+ADD+ADD+ADD+ADD":5},"input_preserved":true,"layout":"reversed","nan_class_matches":0,"rows":3,"samples":1,"wall_us":256.958,"width":2563}
M5_REDUCE_CASE {"cpu_bit_differences":0,"cpu_max_abs_error":0.0,"elements":7689,"experts":10,"fusions":{"ADD+ADD":5,"ADD+ADD+ADD+ADD+ADD+ADD+ADD":5},"input_preserved":true,"layout":"cancel","nan_class_matches":0,"rows":3,"samples":1,"wall_us":246.125,"width":2563}
M5_REDUCE_CASE {"cpu_bit_differences":1098,"cpu_max_abs_error":1.1754943508222875e-38,"elements":7689,"experts":10,"fusions":{"ADD+ADD":5,"ADD+ADD+ADD+ADD+ADD+ADD+ADD":5},"input_preserved":true,"layout":"special","nan_class_matches":1098,"rows":3,"samples":1,"wall_us":296.959,"width":2563}
M5_REDUCE_CASE {"cpu_bit_differences":0,"cpu_max_abs_error":0.0,"elements":7689,"experts":10,"fusions":{"ADD+ADD":5,"ADD+ADD+ADD+ADD+ADD+ADD+ADD":5},"input_preserved":true,"layout":"alias","nan_class_matches":0,"rows":3,"samples":1,"wall_us":240.833,"width":2563}
M5_REDUCE_CASE {"cpu_bit_differences":62,"cpu_max_abs_error":1.9073486328125e-06,"elements":201,"experts":2,"fusions":{"MUL+ADD":10},"input_preserved":true,"layout":"plain","nan_class_matches":0,"rows":3,"samples":1,"wall_us":212.416,"width":67}
M5_REDUCE_CASE {"cpu_bit_differences":25,"cpu_max_abs_error":1.9073486328125e-06,"elements":201,"experts":3,"fusions":{"MUL+ADD+ADD":10},"input_preserved":true,"layout":"plain","nan_class_matches":0,"rows":3,"samples":1,"wall_us":171.292,"width":67}
M5_REDUCE_CASE {"cpu_bit_differences":80,"cpu_max_abs_error":1.9073486328125e-06,"elements":201,"experts":4,"fusions":{"MUL+ADD+ADD+ADD":10},"input_preserved":true,"layout":"plain","nan_class_matches":0,"rows":3,"samples":1,"wall_us":219.208,"width":67}
M5_REDUCE_CASE {"cpu_bit_differences":89,"cpu_max_abs_error":1.9073486328125e-06,"elements":201,"experts":5,"fusions":{"MUL+ADD+ADD+ADD+ADD":10},"input_preserved":true,"layout":"plain","nan_class_matches":0,"rows":3,"samples":1,"wall_us":376.416,"width":67}
M5_REDUCE_CASE {"cpu_bit_differences":89,"cpu_max_abs_error":1.9073486328125e-06,"elements":201,"experts":6,"fusions":{"MUL+ADD+ADD+ADD+ADD+ADD":10},"input_preserved":true,"layout":"plain","nan_class_matches":0,"rows":3,"samples":1,"wall_us":223.959,"width":67}
M5_REDUCE_CASE {"cpu_bit_differences":71,"cpu_max_abs_error":1.9073486328125e-06,"elements":201,"experts":7,"fusions":{"MUL+ADD+ADD+ADD+ADD+ADD+ADD":10},"input_preserved":true,"layout":"plain","nan_class_matches":0,"rows":3,"samples":1,"wall_us":171.5,"width":67}
M5_REDUCE_CASE {"cpu_bit_differences":111,"cpu_max_abs_error":9.5367431640625e-07,"elements":201,"experts":8,"fusions":{"MUL+ADD+ADD+ADD+ADD+ADD+ADD+ADD":10},"input_preserved":true,"layout":"plain","nan_class_matches":0,"rows":3,"samples":1,"wall_us":234.0,"width":67}
ggml_metal_library_compile_pipeline: compiling pipeline: base = 'kernel_bin_fuse_f32_f32_f32', name = 'kernel_bin_fuse_f32_f32_f32_op=0_nf=1_rb=0_cb=0'
ggml_metal_library_compile_pipeline: loaded kernel_bin_fuse_f32_f32_f32_op=0_nf=1_rb=0_cb=0     0x790d284a80 | th_max = 1024 | th_width =   32
M5_REDUCE_CASE {"cpu_bit_differences":0,"cpu_max_abs_error":0.0,"elements":201,"experts":9,"fusions":{"ADD+ADD+ADD+ADD+ADD+ADD+ADD":5},"input_preserved":true,"layout":"plain","nan_class_matches":0,"rows":3,"samples":1,"wall_us":261.25,"width":67}
ggml_metal_library_compile_pipeline: compiling pipeline: base = 'kernel_bin_fuse_f32_f32_f32', name = 'kernel_bin_fuse_f32_f32_f32_op=0_nf=3_rb=0_cb=0'
ggml_metal_library_compile_pipeline: loaded kernel_bin_fuse_f32_f32_f32_op=0_nf=3_rb=0_cb=0     0x790d284700 | th_max = 1024 | th_width =   32
M5_REDUCE_CASE {"cpu_bit_differences":0,"cpu_max_abs_error":0.0,"elements":201,"experts":11,"fusions":{"ADD+ADD+ADD":5,"ADD+ADD+ADD+ADD+ADD+ADD+ADD":5},"input_preserved":true,"layout":"plain","nan_class_matches":0,"rows":3,"samples":1,"wall_us":288.042,"width":67}
M5_REDUCE_CASE {"cpu_bit_differences":0,"cpu_max_abs_error":0.0,"elements":28,"experts":10,"fusions":{"ADD+ADD":5,"ADD+ADD+ADD+ADD+ADD+ADD+ADD":5},"input_preserved":true,"layout":"plain","nan_class_matches":0,"rows":4,"samples":1,"wall_us":280.125,"width":7}
M5_REDUCE_CASE {"cpu_bit_differences":0,"cpu_max_abs_error":0.0,"elements":28,"experts":10,"fusions":{"ADD+ADD":5,"ADD+ADD+ADD+ADD+ADD+ADD+ADD":5},"input_preserved":true,"layout":"strided","nan_class_matches":0,"rows":4,"samples":1,"wall_us":272.625,"width":7}
M5_REDUCE_CASE {"cpu_bit_differences":0,"cpu_max_abs_error":0.0,"elements":28,"experts":10,"fusions":{"ADD+ADD":5,"ADD+ADD+ADD+ADD+ADD+ADD+ADD":5},"input_preserved":true,"layout":"exposed","nan_class_matches":0,"rows":4,"samples":1,"wall_us":252.5,"width":7}
M5_REDUCE_CASE {"cpu_bit_differences":0,"cpu_max_abs_error":0.0,"elements":28,"experts":10,"fusions":{"ADD+ADD":5,"ADD+ADD+ADD+ADD+ADD+ADD+ADD":5},"input_preserved":true,"layout":"reversed","nan_class_matches":0,"rows":4,"samples":1,"wall_us":244.375,"width":7}
M5_REDUCE_CASE {"cpu_bit_differences":0,"cpu_max_abs_error":0.0,"elements":28,"experts":10,"fusions":{"ADD+ADD":5,"ADD+ADD+ADD+ADD+ADD+ADD+ADD":5},"input_preserved":true,"layout":"cancel","nan_class_matches":0,"rows":4,"samples":1,"wall_us":178.458,"width":7}
M5_REDUCE_CASE {"cpu_bit_differences":4,"cpu_max_abs_error":1.1754943508222875e-38,"elements":28,"experts":10,"fusions":{"ADD+ADD":5,"ADD+ADD+ADD+ADD+ADD+ADD+ADD":5},"input_preserved":true,"layout":"special","nan_class_matches":4,"rows":4,"samples":1,"wall_us":193.875,"width":7}
M5_REDUCE_CASE {"cpu_bit_differences":0,"cpu_max_abs_error":0.0,"elements":28,"experts":10,"fusions":{"ADD+ADD":5,"ADD+ADD+ADD+ADD+ADD+ADD+ADD":5},"input_preserved":true,"layout":"alias","nan_class_matches":0,"rows":4,"samples":1,"wall_us":192.0,"width":7}
M5_REDUCE_CASE {"cpu_bit_differences":0,"cpu_max_abs_error":0.0,"elements":10240,"experts":10,"fusions":{"ADD+ADD":5,"ADD+ADD+ADD+ADD+ADD+ADD+ADD":5},"input_preserved":true,"layout":"plain","nan_class_matches":0,"rows":4,"samples":1,"wall_us":190.667,"width":2560}
M5_REDUCE_CASE {"cpu_bit_differences":0,"cpu_max_abs_error":0.0,"elements":10240,"experts":10,"fusions":{"ADD+ADD":5,"ADD+ADD+ADD+ADD+ADD+ADD+ADD":5},"input_preserved":true,"layout":"strided","nan_class_matches":0,"rows":4,"samples":1,"wall_us":206.083,"width":2560}
M5_REDUCE_CASE {"cpu_bit_differences":0,"cpu_max_abs_error":0.0,"elements":10240,"experts":10,"fusions":{"ADD+ADD":5,"ADD+ADD+ADD+ADD+ADD+ADD+ADD":5},"input_preserved":true,"layout":"exposed","nan_class_matches":0,"rows":4,"samples":1,"wall_us":247.042,"width":2560}
M5_REDUCE_CASE {"cpu_bit_differences":0,"cpu_max_abs_error":0.0,"elements":10240,"experts":10,"fusions":{"ADD+ADD":5,"ADD+ADD+ADD+ADD+ADD+ADD+ADD":5},"input_preserved":true,"layout":"reversed","nan_class_matches":0,"rows":4,"samples":1,"wall_us":235.792,"width":2560}
M5_REDUCE_CASE {"cpu_bit_differences":0,"cpu_max_abs_error":0.0,"elements":10240,"experts":10,"fusions":{"ADD+ADD":5,"ADD+ADD+ADD+ADD+ADD+ADD+ADD":5},"input_preserved":true,"layout":"cancel","nan_class_matches":0,"rows":4,"samples":1,"wall_us":244.209,"width":2560}
M5_REDUCE_CASE {"cpu_bit_differences":1460,"cpu_max_abs_error":1.1754943508222875e-38,"elements":10240,"experts":10,"fusions":{"ADD+ADD":5,"ADD+ADD+ADD+ADD+ADD+ADD+ADD":5},"input_preserved":true,"layout":"special","nan_class_matches":1464,"rows":4,"samples":1,"wall_us":261.416,"width":2560}
M5_REDUCE_CASE {"cpu_bit_differences":0,"cpu_max_abs_error":0.0,"elements":10240,"experts":10,"fusions":{"ADD+ADD":5,"ADD+ADD+ADD+ADD+ADD+ADD+ADD":5},"input_preserved":true,"layout":"alias","nan_class_matches":0,"rows":4,"samples":1,"wall_us":269.834,"width":2560}
M5_REDUCE_CASE {"cpu_bit_differences":0,"cpu_max_abs_error":0.0,"elements":10252,"experts":10,"fusions":{"ADD+ADD":5,"ADD+ADD+ADD+ADD+ADD+ADD+ADD":5},"input_preserved":true,"layout":"plain","nan_class_matches":0,"rows":4,"samples":1,"wall_us":280.208,"width":2563}
M5_REDUCE_CASE {"cpu_bit_differences":0,"cpu_max_abs_error":0.0,"elements":10252,"experts":10,"fusions":{"ADD+ADD":5,"ADD+ADD+ADD+ADD+ADD+ADD+ADD":5},"input_preserved":true,"layout":"strided","nan_class_matches":0,"rows":4,"samples":1,"wall_us":246.792,"width":2563}
M5_REDUCE_CASE {"cpu_bit_differences":0,"cpu_max_abs_error":0.0,"elements":10252,"experts":10,"fusions":{"ADD+ADD":5,"ADD+ADD+ADD+ADD+ADD+ADD+ADD":5},"input_preserved":true,"layout":"exposed","nan_class_matches":0,"rows":4,"samples":1,"wall_us":250.167,"width":2563}
M5_REDUCE_CASE {"cpu_bit_differences":0,"cpu_max_abs_error":0.0,"elements":10252,"experts":10,"fusions":{"ADD+ADD":5,"ADD+ADD+ADD+ADD+ADD+ADD+ADD":5},"input_preserved":true,"layout":"reversed","nan_class_matches":0,"rows":4,"samples":1,"wall_us":238.791,"width":2563}
M5_REDUCE_CASE {"cpu_bit_differences":0,"cpu_max_abs_error":0.0,"elements":10252,"experts":10,"fusions":{"ADD+ADD":5,"ADD+ADD+ADD+ADD+ADD+ADD+ADD":5},"input_preserved":true,"layout":"cancel","nan_class_matches":0,"rows":4,"samples":1,"wall_us":300.333,"width":2563}
M5_REDUCE_CASE {"cpu_bit_differences":1464,"cpu_max_abs_error":1.1754943508222875e-38,"elements":10252,"experts":10,"fusions":{"ADD+ADD":5,"ADD+ADD+ADD+ADD+ADD+ADD+ADD":5},"input_preserved":true,"layout":"special","nan_class_matches":1464,"rows":4,"samples":1,"wall_us":184.209,"width":2563}
M5_REDUCE_CASE {"cpu_bit_differences":0,"cpu_max_abs_error":0.0,"elements":10252,"experts":10,"fusions":{"ADD+ADD":5,"ADD+ADD+ADD+ADD+ADD+ADD+ADD":5},"input_preserved":true,"layout":"alias","nan_class_matches":0,"rows":4,"samples":1,"wall_us":260.917,"width":2563}
M5_REDUCE_CASE {"cpu_bit_differences":85,"cpu_max_abs_error":1.9073486328125e-06,"elements":268,"experts":2,"fusions":{"MUL+ADD":10},"input_preserved":true,"layout":"plain","nan_class_matches":0,"rows":4,"samples":1,"wall_us":179.25,"width":67}
M5_REDUCE_CASE {"cpu_bit_differences":29,"cpu_max_abs_error":1.9073486328125e-06,"elements":268,"experts":3,"fusions":{"MUL+ADD+ADD":10},"input_preserved":true,"layout":"plain","nan_class_matches":0,"rows":4,"samples":1,"wall_us":207.959,"width":67}
M5_REDUCE_CASE {"cpu_bit_differences":105,"cpu_max_abs_error":1.9073486328125e-06,"elements":268,"experts":4,"fusions":{"MUL+ADD+ADD+ADD":10},"input_preserved":true,"layout":"plain","nan_class_matches":0,"rows":4,"samples":1,"wall_us":149.708,"width":67}
M5_REDUCE_CASE {"cpu_bit_differences":122,"cpu_max_abs_error":1.9073486328125e-06,"elements":268,"experts":5,"fusions":{"MUL+ADD+ADD+ADD+ADD":10},"input_preserved":true,"layout":"plain","nan_class_matches":0,"rows":4,"samples":1,"wall_us":481.75,"width":67}
M5_REDUCE_CASE {"cpu_bit_differences":122,"cpu_max_abs_error":1.9073486328125e-06,"elements":268,"experts":6,"fusions":{"MUL+ADD+ADD+ADD+ADD+ADD":10},"input_preserved":true,"layout":"plain","nan_class_matches":0,"rows":4,"samples":1,"wall_us":466.334,"width":67}
M5_REDUCE_CASE {"cpu_bit_differences":95,"cpu_max_abs_error":1.9073486328125e-06,"elements":268,"experts":7,"fusions":{"MUL+ADD+ADD+ADD+ADD+ADD+ADD":10},"input_preserved":true,"layout":"plain","nan_class_matches":0,"rows":4,"samples":1,"wall_us":368.709,"width":67}
M5_REDUCE_CASE {"cpu_bit_differences":147,"cpu_max_abs_error":9.5367431640625e-07,"elements":268,"experts":8,"fusions":{"MUL+ADD+ADD+ADD+ADD+ADD+ADD+ADD":10},"input_preserved":true,"layout":"plain","nan_class_matches":0,"rows":4,"samples":1,"wall_us":287.958,"width":67}
M5_REDUCE_CASE {"cpu_bit_differences":0,"cpu_max_abs_error":0.0,"elements":268,"experts":9,"fusions":{"ADD+ADD+ADD+ADD+ADD+ADD+ADD":5},"input_preserved":true,"layout":"plain","nan_class_matches":0,"rows":4,"samples":1,"wall_us":275.5,"width":67}
M5_REDUCE_CASE {"cpu_bit_differences":0,"cpu_max_abs_error":0.0,"elements":268,"experts":11,"fusions":{"ADD+ADD+ADD":5,"ADD+ADD+ADD+ADD+ADD+ADD+ADD":5},"input_preserved":true,"layout":"plain","nan_class_matches":0,"rows":4,"samples":1,"wall_us":303.916,"width":67}
M5_REDUCE_CASE {"cpu_bit_differences":0,"cpu_max_abs_error":0.0,"elements":35,"experts":10,"fusions":{"ADD+ADD":5,"ADD+ADD+ADD+ADD+ADD+ADD+ADD":5},"input_preserved":true,"layout":"plain","nan_class_matches":0,"rows":5,"samples":1,"wall_us":332.125,"width":7}
M5_REDUCE_CASE {"cpu_bit_differences":0,"cpu_max_abs_error":0.0,"elements":35,"experts":10,"fusions":{"ADD+ADD":5,"ADD+ADD+ADD+ADD+ADD+ADD+ADD":5},"input_preserved":true,"layout":"strided","nan_class_matches":0,"rows":5,"samples":1,"wall_us":502.417,"width":7}
M5_REDUCE_CASE {"cpu_bit_differences":0,"cpu_max_abs_error":0.0,"elements":35,"experts":10,"fusions":{"ADD+ADD":5,"ADD+ADD+ADD+ADD+ADD+ADD+ADD":5},"input_preserved":true,"layout":"exposed","nan_class_matches":0,"rows":5,"samples":1,"wall_us":167.542,"width":7}
M5_REDUCE_CASE {"cpu_bit_differences":0,"cpu_max_abs_error":0.0,"elements":35,"experts":10,"fusions":{"ADD+ADD":5,"ADD+ADD+ADD+ADD+ADD+ADD+ADD":5},"input_preserved":true,"layout":"reversed","nan_class_matches":0,"rows":5,"samples":1,"wall_us":231.959,"width":7}
M5_REDUCE_CASE {"cpu_bit_differences":0,"cpu_max_abs_error":0.0,"elements":35,"experts":10,"fusions":{"ADD+ADD":5,"ADD+ADD+ADD+ADD+ADD+ADD+ADD":5},"input_preserved":true,"layout":"cancel","nan_class_matches":0,"rows":5,"samples":1,"wall_us":279.042,"width":7}
M5_REDUCE_CASE {"cpu_bit_differences":5,"cpu_max_abs_error":1.1754943508222875e-38,"elements":35,"experts":10,"fusions":{"ADD+ADD":5,"ADD+ADD+ADD+ADD+ADD+ADD+ADD":5},"input_preserved":true,"layout":"special","nan_class_matches":5,"rows":5,"samples":1,"wall_us":145.75,"width":7}
M5_REDUCE_CASE {"cpu_bit_differences":0,"cpu_max_abs_error":0.0,"elements":35,"experts":10,"fusions":{"ADD+ADD":5,"ADD+ADD+ADD+ADD+ADD+ADD+ADD":5},"input_preserved":true,"layout":"alias","nan_class_matches":0,"rows":5,"samples":1,"wall_us":172.5,"width":7}
M5_REDUCE_CASE {"cpu_bit_differences":0,"cpu_max_abs_error":0.0,"elements":12800,"experts":10,"fusions":{"ADD+ADD":5,"ADD+ADD+ADD+ADD+ADD+ADD+ADD":5},"input_preserved":true,"layout":"plain","nan_class_matches":0,"rows":5,"samples":1,"wall_us":201.125,"width":2560}
M5_REDUCE_CASE {"cpu_bit_differences":0,"cpu_max_abs_error":0.0,"elements":12800,"experts":10,"fusions":{"ADD+ADD":5,"ADD+ADD+ADD+ADD+ADD+ADD+ADD":5},"input_preserved":true,"layout":"strided","nan_class_matches":0,"rows":5,"samples":1,"wall_us":246.625,"width":2560}
M5_REDUCE_CASE {"cpu_bit_differences":0,"cpu_max_abs_error":0.0,"elements":12800,"experts":10,"fusions":{"ADD+ADD":5,"ADD+ADD+ADD+ADD+ADD+ADD+ADD":5},"input_preserved":true,"layout":"exposed","nan_class_matches":0,"rows":5,"samples":1,"wall_us":226.541,"width":2560}
M5_REDUCE_CASE {"cpu_bit_differences":0,"cpu_max_abs_error":0.0,"elements":12800,"experts":10,"fusions":{"ADD+ADD":5,"ADD+ADD+ADD+ADD+ADD+ADD+ADD":5},"input_preserved":true,"layout":"reversed","nan_class_matches":0,"rows":5,"samples":1,"wall_us":269.209,"width":2560}
M5_REDUCE_CASE {"cpu_bit_differences":0,"cpu_max_abs_error":0.0,"elements":12800,"experts":10,"fusions":{"ADD+ADD":5,"ADD+ADD+ADD+ADD+ADD+ADD+ADD":5},"input_preserved":true,"layout":"cancel","nan_class_matches":0,"rows":5,"samples":1,"wall_us":252.25,"width":2560}
M5_REDUCE_CASE {"cpu_bit_differences":1825,"cpu_max_abs_error":1.1754943508222875e-38,"elements":12800,"experts":10,"fusions":{"ADD+ADD":5,"ADD+ADD+ADD+ADD+ADD+ADD+ADD":5},"input_preserved":true,"layout":"special","nan_class_matches":1830,"rows":5,"samples":1,"wall_us":182.875,"width":2560}
M5_REDUCE_CASE {"cpu_bit_differences":0,"cpu_max_abs_error":0.0,"elements":12800,"experts":10,"fusions":{"ADD+ADD":5,"ADD+ADD+ADD+ADD+ADD+ADD+ADD":5},"input_preserved":true,"layout":"alias","nan_class_matches":0,"rows":5,"samples":1,"wall_us":177.167,"width":2560}
M5_REDUCE_CASE {"cpu_bit_differences":0,"cpu_max_abs_error":0.0,"elements":12815,"experts":10,"fusions":{"ADD+ADD":5,"ADD+ADD+ADD+ADD+ADD+ADD+ADD":5},"input_preserved":true,"layout":"plain","nan_class_matches":0,"rows":5,"samples":1,"wall_us":237.542,"width":2563}
M5_REDUCE_CASE {"cpu_bit_differences":0,"cpu_max_abs_error":0.0,"elements":12815,"experts":10,"fusions":{"ADD+ADD":5,"ADD+ADD+ADD+ADD+ADD+ADD+ADD":5},"input_preserved":true,"layout":"strided","nan_class_matches":0,"rows":5,"samples":1,"wall_us":227.916,"width":2563}
M5_REDUCE_CASE {"cpu_bit_differences":0,"cpu_max_abs_error":0.0,"elements":12815,"experts":10,"fusions":{"ADD+ADD":5,"ADD+ADD+ADD+ADD+ADD+ADD+ADD":5},"input_preserved":true,"layout":"exposed","nan_class_matches":0,"rows":5,"samples":1,"wall_us":222.667,"width":2563}
M5_REDUCE_CASE {"cpu_bit_differences":0,"cpu_max_abs_error":0.0,"elements":12815,"experts":10,"fusions":{"ADD+ADD":5,"ADD+ADD+ADD+ADD+ADD+ADD+ADD":5},"input_preserved":true,"layout":"reversed","nan_class_matches":0,"rows":5,"samples":1,"wall_us":256.542,"width":2563}
M5_REDUCE_CASE {"cpu_bit_differences":0,"cpu_max_abs_error":0.0,"elements":12815,"experts":10,"fusions":{"ADD+ADD":5,"ADD+ADD+ADD+ADD+ADD+ADD+ADD":5},"input_preserved":true,"layout":"cancel","nan_class_matches":0,"rows":5,"samples":1,"wall_us":240.625,"width":2563}
M5_REDUCE_CASE {"cpu_bit_differences":1830,"cpu_max_abs_error":1.1754943508222875e-38,"elements":12815,"experts":10,"fusions":{"ADD+ADD":5,"ADD+ADD+ADD+ADD+ADD+ADD+ADD":5},"input_preserved":true,"layout":"special","nan_class_matches":1830,"rows":5,"samples":1,"wall_us":317.25,"width":2563}
M5_REDUCE_CASE {"cpu_bit_differences":0,"cpu_max_abs_error":0.0,"elements":12815,"experts":10,"fusions":{"ADD+ADD":5,"ADD+ADD+ADD+ADD+ADD+ADD+ADD":5},"input_preserved":true,"layout":"alias","nan_class_matches":0,"rows":5,"samples":1,"wall_us":200.75,"width":2563}
M5_REDUCE_CASE {"cpu_bit_differences":105,"cpu_max_abs_error":1.9073486328125e-06,"elements":335,"experts":2,"fusions":{"MUL+ADD":10},"input_preserved":true,"layout":"plain","nan_class_matches":0,"rows":5,"samples":1,"wall_us":170.958,"width":67}
M5_REDUCE_CASE {"cpu_bit_differences":42,"cpu_max_abs_error":1.9073486328125e-06,"elements":335,"experts":3,"fusions":{"MUL+ADD+ADD":10},"input_preserved":true,"layout":"plain","nan_class_matches":0,"rows":5,"samples":1,"wall_us":241.834,"width":67}
M5_REDUCE_CASE {"cpu_bit_differences":126,"cpu_max_abs_error":1.9073486328125e-06,"elements":335,"experts":4,"fusions":{"MUL+ADD+ADD+ADD":10},"input_preserved":true,"layout":"plain","nan_class_matches":0,"rows":5,"samples":1,"wall_us":141.625,"width":67}
M5_REDUCE_CASE {"cpu_bit_differences":154,"cpu_max_abs_error":1.9073486328125e-06,"elements":335,"experts":5,"fusions":{"MUL+ADD+ADD+ADD+ADD":10},"input_preserved":true,"layout":"plain","nan_class_matches":0,"rows":5,"samples":1,"wall_us":153.417,"width":67}
M5_REDUCE_CASE {"cpu_bit_differences":151,"cpu_max_abs_error":1.9073486328125e-06,"elements":335,"experts":6,"fusions":{"MUL+ADD+ADD+ADD+ADD+ADD":10},"input_preserved":true,"layout":"plain","nan_class_matches":0,"rows":5,"samples":1,"wall_us":176.458,"width":67}
M5_REDUCE_CASE {"cpu_bit_differences":115,"cpu_max_abs_error":1.9073486328125e-06,"elements":335,"experts":7,"fusions":{"MUL+ADD+ADD+ADD+ADD+ADD+ADD":10},"input_preserved":true,"layout":"plain","nan_class_matches":0,"rows":5,"samples":1,"wall_us":226.417,"width":67}
M5_REDUCE_CASE {"cpu_bit_differences":180,"cpu_max_abs_error":1.9073486328125e-06,"elements":335,"experts":8,"fusions":{"MUL+ADD+ADD+ADD+ADD+ADD+ADD+ADD":10},"input_preserved":true,"layout":"plain","nan_class_matches":0,"rows":5,"samples":1,"wall_us":258.833,"width":67}
M5_REDUCE_CASE {"cpu_bit_differences":0,"cpu_max_abs_error":0.0,"elements":335,"experts":9,"fusions":{"ADD+ADD+ADD+ADD+ADD+ADD+ADD":5},"input_preserved":true,"layout":"plain","nan_class_matches":0,"rows":5,"samples":1,"wall_us":380.584,"width":67}
M5_REDUCE_CASE {"cpu_bit_differences":0,"cpu_max_abs_error":0.0,"elements":335,"experts":11,"fusions":{"ADD+ADD+ADD":5,"ADD+ADD+ADD+ADD+ADD+ADD+ADD":5},"input_preserved":true,"layout":"plain","nan_class_matches":0,"rows":5,"samples":1,"wall_us":291.875,"width":67}
ggml_metal_free: deallocating
M5_REDUCE_DONE {"cases":120,"mode":"check"}
