ggml_metal_device_init: testing tensor API for f16 support
ggml_metal_library_compile_pipeline: compiling pipeline: base = 'dummy_kernel', name = 'dummy_kernel'
ggml_metal_library_compile_pipeline: loaded dummy_kernel                                  0x103929320 | th_max = 1024 | th_width =   32
ggml_metal_device_init: testing tensor API for bfloat support
ggml_metal_library_compile_pipeline: compiling pipeline: base = 'dummy_kernel', name = 'dummy_kernel'
ggml_metal_library_compile_pipeline: loaded dummy_kernel                                  0x103929820 | th_max = 1024 | th_width =   32
ggml_metal_library_init: using embedded metal library
ggml_metal_library_compile_all: compiled 'fa_aux' library in 0.002 sec
ggml_metal_library_compile_all: compiled 'fa_f16' library in 0.002 sec
ggml_metal_library_compile_all: compiled 'fa_f32' library in 0.004 sec
ggml_metal_library_compile_all: compiled 'fa_q4_0' library in 0.004 sec
ggml_metal_library_compile_all: compiled 'fa_q4_1' library in 0.003 sec
ggml_metal_library_compile_all: compiled 'fa_q5_0' library in 0.007 sec
ggml_metal_library_compile_all: compiled 'fa_q5_1' library in 0.006 sec
ggml_metal_library_compile_all: compiled 'fa_q8_0' library in 0.004 sec
ggml_metal_library_compile_all: compiled 'fa_vec_f16' library in 0.003 sec
ggml_metal_library_compile_all: compiled 'fa_vec_f32' library in 0.012 sec
ggml_metal_library_compile_all: compiled 'fa_vec_q4_0' library in 0.008 sec
ggml_metal_library_compile_all: compiled 'fa_vec_q4_1' library in 0.011 sec
ggml_metal_library_compile_all: compiled 'fa_vec_q5_0' library in 0.011 sec
ggml_metal_library_compile_all: compiled 'fa_vec_q5_1' library in 0.009 sec
ggml_metal_library_compile_all: compiled 'fa_vec_q8_0' library in 0.012 sec
ggml_metal_library_compile_all: compiled 'mul_mv' library in 0.006 sec
ggml_metal_library_compile_all: compiled 'mul_mv_mma' library in 0.005 sec
ggml_metal_library_compile_all: compiled 'mul_mm' library in 0.008 sec
ggml_metal_library_compile_all: compiled 'quantize' library in 0.009 sec
ggml_metal_library_compile_all: compiled 'softmax' library in 0.001 sec
ggml_metal_library_compile_all: compiled 'norm' library in 0.003 sec
ggml_metal_library_compile_all: compiled 'unary' library in 0.007 sec
ggml_metal_library_compile_all: compiled 'binbcast' library in 0.007 sec
ggml_metal_library_compile_all: compiled 'reduce' library in 0.009 sec
ggml_metal_library_compile_all: compiled 'tri' library in 0.010 sec
ggml_metal_library_compile_all: compiled 'ssm' library in 0.005 sec
ggml_metal_library_compile_all: compiled 'wkv' library in 0.003 sec
ggml_metal_library_compile_all: compiled 'gated_delta_net' library in 0.003 sec
ggml_metal_library_compile_all: compiled 'solve_tri' library in 0.002 sec
ggml_metal_library_compile_all: compiled 'rope' library in 0.002 sec
ggml_metal_library_compile_all: compiled 'conv' library in 0.001 sec
ggml_metal_library_compile_all: compiled 'upscale' library in 0.003 sec
ggml_metal_library_compile_all: compiled 'argsort' library in 0.002 sec
ggml_metal_library_compile_all: compiled 'pool' library in 0.003 sec
ggml_metal_library_compile_all: compiled 'misc' library in 0.002 sec
ggml_metal_library_compile_all: loaded 35 libraries from embedded data in 0.013 sec (max single = 0.012 sec)
ggml_metal_rsets_init: creating a residency set collection (keep_alive = 180 s)
ggml_metal_device_init: GPU name:   MTL0 (Apple M5 Pro)
ggml_metal_device_init: GPU family: MTLGPUFamilyApple10  (1010)
ggml_metal_device_init: GPU family: MTLGPUFamilyMetal4  (5002)
ggml_metal_device_init: simdgroup reduction   = true
ggml_metal_device_init: simdgroup matrix mul. = true
ggml_metal_device_init: has unified memory    = true
ggml_metal_device_init: has bfloat            = true
ggml_metal_device_init: has tensor            = true
ggml_metal_device_init: use residency sets    = true
ggml_metal_device_init: use shared buffers    = true
ggml_metal_device_init: recommendedMaxWorkingSetSize  = 40200.90 MB
ggml_metal_init: allocating
ggml_metal_init: found device: Apple M5 Pro
ggml_metal_init: picking default device: Apple M5 Pro
ggml_metal_init: use fusion         = true
ggml_metal_init: use concurrency    = true
ggml_metal_init: use graph optimize = true
ggml_metal_library_compile_pipeline: compiling pipeline: base = 'kernel_mul_mv_id_q2_0_f32', name = 'kernel_mul_mv_id_q2_0_f32_nsg=2_split=0'
ggml_metal_library_compile_pipeline: loaded kernel_mul_mv_id_q2_0_f32_nsg=2_split=0       0x103935d20 | th_max = 1024 | th_width =   32
ggml_metal_library_compile_pipeline: compiling pipeline: base = 'kernel_swiglu_f32', name = 'kernel_swiglu_f32'
ggml_metal_library_compile_pipeline: loaded kernel_swiglu_f32                             0x1039368a0 | th_max = 1024 | th_width =   32
ggml_metal_library_compile_pipeline: compiling pipeline: base = 'kernel_bin_fuse_f32_f32_f32', name = 'kernel_bin_fuse_f32_f32_f32_op=2_nf=1_rb=0_cb=1'
ggml_metal_library_compile_pipeline: loaded kernel_bin_fuse_f32_f32_f32_op=2_nf=1_rb=0_cb=1      0x103936e20 | th_max = 1024 | th_width =   32
ggml_metal_library_compile_pipeline: compiling pipeline: base = 'kernel_bin_fuse_f32_f32_f32_4', name = 'kernel_bin_fuse_f32_f32_f32_4_op=0_nf=7_rb=0_cb=0'
ggml_metal_library_compile_pipeline: loaded kernel_bin_fuse_f32_f32_f32_4_op=0_nf=7_rb=0_cb=0      0x1039371a0 | th_max = 1024 | th_width =   32
ggml_metal_library_compile_pipeline: compiling pipeline: base = 'kernel_bin_fuse_f32_f32_f32_4', name = 'kernel_bin_fuse_f32_f32_f32_4_op=0_nf=2_rb=0_cb=0'
ggml_metal_library_compile_pipeline: loaded kernel_bin_fuse_f32_f32_f32_4_op=0_nf=2_rb=0_cb=0     0x7b9d234000 | th_max = 1024 | th_width =   32
ggml_metal_library_compile_pipeline: compiling pipeline: base = 'kernel_bin_fuse_f32_f32_f32_4', name = 'kernel_bin_fuse_f32_f32_f32_4_op=0_nf=1_rb=0_cb=0'
ggml_metal_library_compile_pipeline: loaded kernel_bin_fuse_f32_f32_f32_4_op=0_nf=1_rb=0_cb=0     0x7b9d234380 | th_max = 1024 | th_width =   32
M5_GATE_CASE {"cpu_compute_nodes":0,"cpu_nmse":6.957007826013444e-14,"distinct_experts":[14,22,24,26,28,30,33,40],"eligible":true,"graph_buffer_bytes":5385920,"input_ids_preserved":true,"layout":"plain","max_absolute_error":3.669212926826759e-07,"max_scaled_error":3.163219394197725e-07,"output_elements":1105920,"route":"real","route_index":0,"rows":4,"samples":60,"scheduler":true,"triplets_per_graph":8,"wall_samples_us_per_triplet":[286.75525,288.848875,289.88025,290.171875,290.338625,291.24475,291.70825,291.989625,292.151125,292.21875,292.3385,292.39575,292.416625,292.427,292.484375,292.59375,292.734375,292.947875,292.979125,293.114625,293.161375,293.171875,293.63025,293.8385,294.072875,294.083375,294.229125,294.427125,294.526,294.755125,294.791625,295.088625,295.19275,295.520875,295.697875,295.729125,295.828125,296.05725,296.073,296.3385,296.354125,296.50525,296.60425,296.671875,297.083375,297.291625,297.359375,297.36975,297.421875,297.43225,297.671875,297.75,297.77075,297.942625,298.3385,298.3385,298.39575,298.6145,299.25,303.458375],"wall_us_per_triplet":294.791625}
M5_GATE_CASE {"cpu_compute_nodes":0,"cpu_nmse":8.813416802937666e-14,"distinct_experts":[40,40,40,40,40,40,40,40],"eligible":true,"graph_buffer_bytes":5385920,"input_ids_preserved":true,"layout":"plain","max_absolute_error":2.665893277242759e-07,"max_scaled_error":2.544322713626812e-07,"output_elements":1105920,"route":"distinct","route_index":0,"rows":4,"samples":60,"scheduler":true,"triplets_per_graph":8,"wall_samples_us_per_triplet":[297.573,300.744875,301.140625,301.645875,301.99475,302.260375,302.296875,302.34375,302.49475,302.5,302.609375,302.7135,302.953125,303.0625,303.145875,303.15625,303.229125,303.724,303.79175,303.93225,304.09375,304.224,304.286375,304.427125,304.703125,304.802125,304.916625,304.984375,305.03125,305.30725,305.411375,305.421875,305.442625,305.489625,305.526,305.56775,305.69275,305.86975,306.015625,306.145875,306.5625,306.682375,306.72925,306.921875,307.010375,307.635375,308.19275,308.6875,309.04175,309.8385,309.9635,310.16675,310.192625,310.541625,311.208375,311.583375,311.86975,313.484375,313.515625,329.5365],"wall_us_per_triplet":305.411375}
M5_GATE_CASE {"cpu_compute_nodes":0,"cpu_nmse":7.063375741560338e-14,"distinct_experts":[10,10,10,10,10,10,10,10],"eligible":true,"graph_buffer_bytes":5385920,"input_ids_preserved":true,"layout":"plain","max_absolute_error":3.351239759030733e-07,"max_scaled_error":3.351239759030733e-07,"output_elements":1105920,"route":"shared","route_index":0,"rows":4,"samples":60,"scheduler":true,"triplets_per_graph":8,"wall_samples_us_per_triplet":[284.395875,285.375,286.99475,287.3385,287.578125,287.7395,287.84375,288.44275,288.515625,288.734375,288.776,289.15625,289.18225,289.53125,289.71875,289.822875,289.9375,290.046875,290.3125,290.53125,290.61975,290.645875,290.70825,290.848875,290.916625,291.151,291.224,291.364625,291.9115,292.046875,292.1615,292.375,292.50525,292.5105,292.6875,292.71875,292.765625,292.796875,292.963625,293.010375,293.385375,293.458375,293.60425,293.802125,293.84375,293.989625,293.99475,294.0,294.020875,294.276,294.349,294.40625,294.58325,295.65625,297.348875,297.578125,299.25,300.453125,303.71875,309.661375],"wall_us_per_triplet":292.1615}
M5_GATE_CASE {"cpu_compute_nodes":0,"cpu_nmse":7.030566706314856e-14,"distinct_experts":[13,26,29,31,34,36,40,50],"eligible":true,"graph_buffer_bytes":6721728,"input_ids_preserved":true,"layout":"plain","max_absolute_error":2.9987389271735054e-07,"max_scaled_error":2.9987389271735054e-07,"output_elements":1382400,"route":"real","route_index":0,"rows":5,"samples":60,"scheduler":true,"triplets_per_graph":8,"wall_samples_us_per_triplet":[348.36975,352.046875,352.349,352.40625,353.854125,353.947875,354.520875,354.65625,354.93225,354.973875,354.97925,355.0105,355.4115,355.828125,355.86975,356.00525,356.098875,356.166625,356.171875,356.260375,356.427,356.432375,356.526,356.71875,356.890625,357.1615,358.0625,358.203125,358.40625,358.45825,358.479125,358.515625,358.59375,358.635375,358.645875,358.791625,358.875,359.0,359.0105,359.104125,359.1615,359.197875,359.27075,359.453125,359.526,359.625,359.7135,359.796875,359.901125,360.020875,360.135375,361.270875,361.3125,361.38025,361.927,362.333375,366.458375,367.421875,369.453125,403.546875],"wall_us_per_triplet":358.479125}
M5_GATE_CASE {"cpu_compute_nodes":0,"cpu_nmse":9.616919896786819e-14,"distinct_experts":[50,50,50,50,50,50,50,50],"eligible":true,"graph_buffer_bytes":6721728,"input_ids_preserved":true,"layout":"plain","max_absolute_error":3.6201216380149503e-07,"max_scaled_error":3.6201216380149503e-07,"output_elements":1382400,"route":"distinct","route_index":0,"rows":5,"samples":60,"scheduler":true,"triplets_per_graph":8,"wall_samples_us_per_triplet":[358.0625,359.64575,359.65625,360.06775,362.0885,362.234375,363.0885,363.114625,363.260375,363.322875,363.63025,363.739625,363.9375,363.96875,364.083375,364.09375,364.7135,364.953125,365.291625,365.484375,365.49475,365.505125,365.541625,365.578125,365.6355,365.70825,365.848875,365.93225,366.323,366.447875,366.552125,366.729125,367.08325,367.30725,367.359375,367.52075,367.697875,367.776,368.099,368.130125,368.151,368.182375,368.22925,368.244875,368.3125,368.328125,368.61975,368.63025,368.921875,369.338625,369.453125,369.5,372.859375,373.06775,373.43225,374.05725,374.77075,374.80725,375.20825,375.385375],"wall_us_per_triplet":366.552125}
M5_GATE_CASE {"cpu_compute_nodes":0,"cpu_nmse":7.366095811566404e-14,"distinct_experts":[10,10,10,10,10,10,10,10],"eligible":true,"graph_buffer_bytes":6721728,"input_ids_preserved":true,"layout":"plain","max_absolute_error":3.351239759030733e-07,"max_scaled_error":3.351239759030733e-07,"output_elements":1382400,"route":"shared","route_index":0,"rows":5,"samples":60,"scheduler":true,"triplets_per_graph":8,"wall_samples_us_per_triplet":[342.88025,344.89575,345.19275,345.213625,346.088625,346.276,346.55725,347.760375,347.79175,348.1875,348.348875,348.859375,349.427125,349.5365,349.55725,349.61975,349.875,349.948,350.05725,350.588625,350.651,350.671875,350.78125,350.88025,351.020875,351.1615,351.47925,351.552125,351.557375,351.588625,351.640625,352.213625,352.296875,352.447875,352.55725,352.671875,352.7135,352.72925,353.099,353.114625,353.114625,353.317625,353.4375,353.515625,353.604125,353.96875,354.39575,354.458375,354.515625,354.802125,354.953125,355.895875,356.9375,357.072875,358.43225,358.645875,359.0625,359.625,360.04175,360.2865],"wall_us_per_triplet":351.640625}
M5_GATE_DONE {"allocated_weight_bytes":2124195840,"cases":6,"cpu_compute_nodes":0,"mode":"perf","scheduler":true,"weights_preserved":true}
ggml_metal_free: deallocating
