ggml_metal_device_init: testing tensor API for f16 support
ggml_metal_library_compile_pipeline: compiling pipeline: base = 'dummy_kernel', name = 'dummy_kernel'
ggml_metal_library_compile_pipeline: loaded dummy_kernel                                  0x105eced50 | th_max = 1024 | th_width =   32
ggml_metal_device_init: testing tensor API for bfloat support
ggml_metal_library_compile_pipeline: compiling pipeline: base = 'dummy_kernel', name = 'dummy_kernel'
ggml_metal_library_compile_pipeline: loaded dummy_kernel                                  0x105eced10 | th_max = 1024 | th_width =   32
ggml_metal_library_init: using embedded metal library
ggml_metal_library_compile_all: compiled 'fa_aux' library in 0.000 sec
ggml_metal_library_compile_all: compiled 'fa_f16' library in 0.001 sec
ggml_metal_library_compile_all: compiled 'fa_f32' library in 0.001 sec
ggml_metal_library_compile_all: compiled 'fa_q4_0' library in 0.002 sec
ggml_metal_library_compile_all: compiled 'fa_q4_1' library in 0.007 sec
ggml_metal_library_compile_all: compiled 'fa_q5_0' library in 0.009 sec
ggml_metal_library_compile_all: compiled 'fa_q5_1' library in 0.004 sec
ggml_metal_library_compile_all: compiled 'fa_q8_0' library in 0.003 sec
ggml_metal_library_compile_all: compiled 'fa_vec_f16' library in 0.002 sec
ggml_metal_library_compile_all: compiled 'fa_vec_f32' library in 0.007 sec
ggml_metal_library_compile_all: compiled 'fa_vec_q4_0' library in 0.005 sec
ggml_metal_library_compile_all: compiled 'fa_vec_q4_1' library in 0.010 sec
ggml_metal_library_compile_all: compiled 'fa_vec_q5_0' library in 0.008 sec
ggml_metal_library_compile_all: compiled 'fa_vec_q5_1' library in 0.010 sec
ggml_metal_library_compile_all: compiled 'fa_vec_q8_0' library in 0.009 sec
ggml_metal_library_compile_all: compiled 'mul_mv' library in 0.004 sec
ggml_metal_library_compile_all: compiled 'mul_mv_mma' library in 0.006 sec
ggml_metal_library_compile_all: compiled 'mul_mm' library in 0.003 sec
ggml_metal_library_compile_all: compiled 'quantize' library in 0.007 sec
ggml_metal_library_compile_all: compiled 'softmax' library in 0.002 sec
ggml_metal_library_compile_all: compiled 'norm' library in 0.005 sec
ggml_metal_library_compile_all: compiled 'unary' library in 0.005 sec
ggml_metal_library_compile_all: compiled 'binbcast' library in 0.002 sec
ggml_metal_library_compile_all: compiled 'reduce' library in 0.005 sec
ggml_metal_library_compile_all: compiled 'tri' library in 0.006 sec
ggml_metal_library_compile_all: compiled 'ssm' library in 0.002 sec
ggml_metal_library_compile_all: compiled 'wkv' library in 0.005 sec
ggml_metal_library_compile_all: compiled 'gated_delta_net' library in 0.001 sec
ggml_metal_library_compile_all: compiled 'solve_tri' library in 0.006 sec
ggml_metal_library_compile_all: compiled 'rope' library in 0.005 sec
ggml_metal_library_compile_all: compiled 'conv' library in 0.006 sec
ggml_metal_library_compile_all: compiled 'upscale' library in 0.006 sec
ggml_metal_library_compile_all: compiled 'argsort' library in 0.006 sec
ggml_metal_library_compile_all: compiled 'pool' library in 0.006 sec
ggml_metal_library_compile_all: compiled 'misc' library in 0.006 sec
ggml_metal_library_compile_all: loaded 35 libraries from embedded data in 0.011 sec (max single = 0.010 sec)
ggml_metal_rsets_init: creating a residency set collection (keep_alive = 180 s)
ggml_metal_device_init: GPU name:   MTL0 (Apple M5 Pro)
ggml_metal_device_init: GPU family: MTLGPUFamilyApple10  (1010)
ggml_metal_device_init: GPU family: MTLGPUFamilyMetal4  (5002)
ggml_metal_device_init: simdgroup reduction   = true
ggml_metal_device_init: simdgroup matrix mul. = true
ggml_metal_device_init: has unified memory    = true
ggml_metal_device_init: has bfloat            = true
ggml_metal_device_init: has tensor            = true
ggml_metal_device_init: use residency sets    = true
ggml_metal_device_init: use shared buffers    = true
ggml_metal_device_init: recommendedMaxWorkingSetSize  = 40200.90 MB
ggml_metal_init: allocating
ggml_metal_init: found device: Apple M5 Pro
ggml_metal_init: picking default device: Apple M5 Pro
ggml_metal_init: use fusion         = true
ggml_metal_init: use concurrency    = true
ggml_metal_init: use graph optimize = true
ggml_metal_library_compile_pipeline: compiling pipeline: base = 'kernel_mul_mv_id_q2_0_f32', name = 'kernel_mul_mv_id_q2_0_f32_nsg=2_split=0'
ggml_metal_library_compile_pipeline: loaded kernel_mul_mv_id_q2_0_f32_nsg=2_split=0       0x105ed99d0 | th_max = 1024 | th_width =   32
ggml_metal_library_compile_pipeline: compiling pipeline: base = 'kernel_unary_f32_f32_4', name = 'kernel_unary_f32_f32_4_op=106_cnt=1'
ggml_metal_library_compile_pipeline: loaded kernel_unary_f32_f32_4_op=106_cnt=1           0x105edd410 | th_max = 1024 | th_width =   32
ggml_metal_library_compile_pipeline: compiling pipeline: base = 'kernel_bin_fuse_f32_f32_f32_4', name = 'kernel_bin_fuse_f32_f32_f32_4_op=2_nf=1_rb=0_cb=0'
ggml_metal_library_compile_pipeline: loaded kernel_bin_fuse_f32_f32_f32_4_op=2_nf=1_rb=0_cb=0      0x105edae50 | th_max = 1024 | th_width =   32
M5_GROUP_CASE {"cpu_nmse":2.989396006865026e-14,"distinct_experts":[10],"elements":38400,"input_ids_preserved":true,"layout":"plain","max_absolute_error":2.3737442056415148e-07,"route":"distinct","route_index":0,"rows":1,"samples":1,"triplets_per_graph":1,"wall_us_per_triplet":632.125}
M5_GROUP_CASE {"cpu_nmse":2.9273733377196064e-14,"distinct_experts":[20],"elements":76800,"input_ids_preserved":true,"layout":"plain","max_absolute_error":2.5304836537287656e-07,"route":"distinct","route_index":0,"rows":2,"samples":1,"triplets_per_graph":1,"wall_us_per_triplet":871.167}
M5_GROUP_CASE {"cpu_nmse":3.5926534629276714e-14,"distinct_experts":[30],"elements":115200,"input_ids_preserved":true,"layout":"plain","max_absolute_error":2.5991261409785693e-07,"route":"distinct","route_index":0,"rows":3,"samples":1,"triplets_per_graph":1,"wall_us_per_triplet":1900.334}
ggml_metal_library_compile_pipeline: compiling pipeline: base = 'kernel_unary_f32_f32_4', name = 'kernel_unary_f32_f32_4_op=106_cnt=0'
ggml_metal_library_compile_pipeline: loaded kernel_unary_f32_f32_4_op=106_cnt=0          0x7b692e8700 | th_max = 1024 | th_width =   32
M5_GROUP_CASE {"cpu_nmse":3.045016765595493e-14,"distinct_experts":[60],"elements":230400,"input_ids_preserved":true,"layout":"plain","max_absolute_error":2.7654375639452056e-07,"route":"distinct","route_index":0,"rows":6,"samples":1,"triplets_per_graph":1,"wall_us_per_triplet":2085.417}
M5_GROUP_ROUTE {"k":2560,"m":640,"rows":4,"assignments":40,"map_bytes":1120,"map_reused":false}
ggml_metal_library_compile_pipeline: compiling pipeline: base = 'kernel_m5_group_map', name = 'kernel_m5_group_map'
ggml_metal_library_compile_pipeline: loaded kernel_m5_group_map                          0x7b692e8000 | th_max = 1024 | th_width =   32
ggml_metal_library_compile_pipeline: compiling pipeline: base = 'kernel_m5_group_single_q2_0_f32', name = 'kernel_m5_group_single_q2_0_f32'
ggml_metal_library_compile_pipeline: loaded kernel_m5_group_single_q2_0_f32              0x7b692e8e00 | th_max = 1024 | th_width =   32
ggml_metal_library_compile_pipeline: compiling pipeline: base = 'kernel_m5_group_pair_q2_0_f32', name = 'kernel_m5_group_pair_q2_0_f32'
ggml_metal_library_compile_pipeline: loaded kernel_m5_group_pair_q2_0_f32                0x7b692e9180 | th_max = 1024 | th_width =   32
M5_GROUP_ROUTE {"k":2560,"m":640,"rows":4,"assignments":40,"map_bytes":1120,"map_reused":false}
M5_GROUP_ROUTE {"k":640,"m":2560,"rows":4,"assignments":40,"map_bytes":1120,"map_reused":false}
M5_GROUP_ROUTE {"k":2560,"m":640,"rows":4,"assignments":40,"map_bytes":1120,"map_reused":false}
M5_GROUP_ROUTE {"k":2560,"m":640,"rows":4,"assignments":40,"map_bytes":1120,"map_reused":false}
M5_GROUP_ROUTE {"k":640,"m":2560,"rows":4,"assignments":40,"map_bytes":1120,"map_reused":false}
M5_GROUP_ROUTE {"k":2560,"m":640,"rows":4,"assignments":40,"map_bytes":1120,"map_reused":false}
M5_GROUP_ROUTE {"k":2560,"m":640,"rows":4,"assignments":40,"map_bytes":1120,"map_reused":false}
M5_GROUP_ROUTE {"k":640,"m":2560,"rows":4,"assignments":40,"map_bytes":1120,"map_reused":false}
M5_GROUP_ROUTE {"k":2560,"m":640,"rows":4,"assignments":40,"map_bytes":1120,"map_reused":false}
M5_GROUP_ROUTE {"k":2560,"m":640,"rows":4,"assignments":40,"map_bytes":1120,"map_reused":false}
M5_GROUP_ROUTE {"k":640,"m":2560,"rows":4,"assignments":40,"map_bytes":1120,"map_reused":false}
M5_GROUP_ROUTE {"k":2560,"m":640,"rows":4,"assignments":40,"map_bytes":1120,"map_reused":false}
M5_GROUP_ROUTE {"k":2560,"m":640,"rows":4,"assignments":40,"map_bytes":1120,"map_reused":false}
M5_GROUP_ROUTE {"k":640,"m":2560,"rows":4,"assignments":40,"map_bytes":1120,"map_reused":false}
M5_GROUP_CASE {"cpu_nmse":4.038618934767841e-14,"distinct_experts":[14],"elements":153600,"input_ids_preserved":true,"layout":"plain","max_absolute_error":2.97778948166183e-07,"route":"real","route_index":0,"rows":4,"samples":1,"triplets_per_graph":1,"wall_us_per_triplet":1600.708}
M5_GROUP_ROUTE {"k":2560,"m":640,"rows":4,"assignments":40,"map_bytes":1120,"map_reused":false}
M5_GROUP_ROUTE {"k":2560,"m":640,"rows":4,"assignments":40,"map_bytes":1120,"map_reused":false}
M5_GROUP_ROUTE {"k":640,"m":2560,"rows":4,"assignments":40,"map_bytes":1120,"map_reused":false}
M5_GROUP_ROUTE {"k":2560,"m":640,"rows":4,"assignments":40,"map_bytes":1120,"map_reused":false}
M5_GROUP_ROUTE {"k":2560,"m":640,"rows":4,"assignments":40,"map_bytes":1120,"map_reused":false}
M5_GROUP_ROUTE {"k":640,"m":2560,"rows":4,"assignments":40,"map_bytes":1120,"map_reused":false}
M5_GROUP_ROUTE {"k":2560,"m":640,"rows":4,"assignments":40,"map_bytes":1120,"map_reused":false}
M5_GROUP_ROUTE {"k":2560,"m":640,"rows":4,"assignments":40,"map_bytes":1120,"map_reused":false}
M5_GROUP_ROUTE {"k":640,"m":2560,"rows":4,"assignments":40,"map_bytes":1120,"map_reused":false}
M5_GROUP_ROUTE {"k":2560,"m":640,"rows":4,"assignments":40,"map_bytes":1120,"map_reused":false}
M5_GROUP_ROUTE {"k":2560,"m":640,"rows":4,"assignments":40,"map_bytes":1120,"map_reused":false}
M5_GROUP_ROUTE {"k":640,"m":2560,"rows":4,"assignments":40,"map_bytes":1120,"map_reused":false}
M5_GROUP_ROUTE {"k":2560,"m":640,"rows":4,"assignments":40,"map_bytes":1120,"map_reused":false}
M5_GROUP_ROUTE {"k":2560,"m":640,"rows":4,"assignments":40,"map_bytes":1120,"map_reused":false}
M5_GROUP_ROUTE {"k":640,"m":2560,"rows":4,"assignments":40,"map_bytes":1120,"map_reused":false}
M5_GROUP_CASE {"cpu_nmse":3.92310594337738e-14,"distinct_experts":[22],"elements":153600,"input_ids_preserved":true,"layout":"plain","max_absolute_error":3.1255133858820727e-07,"route":"real","route_index":1,"rows":4,"samples":1,"triplets_per_graph":1,"wall_us_per_triplet":1687.708}
M5_GROUP_ROUTE {"k":2560,"m":640,"rows":4,"assignments":40,"map_bytes":1120,"map_reused":false}
M5_GROUP_ROUTE {"k":2560,"m":640,"rows":4,"assignments":40,"map_bytes":1120,"map_reused":false}
M5_GROUP_ROUTE {"k":640,"m":2560,"rows":4,"assignments":40,"map_bytes":1120,"map_reused":false}
M5_GROUP_ROUTE {"k":2560,"m":640,"rows":4,"assignments":40,"map_bytes":1120,"map_reused":false}
M5_GROUP_ROUTE {"k":2560,"m":640,"rows":4,"assignments":40,"map_bytes":1120,"map_reused":false}
M5_GROUP_ROUTE {"k":640,"m":2560,"rows":4,"assignments":40,"map_bytes":1120,"map_reused":false}
M5_GROUP_ROUTE {"k":2560,"m":640,"rows":4,"assignments":40,"map_bytes":1120,"map_reused":false}
M5_GROUP_ROUTE {"k":2560,"m":640,"rows":4,"assignments":40,"map_bytes":1120,"map_reused":false}
M5_GROUP_ROUTE {"k":640,"m":2560,"rows":4,"assignments":40,"map_bytes":1120,"map_reused":false}
M5_GROUP_ROUTE {"k":2560,"m":640,"rows":4,"assignments":40,"map_bytes":1120,"map_reused":false}
M5_GROUP_ROUTE {"k":2560,"m":640,"rows":4,"assignments":40,"map_bytes":1120,"map_reused":false}
M5_GROUP_ROUTE {"k":640,"m":2560,"rows":4,"assignments":40,"map_bytes":1120,"map_reused":false}
M5_GROUP_ROUTE {"k":2560,"m":640,"rows":4,"assignments":40,"map_bytes":1120,"map_reused":false}
M5_GROUP_ROUTE {"k":2560,"m":640,"rows":4,"assignments":40,"map_bytes":1120,"map_reused":false}
M5_GROUP_ROUTE {"k":640,"m":2560,"rows":4,"assignments":40,"map_bytes":1120,"map_reused":false}
M5_GROUP_CASE {"cpu_nmse":3.800628385866695e-14,"distinct_experts":[24],"elements":153600,"input_ids_preserved":true,"layout":"plain","max_absolute_error":2.914020535982331e-07,"route":"real","route_index":2,"rows":4,"samples":1,"triplets_per_graph":1,"wall_us_per_triplet":1723.042}
M5_GROUP_ROUTE {"k":2560,"m":640,"rows":4,"assignments":40,"map_bytes":1120,"map_reused":false}
M5_GROUP_ROUTE {"k":2560,"m":640,"rows":4,"assignments":40,"map_bytes":1120,"map_reused":false}
M5_GROUP_ROUTE {"k":640,"m":2560,"rows":4,"assignments":40,"map_bytes":1120,"map_reused":false}
M5_GROUP_ROUTE {"k":2560,"m":640,"rows":4,"assignments":40,"map_bytes":1120,"map_reused":false}
M5_GROUP_ROUTE {"k":2560,"m":640,"rows":4,"assignments":40,"map_bytes":1120,"map_reused":false}
M5_GROUP_ROUTE {"k":640,"m":2560,"rows":4,"assignments":40,"map_bytes":1120,"map_reused":false}
M5_GROUP_ROUTE {"k":2560,"m":640,"rows":4,"assignments":40,"map_bytes":1120,"map_reused":false}
M5_GROUP_ROUTE {"k":2560,"m":640,"rows":4,"assignments":40,"map_bytes":1120,"map_reused":false}
M5_GROUP_ROUTE {"k":640,"m":2560,"rows":4,"assignments":40,"map_bytes":1120,"map_reused":false}
M5_GROUP_ROUTE {"k":2560,"m":640,"rows":4,"assignments":40,"map_bytes":1120,"map_reused":false}
M5_GROUP_ROUTE {"k":2560,"m":640,"rows":4,"assignments":40,"map_bytes":1120,"map_reused":false}
M5_GROUP_ROUTE {"k":640,"m":2560,"rows":4,"assignments":40,"map_bytes":1120,"map_reused":false}
M5_GROUP_ROUTE {"k":2560,"m":640,"rows":4,"assignments":40,"map_bytes":1120,"map_reused":false}
M5_GROUP_ROUTE {"k":2560,"m":640,"rows":4,"assignments":40,"map_bytes":1120,"map_reused":false}
M5_GROUP_ROUTE {"k":640,"m":2560,"rows":4,"assignments":40,"map_bytes":1120,"map_reused":false}
M5_GROUP_CASE {"cpu_nmse":3.793626729756102e-14,"distinct_experts":[26],"elements":153600,"input_ids_preserved":true,"layout":"plain","max_absolute_error":2.735184674307334e-07,"route":"real","route_index":3,"rows":4,"samples":1,"triplets_per_graph":1,"wall_us_per_triplet":1510.542}
M5_GROUP_ROUTE {"k":2560,"m":640,"rows":4,"assignments":40,"map_bytes":1120,"map_reused":false}
M5_GROUP_ROUTE {"k":2560,"m":640,"rows":4,"assignments":40,"map_bytes":1120,"map_reused":false}
M5_GROUP_ROUTE {"k":640,"m":2560,"rows":4,"assignments":40,"map_bytes":1120,"map_reused":false}
M5_GROUP_ROUTE {"k":2560,"m":640,"rows":4,"assignments":40,"map_bytes":1120,"map_reused":false}
M5_GROUP_ROUTE {"k":2560,"m":640,"rows":4,"assignments":40,"map_bytes":1120,"map_reused":false}
M5_GROUP_ROUTE {"k":640,"m":2560,"rows":4,"assignments":40,"map_bytes":1120,"map_reused":false}
M5_GROUP_ROUTE {"k":2560,"m":640,"rows":4,"assignments":40,"map_bytes":1120,"map_reused":false}
M5_GROUP_ROUTE {"k":2560,"m":640,"rows":4,"assignments":40,"map_bytes":1120,"map_reused":false}
M5_GROUP_ROUTE {"k":640,"m":2560,"rows":4,"assignments":40,"map_bytes":1120,"map_reused":false}
M5_GROUP_ROUTE {"k":2560,"m":640,"rows":4,"assignments":40,"map_bytes":1120,"map_reused":false}
M5_GROUP_ROUTE {"k":2560,"m":640,"rows":4,"assignments":40,"map_bytes":1120,"map_reused":false}
M5_GROUP_ROUTE {"k":640,"m":2560,"rows":4,"assignments":40,"map_bytes":1120,"map_reused":false}
M5_GROUP_ROUTE {"k":2560,"m":640,"rows":4,"assignments":40,"map_bytes":1120,"map_reused":false}
M5_GROUP_ROUTE {"k":2560,"m":640,"rows":4,"assignments":40,"map_bytes":1120,"map_reused":false}
M5_GROUP_ROUTE {"k":640,"m":2560,"rows":4,"assignments":40,"map_bytes":1120,"map_reused":false}
M5_GROUP_CASE {"cpu_nmse":3.7365590478813826e-14,"distinct_experts":[28],"elements":153600,"input_ids_preserved":true,"layout":"plain","max_absolute_error":3.0515603732794716e-07,"route":"real","route_index":4,"rows":4,"samples":1,"triplets_per_graph":1,"wall_us_per_triplet":1655.75}
M5_GROUP_ROUTE {"k":2560,"m":640,"rows":4,"assignments":40,"map_bytes":1120,"map_reused":false}
M5_GROUP_ROUTE {"k":2560,"m":640,"rows":4,"assignments":40,"map_bytes":1120,"map_reused":false}
M5_GROUP_ROUTE {"k":640,"m":2560,"rows":4,"assignments":40,"map_bytes":1120,"map_reused":false}
M5_GROUP_ROUTE {"k":2560,"m":640,"rows":4,"assignments":40,"map_bytes":1120,"map_reused":false}
M5_GROUP_ROUTE {"k":2560,"m":640,"rows":4,"assignments":40,"map_bytes":1120,"map_reused":false}
M5_GROUP_ROUTE {"k":640,"m":2560,"rows":4,"assignments":40,"map_bytes":1120,"map_reused":false}
M5_GROUP_ROUTE {"k":2560,"m":640,"rows":4,"assignments":40,"map_bytes":1120,"map_reused":false}
M5_GROUP_ROUTE {"k":2560,"m":640,"rows":4,"assignments":40,"map_bytes":1120,"map_reused":false}
M5_GROUP_ROUTE {"k":640,"m":2560,"rows":4,"assignments":40,"map_bytes":1120,"map_reused":false}
M5_GROUP_ROUTE {"k":2560,"m":640,"rows":4,"assignments":40,"map_bytes":1120,"map_reused":false}
M5_GROUP_ROUTE {"k":2560,"m":640,"rows":4,"assignments":40,"map_bytes":1120,"map_reused":false}
M5_GROUP_ROUTE {"k":640,"m":2560,"rows":4,"assignments":40,"map_bytes":1120,"map_reused":false}
M5_GROUP_ROUTE {"k":2560,"m":640,"rows":4,"assignments":40,"map_bytes":1120,"map_reused":false}
M5_GROUP_ROUTE {"k":2560,"m":640,"rows":4,"assignments":40,"map_bytes":1120,"map_reused":false}
M5_GROUP_ROUTE {"k":640,"m":2560,"rows":4,"assignments":40,"map_bytes":1120,"map_reused":false}
M5_GROUP_CASE {"cpu_nmse":3.5710400630122954e-14,"distinct_experts":[30],"elements":153600,"input_ids_preserved":true,"layout":"plain","max_absolute_error":2.9169907822534924e-07,"route":"real","route_index":5,"rows":4,"samples":1,"triplets_per_graph":1,"wall_us_per_triplet":1548.584}
M5_GROUP_ROUTE {"k":2560,"m":640,"rows":4,"assignments":40,"map_bytes":1120,"map_reused":false}
M5_GROUP_ROUTE {"k":2560,"m":640,"rows":4,"assignments":40,"map_bytes":1120,"map_reused":false}
M5_GROUP_ROUTE {"k":640,"m":2560,"rows":4,"assignments":40,"map_bytes":1120,"map_reused":false}
M5_GROUP_ROUTE {"k":2560,"m":640,"rows":4,"assignments":40,"map_bytes":1120,"map_reused":false}
M5_GROUP_ROUTE {"k":2560,"m":640,"rows":4,"assignments":40,"map_bytes":1120,"map_reused":false}
M5_GROUP_ROUTE {"k":640,"m":2560,"rows":4,"assignments":40,"map_bytes":1120,"map_reused":false}
M5_GROUP_ROUTE {"k":2560,"m":640,"rows":4,"assignments":40,"map_bytes":1120,"map_reused":false}
M5_GROUP_ROUTE {"k":2560,"m":640,"rows":4,"assignments":40,"map_bytes":1120,"map_reused":false}
M5_GROUP_ROUTE {"k":640,"m":2560,"rows":4,"assignments":40,"map_bytes":1120,"map_reused":false}
M5_GROUP_ROUTE {"k":2560,"m":640,"rows":4,"assignments":40,"map_bytes":1120,"map_reused":false}
M5_GROUP_ROUTE {"k":2560,"m":640,"rows":4,"assignments":40,"map_bytes":1120,"map_reused":false}
M5_GROUP_ROUTE {"k":640,"m":2560,"rows":4,"assignments":40,"map_bytes":1120,"map_reused":false}
M5_GROUP_ROUTE {"k":2560,"m":640,"rows":4,"assignments":40,"map_bytes":1120,"map_reused":false}
M5_GROUP_ROUTE {"k":2560,"m":640,"rows":4,"assignments":40,"map_bytes":1120,"map_reused":false}
M5_GROUP_ROUTE {"k":640,"m":2560,"rows":4,"assignments":40,"map_bytes":1120,"map_reused":false}
M5_GROUP_CASE {"cpu_nmse":3.466539375952739e-14,"distinct_experts":[33],"elements":153600,"input_ids_preserved":true,"layout":"plain","max_absolute_error":2.6771386840707123e-07,"route":"real","route_index":6,"rows":4,"samples":1,"triplets_per_graph":1,"wall_us_per_triplet":1730.75}
M5_GROUP_ROUTE {"k":2560,"m":640,"rows":4,"assignments":40,"map_bytes":1120,"map_reused":false}
M5_GROUP_ROUTE {"k":2560,"m":640,"rows":4,"assignments":40,"map_bytes":1120,"map_reused":false}
M5_GROUP_ROUTE {"k":640,"m":2560,"rows":4,"assignments":40,"map_bytes":1120,"map_reused":false}
M5_GROUP_ROUTE {"k":2560,"m":640,"rows":4,"assignments":40,"map_bytes":1120,"map_reused":false}
M5_GROUP_ROUTE {"k":2560,"m":640,"rows":4,"assignments":40,"map_bytes":1120,"map_reused":false}
M5_GROUP_ROUTE {"k":640,"m":2560,"rows":4,"assignments":40,"map_bytes":1120,"map_reused":false}
M5_GROUP_ROUTE {"k":2560,"m":640,"rows":4,"assignments":40,"map_bytes":1120,"map_reused":false}
M5_GROUP_ROUTE {"k":2560,"m":640,"rows":4,"assignments":40,"map_bytes":1120,"map_reused":false}
M5_GROUP_ROUTE {"k":640,"m":2560,"rows":4,"assignments":40,"map_bytes":1120,"map_reused":false}
M5_GROUP_ROUTE {"k":2560,"m":640,"rows":4,"assignments":40,"map_bytes":1120,"map_reused":false}
M5_GROUP_ROUTE {"k":2560,"m":640,"rows":4,"assignments":40,"map_bytes":1120,"map_reused":false}
M5_GROUP_ROUTE {"k":640,"m":2560,"rows":4,"assignments":40,"map_bytes":1120,"map_reused":false}
M5_GROUP_ROUTE {"k":2560,"m":640,"rows":4,"assignments":40,"map_bytes":1120,"map_reused":false}
M5_GROUP_ROUTE {"k":2560,"m":640,"rows":4,"assignments":40,"map_bytes":1120,"map_reused":false}
M5_GROUP_ROUTE {"k":640,"m":2560,"rows":4,"assignments":40,"map_bytes":1120,"map_reused":false}
M5_GROUP_CASE {"cpu_nmse":3.183599238542e-14,"distinct_experts":[40],"elements":153600,"input_ids_preserved":true,"layout":"plain","max_absolute_error":2.8658504014345e-07,"route":"real","route_index":7,"rows":4,"samples":1,"triplets_per_graph":1,"wall_us_per_triplet":1571.666}
M5_GROUP_ROUTE {"k":2560,"m":640,"rows":4,"assignments":40,"map_bytes":1120,"map_reused":false}
M5_GROUP_ROUTE {"k":2560,"m":640,"rows":4,"assignments":40,"map_bytes":1120,"map_reused":false}
M5_GROUP_ROUTE {"k":640,"m":2560,"rows":4,"assignments":40,"map_bytes":1120,"map_reused":false}
M5_GROUP_ROUTE {"k":2560,"m":640,"rows":4,"assignments":40,"map_bytes":1120,"map_reused":false}
M5_GROUP_ROUTE {"k":2560,"m":640,"rows":4,"assignments":40,"map_bytes":1120,"map_reused":false}
M5_GROUP_ROUTE {"k":640,"m":2560,"rows":4,"assignments":40,"map_bytes":1120,"map_reused":false}
M5_GROUP_ROUTE {"k":2560,"m":640,"rows":4,"assignments":40,"map_bytes":1120,"map_reused":false}
M5_GROUP_ROUTE {"k":2560,"m":640,"rows":4,"assignments":40,"map_bytes":1120,"map_reused":false}
M5_GROUP_ROUTE {"k":640,"m":2560,"rows":4,"assignments":40,"map_bytes":1120,"map_reused":false}
M5_GROUP_ROUTE {"k":2560,"m":640,"rows":4,"assignments":40,"map_bytes":1120,"map_reused":false}
M5_GROUP_ROUTE {"k":2560,"m":640,"rows":4,"assignments":40,"map_bytes":1120,"map_reused":false}
M5_GROUP_ROUTE {"k":640,"m":2560,"rows":4,"assignments":40,"map_bytes":1120,"map_reused":false}
M5_GROUP_ROUTE {"k":2560,"m":640,"rows":4,"assignments":40,"map_bytes":1120,"map_reused":false}
M5_GROUP_ROUTE {"k":2560,"m":640,"rows":4,"assignments":40,"map_bytes":1120,"map_reused":false}
M5_GROUP_ROUTE {"k":640,"m":2560,"rows":4,"assignments":40,"map_bytes":1120,"map_reused":false}
M5_GROUP_CASE {"cpu_nmse":3.171167882347754e-14,"distinct_experts":[40],"elements":153600,"input_ids_preserved":true,"layout":"plain","max_absolute_error":2.5991261409785693e-07,"route":"distinct","route_index":0,"rows":4,"samples":1,"triplets_per_graph":1,"wall_us_per_triplet":1610.708}
M5_GROUP_ROUTE {"k":2560,"m":640,"rows":4,"assignments":40,"map_bytes":1120,"map_reused":false}
M5_GROUP_ROUTE {"k":2560,"m":640,"rows":4,"assignments":40,"map_bytes":1120,"map_reused":false}
M5_GROUP_ROUTE {"k":640,"m":2560,"rows":4,"assignments":40,"map_bytes":1120,"map_reused":false}
M5_GROUP_ROUTE {"k":2560,"m":640,"rows":4,"assignments":40,"map_bytes":1120,"map_reused":false}
M5_GROUP_ROUTE {"k":2560,"m":640,"rows":4,"assignments":40,"map_bytes":1120,"map_reused":false}
M5_GROUP_ROUTE {"k":640,"m":2560,"rows":4,"assignments":40,"map_bytes":1120,"map_reused":false}
M5_GROUP_ROUTE {"k":2560,"m":640,"rows":4,"assignments":40,"map_bytes":1120,"map_reused":false}
M5_GROUP_ROUTE {"k":2560,"m":640,"rows":4,"assignments":40,"map_bytes":1120,"map_reused":false}
M5_GROUP_ROUTE {"k":640,"m":2560,"rows":4,"assignments":40,"map_bytes":1120,"map_reused":false}
M5_GROUP_ROUTE {"k":2560,"m":640,"rows":4,"assignments":40,"map_bytes":1120,"map_reused":false}
M5_GROUP_ROUTE {"k":2560,"m":640,"rows":4,"assignments":40,"map_bytes":1120,"map_reused":false}
M5_GROUP_ROUTE {"k":640,"m":2560,"rows":4,"assignments":40,"map_bytes":1120,"map_reused":false}
M5_GROUP_ROUTE {"k":2560,"m":640,"rows":4,"assignments":40,"map_bytes":1120,"map_reused":false}
M5_GROUP_ROUTE {"k":2560,"m":640,"rows":4,"assignments":40,"map_bytes":1120,"map_reused":false}
M5_GROUP_ROUTE {"k":640,"m":2560,"rows":4,"assignments":40,"map_bytes":1120,"map_reused":false}
M5_GROUP_CASE {"cpu_nmse":4.220356178485231e-14,"distinct_experts":[10],"elements":153600,"input_ids_preserved":true,"layout":"plain","max_absolute_error":2.782810852863804e-07,"route":"shared","route_index":0,"rows":4,"samples":1,"triplets_per_graph":1,"wall_us_per_triplet":1587.459}
M5_GROUP_ROUTE {"k":2560,"m":640,"rows":4,"assignments":40,"map_bytes":1120,"map_reused":false}
M5_GROUP_ROUTE {"k":2560,"m":640,"rows":4,"assignments":40,"map_bytes":1120,"map_reused":false}
M5_GROUP_ROUTE {"k":640,"m":2560,"rows":4,"assignments":40,"map_bytes":1120,"map_reused":false}
M5_GROUP_ROUTE {"k":2560,"m":640,"rows":4,"assignments":40,"map_bytes":1120,"map_reused":false}
M5_GROUP_ROUTE {"k":2560,"m":640,"rows":4,"assignments":40,"map_bytes":1120,"map_reused":false}
M5_GROUP_ROUTE {"k":640,"m":2560,"rows":4,"assignments":40,"map_bytes":1120,"map_reused":false}
M5_GROUP_ROUTE {"k":2560,"m":640,"rows":4,"assignments":40,"map_bytes":1120,"map_reused":false}
M5_GROUP_ROUTE {"k":2560,"m":640,"rows":4,"assignments":40,"map_bytes":1120,"map_reused":false}
M5_GROUP_ROUTE {"k":640,"m":2560,"rows":4,"assignments":40,"map_bytes":1120,"map_reused":false}
M5_GROUP_ROUTE {"k":2560,"m":640,"rows":4,"assignments":40,"map_bytes":1120,"map_reused":false}
M5_GROUP_ROUTE {"k":2560,"m":640,"rows":4,"assignments":40,"map_bytes":1120,"map_reused":false}
M5_GROUP_ROUTE {"k":640,"m":2560,"rows":4,"assignments":40,"map_bytes":1120,"map_reused":false}
M5_GROUP_ROUTE {"k":2560,"m":640,"rows":4,"assignments":40,"map_bytes":1120,"map_reused":false}
M5_GROUP_ROUTE {"k":2560,"m":640,"rows":4,"assignments":40,"map_bytes":1120,"map_reused":false}
M5_GROUP_ROUTE {"k":640,"m":2560,"rows":4,"assignments":40,"map_bytes":1120,"map_reused":false}
M5_GROUP_CASE {"cpu_nmse":4.264045373079641e-14,"distinct_experts":[1],"elements":153600,"input_ids_preserved":true,"layout":"plain","max_absolute_error":2.5005940607059074e-07,"route":"duplicate","route_index":0,"rows":4,"samples":1,"triplets_per_graph":1,"wall_us_per_triplet":1588.708}
M5_GROUP_ROUTE {"k":2560,"m":640,"rows":4,"assignments":40,"map_bytes":1120,"map_reused":false}
M5_GROUP_ROUTE {"k":2560,"m":640,"rows":4,"assignments":40,"map_bytes":1120,"map_reused":false}
M5_GROUP_ROUTE {"k":640,"m":2560,"rows":4,"assignments":40,"map_bytes":1120,"map_reused":false}
M5_GROUP_ROUTE {"k":2560,"m":640,"rows":4,"assignments":40,"map_bytes":1120,"map_reused":false}
M5_GROUP_ROUTE {"k":2560,"m":640,"rows":4,"assignments":40,"map_bytes":1120,"map_reused":false}
M5_GROUP_ROUTE {"k":640,"m":2560,"rows":4,"assignments":40,"map_bytes":1120,"map_reused":false}
M5_GROUP_ROUTE {"k":2560,"m":640,"rows":4,"assignments":40,"map_bytes":1120,"map_reused":false}
M5_GROUP_ROUTE {"k":2560,"m":640,"rows":4,"assignments":40,"map_bytes":1120,"map_reused":false}
M5_GROUP_ROUTE {"k":640,"m":2560,"rows":4,"assignments":40,"map_bytes":1120,"map_reused":false}
M5_GROUP_ROUTE {"k":2560,"m":640,"rows":4,"assignments":40,"map_bytes":1120,"map_reused":false}
M5_GROUP_ROUTE {"k":2560,"m":640,"rows":4,"assignments":40,"map_bytes":1120,"map_reused":false}
M5_GROUP_ROUTE {"k":640,"m":2560,"rows":4,"assignments":40,"map_bytes":1120,"map_reused":false}
M5_GROUP_ROUTE {"k":2560,"m":640,"rows":4,"assignments":40,"map_bytes":1120,"map_reused":false}
M5_GROUP_ROUTE {"k":2560,"m":640,"rows":4,"assignments":40,"map_bytes":1120,"map_reused":false}
M5_GROUP_ROUTE {"k":640,"m":2560,"rows":4,"assignments":40,"map_bytes":1120,"map_reused":false}
M5_GROUP_CASE {"cpu_nmse":3.67825012463704e-14,"distinct_experts":[25],"elements":153600,"input_ids_preserved":true,"layout":"plain","max_absolute_error":2.782810852863804e-07,"route":"mixed","route_index":0,"rows":4,"samples":1,"triplets_per_graph":1,"wall_us_per_triplet":1602.959}
M5_GROUP_ROUTE {"k":2560,"m":640,"rows":4,"assignments":40,"map_bytes":1120,"map_reused":false}
M5_GROUP_ROUTE {"k":2560,"m":640,"rows":4,"assignments":40,"map_bytes":1120,"map_reused":false}
M5_GROUP_ROUTE {"k":640,"m":2560,"rows":4,"assignments":40,"map_bytes":1120,"map_reused":false}
M5_GROUP_ROUTE {"k":2560,"m":640,"rows":4,"assignments":40,"map_bytes":1120,"map_reused":false}
M5_GROUP_ROUTE {"k":2560,"m":640,"rows":4,"assignments":40,"map_bytes":1120,"map_reused":false}
M5_GROUP_ROUTE {"k":640,"m":2560,"rows":4,"assignments":40,"map_bytes":1120,"map_reused":false}
M5_GROUP_ROUTE {"k":2560,"m":640,"rows":4,"assignments":40,"map_bytes":1120,"map_reused":false}
M5_GROUP_ROUTE {"k":2560,"m":640,"rows":4,"assignments":40,"map_bytes":1120,"map_reused":false}
M5_GROUP_ROUTE {"k":640,"m":2560,"rows":4,"assignments":40,"map_bytes":1120,"map_reused":false}
M5_GROUP_ROUTE {"k":2560,"m":640,"rows":4,"assignments":40,"map_bytes":1120,"map_reused":false}
M5_GROUP_ROUTE {"k":2560,"m":640,"rows":4,"assignments":40,"map_bytes":1120,"map_reused":false}
M5_GROUP_ROUTE {"k":640,"m":2560,"rows":4,"assignments":40,"map_bytes":1120,"map_reused":false}
M5_GROUP_ROUTE {"k":2560,"m":640,"rows":4,"assignments":40,"map_bytes":1120,"map_reused":false}
M5_GROUP_ROUTE {"k":2560,"m":640,"rows":4,"assignments":40,"map_bytes":1120,"map_reused":false}
M5_GROUP_ROUTE {"k":640,"m":2560,"rows":4,"assignments":40,"map_bytes":1120,"map_reused":false}
M5_GROUP_CASE {"cpu_nmse":3.67825012463704e-14,"distinct_experts":[25],"elements":153600,"input_ids_preserved":true,"layout":"input-strided","max_absolute_error":2.782810852863804e-07,"route":"mixed","route_index":0,"rows":4,"samples":1,"triplets_per_graph":1,"wall_us_per_triplet":2245.5}
M5_GROUP_ROUTE {"k":2560,"m":640,"rows":4,"assignments":40,"map_bytes":1120,"map_reused":false}
M5_GROUP_ROUTE {"k":2560,"m":640,"rows":4,"assignments":40,"map_bytes":1120,"map_reused":false}
M5_GROUP_ROUTE {"k":640,"m":2560,"rows":4,"assignments":40,"map_bytes":1120,"map_reused":false}
M5_GROUP_ROUTE {"k":2560,"m":640,"rows":4,"assignments":40,"map_bytes":1120,"map_reused":false}
M5_GROUP_ROUTE {"k":2560,"m":640,"rows":4,"assignments":40,"map_bytes":1120,"map_reused":false}
M5_GROUP_ROUTE {"k":640,"m":2560,"rows":4,"assignments":40,"map_bytes":1120,"map_reused":false}
M5_GROUP_ROUTE {"k":2560,"m":640,"rows":4,"assignments":40,"map_bytes":1120,"map_reused":false}
M5_GROUP_ROUTE {"k":2560,"m":640,"rows":4,"assignments":40,"map_bytes":1120,"map_reused":false}
M5_GROUP_ROUTE {"k":640,"m":2560,"rows":4,"assignments":40,"map_bytes":1120,"map_reused":false}
M5_GROUP_ROUTE {"k":2560,"m":640,"rows":4,"assignments":40,"map_bytes":1120,"map_reused":false}
M5_GROUP_ROUTE {"k":2560,"m":640,"rows":4,"assignments":40,"map_bytes":1120,"map_reused":false}
M5_GROUP_ROUTE {"k":640,"m":2560,"rows":4,"assignments":40,"map_bytes":1120,"map_reused":false}
M5_GROUP_ROUTE {"k":2560,"m":640,"rows":4,"assignments":40,"map_bytes":1120,"map_reused":false}
M5_GROUP_ROUTE {"k":2560,"m":640,"rows":4,"assignments":40,"map_bytes":1120,"map_reused":false}
M5_GROUP_ROUTE {"k":640,"m":2560,"rows":4,"assignments":40,"map_bytes":1120,"map_reused":false}
M5_GROUP_CASE {"cpu_nmse":3.67825012463704e-14,"distinct_experts":[25],"elements":153600,"input_ids_preserved":true,"layout":"ids-contiguous","max_absolute_error":2.782810852863804e-07,"route":"mixed","route_index":0,"rows":4,"samples":1,"triplets_per_graph":1,"wall_us_per_triplet":1743.042}
M5_GROUP_ROUTE {"k":2560,"m":640,"rows":4,"assignments":40,"map_bytes":1120,"map_reused":false}
M5_GROUP_ROUTE {"k":2560,"m":640,"rows":4,"assignments":40,"map_bytes":1120,"map_reused":false}
M5_GROUP_ROUTE {"k":640,"m":2560,"rows":4,"assignments":40,"map_bytes":1120,"map_reused":false}
M5_GROUP_ROUTE {"k":2560,"m":640,"rows":4,"assignments":40,"map_bytes":1120,"map_reused":false}
M5_GROUP_ROUTE {"k":2560,"m":640,"rows":4,"assignments":40,"map_bytes":1120,"map_reused":false}
M5_GROUP_ROUTE {"k":640,"m":2560,"rows":4,"assignments":40,"map_bytes":1120,"map_reused":false}
M5_GROUP_ROUTE {"k":2560,"m":640,"rows":4,"assignments":40,"map_bytes":1120,"map_reused":false}
M5_GROUP_ROUTE {"k":2560,"m":640,"rows":4,"assignments":40,"map_bytes":1120,"map_reused":false}
M5_GROUP_ROUTE {"k":640,"m":2560,"rows":4,"assignments":40,"map_bytes":1120,"map_reused":false}
M5_GROUP_ROUTE {"k":2560,"m":640,"rows":4,"assignments":40,"map_bytes":1120,"map_reused":false}
M5_GROUP_ROUTE {"k":2560,"m":640,"rows":4,"assignments":40,"map_bytes":1120,"map_reused":false}
M5_GROUP_ROUTE {"k":640,"m":2560,"rows":4,"assignments":40,"map_bytes":1120,"map_reused":false}
M5_GROUP_ROUTE {"k":2560,"m":640,"rows":4,"assignments":40,"map_bytes":1120,"map_reused":false}
M5_GROUP_ROUTE {"k":2560,"m":640,"rows":4,"assignments":40,"map_bytes":1120,"map_reused":false}
M5_GROUP_ROUTE {"k":640,"m":2560,"rows":4,"assignments":40,"map_bytes":1120,"map_reused":false}
M5_GROUP_CASE {"cpu_nmse":3.67825012463704e-14,"distinct_experts":[25],"elements":153600,"input_ids_preserved":true,"layout":"ids-offset","max_absolute_error":2.782810852863804e-07,"route":"mixed","route_index":0,"rows":4,"samples":1,"triplets_per_graph":1,"wall_us_per_triplet":1716.625}
M5_GROUP_CASE {"cpu_nmse":3.208955171702384e-14,"distinct_experts":[25],"elements":153600,"input_ids_preserved":true,"layout":"weights-strided","max_absolute_error":2.9574419180278255e-07,"route":"mixed","route_index":0,"rows":4,"samples":1,"triplets_per_graph":1,"wall_us_per_triplet":1482.583}
M5_GROUP_ROUTE {"k":2560,"m":640,"rows":4,"assignments":40,"map_bytes":1120,"map_reused":false}
M5_GROUP_ROUTE {"k":2560,"m":640,"rows":4,"assignments":40,"map_bytes":1120,"map_reused":false}
M5_GROUP_ROUTE {"k":640,"m":2560,"rows":4,"assignments":40,"map_bytes":1120,"map_reused":false}
M5_GROUP_ROUTE {"k":2560,"m":640,"rows":4,"assignments":40,"map_bytes":1120,"map_reused":false}
M5_GROUP_ROUTE {"k":2560,"m":640,"rows":4,"assignments":40,"map_bytes":1120,"map_reused":false}
M5_GROUP_ROUTE {"k":640,"m":2560,"rows":4,"assignments":40,"map_bytes":1120,"map_reused":false}
M5_GROUP_ROUTE {"k":2560,"m":640,"rows":4,"assignments":40,"map_bytes":1120,"map_reused":false}
M5_GROUP_ROUTE {"k":2560,"m":640,"rows":4,"assignments":40,"map_bytes":1120,"map_reused":false}
M5_GROUP_ROUTE {"k":640,"m":2560,"rows":4,"assignments":40,"map_bytes":1120,"map_reused":false}
M5_GROUP_ROUTE {"k":2560,"m":640,"rows":4,"assignments":40,"map_bytes":1120,"map_reused":false}
M5_GROUP_ROUTE {"k":2560,"m":640,"rows":4,"assignments":40,"map_bytes":1120,"map_reused":false}
M5_GROUP_ROUTE {"k":640,"m":2560,"rows":4,"assignments":40,"map_bytes":1120,"map_reused":false}
M5_GROUP_ROUTE {"k":2560,"m":640,"rows":4,"assignments":40,"map_bytes":1120,"map_reused":false}
M5_GROUP_ROUTE {"k":2560,"m":640,"rows":4,"assignments":40,"map_bytes":1120,"map_reused":false}
M5_GROUP_ROUTE {"k":640,"m":2560,"rows":4,"assignments":40,"map_bytes":1120,"map_reused":false}
M5_GROUP_CASE {"cpu_nmse":2.5647211906769613e-14,"distinct_experts":[25],"elements":153600,"input_ids_preserved":true,"layout":"cancel","max_absolute_error":3.878449206240475e-07,"route":"mixed","route_index":0,"rows":4,"samples":1,"triplets_per_graph":1,"wall_us_per_triplet":1717.083}
M5_GROUP_ROUTE {"k":2560,"m":640,"rows":4,"assignments":40,"map_bytes":1120,"map_reused":false}
M5_GROUP_ROUTE {"k":2560,"m":640,"rows":4,"assignments":40,"map_bytes":1120,"map_reused":false}
M5_GROUP_ROUTE {"k":640,"m":2560,"rows":4,"assignments":40,"map_bytes":1120,"map_reused":false}
M5_GROUP_ROUTE {"k":2560,"m":640,"rows":4,"assignments":40,"map_bytes":1120,"map_reused":false}
M5_GROUP_ROUTE {"k":2560,"m":640,"rows":4,"assignments":40,"map_bytes":1120,"map_reused":false}
M5_GROUP_ROUTE {"k":640,"m":2560,"rows":4,"assignments":40,"map_bytes":1120,"map_reused":false}
M5_GROUP_ROUTE {"k":2560,"m":640,"rows":4,"assignments":40,"map_bytes":1120,"map_reused":false}
M5_GROUP_ROUTE {"k":2560,"m":640,"rows":4,"assignments":40,"map_bytes":1120,"map_reused":false}
M5_GROUP_ROUTE {"k":640,"m":2560,"rows":4,"assignments":40,"map_bytes":1120,"map_reused":false}
M5_GROUP_ROUTE {"k":2560,"m":640,"rows":4,"assignments":40,"map_bytes":1120,"map_reused":false}
M5_GROUP_ROUTE {"k":2560,"m":640,"rows":4,"assignments":40,"map_bytes":1120,"map_reused":false}
M5_GROUP_ROUTE {"k":640,"m":2560,"rows":4,"assignments":40,"map_bytes":1120,"map_reused":false}
M5_GROUP_ROUTE {"k":2560,"m":640,"rows":4,"assignments":40,"map_bytes":1120,"map_reused":false}
M5_GROUP_ROUTE {"k":2560,"m":640,"rows":4,"assignments":40,"map_bytes":1120,"map_reused":false}
M5_GROUP_ROUTE {"k":640,"m":2560,"rows":4,"assignments":40,"map_bytes":1120,"map_reused":false}
M5_GROUP_CASE {"cpu_nmse":1.8984402533783398e-14,"distinct_experts":[25],"elements":153600,"input_ids_preserved":true,"layout":"wide","max_absolute_error":2.1052072156635404e-05,"route":"mixed","route_index":0,"rows":4,"samples":1,"triplets_per_graph":1,"wall_us_per_triplet":1632.583}
M5_GROUP_ROUTE {"k":2560,"m":640,"rows":5,"assignments":50,"map_bytes":1400,"map_reused":false}
M5_GROUP_ROUTE {"k":2560,"m":640,"rows":5,"assignments":50,"map_bytes":1400,"map_reused":false}
M5_GROUP_ROUTE {"k":640,"m":2560,"rows":5,"assignments":50,"map_bytes":1400,"map_reused":false}
M5_GROUP_ROUTE {"k":2560,"m":640,"rows":5,"assignments":50,"map_bytes":1400,"map_reused":false}
M5_GROUP_ROUTE {"k":2560,"m":640,"rows":5,"assignments":50,"map_bytes":1400,"map_reused":false}
M5_GROUP_ROUTE {"k":640,"m":2560,"rows":5,"assignments":50,"map_bytes":1400,"map_reused":false}
M5_GROUP_ROUTE {"k":2560,"m":640,"rows":5,"assignments":50,"map_bytes":1400,"map_reused":false}
M5_GROUP_ROUTE {"k":2560,"m":640,"rows":5,"assignments":50,"map_bytes":1400,"map_reused":false}
M5_GROUP_ROUTE {"k":640,"m":2560,"rows":5,"assignments":50,"map_bytes":1400,"map_reused":false}
M5_GROUP_ROUTE {"k":2560,"m":640,"rows":5,"assignments":50,"map_bytes":1400,"map_reused":false}
M5_GROUP_ROUTE {"k":2560,"m":640,"rows":5,"assignments":50,"map_bytes":1400,"map_reused":false}
M5_GROUP_ROUTE {"k":640,"m":2560,"rows":5,"assignments":50,"map_bytes":1400,"map_reused":false}
M5_GROUP_ROUTE {"k":2560,"m":640,"rows":5,"assignments":50,"map_bytes":1400,"map_reused":false}
M5_GROUP_ROUTE {"k":2560,"m":640,"rows":5,"assignments":50,"map_bytes":1400,"map_reused":false}
M5_GROUP_ROUTE {"k":640,"m":2560,"rows":5,"assignments":50,"map_bytes":1400,"map_reused":false}
M5_GROUP_CASE {"cpu_nmse":4.120051939410162e-14,"distinct_experts":[13],"elements":192000,"input_ids_preserved":true,"layout":"plain","max_absolute_error":2.9968529791091214e-07,"route":"real","route_index":0,"rows":5,"samples":1,"triplets_per_graph":1,"wall_us_per_triplet":1997.167}
M5_GROUP_ROUTE {"k":2560,"m":640,"rows":5,"assignments":50,"map_bytes":1400,"map_reused":false}
M5_GROUP_ROUTE {"k":2560,"m":640,"rows":5,"assignments":50,"map_bytes":1400,"map_reused":false}
M5_GROUP_ROUTE {"k":640,"m":2560,"rows":5,"assignments":50,"map_bytes":1400,"map_reused":false}
M5_GROUP_ROUTE {"k":2560,"m":640,"rows":5,"assignments":50,"map_bytes":1400,"map_reused":false}
M5_GROUP_ROUTE {"k":2560,"m":640,"rows":5,"assignments":50,"map_bytes":1400,"map_reused":false}
M5_GROUP_ROUTE {"k":640,"m":2560,"rows":5,"assignments":50,"map_bytes":1400,"map_reused":false}
M5_GROUP_ROUTE {"k":2560,"m":640,"rows":5,"assignments":50,"map_bytes":1400,"map_reused":false}
M5_GROUP_ROUTE {"k":2560,"m":640,"rows":5,"assignments":50,"map_bytes":1400,"map_reused":false}
M5_GROUP_ROUTE {"k":640,"m":2560,"rows":5,"assignments":50,"map_bytes":1400,"map_reused":false}
M5_GROUP_ROUTE {"k":2560,"m":640,"rows":5,"assignments":50,"map_bytes":1400,"map_reused":false}
M5_GROUP_ROUTE {"k":2560,"m":640,"rows":5,"assignments":50,"map_bytes":1400,"map_reused":false}
M5_GROUP_ROUTE {"k":640,"m":2560,"rows":5,"assignments":50,"map_bytes":1400,"map_reused":false}
M5_GROUP_ROUTE {"k":2560,"m":640,"rows":5,"assignments":50,"map_bytes":1400,"map_reused":false}
M5_GROUP_ROUTE {"k":2560,"m":640,"rows":5,"assignments":50,"map_bytes":1400,"map_reused":false}
M5_GROUP_ROUTE {"k":640,"m":2560,"rows":5,"assignments":50,"map_bytes":1400,"map_reused":false}
M5_GROUP_CASE {"cpu_nmse":3.839399526893153e-14,"distinct_experts":[26],"elements":192000,"input_ids_preserved":true,"layout":"plain","max_absolute_error":2.759687394160437e-07,"route":"real","route_index":1,"rows":5,"samples":1,"triplets_per_graph":1,"wall_us_per_triplet":1016.833}
M5_GROUP_ROUTE {"k":2560,"m":640,"rows":5,"assignments":50,"map_bytes":1400,"map_reused":false}
M5_GROUP_ROUTE {"k":2560,"m":640,"rows":5,"assignments":50,"map_bytes":1400,"map_reused":false}
M5_GROUP_ROUTE {"k":640,"m":2560,"rows":5,"assignments":50,"map_bytes":1400,"map_reused":false}
M5_GROUP_ROUTE {"k":2560,"m":640,"rows":5,"assignments":50,"map_bytes":1400,"map_reused":false}
M5_GROUP_ROUTE {"k":2560,"m":640,"rows":5,"assignments":50,"map_bytes":1400,"map_reused":false}
M5_GROUP_ROUTE {"k":640,"m":2560,"rows":5,"assignments":50,"map_bytes":1400,"map_reused":false}
M5_GROUP_ROUTE {"k":2560,"m":640,"rows":5,"assignments":50,"map_bytes":1400,"map_reused":false}
M5_GROUP_ROUTE {"k":2560,"m":640,"rows":5,"assignments":50,"map_bytes":1400,"map_reused":false}
M5_GROUP_ROUTE {"k":640,"m":2560,"rows":5,"assignments":50,"map_bytes":1400,"map_reused":false}
M5_GROUP_ROUTE {"k":2560,"m":640,"rows":5,"assignments":50,"map_bytes":1400,"map_reused":false}
M5_GROUP_ROUTE {"k":2560,"m":640,"rows":5,"assignments":50,"map_bytes":1400,"map_reused":false}
M5_GROUP_ROUTE {"k":640,"m":2560,"rows":5,"assignments":50,"map_bytes":1400,"map_reused":false}
M5_GROUP_ROUTE {"k":2560,"m":640,"rows":5,"assignments":50,"map_bytes":1400,"map_reused":false}
M5_GROUP_ROUTE {"k":2560,"m":640,"rows":5,"assignments":50,"map_bytes":1400,"map_reused":false}
M5_GROUP_ROUTE {"k":640,"m":2560,"rows":5,"assignments":50,"map_bytes":1400,"map_reused":false}
M5_GROUP_CASE {"cpu_nmse":3.873786066930605e-14,"distinct_experts":[29],"elements":192000,"input_ids_preserved":true,"layout":"plain","max_absolute_error":2.7760159060363776e-07,"route":"real","route_index":2,"rows":5,"samples":1,"triplets_per_graph":1,"wall_us_per_triplet":1009.208}
M5_GROUP_ROUTE {"k":2560,"m":640,"rows":5,"assignments":50,"map_bytes":1400,"map_reused":false}
M5_GROUP_ROUTE {"k":2560,"m":640,"rows":5,"assignments":50,"map_bytes":1400,"map_reused":false}
M5_GROUP_ROUTE {"k":640,"m":2560,"rows":5,"assignments":50,"map_bytes":1400,"map_reused":false}
M5_GROUP_ROUTE {"k":2560,"m":640,"rows":5,"assignments":50,"map_bytes":1400,"map_reused":false}
M5_GROUP_ROUTE {"k":2560,"m":640,"rows":5,"assignments":50,"map_bytes":1400,"map_reused":false}
M5_GROUP_ROUTE {"k":640,"m":2560,"rows":5,"assignments":50,"map_bytes":1400,"map_reused":false}
M5_GROUP_ROUTE {"k":2560,"m":640,"rows":5,"assignments":50,"map_bytes":1400,"map_reused":false}
M5_GROUP_ROUTE {"k":2560,"m":640,"rows":5,"assignments":50,"map_bytes":1400,"map_reused":false}
M5_GROUP_ROUTE {"k":640,"m":2560,"rows":5,"assignments":50,"map_bytes":1400,"map_reused":false}
M5_GROUP_ROUTE {"k":2560,"m":640,"rows":5,"assignments":50,"map_bytes":1400,"map_reused":false}
M5_GROUP_ROUTE {"k":2560,"m":640,"rows":5,"assignments":50,"map_bytes":1400,"map_reused":false}
M5_GROUP_ROUTE {"k":640,"m":2560,"rows":5,"assignments":50,"map_bytes":1400,"map_reused":false}
M5_GROUP_ROUTE {"k":2560,"m":640,"rows":5,"assignments":50,"map_bytes":1400,"map_reused":false}
M5_GROUP_ROUTE {"k":2560,"m":640,"rows":5,"assignments":50,"map_bytes":1400,"map_reused":false}
M5_GROUP_ROUTE {"k":640,"m":2560,"rows":5,"assignments":50,"map_bytes":1400,"map_reused":false}
M5_GROUP_CASE {"cpu_nmse":3.8884270816865e-14,"distinct_experts":[31],"elements":192000,"input_ids_preserved":true,"layout":"plain","max_absolute_error":2.7658277024222855e-07,"route":"real","route_index":3,"rows":5,"samples":1,"triplets_per_graph":1,"wall_us_per_triplet":1119.125}
M5_GROUP_ROUTE {"k":2560,"m":640,"rows":5,"assignments":50,"map_bytes":1400,"map_reused":false}
M5_GROUP_ROUTE {"k":2560,"m":640,"rows":5,"assignments":50,"map_bytes":1400,"map_reused":false}
M5_GROUP_ROUTE {"k":640,"m":2560,"rows":5,"assignments":50,"map_bytes":1400,"map_reused":false}
M5_GROUP_ROUTE {"k":2560,"m":640,"rows":5,"assignments":50,"map_bytes":1400,"map_reused":false}
M5_GROUP_ROUTE {"k":2560,"m":640,"rows":5,"assignments":50,"map_bytes":1400,"map_reused":false}
M5_GROUP_ROUTE {"k":640,"m":2560,"rows":5,"assignments":50,"map_bytes":1400,"map_reused":false}
M5_GROUP_ROUTE {"k":2560,"m":640,"rows":5,"assignments":50,"map_bytes":1400,"map_reused":false}
M5_GROUP_ROUTE {"k":2560,"m":640,"rows":5,"assignments":50,"map_bytes":1400,"map_reused":false}
M5_GROUP_ROUTE {"k":640,"m":2560,"rows":5,"assignments":50,"map_bytes":1400,"map_reused":false}
M5_GROUP_ROUTE {"k":2560,"m":640,"rows":5,"assignments":50,"map_bytes":1400,"map_reused":false}
M5_GROUP_ROUTE {"k":2560,"m":640,"rows":5,"assignments":50,"map_bytes":1400,"map_reused":false}
M5_GROUP_ROUTE {"k":640,"m":2560,"rows":5,"assignments":50,"map_bytes":1400,"map_reused":false}
M5_GROUP_ROUTE {"k":2560,"m":640,"rows":5,"assignments":50,"map_bytes":1400,"map_reused":false}
M5_GROUP_ROUTE {"k":2560,"m":640,"rows":5,"assignments":50,"map_bytes":1400,"map_reused":false}
M5_GROUP_ROUTE {"k":640,"m":2560,"rows":5,"assignments":50,"map_bytes":1400,"map_reused":false}
M5_GROUP_CASE {"cpu_nmse":3.716236462343922e-14,"distinct_experts":[34],"elements":192000,"input_ids_preserved":true,"layout":"plain","max_absolute_error":2.914020535982331e-07,"route":"real","route_index":4,"rows":5,"samples":1,"triplets_per_graph":1,"wall_us_per_triplet":1188.292}
M5_GROUP_ROUTE {"k":2560,"m":640,"rows":5,"assignments":50,"map_bytes":1400,"map_reused":false}
M5_GROUP_ROUTE {"k":2560,"m":640,"rows":5,"assignments":50,"map_bytes":1400,"map_reused":false}
M5_GROUP_ROUTE {"k":640,"m":2560,"rows":5,"assignments":50,"map_bytes":1400,"map_reused":false}
M5_GROUP_ROUTE {"k":2560,"m":640,"rows":5,"assignments":50,"map_bytes":1400,"map_reused":false}
M5_GROUP_ROUTE {"k":2560,"m":640,"rows":5,"assignments":50,"map_bytes":1400,"map_reused":false}
M5_GROUP_ROUTE {"k":640,"m":2560,"rows":5,"assignments":50,"map_bytes":1400,"map_reused":false}
M5_GROUP_ROUTE {"k":2560,"m":640,"rows":5,"assignments":50,"map_bytes":1400,"map_reused":false}
M5_GROUP_ROUTE {"k":2560,"m":640,"rows":5,"assignments":50,"map_bytes":1400,"map_reused":false}
M5_GROUP_ROUTE {"k":640,"m":2560,"rows":5,"assignments":50,"map_bytes":1400,"map_reused":false}
M5_GROUP_ROUTE {"k":2560,"m":640,"rows":5,"assignments":50,"map_bytes":1400,"map_reused":false}
M5_GROUP_ROUTE {"k":2560,"m":640,"rows":5,"assignments":50,"map_bytes":1400,"map_reused":false}
M5_GROUP_ROUTE {"k":640,"m":2560,"rows":5,"assignments":50,"map_bytes":1400,"map_reused":false}
M5_GROUP_ROUTE {"k":2560,"m":640,"rows":5,"assignments":50,"map_bytes":1400,"map_reused":false}
M5_GROUP_ROUTE {"k":2560,"m":640,"rows":5,"assignments":50,"map_bytes":1400,"map_reused":false}
M5_GROUP_ROUTE {"k":640,"m":2560,"rows":5,"assignments":50,"map_bytes":1400,"map_reused":false}
M5_GROUP_CASE {"cpu_nmse":3.671849024909501e-14,"distinct_experts":[36],"elements":192000,"input_ids_preserved":true,"layout":"plain","max_absolute_error":2.989888479021374e-07,"route":"real","route_index":5,"rows":5,"samples":1,"triplets_per_graph":1,"wall_us_per_triplet":1091.209}
M5_GROUP_ROUTE {"k":2560,"m":640,"rows":5,"assignments":50,"map_bytes":1400,"map_reused":false}
M5_GROUP_ROUTE {"k":2560,"m":640,"rows":5,"assignments":50,"map_bytes":1400,"map_reused":false}
M5_GROUP_ROUTE {"k":640,"m":2560,"rows":5,"assignments":50,"map_bytes":1400,"map_reused":false}
M5_GROUP_ROUTE {"k":2560,"m":640,"rows":5,"assignments":50,"map_bytes":1400,"map_reused":false}
M5_GROUP_ROUTE {"k":2560,"m":640,"rows":5,"assignments":50,"map_bytes":1400,"map_reused":false}
M5_GROUP_ROUTE {"k":640,"m":2560,"rows":5,"assignments":50,"map_bytes":1400,"map_reused":false}
M5_GROUP_ROUTE {"k":2560,"m":640,"rows":5,"assignments":50,"map_bytes":1400,"map_reused":false}
M5_GROUP_ROUTE {"k":2560,"m":640,"rows":5,"assignments":50,"map_bytes":1400,"map_reused":false}
M5_GROUP_ROUTE {"k":640,"m":2560,"rows":5,"assignments":50,"map_bytes":1400,"map_reused":false}
M5_GROUP_ROUTE {"k":2560,"m":640,"rows":5,"assignments":50,"map_bytes":1400,"map_reused":false}
M5_GROUP_ROUTE {"k":2560,"m":640,"rows":5,"assignments":50,"map_bytes":1400,"map_reused":false}
M5_GROUP_ROUTE {"k":640,"m":2560,"rows":5,"assignments":50,"map_bytes":1400,"map_reused":false}
M5_GROUP_ROUTE {"k":2560,"m":640,"rows":5,"assignments":50,"map_bytes":1400,"map_reused":false}
M5_GROUP_ROUTE {"k":2560,"m":640,"rows":5,"assignments":50,"map_bytes":1400,"map_reused":false}
M5_GROUP_ROUTE {"k":640,"m":2560,"rows":5,"assignments":50,"map_bytes":1400,"map_reused":false}
M5_GROUP_CASE {"cpu_nmse":3.508843487327681e-14,"distinct_experts":[40],"elements":192000,"input_ids_preserved":true,"layout":"plain","max_absolute_error":2.721160434759895e-07,"route":"real","route_index":6,"rows":5,"samples":1,"triplets_per_graph":1,"wall_us_per_triplet":813.167}
M5_GROUP_ROUTE {"k":2560,"m":640,"rows":5,"assignments":50,"map_bytes":1400,"map_reused":false}
M5_GROUP_ROUTE {"k":2560,"m":640,"rows":5,"assignments":50,"map_bytes":1400,"map_reused":false}
M5_GROUP_ROUTE {"k":640,"m":2560,"rows":5,"assignments":50,"map_bytes":1400,"map_reused":false}
M5_GROUP_ROUTE {"k":2560,"m":640,"rows":5,"assignments":50,"map_bytes":1400,"map_reused":false}
M5_GROUP_ROUTE {"k":2560,"m":640,"rows":5,"assignments":50,"map_bytes":1400,"map_reused":false}
M5_GROUP_ROUTE {"k":640,"m":2560,"rows":5,"assignments":50,"map_bytes":1400,"map_reused":false}
M5_GROUP_ROUTE {"k":2560,"m":640,"rows":5,"assignments":50,"map_bytes":1400,"map_reused":false}
M5_GROUP_ROUTE {"k":2560,"m":640,"rows":5,"assignments":50,"map_bytes":1400,"map_reused":false}
M5_GROUP_ROUTE {"k":640,"m":2560,"rows":5,"assignments":50,"map_bytes":1400,"map_reused":false}
M5_GROUP_ROUTE {"k":2560,"m":640,"rows":5,"assignments":50,"map_bytes":1400,"map_reused":false}
M5_GROUP_ROUTE {"k":2560,"m":640,"rows":5,"assignments":50,"map_bytes":1400,"map_reused":false}
M5_GROUP_ROUTE {"k":640,"m":2560,"rows":5,"assignments":50,"map_bytes":1400,"map_reused":false}
M5_GROUP_ROUTE {"k":2560,"m":640,"rows":5,"assignments":50,"map_bytes":1400,"map_reused":false}
M5_GROUP_ROUTE {"k":2560,"m":640,"rows":5,"assignments":50,"map_bytes":1400,"map_reused":false}
M5_GROUP_ROUTE {"k":640,"m":2560,"rows":5,"assignments":50,"map_bytes":1400,"map_reused":false}
M5_GROUP_CASE {"cpu_nmse":3.3433298951495393e-14,"distinct_experts":[50],"elements":192000,"input_ids_preserved":true,"layout":"plain","max_absolute_error":2.9620588870571396e-07,"route":"real","route_index":7,"rows":5,"samples":1,"triplets_per_graph":1,"wall_us_per_triplet":2016.042}
M5_GROUP_ROUTE {"k":2560,"m":640,"rows":5,"assignments":50,"map_bytes":1400,"map_reused":false}
M5_GROUP_ROUTE {"k":2560,"m":640,"rows":5,"assignments":50,"map_bytes":1400,"map_reused":false}
M5_GROUP_ROUTE {"k":640,"m":2560,"rows":5,"assignments":50,"map_bytes":1400,"map_reused":false}
M5_GROUP_ROUTE {"k":2560,"m":640,"rows":5,"assignments":50,"map_bytes":1400,"map_reused":false}
M5_GROUP_ROUTE {"k":2560,"m":640,"rows":5,"assignments":50,"map_bytes":1400,"map_reused":false}
M5_GROUP_ROUTE {"k":640,"m":2560,"rows":5,"assignments":50,"map_bytes":1400,"map_reused":false}
M5_GROUP_ROUTE {"k":2560,"m":640,"rows":5,"assignments":50,"map_bytes":1400,"map_reused":false}
M5_GROUP_ROUTE {"k":2560,"m":640,"rows":5,"assignments":50,"map_bytes":1400,"map_reused":false}
M5_GROUP_ROUTE {"k":640,"m":2560,"rows":5,"assignments":50,"map_bytes":1400,"map_reused":false}
M5_GROUP_ROUTE {"k":2560,"m":640,"rows":5,"assignments":50,"map_bytes":1400,"map_reused":false}
M5_GROUP_ROUTE {"k":2560,"m":640,"rows":5,"assignments":50,"map_bytes":1400,"map_reused":false}
M5_GROUP_ROUTE {"k":640,"m":2560,"rows":5,"assignments":50,"map_bytes":1400,"map_reused":false}
M5_GROUP_ROUTE {"k":2560,"m":640,"rows":5,"assignments":50,"map_bytes":1400,"map_reused":false}
M5_GROUP_ROUTE {"k":2560,"m":640,"rows":5,"assignments":50,"map_bytes":1400,"map_reused":false}
M5_GROUP_ROUTE {"k":640,"m":2560,"rows":5,"assignments":50,"map_bytes":1400,"map_reused":false}
M5_GROUP_CASE {"cpu_nmse":3.285660397790196e-14,"distinct_experts":[50],"elements":192000,"input_ids_preserved":true,"layout":"plain","max_absolute_error":2.7654375639452056e-07,"route":"distinct","route_index":0,"rows":5,"samples":1,"triplets_per_graph":1,"wall_us_per_triplet":2032.583}
M5_GROUP_ROUTE {"k":2560,"m":640,"rows":5,"assignments":50,"map_bytes":1400,"map_reused":false}
M5_GROUP_ROUTE {"k":2560,"m":640,"rows":5,"assignments":50,"map_bytes":1400,"map_reused":false}
M5_GROUP_ROUTE {"k":640,"m":2560,"rows":5,"assignments":50,"map_bytes":1400,"map_reused":false}
M5_GROUP_ROUTE {"k":2560,"m":640,"rows":5,"assignments":50,"map_bytes":1400,"map_reused":false}
M5_GROUP_ROUTE {"k":2560,"m":640,"rows":5,"assignments":50,"map_bytes":1400,"map_reused":false}
M5_GROUP_ROUTE {"k":640,"m":2560,"rows":5,"assignments":50,"map_bytes":1400,"map_reused":false}
M5_GROUP_ROUTE {"k":2560,"m":640,"rows":5,"assignments":50,"map_bytes":1400,"map_reused":false}
M5_GROUP_ROUTE {"k":2560,"m":640,"rows":5,"assignments":50,"map_bytes":1400,"map_reused":false}
M5_GROUP_ROUTE {"k":640,"m":2560,"rows":5,"assignments":50,"map_bytes":1400,"map_reused":false}
M5_GROUP_ROUTE {"k":2560,"m":640,"rows":5,"assignments":50,"map_bytes":1400,"map_reused":false}
M5_GROUP_ROUTE {"k":2560,"m":640,"rows":5,"assignments":50,"map_bytes":1400,"map_reused":false}
M5_GROUP_ROUTE {"k":640,"m":2560,"rows":5,"assignments":50,"map_bytes":1400,"map_reused":false}
M5_GROUP_ROUTE {"k":2560,"m":640,"rows":5,"assignments":50,"map_bytes":1400,"map_reused":false}
M5_GROUP_ROUTE {"k":2560,"m":640,"rows":5,"assignments":50,"map_bytes":1400,"map_reused":false}
M5_GROUP_ROUTE {"k":640,"m":2560,"rows":5,"assignments":50,"map_bytes":1400,"map_reused":false}
M5_GROUP_CASE {"cpu_nmse":4.135335902044831e-14,"distinct_experts":[10],"elements":192000,"input_ids_preserved":true,"layout":"plain","max_absolute_error":2.9025725822862114e-07,"route":"shared","route_index":0,"rows":5,"samples":1,"triplets_per_graph":1,"wall_us_per_triplet":2463.5}
M5_GROUP_ROUTE {"k":2560,"m":640,"rows":5,"assignments":50,"map_bytes":1400,"map_reused":false}
M5_GROUP_ROUTE {"k":2560,"m":640,"rows":5,"assignments":50,"map_bytes":1400,"map_reused":false}
M5_GROUP_ROUTE {"k":640,"m":2560,"rows":5,"assignments":50,"map_bytes":1400,"map_reused":false}
M5_GROUP_ROUTE {"k":2560,"m":640,"rows":5,"assignments":50,"map_bytes":1400,"map_reused":false}
M5_GROUP_ROUTE {"k":2560,"m":640,"rows":5,"assignments":50,"map_bytes":1400,"map_reused":false}
M5_GROUP_ROUTE {"k":640,"m":2560,"rows":5,"assignments":50,"map_bytes":1400,"map_reused":false}
M5_GROUP_ROUTE {"k":2560,"m":640,"rows":5,"assignments":50,"map_bytes":1400,"map_reused":false}
M5_GROUP_ROUTE {"k":2560,"m":640,"rows":5,"assignments":50,"map_bytes":1400,"map_reused":false}
M5_GROUP_ROUTE {"k":640,"m":2560,"rows":5,"assignments":50,"map_bytes":1400,"map_reused":false}
M5_GROUP_ROUTE {"k":2560,"m":640,"rows":5,"assignments":50,"map_bytes":1400,"map_reused":false}
M5_GROUP_ROUTE {"k":2560,"m":640,"rows":5,"assignments":50,"map_bytes":1400,"map_reused":false}
M5_GROUP_ROUTE {"k":640,"m":2560,"rows":5,"assignments":50,"map_bytes":1400,"map_reused":false}
M5_GROUP_ROUTE {"k":2560,"m":640,"rows":5,"assignments":50,"map_bytes":1400,"map_reused":false}
M5_GROUP_ROUTE {"k":2560,"m":640,"rows":5,"assignments":50,"map_bytes":1400,"map_reused":false}
M5_GROUP_ROUTE {"k":640,"m":2560,"rows":5,"assignments":50,"map_bytes":1400,"map_reused":false}
M5_GROUP_CASE {"cpu_nmse":4.12663023965632e-14,"distinct_experts":[1],"elements":192000,"input_ids_preserved":true,"layout":"plain","max_absolute_error":2.6050182988512915e-07,"route":"duplicate","route_index":0,"rows":5,"samples":1,"triplets_per_graph":1,"wall_us_per_triplet":1258.75}
M5_GROUP_ROUTE {"k":2560,"m":640,"rows":5,"assignments":50,"map_bytes":1400,"map_reused":false}
M5_GROUP_ROUTE {"k":2560,"m":640,"rows":5,"assignments":50,"map_bytes":1400,"map_reused":false}
M5_GROUP_ROUTE {"k":640,"m":2560,"rows":5,"assignments":50,"map_bytes":1400,"map_reused":false}
M5_GROUP_ROUTE {"k":2560,"m":640,"rows":5,"assignments":50,"map_bytes":1400,"map_reused":false}
M5_GROUP_ROUTE {"k":2560,"m":640,"rows":5,"assignments":50,"map_bytes":1400,"map_reused":false}
M5_GROUP_ROUTE {"k":640,"m":2560,"rows":5,"assignments":50,"map_bytes":1400,"map_reused":false}
M5_GROUP_ROUTE {"k":2560,"m":640,"rows":5,"assignments":50,"map_bytes":1400,"map_reused":false}
M5_GROUP_ROUTE {"k":2560,"m":640,"rows":5,"assignments":50,"map_bytes":1400,"map_reused":false}
M5_GROUP_ROUTE {"k":640,"m":2560,"rows":5,"assignments":50,"map_bytes":1400,"map_reused":false}
M5_GROUP_ROUTE {"k":2560,"m":640,"rows":5,"assignments":50,"map_bytes":1400,"map_reused":false}
M5_GROUP_ROUTE {"k":2560,"m":640,"rows":5,"assignments":50,"map_bytes":1400,"map_reused":false}
M5_GROUP_ROUTE {"k":640,"m":2560,"rows":5,"assignments":50,"map_bytes":1400,"map_reused":false}
M5_GROUP_ROUTE {"k":2560,"m":640,"rows":5,"assignments":50,"map_bytes":1400,"map_reused":false}
M5_GROUP_ROUTE {"k":2560,"m":640,"rows":5,"assignments":50,"map_bytes":1400,"map_reused":false}
M5_GROUP_ROUTE {"k":640,"m":2560,"rows":5,"assignments":50,"map_bytes":1400,"map_reused":false}
M5_GROUP_CASE {"cpu_nmse":3.6966316651774134e-14,"distinct_experts":[30],"elements":192000,"input_ids_preserved":true,"layout":"plain","max_absolute_error":2.9025725822862114e-07,"route":"mixed","route_index":0,"rows":5,"samples":1,"triplets_per_graph":1,"wall_us_per_triplet":1243.209}
M5_GROUP_ROUTE {"k":2560,"m":640,"rows":5,"assignments":50,"map_bytes":1400,"map_reused":false}
M5_GROUP_ROUTE {"k":2560,"m":640,"rows":5,"assignments":50,"map_bytes":1400,"map_reused":false}
M5_GROUP_ROUTE {"k":640,"m":2560,"rows":5,"assignments":50,"map_bytes":1400,"map_reused":false}
M5_GROUP_ROUTE {"k":2560,"m":640,"rows":5,"assignments":50,"map_bytes":1400,"map_reused":false}
M5_GROUP_ROUTE {"k":2560,"m":640,"rows":5,"assignments":50,"map_bytes":1400,"map_reused":false}
M5_GROUP_ROUTE {"k":640,"m":2560,"rows":5,"assignments":50,"map_bytes":1400,"map_reused":false}
M5_GROUP_ROUTE {"k":2560,"m":640,"rows":5,"assignments":50,"map_bytes":1400,"map_reused":false}
M5_GROUP_ROUTE {"k":2560,"m":640,"rows":5,"assignments":50,"map_bytes":1400,"map_reused":false}
M5_GROUP_ROUTE {"k":640,"m":2560,"rows":5,"assignments":50,"map_bytes":1400,"map_reused":false}
M5_GROUP_ROUTE {"k":2560,"m":640,"rows":5,"assignments":50,"map_bytes":1400,"map_reused":false}
M5_GROUP_ROUTE {"k":2560,"m":640,"rows":5,"assignments":50,"map_bytes":1400,"map_reused":false}
M5_GROUP_ROUTE {"k":640,"m":2560,"rows":5,"assignments":50,"map_bytes":1400,"map_reused":false}
M5_GROUP_ROUTE {"k":2560,"m":640,"rows":5,"assignments":50,"map_bytes":1400,"map_reused":false}
M5_GROUP_ROUTE {"k":2560,"m":640,"rows":5,"assignments":50,"map_bytes":1400,"map_reused":false}
M5_GROUP_ROUTE {"k":640,"m":2560,"rows":5,"assignments":50,"map_bytes":1400,"map_reused":false}
M5_GROUP_CASE {"cpu_nmse":3.6966316651774134e-14,"distinct_experts":[30],"elements":192000,"input_ids_preserved":true,"layout":"input-strided","max_absolute_error":2.9025725822862114e-07,"route":"mixed","route_index":0,"rows":5,"samples":1,"triplets_per_graph":1,"wall_us_per_triplet":1117.916}
M5_GROUP_ROUTE {"k":2560,"m":640,"rows":5,"assignments":50,"map_bytes":1400,"map_reused":false}
M5_GROUP_ROUTE {"k":2560,"m":640,"rows":5,"assignments":50,"map_bytes":1400,"map_reused":false}
M5_GROUP_ROUTE {"k":640,"m":2560,"rows":5,"assignments":50,"map_bytes":1400,"map_reused":false}
M5_GROUP_ROUTE {"k":2560,"m":640,"rows":5,"assignments":50,"map_bytes":1400,"map_reused":false}
M5_GROUP_ROUTE {"k":2560,"m":640,"rows":5,"assignments":50,"map_bytes":1400,"map_reused":false}
M5_GROUP_ROUTE {"k":640,"m":2560,"rows":5,"assignments":50,"map_bytes":1400,"map_reused":false}
M5_GROUP_ROUTE {"k":2560,"m":640,"rows":5,"assignments":50,"map_bytes":1400,"map_reused":false}
M5_GROUP_ROUTE {"k":2560,"m":640,"rows":5,"assignments":50,"map_bytes":1400,"map_reused":false}
M5_GROUP_ROUTE {"k":640,"m":2560,"rows":5,"assignments":50,"map_bytes":1400,"map_reused":false}
M5_GROUP_ROUTE {"k":2560,"m":640,"rows":5,"assignments":50,"map_bytes":1400,"map_reused":false}
M5_GROUP_ROUTE {"k":2560,"m":640,"rows":5,"assignments":50,"map_bytes":1400,"map_reused":false}
M5_GROUP_ROUTE {"k":640,"m":2560,"rows":5,"assignments":50,"map_bytes":1400,"map_reused":false}
M5_GROUP_ROUTE {"k":2560,"m":640,"rows":5,"assignments":50,"map_bytes":1400,"map_reused":false}
M5_GROUP_ROUTE {"k":2560,"m":640,"rows":5,"assignments":50,"map_bytes":1400,"map_reused":false}
M5_GROUP_ROUTE {"k":640,"m":2560,"rows":5,"assignments":50,"map_bytes":1400,"map_reused":false}
M5_GROUP_CASE {"cpu_nmse":3.6966316651774134e-14,"distinct_experts":[30],"elements":192000,"input_ids_preserved":true,"layout":"ids-contiguous","max_absolute_error":2.9025725822862114e-07,"route":"mixed","route_index":0,"rows":5,"samples":1,"triplets_per_graph":1,"wall_us_per_triplet":1960.709}
M5_GROUP_ROUTE {"k":2560,"m":640,"rows":5,"assignments":50,"map_bytes":1400,"map_reused":false}
M5_GROUP_ROUTE {"k":2560,"m":640,"rows":5,"assignments":50,"map_bytes":1400,"map_reused":false}
M5_GROUP_ROUTE {"k":640,"m":2560,"rows":5,"assignments":50,"map_bytes":1400,"map_reused":false}
M5_GROUP_ROUTE {"k":2560,"m":640,"rows":5,"assignments":50,"map_bytes":1400,"map_reused":false}
M5_GROUP_ROUTE {"k":2560,"m":640,"rows":5,"assignments":50,"map_bytes":1400,"map_reused":false}
M5_GROUP_ROUTE {"k":640,"m":2560,"rows":5,"assignments":50,"map_bytes":1400,"map_reused":false}
M5_GROUP_ROUTE {"k":2560,"m":640,"rows":5,"assignments":50,"map_bytes":1400,"map_reused":false}
M5_GROUP_ROUTE {"k":2560,"m":640,"rows":5,"assignments":50,"map_bytes":1400,"map_reused":false}
M5_GROUP_ROUTE {"k":640,"m":2560,"rows":5,"assignments":50,"map_bytes":1400,"map_reused":false}
M5_GROUP_ROUTE {"k":2560,"m":640,"rows":5,"assignments":50,"map_bytes":1400,"map_reused":false}
M5_GROUP_ROUTE {"k":2560,"m":640,"rows":5,"assignments":50,"map_bytes":1400,"map_reused":false}
M5_GROUP_ROUTE {"k":640,"m":2560,"rows":5,"assignments":50,"map_bytes":1400,"map_reused":false}
M5_GROUP_ROUTE {"k":2560,"m":640,"rows":5,"assignments":50,"map_bytes":1400,"map_reused":false}
M5_GROUP_ROUTE {"k":2560,"m":640,"rows":5,"assignments":50,"map_bytes":1400,"map_reused":false}
M5_GROUP_ROUTE {"k":640,"m":2560,"rows":5,"assignments":50,"map_bytes":1400,"map_reused":false}
M5_GROUP_CASE {"cpu_nmse":3.6966316651774134e-14,"distinct_experts":[30],"elements":192000,"input_ids_preserved":true,"layout":"ids-offset","max_absolute_error":2.9025725822862114e-07,"route":"mixed","route_index":0,"rows":5,"samples":1,"triplets_per_graph":1,"wall_us_per_triplet":1155.666}
M5_GROUP_CASE {"cpu_nmse":3.3430988911140765e-14,"distinct_experts":[30],"elements":192000,"input_ids_preserved":true,"layout":"weights-strided","max_absolute_error":2.9574419180278255e-07,"route":"mixed","route_index":0,"rows":5,"samples":1,"triplets_per_graph":1,"wall_us_per_triplet":1365.458}
M5_GROUP_ROUTE {"k":2560,"m":640,"rows":5,"assignments":50,"map_bytes":1400,"map_reused":false}
M5_GROUP_ROUTE {"k":2560,"m":640,"rows":5,"assignments":50,"map_bytes":1400,"map_reused":false}
M5_GROUP_ROUTE {"k":640,"m":2560,"rows":5,"assignments":50,"map_bytes":1400,"map_reused":false}
M5_GROUP_ROUTE {"k":2560,"m":640,"rows":5,"assignments":50,"map_bytes":1400,"map_reused":false}
M5_GROUP_ROUTE {"k":2560,"m":640,"rows":5,"assignments":50,"map_bytes":1400,"map_reused":false}
M5_GROUP_ROUTE {"k":640,"m":2560,"rows":5,"assignments":50,"map_bytes":1400,"map_reused":false}
M5_GROUP_ROUTE {"k":2560,"m":640,"rows":5,"assignments":50,"map_bytes":1400,"map_reused":false}
M5_GROUP_ROUTE {"k":2560,"m":640,"rows":5,"assignments":50,"map_bytes":1400,"map_reused":false}
M5_GROUP_ROUTE {"k":640,"m":2560,"rows":5,"assignments":50,"map_bytes":1400,"map_reused":false}
M5_GROUP_ROUTE {"k":2560,"m":640,"rows":5,"assignments":50,"map_bytes":1400,"map_reused":false}
M5_GROUP_ROUTE {"k":2560,"m":640,"rows":5,"assignments":50,"map_bytes":1400,"map_reused":false}
M5_GROUP_ROUTE {"k":640,"m":2560,"rows":5,"assignments":50,"map_bytes":1400,"map_reused":false}
M5_GROUP_ROUTE {"k":2560,"m":640,"rows":5,"assignments":50,"map_bytes":1400,"map_reused":false}
M5_GROUP_ROUTE {"k":2560,"m":640,"rows":5,"assignments":50,"map_bytes":1400,"map_reused":false}
M5_GROUP_ROUTE {"k":640,"m":2560,"rows":5,"assignments":50,"map_bytes":1400,"map_reused":false}
M5_GROUP_CASE {"cpu_nmse":2.5658140720666283e-14,"distinct_experts":[30],"elements":192000,"input_ids_preserved":true,"layout":"cancel","max_absolute_error":3.878449206240475e-07,"route":"mixed","route_index":0,"rows":5,"samples":1,"triplets_per_graph":1,"wall_us_per_triplet":1988.917}
M5_GROUP_ROUTE {"k":2560,"m":640,"rows":5,"assignments":50,"map_bytes":1400,"map_reused":false}
M5_GROUP_ROUTE {"k":2560,"m":640,"rows":5,"assignments":50,"map_bytes":1400,"map_reused":false}
M5_GROUP_ROUTE {"k":640,"m":2560,"rows":5,"assignments":50,"map_bytes":1400,"map_reused":false}
M5_GROUP_ROUTE {"k":2560,"m":640,"rows":5,"assignments":50,"map_bytes":1400,"map_reused":false}
M5_GROUP_ROUTE {"k":2560,"m":640,"rows":5,"assignments":50,"map_bytes":1400,"map_reused":false}
M5_GROUP_ROUTE {"k":640,"m":2560,"rows":5,"assignments":50,"map_bytes":1400,"map_reused":false}
M5_GROUP_ROUTE {"k":2560,"m":640,"rows":5,"assignments":50,"map_bytes":1400,"map_reused":false}
M5_GROUP_ROUTE {"k":2560,"m":640,"rows":5,"assignments":50,"map_bytes":1400,"map_reused":false}
M5_GROUP_ROUTE {"k":640,"m":2560,"rows":5,"assignments":50,"map_bytes":1400,"map_reused":false}
M5_GROUP_ROUTE {"k":2560,"m":640,"rows":5,"assignments":50,"map_bytes":1400,"map_reused":false}
M5_GROUP_ROUTE {"k":2560,"m":640,"rows":5,"assignments":50,"map_bytes":1400,"map_reused":false}
M5_GROUP_ROUTE {"k":640,"m":2560,"rows":5,"assignments":50,"map_bytes":1400,"map_reused":false}
M5_GROUP_ROUTE {"k":2560,"m":640,"rows":5,"assignments":50,"map_bytes":1400,"map_reused":false}
M5_GROUP_ROUTE {"k":2560,"m":640,"rows":5,"assignments":50,"map_bytes":1400,"map_reused":false}
M5_GROUP_ROUTE {"k":640,"m":2560,"rows":5,"assignments":50,"map_bytes":1400,"map_reused":false}
M5_GROUP_CASE {"cpu_nmse":1.9890408290013463e-14,"distinct_experts":[30],"elements":192000,"input_ids_preserved":true,"layout":"wide","max_absolute_error":2.236138591271697e-05,"route":"mixed","route_index":0,"rows":5,"samples":1,"triplets_per_graph":1,"wall_us_per_triplet":2052.709}
M5_GROUP_ROUTE {"k":2560,"m":640,"rows":4,"assignments":40,"map_bytes":1120,"map_reused":false}
M5_GROUP_ROUTE {"k":2560,"m":640,"rows":4,"assignments":40,"map_bytes":1120,"map_reused":false}
M5_GROUP_ROUTE {"k":640,"m":2560,"rows":4,"assignments":40,"map_bytes":1120,"map_reused":false}
ggml_metal_library_compile_pipeline: compiling pipeline: base = 'kernel_bin_fuse_f32_f32_f32', name = 'kernel_bin_fuse_f32_f32_f32_op=2_nf=1_rb=0_cb=1'
ggml_metal_library_compile_pipeline: loaded kernel_bin_fuse_f32_f32_f32_op=2_nf=1_rb=0_cb=1     0x7b692e9500 | th_max = 1024 | th_width =   32
ggml_metal_library_compile_pipeline: compiling pipeline: base = 'kernel_bin_fuse_f32_f32_f32_4', name = 'kernel_bin_fuse_f32_f32_f32_4_op=0_nf=7_rb=0_cb=0'
ggml_metal_library_compile_pipeline: loaded kernel_bin_fuse_f32_f32_f32_4_op=0_nf=7_rb=0_cb=0     0x7b692e9880 | th_max = 1024 | th_width =   32
ggml_metal_library_compile_pipeline: compiling pipeline: base = 'kernel_bin_fuse_f32_f32_f32_4', name = 'kernel_bin_fuse_f32_f32_f32_4_op=0_nf=2_rb=0_cb=0'
ggml_metal_library_compile_pipeline: loaded kernel_bin_fuse_f32_f32_f32_4_op=0_nf=2_rb=0_cb=0     0x7b692e9c00 | th_max = 1024 | th_width =   32
ggml_metal_library_compile_pipeline: compiling pipeline: base = 'kernel_bin_fuse_f32_f32_f32_4', name = 'kernel_bin_fuse_f32_f32_f32_4_op=0_nf=1_rb=0_cb=0'
ggml_metal_library_compile_pipeline: loaded kernel_bin_fuse_f32_f32_f32_4_op=0_nf=1_rb=0_cb=0     0x7b692e9f80 | th_max = 1024 | th_width =   32
M5_GROUP_ROUTE {"k":2560,"m":640,"rows":4,"assignments":40,"map_bytes":1120,"map_reused":false}
M5_GROUP_ROUTE {"k":2560,"m":640,"rows":4,"assignments":40,"map_bytes":1120,"map_reused":false}
M5_GROUP_ROUTE {"k":640,"m":2560,"rows":4,"assignments":40,"map_bytes":1120,"map_reused":false}
M5_GROUP_ROUTE {"k":2560,"m":640,"rows":4,"assignments":40,"map_bytes":1120,"map_reused":false}
M5_GROUP_ROUTE {"k":2560,"m":640,"rows":4,"assignments":40,"map_bytes":1120,"map_reused":false}
M5_GROUP_ROUTE {"k":640,"m":2560,"rows":4,"assignments":40,"map_bytes":1120,"map_reused":false}
M5_GROUP_ROUTE {"k":2560,"m":640,"rows":4,"assignments":40,"map_bytes":1120,"map_reused":false}
M5_GROUP_ROUTE {"k":2560,"m":640,"rows":4,"assignments":40,"map_bytes":1120,"map_reused":false}
M5_GROUP_ROUTE {"k":640,"m":2560,"rows":4,"assignments":40,"map_bytes":1120,"map_reused":false}
M5_GROUP_ROUTE {"k":2560,"m":640,"rows":4,"assignments":40,"map_bytes":1120,"map_reused":false}
M5_GROUP_ROUTE {"k":2560,"m":640,"rows":4,"assignments":40,"map_bytes":1120,"map_reused":false}
M5_GROUP_ROUTE {"k":640,"m":2560,"rows":4,"assignments":40,"map_bytes":1120,"map_reused":false}
M5_GROUP_ROUTE {"k":2560,"m":640,"rows":4,"assignments":40,"map_bytes":1120,"map_reused":false}
M5_GROUP_ROUTE {"k":2560,"m":640,"rows":4,"assignments":40,"map_bytes":1120,"map_reused":false}
M5_GROUP_ROUTE {"k":640,"m":2560,"rows":4,"assignments":40,"map_bytes":1120,"map_reused":false}
M5_GROUP_ROUTE {"k":2560,"m":640,"rows":4,"assignments":40,"map_bytes":1120,"map_reused":false}
M5_GROUP_ROUTE {"k":2560,"m":640,"rows":4,"assignments":40,"map_bytes":1120,"map_reused":false}
M5_GROUP_ROUTE {"k":640,"m":2560,"rows":4,"assignments":40,"map_bytes":1120,"map_reused":false}
M5_GROUP_ROUTE {"k":2560,"m":640,"rows":4,"assignments":40,"map_bytes":1120,"map_reused":false}
M5_GROUP_ROUTE {"k":2560,"m":640,"rows":4,"assignments":40,"map_bytes":1120,"map_reused":false}
M5_GROUP_ROUTE {"k":640,"m":2560,"rows":4,"assignments":40,"map_bytes":1120,"map_reused":false}
M5_GROUP_ROUTE {"k":2560,"m":640,"rows":4,"assignments":40,"map_bytes":1120,"map_reused":false}
M5_GROUP_ROUTE {"k":2560,"m":640,"rows":4,"assignments":40,"map_bytes":1120,"map_reused":false}
M5_GROUP_ROUTE {"k":640,"m":2560,"rows":4,"assignments":40,"map_bytes":1120,"map_reused":false}
M5_GROUP_ROUTE {"k":2560,"m":640,"rows":4,"assignments":40,"map_bytes":1120,"map_reused":false}
M5_GROUP_ROUTE {"k":2560,"m":640,"rows":4,"assignments":40,"map_bytes":1120,"map_reused":false}
M5_GROUP_ROUTE {"k":640,"m":2560,"rows":4,"assignments":40,"map_bytes":1120,"map_reused":false}
M5_GROUP_ROUTE {"k":2560,"m":640,"rows":4,"assignments":40,"map_bytes":1120,"map_reused":false}
M5_GROUP_ROUTE {"k":2560,"m":640,"rows":4,"assignments":40,"map_bytes":1120,"map_reused":false}
M5_GROUP_ROUTE {"k":640,"m":2560,"rows":4,"assignments":40,"map_bytes":1120,"map_reused":false}
M5_GROUP_ROUTE {"k":2560,"m":640,"rows":4,"assignments":40,"map_bytes":1120,"map_reused":false}
M5_GROUP_ROUTE {"k":2560,"m":640,"rows":4,"assignments":40,"map_bytes":1120,"map_reused":false}
M5_GROUP_ROUTE {"k":640,"m":2560,"rows":4,"assignments":40,"map_bytes":1120,"map_reused":false}
M5_GROUP_ROUTE {"k":2560,"m":640,"rows":4,"assignments":40,"map_bytes":1120,"map_reused":false}
M5_GROUP_ROUTE {"k":2560,"m":640,"rows":4,"assignments":40,"map_bytes":1120,"map_reused":false}
M5_GROUP_ROUTE {"k":640,"m":2560,"rows":4,"assignments":40,"map_bytes":1120,"map_reused":false}
M5_GROUP_ROUTE {"k":2560,"m":640,"rows":4,"assignments":40,"map_bytes":1120,"map_reused":false}
M5_GROUP_ROUTE {"k":2560,"m":640,"rows":4,"assignments":40,"map_bytes":1120,"map_reused":false}
M5_GROUP_ROUTE {"k":640,"m":2560,"rows":4,"assignments":40,"map_bytes":1120,"map_reused":false}
M5_GROUP_ROUTE {"k":2560,"m":640,"rows":4,"assignments":40,"map_bytes":1120,"map_reused":false}
M5_GROUP_ROUTE {"k":2560,"m":640,"rows":4,"assignments":40,"map_bytes":1120,"map_reused":false}
M5_GROUP_ROUTE {"k":640,"m":2560,"rows":4,"assignments":40,"map_bytes":1120,"map_reused":false}
M5_GROUP_ROUTE {"k":2560,"m":640,"rows":4,"assignments":40,"map_bytes":1120,"map_reused":false}
M5_GROUP_ROUTE {"k":2560,"m":640,"rows":4,"assignments":40,"map_bytes":1120,"map_reused":false}
M5_GROUP_ROUTE {"k":640,"m":2560,"rows":4,"assignments":40,"map_bytes":1120,"map_reused":false}
M5_GROUP_ROUTE {"k":2560,"m":640,"rows":4,"assignments":40,"map_bytes":1120,"map_reused":false}
M5_GROUP_ROUTE {"k":2560,"m":640,"rows":4,"assignments":40,"map_bytes":1120,"map_reused":false}
M5_GROUP_ROUTE {"k":640,"m":2560,"rows":4,"assignments":40,"map_bytes":1120,"map_reused":false}
M5_GROUP_ROUTE {"k":2560,"m":640,"rows":4,"assignments":40,"map_bytes":1120,"map_reused":false}
M5_GROUP_ROUTE {"k":2560,"m":640,"rows":4,"assignments":40,"map_bytes":1120,"map_reused":false}
M5_GROUP_ROUTE {"k":640,"m":2560,"rows":4,"assignments":40,"map_bytes":1120,"map_reused":false}
M5_GROUP_ROUTE {"k":2560,"m":640,"rows":4,"assignments":40,"map_bytes":1120,"map_reused":false}
M5_GROUP_ROUTE {"k":2560,"m":640,"rows":4,"assignments":40,"map_bytes":1120,"map_reused":false}
M5_GROUP_ROUTE {"k":640,"m":2560,"rows":4,"assignments":40,"map_bytes":1120,"map_reused":false}
M5_GROUP_ROUTE {"k":2560,"m":640,"rows":4,"assignments":40,"map_bytes":1120,"map_reused":false}
M5_GROUP_ROUTE {"k":2560,"m":640,"rows":4,"assignments":40,"map_bytes":1120,"map_reused":false}
M5_GROUP_ROUTE {"k":640,"m":2560,"rows":4,"assignments":40,"map_bytes":1120,"map_reused":false}
M5_GROUP_ROUTE {"k":2560,"m":640,"rows":4,"assignments":40,"map_bytes":1120,"map_reused":false}
M5_GROUP_ROUTE {"k":2560,"m":640,"rows":4,"assignments":40,"map_bytes":1120,"map_reused":false}
M5_GROUP_ROUTE {"k":640,"m":2560,"rows":4,"assignments":40,"map_bytes":1120,"map_reused":false}
M5_GROUP_ROUTE {"k":2560,"m":640,"rows":4,"assignments":40,"map_bytes":1120,"map_reused":false}
M5_GROUP_ROUTE {"k":2560,"m":640,"rows":4,"assignments":40,"map_bytes":1120,"map_reused":false}
M5_GROUP_ROUTE {"k":640,"m":2560,"rows":4,"assignments":40,"map_bytes":1120,"map_reused":false}
M5_GROUP_ROUTE {"k":2560,"m":640,"rows":4,"assignments":40,"map_bytes":1120,"map_reused":false}
M5_GROUP_ROUTE {"k":2560,"m":640,"rows":4,"assignments":40,"map_bytes":1120,"map_reused":false}
M5_GROUP_ROUTE {"k":640,"m":2560,"rows":4,"assignments":40,"map_bytes":1120,"map_reused":false}
M5_GROUP_ROUTE {"k":2560,"m":640,"rows":4,"assignments":40,"map_bytes":1120,"map_reused":false}
M5_GROUP_ROUTE {"k":2560,"m":640,"rows":4,"assignments":40,"map_bytes":1120,"map_reused":false}
M5_GROUP_ROUTE {"k":640,"m":2560,"rows":4,"assignments":40,"map_bytes":1120,"map_reused":false}
M5_GROUP_ROUTE {"k":2560,"m":640,"rows":4,"assignments":40,"map_bytes":1120,"map_reused":false}
M5_GROUP_ROUTE {"k":2560,"m":640,"rows":4,"assignments":40,"map_bytes":1120,"map_reused":false}
M5_GROUP_ROUTE {"k":640,"m":2560,"rows":4,"assignments":40,"map_bytes":1120,"map_reused":false}
M5_GROUP_ROUTE {"k":2560,"m":640,"rows":4,"assignments":40,"map_bytes":1120,"map_reused":false}
M5_GROUP_ROUTE {"k":2560,"m":640,"rows":4,"assignments":40,"map_bytes":1120,"map_reused":false}
M5_GROUP_ROUTE {"k":640,"m":2560,"rows":4,"assignments":40,"map_bytes":1120,"map_reused":false}
M5_GROUP_ROUTE {"k":2560,"m":640,"rows":4,"assignments":40,"map_bytes":1120,"map_reused":false}
M5_GROUP_ROUTE {"k":2560,"m":640,"rows":4,"assignments":40,"map_bytes":1120,"map_reused":false}
M5_GROUP_ROUTE {"k":640,"m":2560,"rows":4,"assignments":40,"map_bytes":1120,"map_reused":false}
M5_GROUP_ROUTE {"k":2560,"m":640,"rows":4,"assignments":40,"map_bytes":1120,"map_reused":false}
M5_GROUP_ROUTE {"k":2560,"m":640,"rows":4,"assignments":40,"map_bytes":1120,"map_reused":false}
M5_GROUP_ROUTE {"k":640,"m":2560,"rows":4,"assignments":40,"map_bytes":1120,"map_reused":false}
M5_GROUP_ROUTE {"k":2560,"m":640,"rows":4,"assignments":40,"map_bytes":1120,"map_reused":false}
M5_GROUP_ROUTE {"k":2560,"m":640,"rows":4,"assignments":40,"map_bytes":1120,"map_reused":false}
M5_GROUP_ROUTE {"k":640,"m":2560,"rows":4,"assignments":40,"map_bytes":1120,"map_reused":false}
M5_GROUP_ROUTE {"k":2560,"m":640,"rows":4,"assignments":40,"map_bytes":1120,"map_reused":false}
M5_GROUP_ROUTE {"k":2560,"m":640,"rows":4,"assignments":40,"map_bytes":1120,"map_reused":false}
M5_GROUP_ROUTE {"k":640,"m":2560,"rows":4,"assignments":40,"map_bytes":1120,"map_reused":false}
M5_GROUP_ROUTE {"k":2560,"m":640,"rows":4,"assignments":40,"map_bytes":1120,"map_reused":false}
M5_GROUP_ROUTE {"k":2560,"m":640,"rows":4,"assignments":40,"map_bytes":1120,"map_reused":false}
M5_GROUP_ROUTE {"k":640,"m":2560,"rows":4,"assignments":40,"map_bytes":1120,"map_reused":false}
M5_GROUP_ROUTE {"k":2560,"m":640,"rows":4,"assignments":40,"map_bytes":1120,"map_reused":false}
M5_GROUP_ROUTE {"k":2560,"m":640,"rows":4,"assignments":40,"map_bytes":1120,"map_reused":false}
M5_GROUP_ROUTE {"k":640,"m":2560,"rows":4,"assignments":40,"map_bytes":1120,"map_reused":false}
M5_GROUP_ROUTE {"k":2560,"m":640,"rows":4,"assignments":40,"map_bytes":1120,"map_reused":false}
M5_GROUP_ROUTE {"k":2560,"m":640,"rows":4,"assignments":40,"map_bytes":1120,"map_reused":false}
M5_GROUP_ROUTE {"k":640,"m":2560,"rows":4,"assignments":40,"map_bytes":1120,"map_reused":false}
M5_GROUP_ROUTE {"k":2560,"m":640,"rows":4,"assignments":40,"map_bytes":1120,"map_reused":false}
M5_GROUP_ROUTE {"k":2560,"m":640,"rows":4,"assignments":40,"map_bytes":1120,"map_reused":false}
M5_GROUP_ROUTE {"k":640,"m":2560,"rows":4,"assignments":40,"map_bytes":1120,"map_reused":false}
M5_GROUP_ROUTE {"k":2560,"m":640,"rows":4,"assignments":40,"map_bytes":1120,"map_reused":false}
M5_GROUP_ROUTE {"k":2560,"m":640,"rows":4,"assignments":40,"map_bytes":1120,"map_reused":false}
M5_GROUP_ROUTE {"k":640,"m":2560,"rows":4,"assignments":40,"map_bytes":1120,"map_reused":false}
M5_GROUP_ROUTE {"k":2560,"m":640,"rows":4,"assignments":40,"map_bytes":1120,"map_reused":false}
M5_GROUP_ROUTE {"k":2560,"m":640,"rows":4,"assignments":40,"map_bytes":1120,"map_reused":false}
M5_GROUP_ROUTE {"k":640,"m":2560,"rows":4,"assignments":40,"map_bytes":1120,"map_reused":false}
M5_GROUP_ROUTE {"k":2560,"m":640,"rows":4,"assignments":40,"map_bytes":1120,"map_reused":false}
M5_GROUP_ROUTE {"k":2560,"m":640,"rows":4,"assignments":40,"map_bytes":1120,"map_reused":false}
M5_GROUP_ROUTE {"k":640,"m":2560,"rows":4,"assignments":40,"map_bytes":1120,"map_reused":false}
M5_GROUP_ROUTE {"k":2560,"m":640,"rows":4,"assignments":40,"map_bytes":1120,"map_reused":false}
M5_GROUP_ROUTE {"k":2560,"m":640,"rows":4,"assignments":40,"map_bytes":1120,"map_reused":false}
M5_GROUP_ROUTE {"k":640,"m":2560,"rows":4,"assignments":40,"map_bytes":1120,"map_reused":false}
M5_GROUP_ROUTE {"k":2560,"m":640,"rows":4,"assignments":40,"map_bytes":1120,"map_reused":false}
M5_GROUP_ROUTE {"k":2560,"m":640,"rows":4,"assignments":40,"map_bytes":1120,"map_reused":false}
M5_GROUP_ROUTE {"k":640,"m":2560,"rows":4,"assignments":40,"map_bytes":1120,"map_reused":false}
M5_GROUP_ROUTE {"k":2560,"m":640,"rows":4,"assignments":40,"map_bytes":1120,"map_reused":false}
M5_GROUP_ROUTE {"k":2560,"m":640,"rows":4,"assignments":40,"map_bytes":1120,"map_reused":false}
M5_GROUP_ROUTE {"k":640,"m":2560,"rows":4,"assignments":40,"map_bytes":1120,"map_reused":false}
M5_GROUP_CASE {"cpu_nmse":2.520050041580995e-14,"distinct_experts":[14,22,24,26,28,30,33,40],"elements":1228800,"input_ids_preserved":true,"layout":"chain","max_absolute_error":2.97778948166183e-07,"route":"real","route_index":0,"rows":4,"samples":1,"triplets_per_graph":8,"wall_us_per_triplet":358.2865}
M5_GROUP_ROUTE {"k":2560,"m":640,"rows":5,"assignments":50,"map_bytes":1400,"map_reused":false}
M5_GROUP_ROUTE {"k":2560,"m":640,"rows":5,"assignments":50,"map_bytes":1400,"map_reused":false}
M5_GROUP_ROUTE {"k":640,"m":2560,"rows":5,"assignments":50,"map_bytes":1400,"map_reused":false}
M5_GROUP_ROUTE {"k":2560,"m":640,"rows":5,"assignments":50,"map_bytes":1400,"map_reused":false}
M5_GROUP_ROUTE {"k":2560,"m":640,"rows":5,"assignments":50,"map_bytes":1400,"map_reused":false}
M5_GROUP_ROUTE {"k":640,"m":2560,"rows":5,"assignments":50,"map_bytes":1400,"map_reused":false}
M5_GROUP_ROUTE {"k":2560,"m":640,"rows":5,"assignments":50,"map_bytes":1400,"map_reused":false}
M5_GROUP_ROUTE {"k":2560,"m":640,"rows":5,"assignments":50,"map_bytes":1400,"map_reused":false}
M5_GROUP_ROUTE {"k":640,"m":2560,"rows":5,"assignments":50,"map_bytes":1400,"map_reused":false}
M5_GROUP_ROUTE {"k":2560,"m":640,"rows":5,"assignments":50,"map_bytes":1400,"map_reused":false}
M5_GROUP_ROUTE {"k":2560,"m":640,"rows":5,"assignments":50,"map_bytes":1400,"map_reused":false}
M5_GROUP_ROUTE {"k":640,"m":2560,"rows":5,"assignments":50,"map_bytes":1400,"map_reused":false}
M5_GROUP_ROUTE {"k":2560,"m":640,"rows":5,"assignments":50,"map_bytes":1400,"map_reused":false}
M5_GROUP_ROUTE {"k":2560,"m":640,"rows":5,"assignments":50,"map_bytes":1400,"map_reused":false}
M5_GROUP_ROUTE {"k":640,"m":2560,"rows":5,"assignments":50,"map_bytes":1400,"map_reused":false}
M5_GROUP_ROUTE {"k":2560,"m":640,"rows":5,"assignments":50,"map_bytes":1400,"map_reused":false}
M5_GROUP_ROUTE {"k":2560,"m":640,"rows":5,"assignments":50,"map_bytes":1400,"map_reused":false}
M5_GROUP_ROUTE {"k":640,"m":2560,"rows":5,"assignments":50,"map_bytes":1400,"map_reused":false}
M5_GROUP_ROUTE {"k":2560,"m":640,"rows":5,"assignments":50,"map_bytes":1400,"map_reused":false}
M5_GROUP_ROUTE {"k":2560,"m":640,"rows":5,"assignments":50,"map_bytes":1400,"map_reused":false}
M5_GROUP_ROUTE {"k":640,"m":2560,"rows":5,"assignments":50,"map_bytes":1400,"map_reused":false}
M5_GROUP_ROUTE {"k":2560,"m":640,"rows":5,"assignments":50,"map_bytes":1400,"map_reused":false}
M5_GROUP_ROUTE {"k":2560,"m":640,"rows":5,"assignments":50,"map_bytes":1400,"map_reused":false}
M5_GROUP_ROUTE {"k":640,"m":2560,"rows":5,"assignments":50,"map_bytes":1400,"map_reused":false}
M5_GROUP_ROUTE {"k":2560,"m":640,"rows":5,"assignments":50,"map_bytes":1400,"map_reused":false}
M5_GROUP_ROUTE {"k":2560,"m":640,"rows":5,"assignments":50,"map_bytes":1400,"map_reused":false}
M5_GROUP_ROUTE {"k":640,"m":2560,"rows":5,"assignments":50,"map_bytes":1400,"map_reused":false}
M5_GROUP_ROUTE {"k":2560,"m":640,"rows":5,"assignments":50,"map_bytes":1400,"map_reused":false}
M5_GROUP_ROUTE {"k":2560,"m":640,"rows":5,"assignments":50,"map_bytes":1400,"map_reused":false}
M5_GROUP_ROUTE {"k":640,"m":2560,"rows":5,"assignments":50,"map_bytes":1400,"map_reused":false}
M5_GROUP_ROUTE {"k":2560,"m":640,"rows":5,"assignments":50,"map_bytes":1400,"map_reused":false}
M5_GROUP_ROUTE {"k":2560,"m":640,"rows":5,"assignments":50,"map_bytes":1400,"map_reused":false}
M5_GROUP_ROUTE {"k":640,"m":2560,"rows":5,"assignments":50,"map_bytes":1400,"map_reused":false}
M5_GROUP_ROUTE {"k":2560,"m":640,"rows":5,"assignments":50,"map_bytes":1400,"map_reused":false}
M5_GROUP_ROUTE {"k":2560,"m":640,"rows":5,"assignments":50,"map_bytes":1400,"map_reused":false}
M5_GROUP_ROUTE {"k":640,"m":2560,"rows":5,"assignments":50,"map_bytes":1400,"map_reused":false}
M5_GROUP_ROUTE {"k":2560,"m":640,"rows":5,"assignments":50,"map_bytes":1400,"map_reused":false}
M5_GROUP_ROUTE {"k":2560,"m":640,"rows":5,"assignments":50,"map_bytes":1400,"map_reused":false}
M5_GROUP_ROUTE {"k":640,"m":2560,"rows":5,"assignments":50,"map_bytes":1400,"map_reused":false}
M5_GROUP_ROUTE {"k":2560,"m":640,"rows":5,"assignments":50,"map_bytes":1400,"map_reused":false}
M5_GROUP_ROUTE {"k":2560,"m":640,"rows":5,"assignments":50,"map_bytes":1400,"map_reused":false}
M5_GROUP_ROUTE {"k":640,"m":2560,"rows":5,"assignments":50,"map_bytes":1400,"map_reused":false}
M5_GROUP_ROUTE {"k":2560,"m":640,"rows":5,"assignments":50,"map_bytes":1400,"map_reused":false}
M5_GROUP_ROUTE {"k":2560,"m":640,"rows":5,"assignments":50,"map_bytes":1400,"map_reused":false}
M5_GROUP_ROUTE {"k":640,"m":2560,"rows":5,"assignments":50,"map_bytes":1400,"map_reused":false}
M5_GROUP_ROUTE {"k":2560,"m":640,"rows":5,"assignments":50,"map_bytes":1400,"map_reused":false}
M5_GROUP_ROUTE {"k":2560,"m":640,"rows":5,"assignments":50,"map_bytes":1400,"map_reused":false}
M5_GROUP_ROUTE {"k":640,"m":2560,"rows":5,"assignments":50,"map_bytes":1400,"map_reused":false}
M5_GROUP_ROUTE {"k":2560,"m":640,"rows":5,"assignments":50,"map_bytes":1400,"map_reused":false}
M5_GROUP_ROUTE {"k":2560,"m":640,"rows":5,"assignments":50,"map_bytes":1400,"map_reused":false}
M5_GROUP_ROUTE {"k":640,"m":2560,"rows":5,"assignments":50,"map_bytes":1400,"map_reused":false}
M5_GROUP_ROUTE {"k":2560,"m":640,"rows":5,"assignments":50,"map_bytes":1400,"map_reused":false}
M5_GROUP_ROUTE {"k":2560,"m":640,"rows":5,"assignments":50,"map_bytes":1400,"map_reused":false}
M5_GROUP_ROUTE {"k":640,"m":2560,"rows":5,"assignments":50,"map_bytes":1400,"map_reused":false}
M5_GROUP_ROUTE {"k":2560,"m":640,"rows":5,"assignments":50,"map_bytes":1400,"map_reused":false}
M5_GROUP_ROUTE {"k":2560,"m":640,"rows":5,"assignments":50,"map_bytes":1400,"map_reused":false}
M5_GROUP_ROUTE {"k":640,"m":2560,"rows":5,"assignments":50,"map_bytes":1400,"map_reused":false}
M5_GROUP_ROUTE {"k":2560,"m":640,"rows":5,"assignments":50,"map_bytes":1400,"map_reused":false}
M5_GROUP_ROUTE {"k":2560,"m":640,"rows":5,"assignments":50,"map_bytes":1400,"map_reused":false}
M5_GROUP_ROUTE {"k":640,"m":2560,"rows":5,"assignments":50,"map_bytes":1400,"map_reused":false}
M5_GROUP_ROUTE {"k":2560,"m":640,"rows":5,"assignments":50,"map_bytes":1400,"map_reused":false}
M5_GROUP_ROUTE {"k":2560,"m":640,"rows":5,"assignments":50,"map_bytes":1400,"map_reused":false}
M5_GROUP_ROUTE {"k":640,"m":2560,"rows":5,"assignments":50,"map_bytes":1400,"map_reused":false}
M5_GROUP_ROUTE {"k":2560,"m":640,"rows":5,"assignments":50,"map_bytes":1400,"map_reused":false}
M5_GROUP_ROUTE {"k":2560,"m":640,"rows":5,"assignments":50,"map_bytes":1400,"map_reused":false}
M5_GROUP_ROUTE {"k":640,"m":2560,"rows":5,"assignments":50,"map_bytes":1400,"map_reused":false}
M5_GROUP_ROUTE {"k":2560,"m":640,"rows":5,"assignments":50,"map_bytes":1400,"map_reused":false}
M5_GROUP_ROUTE {"k":2560,"m":640,"rows":5,"assignments":50,"map_bytes":1400,"map_reused":false}
M5_GROUP_ROUTE {"k":640,"m":2560,"rows":5,"assignments":50,"map_bytes":1400,"map_reused":false}
M5_GROUP_ROUTE {"k":2560,"m":640,"rows":5,"assignments":50,"map_bytes":1400,"map_reused":false}
M5_GROUP_ROUTE {"k":2560,"m":640,"rows":5,"assignments":50,"map_bytes":1400,"map_reused":false}
M5_GROUP_ROUTE {"k":640,"m":2560,"rows":5,"assignments":50,"map_bytes":1400,"map_reused":false}
M5_GROUP_ROUTE {"k":2560,"m":640,"rows":5,"assignments":50,"map_bytes":1400,"map_reused":false}
M5_GROUP_ROUTE {"k":2560,"m":640,"rows":5,"assignments":50,"map_bytes":1400,"map_reused":false}
M5_GROUP_ROUTE {"k":640,"m":2560,"rows":5,"assignments":50,"map_bytes":1400,"map_reused":false}
M5_GROUP_ROUTE {"k":2560,"m":640,"rows":5,"assignments":50,"map_bytes":1400,"map_reused":false}
M5_GROUP_ROUTE {"k":2560,"m":640,"rows":5,"assignments":50,"map_bytes":1400,"map_reused":false}
M5_GROUP_ROUTE {"k":640,"m":2560,"rows":5,"assignments":50,"map_bytes":1400,"map_reused":false}
M5_GROUP_ROUTE {"k":2560,"m":640,"rows":5,"assignments":50,"map_bytes":1400,"map_reused":false}
M5_GROUP_ROUTE {"k":2560,"m":640,"rows":5,"assignments":50,"map_bytes":1400,"map_reused":false}
M5_GROUP_ROUTE {"k":640,"m":2560,"rows":5,"assignments":50,"map_bytes":1400,"map_reused":false}
M5_GROUP_ROUTE {"k":2560,"m":640,"rows":5,"assignments":50,"map_bytes":1400,"map_reused":false}
M5_GROUP_ROUTE {"k":2560,"m":640,"rows":5,"assignments":50,"map_bytes":1400,"map_reused":false}
M5_GROUP_ROUTE {"k":640,"m":2560,"rows":5,"assignments":50,"map_bytes":1400,"map_reused":false}
M5_GROUP_ROUTE {"k":2560,"m":640,"rows":5,"assignments":50,"map_bytes":1400,"map_reused":false}
M5_GROUP_ROUTE {"k":2560,"m":640,"rows":5,"assignments":50,"map_bytes":1400,"map_reused":false}
M5_GROUP_ROUTE {"k":640,"m":2560,"rows":5,"assignments":50,"map_bytes":1400,"map_reused":false}
M5_GROUP_ROUTE {"k":2560,"m":640,"rows":5,"assignments":50,"map_bytes":1400,"map_reused":false}
M5_GROUP_ROUTE {"k":2560,"m":640,"rows":5,"assignments":50,"map_bytes":1400,"map_reused":false}
M5_GROUP_ROUTE {"k":640,"m":2560,"rows":5,"assignments":50,"map_bytes":1400,"map_reused":false}
M5_GROUP_ROUTE {"k":2560,"m":640,"rows":5,"assignments":50,"map_bytes":1400,"map_reused":false}
M5_GROUP_ROUTE {"k":2560,"m":640,"rows":5,"assignments":50,"map_bytes":1400,"map_reused":false}
M5_GROUP_ROUTE {"k":640,"m":2560,"rows":5,"assignments":50,"map_bytes":1400,"map_reused":false}
M5_GROUP_ROUTE {"k":2560,"m":640,"rows":5,"assignments":50,"map_bytes":1400,"map_reused":false}
M5_GROUP_ROUTE {"k":2560,"m":640,"rows":5,"assignments":50,"map_bytes":1400,"map_reused":false}
M5_GROUP_ROUTE {"k":640,"m":2560,"rows":5,"assignments":50,"map_bytes":1400,"map_reused":false}
M5_GROUP_ROUTE {"k":2560,"m":640,"rows":5,"assignments":50,"map_bytes":1400,"map_reused":false}
M5_GROUP_ROUTE {"k":2560,"m":640,"rows":5,"assignments":50,"map_bytes":1400,"map_reused":false}
M5_GROUP_ROUTE {"k":640,"m":2560,"rows":5,"assignments":50,"map_bytes":1400,"map_reused":false}
M5_GROUP_ROUTE {"k":2560,"m":640,"rows":5,"assignments":50,"map_bytes":1400,"map_reused":false}
M5_GROUP_ROUTE {"k":2560,"m":640,"rows":5,"assignments":50,"map_bytes":1400,"map_reused":false}
M5_GROUP_ROUTE {"k":640,"m":2560,"rows":5,"assignments":50,"map_bytes":1400,"map_reused":false}
M5_GROUP_ROUTE {"k":2560,"m":640,"rows":5,"assignments":50,"map_bytes":1400,"map_reused":false}
M5_GROUP_ROUTE {"k":2560,"m":640,"rows":5,"assignments":50,"map_bytes":1400,"map_reused":false}
M5_GROUP_ROUTE {"k":640,"m":2560,"rows":5,"assignments":50,"map_bytes":1400,"map_reused":false}
M5_GROUP_ROUTE {"k":2560,"m":640,"rows":5,"assignments":50,"map_bytes":1400,"map_reused":false}
M5_GROUP_ROUTE {"k":2560,"m":640,"rows":5,"assignments":50,"map_bytes":1400,"map_reused":false}
M5_GROUP_ROUTE {"k":640,"m":2560,"rows":5,"assignments":50,"map_bytes":1400,"map_reused":false}
M5_GROUP_ROUTE {"k":2560,"m":640,"rows":5,"assignments":50,"map_bytes":1400,"map_reused":false}
M5_GROUP_ROUTE {"k":2560,"m":640,"rows":5,"assignments":50,"map_bytes":1400,"map_reused":false}
M5_GROUP_ROUTE {"k":640,"m":2560,"rows":5,"assignments":50,"map_bytes":1400,"map_reused":false}
M5_GROUP_ROUTE {"k":2560,"m":640,"rows":5,"assignments":50,"map_bytes":1400,"map_reused":false}
M5_GROUP_ROUTE {"k":2560,"m":640,"rows":5,"assignments":50,"map_bytes":1400,"map_reused":false}
M5_GROUP_ROUTE {"k":640,"m":2560,"rows":5,"assignments":50,"map_bytes":1400,"map_reused":false}
M5_GROUP_ROUTE {"k":2560,"m":640,"rows":5,"assignments":50,"map_bytes":1400,"map_reused":false}
M5_GROUP_ROUTE {"k":2560,"m":640,"rows":5,"assignments":50,"map_bytes":1400,"map_reused":false}
M5_GROUP_ROUTE {"k":640,"m":2560,"rows":5,"assignments":50,"map_bytes":1400,"map_reused":false}
M5_GROUP_ROUTE {"k":2560,"m":640,"rows":5,"assignments":50,"map_bytes":1400,"map_reused":false}
M5_GROUP_ROUTE {"k":2560,"m":640,"rows":5,"assignments":50,"map_bytes":1400,"map_reused":false}
M5_GROUP_ROUTE {"k":640,"m":2560,"rows":5,"assignments":50,"map_bytes":1400,"map_reused":false}
M5_GROUP_CASE {"cpu_nmse":2.870267816213571e-14,"distinct_experts":[13,26,29,31,34,36,40,50],"elements":1536000,"input_ids_preserved":true,"layout":"chain","max_absolute_error":3.0834863906648025e-07,"route":"real","route_index":0,"rows":5,"samples":1,"triplets_per_graph":8,"wall_us_per_triplet":436.8125}
M5_GROUP_DONE {"allocated_weight_bytes":2124195840,"cases":42,"mode":"check","weights_preserved":true}
ggml_metal_free: deallocating
