ggml_metal_device_init: testing tensor API for f16 support
ggml_metal_library_compile_pipeline: compiling pipeline: base = 'dummy_kernel', name = 'dummy_kernel'
ggml_metal_library_compile_pipeline: loaded dummy_kernel                                  0x105b651b0 | th_max = 1024 | th_width =   32
ggml_metal_device_init: testing tensor API for bfloat support
ggml_metal_library_compile_pipeline: compiling pipeline: base = 'dummy_kernel', name = 'dummy_kernel'
ggml_metal_library_compile_pipeline: loaded dummy_kernel                                  0x105b656b0 | th_max = 1024 | th_width =   32
ggml_metal_library_init: using embedded metal library
ggml_metal_library_compile_all: compiled 'fa_aux' library in 0.000 sec
ggml_metal_library_compile_all: compiled 'fa_f16' library in 0.001 sec
ggml_metal_library_compile_all: compiled 'fa_f32' library in 0.001 sec
ggml_metal_library_compile_all: compiled 'fa_q4_0' library in 0.002 sec
ggml_metal_library_compile_all: compiled 'fa_q4_1' library in 0.002 sec
ggml_metal_library_compile_all: compiled 'fa_q5_0' library in 0.006 sec
ggml_metal_library_compile_all: compiled 'fa_q5_1' library in 0.005 sec
ggml_metal_library_compile_all: compiled 'fa_q8_0' library in 0.002 sec
ggml_metal_library_compile_all: compiled 'fa_vec_f16' library in 0.010 sec
ggml_metal_library_compile_all: compiled 'fa_vec_f32' library in 0.006 sec
ggml_metal_library_compile_all: compiled 'fa_vec_q4_0' library in 0.004 sec
ggml_metal_library_compile_all: compiled 'fa_vec_q4_1' library in 0.003 sec
ggml_metal_library_compile_all: compiled 'fa_vec_q5_0' library in 0.007 sec
ggml_metal_library_compile_all: compiled 'fa_vec_q5_1' library in 0.006 sec
ggml_metal_library_compile_all: compiled 'fa_vec_q8_0' library in 0.011 sec
ggml_metal_library_compile_all: compiled 'mul_mv' library in 0.004 sec
ggml_metal_library_compile_all: compiled 'mul_mv_mma' library in 0.009 sec
ggml_metal_library_compile_all: compiled 'mul_mm' library in 0.005 sec
ggml_metal_library_compile_all: compiled 'quantize' library in 0.007 sec
ggml_metal_library_compile_all: compiled 'softmax' library in 0.011 sec
ggml_metal_library_compile_all: compiled 'norm' library in 0.011 sec
ggml_metal_library_compile_all: compiled 'unary' library in 0.009 sec
ggml_metal_library_compile_all: compiled 'binbcast' library in 0.009 sec
ggml_metal_library_compile_all: compiled 'reduce' library in 0.009 sec
ggml_metal_library_compile_all: compiled 'tri' library in 0.009 sec
ggml_metal_library_compile_all: compiled 'ssm' library in 0.002 sec
ggml_metal_library_compile_all: compiled 'wkv' library in 0.010 sec
ggml_metal_library_compile_all: compiled 'gated_delta_net' library in 0.007 sec
ggml_metal_library_compile_all: compiled 'solve_tri' library in 0.001 sec
ggml_metal_library_compile_all: compiled 'rope' library in 0.010 sec
ggml_metal_library_compile_all: compiled 'conv' library in 0.010 sec
ggml_metal_library_compile_all: compiled 'upscale' library in 0.010 sec
ggml_metal_library_compile_all: compiled 'argsort' library in 0.007 sec
ggml_metal_library_compile_all: compiled 'pool' library in 0.008 sec
ggml_metal_library_compile_all: compiled 'misc' library in 0.007 sec
ggml_metal_library_compile_all: loaded 35 libraries from embedded data in 0.011 sec (max single = 0.011 sec)
ggml_metal_rsets_init: creating a residency set collection (keep_alive = 180 s)
ggml_metal_device_init: GPU name:   MTL0 (Apple M5 Pro)
ggml_metal_device_init: GPU family: MTLGPUFamilyApple10  (1010)
ggml_metal_device_init: GPU family: MTLGPUFamilyMetal4  (5002)
ggml_metal_device_init: simdgroup reduction   = true
ggml_metal_device_init: simdgroup matrix mul. = true
ggml_metal_device_init: has unified memory    = true
ggml_metal_device_init: has bfloat            = true
ggml_metal_device_init: has tensor            = true
ggml_metal_device_init: use residency sets    = true
ggml_metal_device_init: use shared buffers    = true
ggml_metal_device_init: recommendedMaxWorkingSetSize  = 40200.90 MB
ggml_metal_init: allocating
ggml_metal_init: found device: Apple M5 Pro
ggml_metal_init: picking default device: Apple M5 Pro
ggml_metal_init: use fusion         = true
ggml_metal_init: use concurrency    = true
ggml_metal_init: use graph optimize = true
ggml_metal_library_compile_pipeline: compiling pipeline: base = 'kernel_m5_gate_up_q2_0_f32_r4', name = 'kernel_m5_gate_up_q2_0_f32_r4'
ggml_metal_library_compile_pipeline: loaded kernel_m5_gate_up_q2_0_f32_r4                 0x105b74bb0 | th_max = 1024 | th_width =   32
ggml_metal_library_compile_pipeline: compiling pipeline: base = 'kernel_mul_mv_id_q2_0_f32', name = 'kernel_mul_mv_id_q2_0_f32_nsg=2_split=0'
ggml_metal_library_compile_pipeline: loaded kernel_mul_mv_id_q2_0_f32_nsg=2_split=0       0x105b74f30 | th_max = 1024 | th_width =   32
ggml_metal_library_compile_pipeline: compiling pipeline: base = 'kernel_bin_fuse_f32_f32_f32', name = 'kernel_bin_fuse_f32_f32_f32_op=2_nf=1_rb=0_cb=1'
ggml_metal_library_compile_pipeline: loaded kernel_bin_fuse_f32_f32_f32_op=2_nf=1_rb=0_cb=1      0x105b754b0 | th_max = 1024 | th_width =   32
ggml_metal_library_compile_pipeline: compiling pipeline: base = 'kernel_bin_fuse_f32_f32_f32_4', name = 'kernel_bin_fuse_f32_f32_f32_4_op=0_nf=7_rb=0_cb=0'
ggml_metal_library_compile_pipeline: loaded kernel_bin_fuse_f32_f32_f32_4_op=0_nf=7_rb=0_cb=0      0x105b75830 | th_max = 1024 | th_width =   32
ggml_metal_library_compile_pipeline: compiling pipeline: base = 'kernel_bin_fuse_f32_f32_f32_4', name = 'kernel_bin_fuse_f32_f32_f32_4_op=0_nf=2_rb=0_cb=0'
ggml_metal_library_compile_pipeline: loaded kernel_bin_fuse_f32_f32_f32_4_op=0_nf=2_rb=0_cb=0     0x780d298000 | th_max = 1024 | th_width =   32
ggml_metal_library_compile_pipeline: compiling pipeline: base = 'kernel_bin_fuse_f32_f32_f32_4', name = 'kernel_bin_fuse_f32_f32_f32_4_op=0_nf=1_rb=0_cb=0'
ggml_metal_library_compile_pipeline: loaded kernel_bin_fuse_f32_f32_f32_4_op=0_nf=1_rb=0_cb=0     0x780d298380 | th_max = 1024 | th_width =   32
M5_GATE_CASE {"cpu_compute_nodes":0,"cpu_nmse":6.957007826013444e-14,"distinct_experts":[14,22,24,26,28,30,33,40],"eligible":true,"graph_buffer_bytes":5385920,"input_ids_preserved":true,"layout":"plain","max_absolute_error":3.669212926826759e-07,"max_scaled_error":3.163219394197725e-07,"output_elements":1105920,"route":"real","route_index":0,"rows":4,"samples":60,"scheduler":true,"triplets_per_graph":8,"wall_samples_us_per_triplet":[291.947875,291.9895,292.46875,292.948,293.31775,294.354125,294.4635,294.484375,294.49475,294.875,294.9115,294.99475,295.349,295.583375,295.583375,295.890625,295.989625,296.0885,296.276,296.390625,296.43225,296.573,296.72925,296.739625,296.838625,297.291625,297.765625,297.8645,297.973875,298.203125,298.3385,298.526,298.64575,298.71875,298.734375,298.7865,298.901,299.31775,299.5625,299.880125,299.901,299.95825,300.04175,300.15625,300.3385,300.510375,300.609375,300.84375,300.869875,300.90625,302.020875,302.234375,302.604125,303.03125,303.5625,303.671875,303.958375,304.703125,306.828125,307.56775],"wall_us_per_triplet":298.3385}
M5_GATE_CASE {"cpu_compute_nodes":0,"cpu_nmse":8.813416802937666e-14,"distinct_experts":[40,40,40,40,40,40,40,40],"eligible":true,"graph_buffer_bytes":5385920,"input_ids_preserved":true,"layout":"plain","max_absolute_error":2.665893277242759e-07,"max_scaled_error":2.544322713626812e-07,"output_elements":1105920,"route":"distinct","route_index":0,"rows":4,"samples":60,"scheduler":true,"triplets_per_graph":8,"wall_samples_us_per_triplet":[299.838625,299.88025,302.0625,302.5365,302.6875,302.921875,303.224,303.61975,304.135375,304.276,304.31775,304.49475,304.713625,304.9375,305.442625,305.78125,305.807375,305.833375,305.864625,305.875,306.166625,306.224,306.229125,306.43225,306.651125,306.671875,306.671875,306.703125,306.734375,307.088625,307.166625,307.2135,307.265625,307.323,307.5,307.5885,307.651125,307.770875,308.302125,308.427125,308.833375,308.916625,308.948,309.1875,309.25525,309.29175,309.359375,309.4895,309.6145,309.671875,309.6875,310.03125,310.885375,310.948,310.984375,311.46875,312.099,313.828125,320.854125,322.4635],"wall_us_per_triplet":307.166625}
M5_GATE_CASE {"cpu_compute_nodes":0,"cpu_nmse":7.063375741560338e-14,"distinct_experts":[10,10,10,10,10,10,10,10],"eligible":true,"graph_buffer_bytes":5385920,"input_ids_preserved":true,"layout":"plain","max_absolute_error":3.351239759030733e-07,"max_scaled_error":3.351239759030733e-07,"output_elements":1105920,"route":"shared","route_index":0,"rows":4,"samples":60,"scheduler":true,"triplets_per_graph":8,"wall_samples_us_per_triplet":[281.69275,283.3855,283.546875,283.911375,284.276,284.45825,284.474,284.661375,284.765625,284.828125,284.901,284.974,285.53125,285.546875,285.677125,285.74475,285.776125,286.109375,286.28125,286.427,286.6875,287.1875,287.229125,287.265625,287.448,287.671875,287.671875,287.739625,287.97925,288.0105,288.3385,288.484375,288.510375,288.849,289.5365,289.8645,289.947875,290.00525,290.04175,290.16675,290.6615,290.989625,291.0105,291.703125,291.77075,292.296875,292.328125,292.598875,292.989625,293.369875,294.005125,294.125,294.93225,294.96875,295.03125,295.599,296.734375,297.786375,298.10425,304.03125],"wall_us_per_triplet":288.3385}
M5_GATE_CASE {"cpu_compute_nodes":0,"cpu_nmse":7.030566706314856e-14,"distinct_experts":[13,26,29,31,34,36,40,50],"eligible":true,"graph_buffer_bytes":6721728,"input_ids_preserved":true,"layout":"plain","max_absolute_error":2.9987389271735054e-07,"max_scaled_error":2.9987389271735054e-07,"output_elements":1382400,"route":"real","route_index":0,"rows":5,"samples":60,"scheduler":true,"triplets_per_graph":8,"wall_samples_us_per_triplet":[350.5885,353.18225,353.802125,353.885375,354.020875,354.1875,354.28125,354.296875,354.296875,354.401,355.56775,355.640625,355.80725,355.83325,356.026125,356.109375,356.19275,356.24475,356.25525,356.323,356.4115,356.44275,356.546875,356.5625,356.854125,356.875,356.973875,357.005125,357.041625,357.046875,357.364625,357.458375,357.49475,357.635375,357.94275,358.484375,358.53125,358.94275,358.984375,359.04175,359.083375,359.10425,359.19275,359.385375,359.421875,359.453125,359.53125,359.66675,359.671875,359.698,359.8125,360.197875,360.401,362.177,364.572875,366.244875,367.109375,367.197875,367.20825,369.0365],"wall_us_per_triplet":357.364625}
M5_GATE_CASE {"cpu_compute_nodes":0,"cpu_nmse":9.616919896786819e-14,"distinct_experts":[50,50,50,50,50,50,50,50],"eligible":true,"graph_buffer_bytes":6721728,"input_ids_preserved":true,"layout":"plain","max_absolute_error":3.6201216380149503e-07,"max_scaled_error":3.6201216380149503e-07,"output_elements":1382400,"route":"distinct","route_index":0,"rows":5,"samples":60,"scheduler":true,"triplets_per_graph":8,"wall_samples_us_per_triplet":[363.427125,364.573,365.224,365.322875,366.046875,366.348875,366.724,367.14575,367.2135,367.677,367.776,367.776,367.9375,368.0,368.072875,368.140625,368.239625,368.24475,368.494875,368.520875,368.651,368.7865,368.80725,368.89575,369.072875,369.14575,369.171875,369.260375,369.416625,369.46875,369.61975,369.64575,369.666625,370.234375,370.286375,370.359375,370.4115,370.473875,370.541625,370.552125,370.588625,370.599,370.68225,371.0365,371.161375,371.291625,371.567625,371.5885,371.5885,371.625,371.77075,371.802,373.291625,374.4895,378.083375,378.140625,378.338625,378.55725,379.53125,379.88025],"wall_us_per_triplet":369.61975}
M5_GATE_CASE {"cpu_compute_nodes":0,"cpu_nmse":7.366095811566404e-14,"distinct_experts":[10,10,10,10,10,10,10,10],"eligible":true,"graph_buffer_bytes":6721728,"input_ids_preserved":true,"layout":"plain","max_absolute_error":3.351239759030733e-07,"max_scaled_error":3.351239759030733e-07,"output_elements":1382400,"route":"shared","route_index":0,"rows":5,"samples":60,"scheduler":true,"triplets_per_graph":8,"wall_samples_us_per_triplet":[341.088625,342.177125,342.515625,342.60425,342.828125,342.9635,343.046875,343.0885,343.94275,343.948,344.3645,344.68225,344.854125,345.015625,345.197875,345.3125,345.505125,346.265625,346.354125,346.375,346.64575,346.828125,347.0885,347.119875,347.25525,347.265625,347.354125,347.36975,347.421875,347.474,347.546875,347.583375,347.599,347.916625,348.385375,348.56775,349.14575,349.15625,349.203125,349.3855,349.578125,349.677,349.791625,349.9635,350.151,350.31775,350.349,350.52075,350.75,350.8125,352.0,352.0,352.770875,352.880125,356.25,356.27075,356.442625,357.03125,357.635375,358.25],"wall_us_per_triplet":347.546875}
M5_GATE_DONE {"allocated_weight_bytes":2124195840,"cases":6,"cpu_compute_nodes":0,"mode":"perf","scheduler":true,"weights_preserved":true}
ggml_metal_free: deallocating
