ggml_metal_device_init: testing tensor API for f16 support
ggml_metal_library_compile_pipeline: compiling pipeline: base = 'dummy_kernel', name = 'dummy_kernel'
ggml_metal_library_compile_pipeline: loaded dummy_kernel                                  0x1058854e0 | th_max = 1024 | th_width =   32
ggml_metal_device_init: testing tensor API for bfloat support
ggml_metal_library_compile_pipeline: compiling pipeline: base = 'dummy_kernel', name = 'dummy_kernel'
ggml_metal_library_compile_pipeline: loaded dummy_kernel                                  0x1058854e0 | th_max = 1024 | th_width =   32
ggml_metal_library_init: using embedded metal library
ggml_metal_library_compile_all: compiled 'fa_aux' library in 0.000 sec
ggml_metal_library_compile_all: compiled 'fa_f16' library in 0.002 sec
ggml_metal_library_compile_all: compiled 'fa_f32' library in 0.001 sec
ggml_metal_library_compile_all: compiled 'fa_q4_0' library in 0.002 sec
ggml_metal_library_compile_all: compiled 'fa_q4_1' library in 0.001 sec
ggml_metal_library_compile_all: compiled 'fa_q5_0' library in 0.011 sec
ggml_metal_library_compile_all: compiled 'fa_q5_1' library in 0.011 sec
ggml_metal_library_compile_all: compiled 'fa_q8_0' library in 0.001 sec
ggml_metal_library_compile_all: compiled 'fa_vec_f16' library in 0.006 sec
ggml_metal_library_compile_all: compiled 'fa_vec_f32' library in 0.004 sec
ggml_metal_library_compile_all: compiled 'fa_vec_q4_0' library in 0.007 sec
ggml_metal_library_compile_all: compiled 'fa_vec_q4_1' library in 0.009 sec
ggml_metal_library_compile_all: compiled 'fa_vec_q5_0' library in 0.004 sec
ggml_metal_library_compile_all: compiled 'fa_vec_q5_1' library in 0.010 sec
ggml_metal_library_compile_all: compiled 'fa_vec_q8_0' library in 0.005 sec
ggml_metal_library_compile_all: compiled 'mul_mv' library in 0.003 sec
ggml_metal_library_compile_all: compiled 'mul_mv_mma' library in 0.009 sec
ggml_metal_library_compile_all: compiled 'mul_mm' library in 0.007 sec
ggml_metal_library_compile_all: compiled 'quantize' library in 0.004 sec
ggml_metal_library_compile_all: compiled 'softmax' library in 0.010 sec
ggml_metal_library_compile_all: compiled 'norm' library in 0.002 sec
ggml_metal_library_compile_all: compiled 'unary' library in 0.005 sec
ggml_metal_library_compile_all: compiled 'binbcast' library in 0.001 sec
ggml_metal_library_compile_all: compiled 'reduce' library in 0.001 sec
ggml_metal_library_compile_all: compiled 'tri' library in 0.009 sec
ggml_metal_library_compile_all: compiled 'ssm' library in 0.005 sec
ggml_metal_library_compile_all: compiled 'wkv' library in 0.004 sec
ggml_metal_library_compile_all: compiled 'gated_delta_net' library in 0.004 sec
ggml_metal_library_compile_all: compiled 'solve_tri' library in 0.000 sec
ggml_metal_library_compile_all: compiled 'rope' library in 0.000 sec
ggml_metal_library_compile_all: compiled 'conv' library in 0.000 sec
ggml_metal_library_compile_all: compiled 'upscale' library in 0.010 sec
ggml_metal_library_compile_all: compiled 'argsort' library in 0.004 sec
ggml_metal_library_compile_all: compiled 'pool' library in 0.001 sec
ggml_metal_library_compile_all: compiled 'misc' library in 0.001 sec
ggml_metal_library_compile_all: loaded 35 libraries from embedded data in 0.011 sec (max single = 0.011 sec)
ggml_metal_rsets_init: creating a residency set collection (keep_alive = 180 s)
ggml_metal_device_init: GPU name:   MTL0 (Apple M5 Pro)
ggml_metal_device_init: GPU family: MTLGPUFamilyApple10  (1010)
ggml_metal_device_init: GPU family: MTLGPUFamilyMetal4  (5002)
ggml_metal_device_init: simdgroup reduction   = true
ggml_metal_device_init: simdgroup matrix mul. = true
ggml_metal_device_init: has unified memory    = true
ggml_metal_device_init: has bfloat            = true
ggml_metal_device_init: has tensor            = true
ggml_metal_device_init: use residency sets    = true
ggml_metal_device_init: use shared buffers    = true
ggml_metal_device_init: recommendedMaxWorkingSetSize  = 40200.90 MB
ggml_metal_init: allocating
ggml_metal_init: found device: Apple M5 Pro
ggml_metal_init: picking default device: Apple M5 Pro
ggml_metal_init: use fusion         = true
ggml_metal_init: use concurrency    = true
ggml_metal_init: use graph optimize = true
ggml_metal_library_compile_pipeline: compiling pipeline: base = 'kernel_gated_delta_net_f32_4_rows_1', name = 'kernel_gated_delta_net_f32_4_rows_1_ne20=128_ne30=1_K=4'
ggml_metal_library_compile_pipeline: loaded kernel_gated_delta_net_f32_4_rows_1_ne20=128_ne30=1_K=4      0x105895fe0 | th_max = 1024 | th_width =   32
ggml_metal_library_compile_pipeline: compiling pipeline: base = 'kernel_op_sum_f32', name = 'kernel_op_sum_f32'
ggml_metal_library_compile_pipeline: loaded kernel_op_sum_f32                             0x105897fa0 | th_max = 1024 | th_width =   32
ggml_metal_library_compile_pipeline: compiling pipeline: base = 'kernel_cpy_f32_f32', name = 'kernel_cpy_f32_f32'
ggml_metal_library_compile_pipeline: loaded kernel_cpy_f32_f32                            0x105898620 | th_max = 1024 | th_width =   32
M5_GDN_CASE {"B":1,"G":1,"H":48,"HQ":16,"K":4,"S":128,"T":1,"all_nodes_metal":true,"attention_nmse":9.62471545029271e-15,"attention_values_checked":24576,"continuation_pairs":0,"distinct_state_buffers":4,"elements":0,"fused":true,"geometry":{"cache_slot_stride_floats":786432,"cache_view_offset_bytes":3145728,"padded_cache":false,"qkv_view_offsets_bytes":[0,0,16384]},"inputs_preserved":true,"label":"target","layout":"model","max_absolute_error":1.4901161193847656e-08,"rollback_prefixes":[],"samples":80,"scheduler_splits":1,"state_nmse":3.183291487698039e-15,"state_values_checked":3145728,"unavailable_prefixes":[],"unwritten_slots_preserved":true,"wall_us_per_graph_sync":301.458}
M5_GDN_CASE {"B":1,"G":1,"H":48,"HQ":16,"K":4,"S":128,"T":1,"all_nodes_metal":true,"attention_nmse":9.62471545029271e-15,"attention_values_checked":24576,"continuation_pairs":0,"distinct_state_buffers":4,"elements":0,"fused":false,"geometry":{"cache_slot_stride_floats":786432,"cache_view_offset_bytes":3145728,"padded_cache":false,"qkv_view_offsets_bytes":[0,0,16384]},"inputs_preserved":true,"label":"target","layout":"model","max_absolute_error":1.4901161193847656e-08,"rollback_prefixes":[],"samples":80,"scheduler_splits":1,"state_nmse":3.183291487698039e-15,"state_values_checked":3145728,"unavailable_prefixes":[],"unwritten_slots_preserved":true,"wall_us_per_graph_sync":412.709}
M5_GDN_CASE {"B":1,"G":1,"H":48,"HQ":16,"K":4,"S":128,"T":2,"all_nodes_metal":true,"attention_nmse":1.0924864174051705e-14,"attention_values_checked":49152,"continuation_pairs":0,"distinct_state_buffers":4,"elements":0,"fused":true,"geometry":{"cache_slot_stride_floats":786432,"cache_view_offset_bytes":3145728,"padded_cache":false,"qkv_view_offsets_bytes":[0,0,16384]},"inputs_preserved":true,"label":"target","layout":"model","max_absolute_error":2.2351741790771484e-08,"rollback_prefixes":[],"samples":80,"scheduler_splits":1,"state_nmse":4.381327120455328e-15,"state_values_checked":6291456,"unavailable_prefixes":[],"unwritten_slots_preserved":true,"wall_us_per_graph_sync":350.5}
M5_GDN_CASE {"B":1,"G":1,"H":48,"HQ":16,"K":4,"S":128,"T":2,"all_nodes_metal":true,"attention_nmse":1.0924864174051705e-14,"attention_values_checked":49152,"continuation_pairs":0,"distinct_state_buffers":4,"elements":0,"fused":false,"geometry":{"cache_slot_stride_floats":786432,"cache_view_offset_bytes":3145728,"padded_cache":false,"qkv_view_offsets_bytes":[0,0,16384]},"inputs_preserved":true,"label":"target","layout":"model","max_absolute_error":2.2351741790771484e-08,"rollback_prefixes":[],"samples":80,"scheduler_splits":1,"state_nmse":4.381327120455328e-15,"state_values_checked":6291456,"unavailable_prefixes":[],"unwritten_slots_preserved":true,"wall_us_per_graph_sync":509.333}
M5_GDN_CASE {"B":1,"G":1,"H":48,"HQ":16,"K":4,"S":128,"T":3,"all_nodes_metal":true,"attention_nmse":1.1831125099984334e-14,"attention_values_checked":73728,"continuation_pairs":0,"distinct_state_buffers":4,"elements":0,"fused":true,"geometry":{"cache_slot_stride_floats":786432,"cache_view_offset_bytes":3145728,"padded_cache":false,"qkv_view_offsets_bytes":[0,0,16384]},"inputs_preserved":true,"label":"target","layout":"model","max_absolute_error":2.9802322387695313e-08,"rollback_prefixes":[],"samples":80,"scheduler_splits":1,"state_nmse":5.157163899837813e-15,"state_values_checked":9437184,"unavailable_prefixes":[],"unwritten_slots_preserved":true,"wall_us_per_graph_sync":421.042}
M5_GDN_CASE {"B":1,"G":1,"H":48,"HQ":16,"K":4,"S":128,"T":3,"all_nodes_metal":true,"attention_nmse":1.1831125099984334e-14,"attention_values_checked":73728,"continuation_pairs":0,"distinct_state_buffers":4,"elements":0,"fused":false,"geometry":{"cache_slot_stride_floats":786432,"cache_view_offset_bytes":3145728,"padded_cache":false,"qkv_view_offsets_bytes":[0,0,16384]},"inputs_preserved":true,"label":"target","layout":"model","max_absolute_error":2.9802322387695313e-08,"rollback_prefixes":[],"samples":80,"scheduler_splits":1,"state_nmse":5.157163899837813e-15,"state_values_checked":9437184,"unavailable_prefixes":[],"unwritten_slots_preserved":true,"wall_us_per_graph_sync":551.833}
M5_GDN_CASE {"B":1,"G":1,"H":48,"HQ":16,"K":4,"S":128,"T":4,"all_nodes_metal":true,"attention_nmse":1.2740240584582014e-14,"attention_values_checked":98304,"continuation_pairs":0,"distinct_state_buffers":4,"elements":0,"fused":true,"geometry":{"cache_slot_stride_floats":786432,"cache_view_offset_bytes":3145728,"padded_cache":false,"qkv_view_offsets_bytes":[0,0,16384]},"inputs_preserved":true,"label":"target","layout":"model","max_absolute_error":2.9802322387695313e-08,"rollback_prefixes":[],"samples":80,"scheduler_splits":1,"state_nmse":5.85694052708868e-15,"state_values_checked":12582912,"unavailable_prefixes":[],"unwritten_slots_preserved":true,"wall_us_per_graph_sync":458.916}
M5_GDN_CASE {"B":1,"G":1,"H":48,"HQ":16,"K":4,"S":128,"T":4,"all_nodes_metal":true,"attention_nmse":1.2740240584582014e-14,"attention_values_checked":98304,"continuation_pairs":0,"distinct_state_buffers":4,"elements":0,"fused":false,"geometry":{"cache_slot_stride_floats":786432,"cache_view_offset_bytes":3145728,"padded_cache":false,"qkv_view_offsets_bytes":[0,0,16384]},"inputs_preserved":true,"label":"target","layout":"model","max_absolute_error":2.9802322387695313e-08,"rollback_prefixes":[],"samples":80,"scheduler_splits":1,"state_nmse":5.85694052708868e-15,"state_values_checked":12582912,"unavailable_prefixes":[],"unwritten_slots_preserved":true,"wall_us_per_graph_sync":711.542}
M5_GDN_CASE {"B":1,"G":1,"H":48,"HQ":16,"K":4,"S":128,"T":5,"all_nodes_metal":true,"attention_nmse":1.3640998753210895e-14,"attention_values_checked":122880,"continuation_pairs":0,"distinct_state_buffers":4,"elements":0,"fused":true,"geometry":{"cache_slot_stride_floats":786432,"cache_view_offset_bytes":3145728,"padded_cache":false,"qkv_view_offsets_bytes":[0,0,16384]},"inputs_preserved":true,"label":"target","layout":"model","max_absolute_error":2.9802322387695313e-08,"rollback_prefixes":[],"samples":80,"scheduler_splits":1,"state_nmse":8.130573258332372e-15,"state_values_checked":12582912,"unavailable_prefixes":[],"unwritten_slots_preserved":true,"wall_us_per_graph_sync":402.666}
M5_GDN_CASE {"B":1,"G":1,"H":48,"HQ":16,"K":4,"S":128,"T":5,"all_nodes_metal":true,"attention_nmse":1.3640998753210895e-14,"attention_values_checked":122880,"continuation_pairs":0,"distinct_state_buffers":4,"elements":0,"fused":false,"geometry":{"cache_slot_stride_floats":786432,"cache_view_offset_bytes":3145728,"padded_cache":false,"qkv_view_offsets_bytes":[0,0,16384]},"inputs_preserved":true,"label":"target","layout":"model","max_absolute_error":2.9802322387695313e-08,"rollback_prefixes":[],"samples":80,"scheduler_splits":1,"state_nmse":8.130573258332372e-15,"state_values_checked":12582912,"unavailable_prefixes":[],"unwritten_slots_preserved":true,"wall_us_per_graph_sync":695.75}
M5_GDN_DONE {"callbacks_used":false,"cases":10,"elements":0,"evidence_format":"sha256-buffer-manifest-v1","mode":"perf","sync_included":true}
ggml_metal_free: deallocating
