ggml_metal_device_init: testing tensor API for f16 support
ggml_metal_library_compile_pipeline: compiling pipeline: base = 'dummy_kernel', name = 'dummy_kernel'
ggml_metal_library_compile_pipeline: loaded dummy_kernel                                  0x1058ee0d0 | th_max = 1024 | th_width =   32
ggml_metal_device_init: testing tensor API for bfloat support
ggml_metal_library_compile_pipeline: compiling pipeline: base = 'dummy_kernel', name = 'dummy_kernel'
ggml_metal_library_compile_pipeline: loaded dummy_kernel                                  0x1058ee950 | th_max = 1024 | th_width =   32
ggml_metal_library_init: using embedded metal library
ggml_metal_library_compile_all: compiled 'fa_aux' library in 0.000 sec
ggml_metal_library_compile_all: compiled 'fa_f16' library in 0.001 sec
ggml_metal_library_compile_all: compiled 'fa_f32' library in 0.002 sec
ggml_metal_library_compile_all: compiled 'fa_q4_0' library in 0.001 sec
ggml_metal_library_compile_all: compiled 'fa_q4_1' library in 0.008 sec
ggml_metal_library_compile_all: compiled 'fa_q5_0' library in 0.004 sec
ggml_metal_library_compile_all: compiled 'fa_q5_1' library in 0.009 sec
ggml_metal_library_compile_all: compiled 'fa_q8_0' library in 0.003 sec
ggml_metal_library_compile_all: compiled 'fa_vec_f16' library in 0.002 sec
ggml_metal_library_compile_all: compiled 'fa_vec_f32' library in 0.008 sec
ggml_metal_library_compile_all: compiled 'fa_vec_q4_0' library in 0.009 sec
ggml_metal_library_compile_all: compiled 'fa_vec_q4_1' library in 0.005 sec
ggml_metal_library_compile_all: compiled 'fa_vec_q5_0' library in 0.011 sec
ggml_metal_library_compile_all: compiled 'fa_vec_q5_1' library in 0.004 sec
ggml_metal_library_compile_all: compiled 'fa_vec_q8_0' library in 0.006 sec
ggml_metal_library_compile_all: compiled 'mul_mv' library in 0.003 sec
ggml_metal_library_compile_all: compiled 'mul_mv_mma' library in 0.007 sec
ggml_metal_library_compile_all: compiled 'mul_mm' library in 0.010 sec
ggml_metal_library_compile_all: compiled 'quantize' library in 0.005 sec
ggml_metal_library_compile_all: compiled 'softmax' library in 0.002 sec
ggml_metal_library_compile_all: compiled 'norm' library in 0.002 sec
ggml_metal_library_compile_all: compiled 'unary' library in 0.008 sec
ggml_metal_library_compile_all: compiled 'binbcast' library in 0.011 sec
ggml_metal_library_compile_all: compiled 'reduce' library in 0.007 sec
ggml_metal_library_compile_all: compiled 'tri' library in 0.010 sec
ggml_metal_library_compile_all: compiled 'ssm' library in 0.007 sec
ggml_metal_library_compile_all: compiled 'wkv' library in 0.007 sec
ggml_metal_library_compile_all: compiled 'gated_delta_net' library in 0.005 sec
ggml_metal_library_compile_all: compiled 'solve_tri' library in 0.005 sec
ggml_metal_library_compile_all: compiled 'rope' library in 0.005 sec
ggml_metal_library_compile_all: compiled 'conv' library in 0.002 sec
ggml_metal_library_compile_all: compiled 'upscale' library in 0.005 sec
ggml_metal_library_compile_all: compiled 'argsort' library in 0.007 sec
ggml_metal_library_compile_all: compiled 'pool' library in 0.002 sec
ggml_metal_library_compile_all: compiled 'misc' library in 0.006 sec
ggml_metal_library_compile_all: loaded 35 libraries from embedded data in 0.011 sec (max single = 0.011 sec)
ggml_metal_rsets_init: creating a residency set collection (keep_alive = 180 s)
ggml_metal_device_init: GPU name:   MTL0 (Apple M5 Pro)
ggml_metal_device_init: GPU family: MTLGPUFamilyApple10  (1010)
ggml_metal_device_init: GPU family: MTLGPUFamilyMetal4  (5002)
ggml_metal_device_init: simdgroup reduction   = true
ggml_metal_device_init: simdgroup matrix mul. = true
ggml_metal_device_init: has unified memory    = true
ggml_metal_device_init: has bfloat            = true
ggml_metal_device_init: has tensor            = true
ggml_metal_device_init: use residency sets    = true
ggml_metal_device_init: use shared buffers    = true
ggml_metal_device_init: recommendedMaxWorkingSetSize  = 40200.90 MB
ggml_metal_init: allocating
ggml_metal_init: found device: Apple M5 Pro
ggml_metal_init: picking default device: Apple M5 Pro
ggml_metal_init: use fusion         = true
ggml_metal_init: use concurrency    = true
ggml_metal_init: use graph optimize = true
ggml_metal_library_compile_pipeline: compiling pipeline: base = 'kernel_mul_mv_id_q2_0_f32', name = 'kernel_mul_mv_id_q2_0_f32_nsg=2_split=0'
ggml_metal_library_compile_pipeline: loaded kernel_mul_mv_id_q2_0_f32_nsg=2_split=0       0x1058fb310 | th_max = 1024 | th_width =   32
ggml_metal_library_compile_pipeline: compiling pipeline: base = 'kernel_swiglu_f32', name = 'kernel_swiglu_f32'
ggml_metal_library_compile_pipeline: loaded kernel_swiglu_f32                             0x1058fc390 | th_max = 1024 | th_width =   32
ggml_metal_library_compile_pipeline: compiling pipeline: base = 'kernel_bin_fuse_f32_f32_f32', name = 'kernel_bin_fuse_f32_f32_f32_op=2_nf=1_rb=0_cb=1'
ggml_metal_library_compile_pipeline: loaded kernel_bin_fuse_f32_f32_f32_op=2_nf=1_rb=0_cb=1      0x1058fd350 | th_max = 1024 | th_width =   32
ggml_metal_library_compile_pipeline: compiling pipeline: base = 'kernel_bin_fuse_f32_f32_f32_4', name = 'kernel_bin_fuse_f32_f32_f32_4_op=0_nf=7_rb=0_cb=0'
ggml_metal_library_compile_pipeline: loaded kernel_bin_fuse_f32_f32_f32_4_op=0_nf=7_rb=0_cb=0      0x1058fd6d0 | th_max = 1024 | th_width =   32
ggml_metal_library_compile_pipeline: compiling pipeline: base = 'kernel_bin_fuse_f32_f32_f32_4', name = 'kernel_bin_fuse_f32_f32_f32_4_op=0_nf=2_rb=0_cb=0'
ggml_metal_library_compile_pipeline: loaded kernel_bin_fuse_f32_f32_f32_4_op=0_nf=2_rb=0_cb=0     0x7612f3c000 | th_max = 1024 | th_width =   32
ggml_metal_library_compile_pipeline: compiling pipeline: base = 'kernel_bin_fuse_f32_f32_f32_4', name = 'kernel_bin_fuse_f32_f32_f32_4_op=0_nf=1_rb=0_cb=0'
ggml_metal_library_compile_pipeline: loaded kernel_bin_fuse_f32_f32_f32_4_op=0_nf=1_rb=0_cb=0     0x7612f3c380 | th_max = 1024 | th_width =   32
M5_GATE_CASE {"cpu_compute_nodes":0,"cpu_nmse":6.957007826013444e-14,"distinct_experts":[14,22,24,26,28,30,33,40],"eligible":true,"graph_buffer_bytes":5385920,"input_ids_preserved":true,"layout":"plain","max_absolute_error":3.669212926826759e-07,"max_scaled_error":3.163219394197725e-07,"output_elements":1105920,"route":"real","route_index":0,"rows":4,"samples":60,"scheduler":true,"triplets_per_graph":8,"wall_samples_us_per_triplet":[289.19275,291.359375,291.71875,291.75,291.932375,292.072875,292.359375,292.682375,292.93225,293.09375,294.30725,294.5365,294.546875,295.208375,295.21875,295.369875,295.4115,295.442625,295.5365,295.791625,295.854125,296.010375,296.04175,296.078125,296.1615,296.30725,296.640625,296.661375,296.8385,297.06775,297.161375,297.354125,297.953125,298.00525,298.036375,298.099,298.286375,298.302125,298.328125,298.348875,298.40625,298.45825,298.7865,298.854125,299.13025,299.770875,299.916625,300.65625,301.6875,302.291625,303.68225,304.609375,304.9375,304.974,305.0,305.552,305.55725,305.8125,307.4115,315.34375],"wall_us_per_triplet":297.161375}
M5_GATE_CASE {"cpu_compute_nodes":0,"cpu_nmse":8.813416802937666e-14,"distinct_experts":[40,40,40,40,40,40,40,40],"eligible":true,"graph_buffer_bytes":5385920,"input_ids_preserved":true,"layout":"plain","max_absolute_error":2.665893277242759e-07,"max_scaled_error":2.544322713626812e-07,"output_elements":1105920,"route":"distinct","route_index":0,"rows":4,"samples":60,"scheduler":true,"triplets_per_graph":8,"wall_samples_us_per_triplet":[297.338625,297.526,297.56775,297.848875,298.18225,298.3385,298.640625,298.822875,299.854125,300.645875,300.666625,300.666625,300.71875,300.724,300.8385,301.078125,301.31775,301.364625,301.5,301.93225,302.1615,302.265625,302.317625,302.6875,302.890625,302.921875,302.994875,303.0365,303.348875,303.609375,303.74475,303.848875,303.921875,304.234375,304.291625,304.338625,304.359375,304.546875,304.552125,304.8385,304.838625,304.875,304.9375,305.28125,305.364625,305.375,305.401,305.401125,305.880125,306.276,306.489625,306.703125,307.203125,307.375,307.375,308.15625,310.46875,311.776,313.104125,314.421875],"wall_us_per_triplet":303.74475}
M5_GATE_CASE {"cpu_compute_nodes":0,"cpu_nmse":7.063375741560338e-14,"distinct_experts":[10,10,10,10,10,10,10,10],"eligible":true,"graph_buffer_bytes":5385920,"input_ids_preserved":true,"layout":"plain","max_absolute_error":3.351239759030733e-07,"max_scaled_error":3.351239759030733e-07,"output_elements":1105920,"route":"shared","route_index":0,"rows":4,"samples":60,"scheduler":true,"triplets_per_graph":8,"wall_samples_us_per_triplet":[283.3385,284.776,285.11975,285.572875,285.63025,287.05725,287.109375,287.203125,287.390625,288.18225,288.96875,289.046875,289.296875,289.322875,289.401,289.45825,289.541625,289.61975,289.645875,289.9375,290.197875,290.234375,290.255125,290.2865,290.3385,290.38025,290.3855,290.65625,290.724,290.96875,291.00525,291.359375,291.4375,291.645875,292.151,292.296875,292.30725,292.375,292.4375,292.974,293.296875,293.4115,293.484375,293.526,293.6615,294.40625,295.375,295.625,295.802125,298.94275,299.661375,300.083375,300.145875,300.8385,300.93225,300.958375,301.35425,304.10425,304.338625,304.973875],"wall_us_per_triplet":291.00525}
M5_GATE_CASE {"cpu_compute_nodes":0,"cpu_nmse":7.030566706314856e-14,"distinct_experts":[13,26,29,31,34,36,40,50],"eligible":true,"graph_buffer_bytes":6721728,"input_ids_preserved":true,"layout":"plain","max_absolute_error":2.9987389271735054e-07,"max_scaled_error":2.9987389271735054e-07,"output_elements":1382400,"route":"real","route_index":0,"rows":5,"samples":60,"scheduler":true,"triplets_per_graph":8,"wall_samples_us_per_triplet":[350.802,352.328125,352.60425,352.63025,353.088625,353.125,353.229125,353.833375,354.015625,354.1615,354.401,354.7135,354.921875,354.958375,354.958375,355.354125,355.55725,355.60425,355.723875,355.796875,355.864625,355.890625,355.91675,355.927,355.953125,355.973875,356.020875,356.510375,356.552125,356.65625,356.979125,357.229125,357.25525,357.369875,357.677125,357.69275,357.885375,357.895875,357.953125,358.06775,358.395875,358.401,358.421875,358.6355,358.802125,358.828125,358.859375,359.0625,359.239625,359.552125,359.661375,359.760375,362.682375,363.760375,365.0,365.520875,365.7865,366.348875,366.38025,366.49475],"wall_us_per_triplet":356.979125}
M5_GATE_CASE {"cpu_compute_nodes":0,"cpu_nmse":9.616919896786819e-14,"distinct_experts":[50,50,50,50,50,50,50,50],"eligible":true,"graph_buffer_bytes":6721728,"input_ids_preserved":true,"layout":"plain","max_absolute_error":3.6201216380149503e-07,"max_scaled_error":3.6201216380149503e-07,"output_elements":1382400,"route":"distinct","route_index":0,"rows":5,"samples":60,"scheduler":true,"triplets_per_graph":8,"wall_samples_us_per_triplet":[357.80725,359.322875,360.59375,361.16675,361.692625,362.036375,362.2605,362.270875,362.447875,362.458375,362.671875,362.78125,363.224,363.265625,363.7135,364.109375,364.15625,364.359375,364.671875,364.68225,364.6875,364.71875,364.724,364.796875,364.83325,364.974,365.0365,365.04175,365.265625,365.364625,365.90625,366.401,366.505125,366.6355,366.74475,367.104125,367.135375,367.328125,367.34375,367.349,367.53125,367.567625,367.5885,367.791625,367.932375,368.109375,368.21875,368.22925,368.401,368.7605,370.19275,370.24475,371.145875,371.453125,372.114625,374.5625,374.578125,374.984375,375.859375,379.43225],"wall_us_per_triplet":365.90625}
M5_GATE_CASE {"cpu_compute_nodes":0,"cpu_nmse":7.366095811566404e-14,"distinct_experts":[10,10,10,10,10,10,10,10],"eligible":true,"graph_buffer_bytes":6721728,"input_ids_preserved":true,"layout":"plain","max_absolute_error":3.351239759030733e-07,"max_scaled_error":3.351239759030733e-07,"output_elements":1382400,"route":"shared","route_index":0,"rows":5,"samples":60,"scheduler":true,"triplets_per_graph":8,"wall_samples_us_per_triplet":[344.671875,344.78125,344.822875,345.666625,346.677125,347.1875,347.5,347.864625,348.1875,348.192625,348.33325,349.28125,349.354125,349.6615,349.692625,349.70825,349.739625,349.822875,349.828125,349.890625,349.895875,349.911375,350.00525,350.02075,350.229125,350.458375,350.46875,350.515625,350.869875,351.21875,351.609375,351.776125,351.802,351.979125,352.25,352.25,352.31775,352.348875,352.448,352.50525,352.541625,352.69275,352.75525,352.9635,352.974,353.010375,353.28125,353.31775,353.33325,353.349,353.5,353.515625,354.28125,354.46875,354.625,355.1875,356.40625,360.9635,361.671875,368.421875],"wall_us_per_triplet":351.609375}
M5_GATE_DONE {"allocated_weight_bytes":2124195840,"cases":6,"cpu_compute_nodes":0,"mode":"perf","scheduler":true,"weights_preserved":true}
ggml_metal_free: deallocating
