ggml_metal_device_init: testing tensor API for f16 support
ggml_metal_library_compile_pipeline: compiling pipeline: base = 'dummy_kernel', name = 'dummy_kernel'
ggml_metal_library_compile_pipeline: loaded dummy_kernel                                  0x10143d6a0 | th_max = 1024 | th_width =   32
ggml_metal_device_init: testing tensor API for bfloat support
ggml_metal_library_compile_pipeline: compiling pipeline: base = 'dummy_kernel', name = 'dummy_kernel'
ggml_metal_library_compile_pipeline: loaded dummy_kernel                                  0x10143d820 | th_max = 1024 | th_width =   32
ggml_metal_library_init: using embedded metal library
ggml_metal_library_compile_all: compiled 'fa_aux' library in 0.000 sec
ggml_metal_library_compile_all: compiled 'fa_f16' library in 0.002 sec
ggml_metal_library_compile_all: compiled 'fa_f32' library in 0.001 sec
ggml_metal_library_compile_all: compiled 'fa_q4_0' library in 0.001 sec
ggml_metal_library_compile_all: compiled 'fa_q4_1' library in 0.006 sec
ggml_metal_library_compile_all: compiled 'fa_q5_0' library in 0.002 sec
ggml_metal_library_compile_all: compiled 'fa_q5_1' library in 0.002 sec
ggml_metal_library_compile_all: compiled 'fa_q8_0' library in 0.001 sec
ggml_metal_library_compile_all: compiled 'fa_vec_f16' library in 0.003 sec
ggml_metal_library_compile_all: compiled 'fa_vec_f32' library in 0.003 sec
ggml_metal_library_compile_all: compiled 'fa_vec_q4_0' library in 0.009 sec
ggml_metal_library_compile_all: compiled 'fa_vec_q4_1' library in 0.007 sec
ggml_metal_library_compile_all: compiled 'fa_vec_q5_0' library in 0.005 sec
ggml_metal_library_compile_all: compiled 'fa_vec_q5_1' library in 0.006 sec
ggml_metal_library_compile_all: compiled 'fa_vec_q8_0' library in 0.009 sec
ggml_metal_library_compile_all: compiled 'mul_mv' library in 0.004 sec
ggml_metal_library_compile_all: compiled 'mul_mv_mma' library in 0.011 sec
ggml_metal_library_compile_all: compiled 'mul_mm' library in 0.008 sec
ggml_metal_library_compile_all: compiled 'quantize' library in 0.011 sec
ggml_metal_library_compile_all: compiled 'softmax' library in 0.006 sec
ggml_metal_library_compile_all: compiled 'norm' library in 0.005 sec
ggml_metal_library_compile_all: compiled 'unary' library in 0.002 sec
ggml_metal_library_compile_all: compiled 'binbcast' library in 0.002 sec
ggml_metal_library_compile_all: compiled 'reduce' library in 0.004 sec
ggml_metal_library_compile_all: compiled 'tri' library in 0.003 sec
ggml_metal_library_compile_all: compiled 'ssm' library in 0.007 sec
ggml_metal_library_compile_all: compiled 'wkv' library in 0.003 sec
ggml_metal_library_compile_all: compiled 'gated_delta_net' library in 0.004 sec
ggml_metal_library_compile_all: compiled 'solve_tri' library in 0.009 sec
ggml_metal_library_compile_all: compiled 'rope' library in 0.004 sec
ggml_metal_library_compile_all: compiled 'conv' library in 0.004 sec
ggml_metal_library_compile_all: compiled 'upscale' library in 0.005 sec
ggml_metal_library_compile_all: compiled 'argsort' library in 0.003 sec
ggml_metal_library_compile_all: compiled 'pool' library in 0.006 sec
ggml_metal_library_compile_all: compiled 'misc' library in 0.003 sec
ggml_metal_library_compile_all: loaded 35 libraries from embedded data in 0.011 sec (max single = 0.011 sec)
ggml_metal_rsets_init: creating a residency set collection (keep_alive = 180 s)
ggml_metal_device_init: GPU name:   MTL0 (Apple M5 Pro)
ggml_metal_device_init: GPU family: MTLGPUFamilyApple10  (1010)
ggml_metal_device_init: GPU family: MTLGPUFamilyMetal4  (5002)
ggml_metal_device_init: simdgroup reduction   = true
ggml_metal_device_init: simdgroup matrix mul. = true
ggml_metal_device_init: has unified memory    = true
ggml_metal_device_init: has bfloat            = true
ggml_metal_device_init: has tensor            = true
ggml_metal_device_init: use residency sets    = true
ggml_metal_device_init: use shared buffers    = true
ggml_metal_device_init: recommendedMaxWorkingSetSize  = 40200.90 MB
ggml_metal_init: allocating
ggml_metal_init: found device: Apple M5 Pro
ggml_metal_init: picking default device: Apple M5 Pro
ggml_metal_init: use fusion         = true
ggml_metal_init: use concurrency    = true
ggml_metal_init: use graph optimize = true
ggml_metal_library_compile_pipeline: compiling pipeline: base = 'kernel_m5_group_map', name = 'kernel_m5_group_map'
ggml_metal_library_compile_pipeline: loaded kernel_m5_group_map                           0x1014454a0 | th_max = 1024 | th_width =   32
ggml_metal_library_compile_pipeline: compiling pipeline: base = 'kernel_m5_group_q2_0_f32', name = 'kernel_m5_group_q2_0_f32'
ggml_metal_library_compile_pipeline: loaded kernel_m5_group_q2_0_f32                      0x10144b6a0 | th_max = 1024 | th_width =   32
ggml_metal_library_compile_pipeline: compiling pipeline: base = 'kernel_unary_f32_f32_4', name = 'kernel_unary_f32_f32_4_op=106_cnt=1'
ggml_metal_library_compile_pipeline: loaded kernel_unary_f32_f32_4_op=106_cnt=1           0x10144d620 | th_max = 1024 | th_width =   32
ggml_metal_library_compile_pipeline: compiling pipeline: base = 'kernel_bin_fuse_f32_f32_f32_4', name = 'kernel_bin_fuse_f32_f32_f32_4_op=2_nf=1_rb=0_cb=0'
ggml_metal_library_compile_pipeline: loaded kernel_bin_fuse_f32_f32_f32_4_op=2_nf=1_rb=0_cb=0      0x10144ba20 | th_max = 1024 | th_width =   32
M5_GROUP_CASE {"cpu_nmse":3.0835720025377364e-14,"distinct_experts":[14,22,24,26,28,30,33,40],"elements":1228800,"input_ids_preserved":true,"layout":"plain","max_absolute_error":3.769161438516022e-07,"route":"real","route_index":0,"rows":4,"samples":60,"triplets_per_graph":8,"wall_us_per_triplet":1913.9375}
M5_GROUP_CASE {"cpu_nmse":3.0726364127783044e-14,"distinct_experts":[40,40,40,40,40,40,40,40],"elements":1228800,"input_ids_preserved":true,"layout":"plain","max_absolute_error":3.5679811283273466e-07,"route":"distinct","route_index":0,"rows":4,"samples":60,"triplets_per_graph":8,"wall_us_per_triplet":332.49475}
M5_GROUP_CASE {"cpu_nmse":3.0740031575552693e-14,"distinct_experts":[10,10,10,10,10,10,10,10],"elements":1228800,"input_ids_preserved":true,"layout":"plain","max_absolute_error":3.373195784917016e-07,"route":"shared","route_index":0,"rows":4,"samples":60,"triplets_per_graph":8,"wall_us_per_triplet":8566.15625}
M5_GROUP_CASE {"cpu_nmse":2.983432320625554e-14,"distinct_experts":[13,26,29,31,34,36,40,50],"elements":1536000,"input_ids_preserved":true,"layout":"plain","max_absolute_error":3.411756335225391e-07,"route":"real","route_index":0,"rows":5,"samples":60,"triplets_per_graph":8,"wall_us_per_triplet":3112.1355}
M5_GROUP_CASE {"cpu_nmse":2.995057686125588e-14,"distinct_experts":[50,50,50,50,50,50,50,50],"elements":1536000,"input_ids_preserved":true,"layout":"plain","max_absolute_error":3.5679811283273466e-07,"route":"distinct","route_index":0,"rows":5,"samples":60,"triplets_per_graph":8,"wall_us_per_triplet":396.895875}
M5_GROUP_CASE {"cpu_nmse":2.998883728769302e-14,"distinct_experts":[10,10,10,10,10,10,10,10],"elements":1536000,"input_ids_preserved":true,"layout":"plain","max_absolute_error":3.373195784917016e-07,"route":"shared","route_index":0,"rows":5,"samples":60,"triplets_per_graph":8,"wall_us_per_triplet":12801.723875}
M5_GROUP_DONE {"allocated_weight_bytes":2124195840,"cases":6,"mode":"perf","weights_preserved":true}
ggml_metal_free: deallocating
