control check passed /Users/justin/Documents/Github/Strata-Mac-Lab/bench/results/20261009-compact-tiles/columns/20261009T235755833843Z-check-control
compact check passed /Users/justin/Documents/Github/Strata-Mac-Lab/bench/results/20261009-compact-tiles/columns/20261009T235801672665Z-check-compact
control perf passed /Users/justin/Documents/Github/Strata-Mac-Lab/bench/results/20261009-compact-tiles/columns/20261009T235810456673Z-perf-control
compact perf passed /Users/justin/Documents/Github/Strata-Mac-Lab/bench/results/20261009-compact-tiles/columns/20261009T235834009395Z-perf-compact
compact perf passed /Users/justin/Documents/Github/Strata-Mac-Lab/bench/results/20261009-compact-tiles/columns/20261009T235857669324Z-perf-compact
control perf passed /Users/justin/Documents/Github/Strata-Mac-Lab/bench/results/20261009-compact-tiles/columns/20261009T235921314564Z-perf-control
[
  {
    "id": "t32-uniform-stride2048-plain-precision-default-terminal-only",
    "tokens": 32,
    "route": "uniform",
    "triplets_per_graph": 2,
    "control_ms": 6.52914453125,
    "candidate_ms": 6.65249871875,
    "time_reduction_percent": -1.8892856010400472,
    "control_drift_percent": 0.007777324432878263,
    "qualifies": false
  },
  {
    "id": "t32-shared-stride2048-plain-precision-default-terminal-only",
    "tokens": 32,
    "route": "shared",
    "triplets_per_graph": 2,
    "control_ms": 0.7818273225532946,
    "candidate_ms": 0.7820722049061175,
    "time_reduction_percent": -0.03132179520448641,
    "control_drift_percent": 1.0172494309384383,
    "qualifies": false
  },
  {
    "id": "t32-mixed-stride2048-plain-precision-default-terminal-only",
    "tokens": 32,
    "route": "mixed",
    "triplets_per_graph": 2,
    "control_ms": 3.7092122037037036,
    "candidate_ms": 3.8546017884615384,
    "time_reduction_percent": -3.919689054529174,
    "control_drift_percent": 0.12401751773789549,
    "qualifies": false
  },
  {
    "id": "t33-uniform-stride2048-plain-precision-default-terminal-only",
    "tokens": 33,
    "route": "uniform",
    "triplets_per_graph": 2,
    "control_ms": 6.751259766666666,
    "candidate_ms": 6.829405566666666,
    "time_reduction_percent": -1.1574995289891366,
    "control_drift_percent": 0.06798887783889818,
    "qualifies": false
  },
  {
    "id": "t33-shared-stride2048-plain-precision-default-terminal-only",
    "tokens": 33,
    "route": "shared",
    "triplets_per_graph": 2,
    "control_ms": 0.983920955882353,
    "candidate_ms": 0.9921697574257425,
    "time_reduction_percent": -0.838360184735798,
    "control_drift_percent": 0.24853999897740398,
    "qualifies": false
  },
  {
    "id": "t33-mixed-stride2048-plain-precision-default-terminal-only",
    "tokens": 33,
    "route": "mixed",
    "triplets_per_graph": 2,
    "control_ms": 3.8784559423076925,
    "candidate_ms": 4.01157834,
    "time_reduction_percent": -3.432355547478494,
    "control_drift_percent": 0.06926903997978018,
    "qualifies": false
  },
  {
    "id": "t64-uniform-stride2048-plain-precision-default-terminal-only",
    "tokens": 64,
    "route": "uniform",
    "triplets_per_graph": 2,
    "control_ms": 10.2592604,
    "candidate_ms": 10.3431271,
    "time_reduction_percent": -0.8174731582015315,
    "control_drift_percent": 0.10292780562650705,
    "qualifies": false
  },
  {
    "id": "t64-shared-stride2048-plain-precision-default-terminal-only",
    "tokens": 64,
    "route": "shared",
    "triplets_per_graph": 2,
    "control_ms": 1.1503394676724137,
    "candidate_ms": 1.1696417151162792,
    "time_reduction_percent": -1.677960983371407,
    "control_drift_percent": 0.22990098938159287,
    "qualifies": false
  },
  {
    "id": "t64-mixed-stride2048-plain-precision-default-terminal-only",
    "tokens": 64,
    "route": "mixed",
    "triplets_per_graph": 2,
    "control_ms": 6.878733366666667,
    "candidate_ms": 6.992020833333334,
    "time_reduction_percent": -1.6469233596935418,
    "control_drift_percent": 0.09534689356927029,
    "qualifies": false
  },
  {
    "id": "t127-uniform-stride2048-plain-precision-default-terminal-only",
    "tokens": 127,
    "route": "uniform",
    "triplets_per_graph": 2,
    "control_ms": 10.5985979,
    "candidate_ms": 10.643779199999999,
    "time_reduction_percent": -0.42629506682199114,
    "control_drift_percent": 0.06846833405147468,
    "qualifies": false
  },
  {
    "id": "t127-shared-stride2048-plain-precision-default-terminal-only",
    "tokens": 127,
    "route": "shared",
    "triplets_per_graph": 2,
    "control_ms": 2.0009058284313723,
    "candidate_ms": 2.050350336734694,
    "time_reduction_percent": -2.4711062160323705,
    "control_drift_percent": 0.30655749065321425,
    "qualifies": false
  },
  {
    "id": "t127-mixed-stride2048-plain-precision-default-terminal-only",
    "tokens": 127,
    "route": "mixed",
    "triplets_per_graph": 2,
    "control_ms": 11.0511646,
    "candidate_ms": 11.0115438,
    "time_reduction_percent": 0.3585214901242084,
    "control_drift_percent": 0.16727873966082552,
    "qualifies": false
  },
  {
    "id": "t508-uniform-stride2048-plain-precision-default-terminal-only",
    "tokens": 508,
    "route": "uniform",
    "triplets_per_graph": 2,
    "control_ms": 13.0001431875,
    "candidate_ms": 13.0593828125,
    "time_reduction_percent": -0.45568440397609766,
    "control_drift_percent": 0.20431669188099022,
    "qualifies": false
  },
  {
    "id": "t508-shared-stride2048-plain-precision-default-terminal-only",
    "tokens": 508,
    "route": "shared",
    "triplets_per_graph": 2,
    "control_ms": 7.353919642857144,
    "candidate_ms": 6.984941666666666,
    "time_reduction_percent": 5.01743279924014,
    "control_drift_percent": 0.09845873986792375,
    "qualifies": false
  },
  {
    "id": "t508-mixed-stride2048-plain-precision-default-terminal-only",
    "tokens": 508,
    "route": "mixed",
    "triplets_per_graph": 2,
    "control_ms": 14.927434875,
    "candidate_ms": 14.5970234375,
    "time_reduction_percent": 2.213450872616851,
    "control_drift_percent": 0.25135287144114615,
    "qualifies": false
  },
  {
    "id": "t512-uniform-stride2048-plain-precision-default-terminal-only",
    "tokens": 512,
    "route": "uniform",
    "triplets_per_graph": 2,
    "control_ms": 13.036513,
    "candidate_ms": 13.3266770625,
    "time_reduction_percent": -2.225779719622878,
    "control_drift_percent": 0.33603872452656613,
    "qualifies": false
  },
  {
    "id": "t512-shared-stride2048-plain-precision-default-terminal-only",
    "tokens": 512,
    "route": "shared",
    "triplets_per_graph": 2,
    "control_ms": 7.3864523928571435,
    "candidate_ms": 7.178382464285715,
    "time_reduction_percent": 2.816912876506683,
    "control_drift_percent": 0.14824754581351796,
    "qualifies": false
  },
  {
    "id": "t512-mixed-stride2048-plain-precision-default-terminal-only",
    "tokens": 512,
    "route": "mixed",
    "triplets_per_graph": 2,
    "control_ms": 14.9409713125,
    "candidate_ms": 14.837122375,
    "time_reduction_percent": 0.695061487823867,
    "control_drift_percent": 0.09355371385539879,
    "qualifies": false
  }
]
