ggml_metal_device_init: testing tensor API for f16 support
ggml_metal_library_compile_pipeline: compiling pipeline: base = 'dummy_kernel', name = 'dummy_kernel'
ggml_metal_library_compile_pipeline: loaded dummy_kernel                                  0x10393ea90 | th_max = 1024 | th_width =   32
ggml_metal_device_init: testing tensor API for bfloat support
ggml_metal_library_compile_pipeline: compiling pipeline: base = 'dummy_kernel', name = 'dummy_kernel'
ggml_metal_library_compile_pipeline: loaded dummy_kernel                                  0x10393ef90 | th_max = 1024 | th_width =   32
ggml_metal_library_init: using embedded metal library
ggml_metal_library_compile_all: compiled 'fa_aux' library in 0.002 sec
ggml_metal_library_compile_all: compiled 'fa_f16' library in 0.002 sec
ggml_metal_library_compile_all: compiled 'fa_f32' library in 0.004 sec
ggml_metal_library_compile_all: compiled 'fa_q4_0' library in 0.007 sec
ggml_metal_library_compile_all: compiled 'fa_q4_1' library in 0.003 sec
ggml_metal_library_compile_all: compiled 'fa_q5_0' library in 0.005 sec
ggml_metal_library_compile_all: compiled 'fa_q5_1' library in 0.004 sec
ggml_metal_library_compile_all: compiled 'fa_q8_0' library in 0.003 sec
ggml_metal_library_compile_all: compiled 'fa_vec_f16' library in 0.004 sec
ggml_metal_library_compile_all: compiled 'fa_vec_f32' library in 0.011 sec
ggml_metal_library_compile_all: compiled 'fa_vec_q4_0' library in 0.011 sec
ggml_metal_library_compile_all: compiled 'fa_vec_q4_1' library in 0.013 sec
ggml_metal_library_compile_all: compiled 'fa_vec_q5_0' library in 0.012 sec
ggml_metal_library_compile_all: compiled 'fa_vec_q5_1' library in 0.008 sec
ggml_metal_library_compile_all: compiled 'fa_vec_q8_0' library in 0.010 sec
ggml_metal_library_compile_all: compiled 'mul_mv' library in 0.005 sec
ggml_metal_library_compile_all: compiled 'mul_mv_mma' library in 0.006 sec
ggml_metal_library_compile_all: compiled 'mul_mm' library in 0.009 sec
ggml_metal_library_compile_all: compiled 'quantize' library in 0.006 sec
ggml_metal_library_compile_all: compiled 'softmax' library in 0.002 sec
ggml_metal_library_compile_all: compiled 'norm' library in 0.005 sec
ggml_metal_library_compile_all: compiled 'unary' library in 0.004 sec
ggml_metal_library_compile_all: compiled 'binbcast' library in 0.001 sec
ggml_metal_library_compile_all: compiled 'reduce' library in 0.009 sec
ggml_metal_library_compile_all: compiled 'tri' library in 0.008 sec
ggml_metal_library_compile_all: compiled 'ssm' library in 0.007 sec
ggml_metal_library_compile_all: compiled 'wkv' library in 0.007 sec
ggml_metal_library_compile_all: compiled 'gated_delta_net' library in 0.004 sec
ggml_metal_library_compile_all: compiled 'solve_tri' library in 0.004 sec
ggml_metal_library_compile_all: compiled 'rope' library in 0.007 sec
ggml_metal_library_compile_all: compiled 'conv' library in 0.003 sec
ggml_metal_library_compile_all: compiled 'upscale' library in 0.004 sec
ggml_metal_library_compile_all: compiled 'argsort' library in 0.004 sec
ggml_metal_library_compile_all: compiled 'pool' library in 0.003 sec
ggml_metal_library_compile_all: compiled 'misc' library in 0.003 sec
ggml_metal_library_compile_all: loaded 35 libraries from embedded data in 0.013 sec (max single = 0.013 sec)
ggml_metal_rsets_init: creating a residency set collection (keep_alive = 180 s)
ggml_metal_device_init: GPU name:   MTL0 (Apple M5 Pro)
ggml_metal_device_init: GPU family: MTLGPUFamilyApple10  (1010)
ggml_metal_device_init: GPU family: MTLGPUFamilyMetal4  (5002)
ggml_metal_device_init: simdgroup reduction   = true
ggml_metal_device_init: simdgroup matrix mul. = true
ggml_metal_device_init: has unified memory    = true
ggml_metal_device_init: has bfloat            = true
ggml_metal_device_init: has tensor            = true
ggml_metal_device_init: use residency sets    = true
ggml_metal_device_init: use shared buffers    = true
ggml_metal_device_init: recommendedMaxWorkingSetSize  = 40200.90 MB
ggml_metal_init: allocating
ggml_metal_init: found device: Apple M5 Pro
ggml_metal_init: picking default device: Apple M5 Pro
ggml_metal_init: use fusion         = true
ggml_metal_init: use concurrency    = true
ggml_metal_init: use graph optimize = true
ggml_metal_library_compile_pipeline: compiling pipeline: base = 'kernel_m5_gate_up_q2_0_f32_r8', name = 'kernel_m5_gate_up_q2_0_f32_r8'
ggml_metal_library_compile_pipeline: loaded kernel_m5_gate_up_q2_0_f32_r8                 0x103950290 | th_max = 1024 | th_width =   32
ggml_metal_library_compile_pipeline: compiling pipeline: base = 'kernel_mul_mv_id_q2_0_f32', name = 'kernel_mul_mv_id_q2_0_f32_nsg=2_split=0'
ggml_metal_library_compile_pipeline: loaded kernel_mul_mv_id_q2_0_f32_nsg=2_split=0       0x103950a10 | th_max = 1024 | th_width =   32
ggml_metal_library_compile_pipeline: compiling pipeline: base = 'kernel_bin_fuse_f32_f32_f32', name = 'kernel_bin_fuse_f32_f32_f32_op=2_nf=1_rb=0_cb=1'
ggml_metal_library_compile_pipeline: loaded kernel_bin_fuse_f32_f32_f32_op=2_nf=1_rb=0_cb=1      0x103950f90 | th_max = 1024 | th_width =   32
ggml_metal_library_compile_pipeline: compiling pipeline: base = 'kernel_bin_fuse_f32_f32_f32_4', name = 'kernel_bin_fuse_f32_f32_f32_4_op=0_nf=7_rb=0_cb=0'
ggml_metal_library_compile_pipeline: loaded kernel_bin_fuse_f32_f32_f32_4_op=0_nf=7_rb=0_cb=0      0x103951310 | th_max = 1024 | th_width =   32
ggml_metal_library_compile_pipeline: compiling pipeline: base = 'kernel_bin_fuse_f32_f32_f32_4', name = 'kernel_bin_fuse_f32_f32_f32_4_op=0_nf=2_rb=0_cb=0'
ggml_metal_library_compile_pipeline: loaded kernel_bin_fuse_f32_f32_f32_4_op=0_nf=2_rb=0_cb=0     0x75d127c000 | th_max = 1024 | th_width =   32
ggml_metal_library_compile_pipeline: compiling pipeline: base = 'kernel_bin_fuse_f32_f32_f32_4', name = 'kernel_bin_fuse_f32_f32_f32_4_op=0_nf=1_rb=0_cb=0'
ggml_metal_library_compile_pipeline: loaded kernel_bin_fuse_f32_f32_f32_4_op=0_nf=1_rb=0_cb=0     0x75d127c380 | th_max = 1024 | th_width =   32
M5_GATE_CASE {"cpu_compute_nodes":0,"cpu_nmse":6.957007826013444e-14,"distinct_experts":[14,22,24,26,28,30,33,40],"eligible":true,"graph_buffer_bytes":5385920,"input_ids_preserved":true,"layout":"plain","max_absolute_error":3.669212926826759e-07,"max_scaled_error":3.163219394197725e-07,"output_elements":1105920,"route":"real","route_index":0,"rows":4,"samples":60,"scheduler":true,"triplets_per_graph":8,"wall_samples_us_per_triplet":[342.0885,342.78125,344.46875,344.989625,345.041625,345.09375,345.5625,345.776,346.046875,346.072875,346.302125,346.317625,346.36975,346.395875,346.4375,346.5,346.8855,347.24475,347.421875,347.5365,347.541625,347.567625,347.744875,347.99475,348.198,348.296875,348.31775,348.390625,348.442625,348.447875,348.546875,348.734375,348.93225,349.0105,349.19275,349.432375,349.46875,349.541625,349.5625,349.828125,349.974,349.984375,349.9895,350.224,350.364625,350.447875,350.50525,350.515625,350.546875,350.640625,350.802,350.833375,351.1145,351.974,352.520875,352.599,353.041625,354.72925,356.328125,356.677],"wall_us_per_triplet":348.546875}
M5_GATE_CASE {"cpu_compute_nodes":0,"cpu_nmse":8.813416802937666e-14,"distinct_experts":[40,40,40,40,40,40,40,40],"eligible":true,"graph_buffer_bytes":5385920,"input_ids_preserved":true,"layout":"plain","max_absolute_error":2.665893277242759e-07,"max_scaled_error":2.544322713626812e-07,"output_elements":1105920,"route":"distinct","route_index":0,"rows":4,"samples":60,"scheduler":true,"triplets_per_graph":8,"wall_samples_us_per_triplet":[354.125,356.06775,357.171875,357.65625,357.724,357.953125,359.2135,359.38025,359.40625,359.75525,359.822875,360.09375,360.13025,360.677125,360.921875,360.973875,361.010375,361.1355,361.151,361.177,361.19275,361.22925,361.29175,361.34375,361.401125,361.50525,361.583375,361.666625,361.72925,361.78125,361.84375,361.9635,361.984375,362.0885,362.708375,362.984375,363.145875,363.302125,363.541625,363.6875,363.7395,363.765625,363.796875,363.796875,363.833375,363.974,364.05725,364.125,364.33325,364.625,364.7605,365.395875,365.588625,366.71875,367.375,369.44275,370.760375,372.03125,373.5,377.65625],"wall_us_per_triplet":361.84375}
M5_GATE_CASE {"cpu_compute_nodes":0,"cpu_nmse":7.063375741560338e-14,"distinct_experts":[10,10,10,10,10,10,10,10],"eligible":true,"graph_buffer_bytes":5385920,"input_ids_preserved":true,"layout":"plain","max_absolute_error":3.351239759030733e-07,"max_scaled_error":3.351239759030733e-07,"output_elements":1105920,"route":"shared","route_index":0,"rows":4,"samples":60,"scheduler":true,"triplets_per_graph":8,"wall_samples_us_per_triplet":[310.989625,312.140625,312.5885,313.270875,314.09375,314.114625,315.46875,315.474,315.71875,315.859375,315.875,315.885375,316.198,316.224,316.25525,316.265625,316.2865,316.36975,316.385375,316.4635,316.520875,316.661375,316.6875,316.901,316.96875,316.974,316.984375,316.99475,317.03125,317.05725,317.453125,317.708375,318.322875,318.572875,318.640625,319.005125,319.03125,319.046875,319.073,319.099,319.302125,319.36975,319.401125,319.427125,319.45825,319.46875,319.75525,319.916625,320.041625,320.083375,320.2605,320.83325,321.260375,321.895875,321.953125,322.119875,322.416625,324.708375,326.760375,328.010375],"wall_us_per_triplet":317.453125}
M5_GATE_CASE {"cpu_compute_nodes":0,"cpu_nmse":7.030566706314856e-14,"distinct_experts":[13,26,29,31,34,36,40,50],"eligible":true,"graph_buffer_bytes":6721728,"input_ids_preserved":true,"layout":"plain","max_absolute_error":2.9987389271735054e-07,"max_scaled_error":2.9987389271735054e-07,"output_elements":1382400,"route":"real","route_index":0,"rows":5,"samples":60,"scheduler":true,"triplets_per_graph":8,"wall_samples_us_per_triplet":[407.18225,408.34375,410.31775,410.526125,410.66675,410.9115,410.942625,411.265625,411.59375,411.661375,411.6615,411.698,411.828125,411.942625,412.078125,412.328125,412.90625,412.9115,412.984375,413.09375,413.666625,413.671875,413.71875,413.890625,413.958375,414.166625,414.208375,414.29175,414.474,414.50525,414.635375,414.6615,414.734375,414.75,414.79175,414.901,414.921875,415.177125,415.4635,415.46875,415.625,415.677,415.78125,415.84375,415.948,416.291625,416.3125,416.401,416.6615,416.671875,417.15625,417.177125,418.328125,418.46875,419.078125,419.8125,419.958375,420.239625,422.109375,422.213625],"wall_us_per_triplet":414.635375}
M5_GATE_CASE {"cpu_compute_nodes":0,"cpu_nmse":9.616919896786819e-14,"distinct_experts":[50,50,50,50,50,50,50,50],"eligible":true,"graph_buffer_bytes":6721728,"input_ids_preserved":true,"layout":"plain","max_absolute_error":3.6201216380149503e-07,"max_scaled_error":3.6201216380149503e-07,"output_elements":1382400,"route":"distinct","route_index":0,"rows":5,"samples":60,"scheduler":true,"triplets_per_graph":8,"wall_samples_us_per_triplet":[422.276,423.088625,425.75525,426.458375,427.052,427.296875,427.43225,427.484375,428.2135,428.598875,428.598875,428.65625,429.25,429.349,429.552,429.58325,429.671875,429.724,429.885375,429.927,430.28125,430.401125,430.546875,430.9635,431.411375,431.802,432.135375,432.239625,432.364625,432.604125,432.651,432.713625,432.80725,433.38025,433.55725,433.557375,433.5625,433.6145,433.739625,433.854125,434.114625,434.541625,434.630125,435.0,435.104125,435.14575,435.333375,435.354125,435.55725,435.80725,435.989625,436.125,438.291625,438.578125,438.625,440.359375,440.7135,441.6615,442.046875,444.78125],"wall_us_per_triplet":432.651}
M5_GATE_CASE {"cpu_compute_nodes":0,"cpu_nmse":7.366095811566404e-14,"distinct_experts":[10,10,10,10,10,10,10,10],"eligible":true,"graph_buffer_bytes":6721728,"input_ids_preserved":true,"layout":"plain","max_absolute_error":3.351239759030733e-07,"max_scaled_error":3.351239759030733e-07,"output_elements":1382400,"route":"shared","route_index":0,"rows":5,"samples":60,"scheduler":true,"triplets_per_graph":8,"wall_samples_us_per_triplet":[378.375,378.599,379.864625,380.171875,380.447875,380.697875,380.979125,381.3645,381.4375,381.546875,381.828125,381.880125,382.099,382.166625,382.296875,382.38025,382.432375,382.46875,382.546875,382.651,382.838625,382.90625,382.94275,383.0105,383.104125,383.177125,383.38025,383.38025,383.510375,383.552125,383.625,383.71875,383.859375,384.0,384.119875,384.447875,385.380125,385.453125,385.59375,385.78125,385.802125,385.828125,385.885375,385.989625,386.354125,386.66675,387.09375,387.323,387.432375,387.614625,390.354125,391.5365,392.151125,392.447875,394.203125,394.35425,395.057375,395.166625,397.786375,401.864625],"wall_us_per_triplet":383.625}
M5_GATE_DONE {"allocated_weight_bytes":2124195840,"cases":6,"cpu_compute_nodes":0,"mode":"perf","scheduler":true,"weights_preserved":true}
ggml_metal_free: deallocating
