20261006T183903Z-feature-shared-mixed: ready in 6.61s
prompt=512 repeat=1: 35.11 tok/s, TTFT 1.11s, prompt 462.4 tok/s
prompt=2048 repeat=1: 41.69 tok/s, TTFT 3.92s, prompt 522.0 tok/s
code repeat=1: 44.84 tok/s, TTFT 0.32s
prose repeat=1: 38.80 tok/s, TTFT 0.32s
chinese repeat=1: 33.86 tok/s, TTFT 0.35s
PASS answer multiply at temperature 0
PASS answer different-multiply at temperature 0
PASS answer sum at temperature 0
PASS answer extract-json at temperature 0
PASS answer sort-unique-json at temperature 0
PASS answer updated-label at temperature 0
PASS answer ledger at temperature 0
PASS answer python-function at temperature 0
PASS answer chinese-multiply at temperature 0
PASS answer chinese-json at temperature 0
PASS answer accented-label at temperature 0
PASS answer multiply at temperature 0.6
PASS answer different-multiply at temperature 0.6
PASS answer sum at temperature 0.6
PASS answer extract-json at temperature 0.6
PASS answer sort-unique-json at temperature 0.6
PASS answer updated-label at temperature 0.6
PASS answer ledger at temperature 0.6
PASS answer python-function at temperature 0.6
PASS answer chinese-multiply at temperature 0.6
PASS answer chinese-json at temperature 0.6
PASS answer accented-label at temperature 0.6
cached 512 warmup: 50.52 tok/s, TTFT 0.327s, correct=True
cached 512 repeat=1: 51.76 tok/s, TTFT 0.300s, correct=True
cached 2048 warmup: 47.87 tok/s, TTFT 0.339s, correct=True
cached 2048 repeat=1: 47.22 tok/s, TTFT 0.374s, correct=True
Saved /Users/justin/Documents/Github/Strata-Mac-Lab/bench/results/20261006T183903Z-feature-shared-mixed/result.json
Saved /Users/justin/Documents/Github/Strata-Mac-Lab/bench/features/20261006T183903Z-mtp-shared
