20261006T181113Z-vocab-feature: ready in 21.60s
prompt=512 warmup=1: 31.76 tok/s, TTFT 2.08s, prompt 246.6 tok/s
prompt=512 repeat=1: 32.88 tok/s, TTFT 1.25s, prompt 410.7 tok/s
prompt=2048 warmup=1: 33.15 tok/s, TTFT 4.84s, prompt 423.9 tok/s
prompt=2048 repeat=1: 33.16 tok/s, TTFT 4.55s, prompt 450.9 tok/s
code warmup: 35.50 tok/s, TTFT 0.73s
code repeat=1: 37.77 tok/s, TTFT 0.61s
prose warmup: 33.03 tok/s, TTFT 0.50s
prose repeat=1: 32.79 tok/s, TTFT 0.38s
chinese warmup: 29.88 tok/s, TTFT 0.52s
chinese repeat=1: 31.29 tok/s, TTFT 0.39s
PASS answer multiply at temperature 0
PASS answer different-multiply at temperature 0
PASS answer sum at temperature 0
PASS answer extract-json at temperature 0
PASS answer sort-unique-json at temperature 0
PASS answer updated-label at temperature 0
PASS answer ledger at temperature 0
PASS answer python-function at temperature 0
PASS answer chinese-multiply at temperature 0
FAIL answer chinese-json at temperature 0
PASS answer accented-label at temperature 0
PASS answer multiply at temperature 0.6
PASS answer different-multiply at temperature 0.6
PASS answer sum at temperature 0.6
PASS answer extract-json at temperature 0.6
PASS answer sort-unique-json at temperature 0.6
PASS answer updated-label at temperature 0.6
PASS answer ledger at temperature 0.6
PASS answer python-function at temperature 0.6
PASS answer chinese-multiply at temperature 0.6
PASS answer chinese-json at temperature 0.6
PASS answer accented-label at temperature 0.6
cached 512 warmup: 38.74 tok/s, TTFT 0.614s, correct=True
cached 512 repeat=1: 40.62 tok/s, TTFT 0.357s, correct=True
cached 2048 warmup: 37.20 tok/s, TTFT 0.525s, correct=True
cached 2048 repeat=1: 36.77 tok/s, TTFT 0.407s, correct=True
Saved /Users/justin/Documents/Github/Strata-Mac-Lab/bench/results/20261006T181113Z-vocab-feature/result.json
