ggml_metal_device_init: testing tensor API for f16 support
ggml_metal_library_compile_pipeline: compiling pipeline: base = 'dummy_kernel', name = 'dummy_kernel'
ggml_metal_library_compile_pipeline: loaded dummy_kernel                                  0x1059a13e0 | th_max = 1024 | th_width =   32
ggml_metal_device_init: testing tensor API for bfloat support
ggml_metal_library_compile_pipeline: compiling pipeline: base = 'dummy_kernel', name = 'dummy_kernel'
ggml_metal_library_compile_pipeline: loaded dummy_kernel                                  0x1059a2ce0 | th_max = 1024 | th_width =   32
ggml_metal_library_init: using embedded metal library
ggml_metal_library_compile_all: compiled 'fa_aux' library in 0.000 sec
ggml_metal_library_compile_all: compiled 'fa_f16' library in 0.003 sec
ggml_metal_library_compile_all: compiled 'fa_f32' library in 0.001 sec
ggml_metal_library_compile_all: compiled 'fa_q4_0' library in 0.001 sec
ggml_metal_library_compile_all: compiled 'fa_q4_1' library in 0.009 sec
ggml_metal_library_compile_all: compiled 'fa_q5_0' library in 0.002 sec
ggml_metal_library_compile_all: compiled 'fa_q5_1' library in 0.009 sec
ggml_metal_library_compile_all: compiled 'fa_q8_0' library in 0.003 sec
ggml_metal_library_compile_all: compiled 'fa_vec_f16' library in 0.004 sec
ggml_metal_library_compile_all: compiled 'fa_vec_f32' library in 0.003 sec
ggml_metal_library_compile_all: compiled 'fa_vec_q4_0' library in 0.006 sec
ggml_metal_library_compile_all: compiled 'fa_vec_q4_1' library in 0.010 sec
ggml_metal_library_compile_all: compiled 'fa_vec_q5_0' library in 0.006 sec
ggml_metal_library_compile_all: compiled 'fa_vec_q5_1' library in 0.007 sec
ggml_metal_library_compile_all: compiled 'fa_vec_q8_0' library in 0.008 sec
ggml_metal_library_compile_all: compiled 'mul_mv' library in 0.005 sec
ggml_metal_library_compile_all: compiled 'mul_mv_mma' library in 0.002 sec
ggml_metal_library_compile_all: compiled 'mul_mm' library in 0.010 sec
ggml_metal_library_compile_all: compiled 'quantize' library in 0.007 sec
ggml_metal_library_compile_all: compiled 'softmax' library in 0.007 sec
ggml_metal_library_compile_all: compiled 'norm' library in 0.001 sec
ggml_metal_library_compile_all: compiled 'unary' library in 0.008 sec
ggml_metal_library_compile_all: compiled 'binbcast' library in 0.007 sec
ggml_metal_library_compile_all: compiled 'reduce' library in 0.005 sec
ggml_metal_library_compile_all: compiled 'tri' library in 0.005 sec
ggml_metal_library_compile_all: compiled 'ssm' library in 0.005 sec
ggml_metal_library_compile_all: compiled 'wkv' library in 0.003 sec
ggml_metal_library_compile_all: compiled 'gated_delta_net' library in 0.008 sec
ggml_metal_library_compile_all: compiled 'solve_tri' library in 0.008 sec
ggml_metal_library_compile_all: compiled 'rope' library in 0.010 sec
ggml_metal_library_compile_all: compiled 'conv' library in 0.010 sec
ggml_metal_library_compile_all: compiled 'upscale' library in 0.009 sec
ggml_metal_library_compile_all: compiled 'argsort' library in 0.009 sec
ggml_metal_library_compile_all: compiled 'pool' library in 0.009 sec
ggml_metal_library_compile_all: compiled 'misc' library in 0.004 sec
ggml_metal_library_compile_all: loaded 35 libraries from embedded data in 0.011 sec (max single = 0.010 sec)
ggml_metal_rsets_init: creating a residency set collection (keep_alive = 180 s)
ggml_metal_device_init: GPU name:   MTL0 (Apple M5 Pro)
ggml_metal_device_init: GPU family: MTLGPUFamilyApple10  (1010)
ggml_metal_device_init: GPU family: MTLGPUFamilyMetal4  (5002)
ggml_metal_device_init: simdgroup reduction   = true
ggml_metal_device_init: simdgroup matrix mul. = true
ggml_metal_device_init: has unified memory    = true
ggml_metal_device_init: has bfloat            = true
ggml_metal_device_init: has tensor            = true
ggml_metal_device_init: use residency sets    = true
ggml_metal_device_init: use shared buffers    = true
ggml_metal_device_init: recommendedMaxWorkingSetSize  = 40200.90 MB
ggml_metal_init: allocating
ggml_metal_init: found device: Apple M5 Pro
ggml_metal_init: picking default device: Apple M5 Pro
ggml_metal_init: use fusion         = true
ggml_metal_init: use concurrency    = true
ggml_metal_init: use graph optimize = true
M5_WINNER_CEILING_CASE_BEGIN {"eligible":true,"id":"mixed"}
ggml_metal_library_compile_pipeline: compiling pipeline: base = 'kernel_mul_mv_q5_K_f32', name = 'kernel_mul_mv_q5_K_f32_nsg=2_ne12=1_r2=1_r3=1_split=0'
ggml_metal_library_compile_pipeline: loaded kernel_mul_mv_q5_K_f32_nsg=2_ne12=1_r2=1_r3=1_split=0      0x1059ac8e0 | th_max = 1024 | th_width =   32
M5_WINNER_CEILING_CASE {"all_nodes_metal":true,"allocation_bound_bytes":942198784,"block_iterations":[60,60,59,59,60,60,60],"block_us":[101307.834,101207.75,100001.583,100008.459,101448.417,101565.583,101527.875],"block_us_per_iteration":[1688.4639,1686.7958333333333,1694.9420847457627,1695.0586271186442,1690.80695,1692.7597166666667,1692.13125],"consumer_chain":"head-only","consumers":[],"cpu_compute_nodes":0,"cpu_nmse":0.0,"cpu_reference_values":0,"elements":248320,"eligible":true,"graph_buffer_bytes":1003520,"id":"mixed","input_sha256":"e43448e020c52b745e6abc6a960033722dd82ba5dc04da38ed3672d6c0592c0a","inputs_preserved":true,"k":2560,"m":248320,"max_absolute_error":0.0,"max_bound_ratio":0.0,"median_us":1692.13125,"output_sha256":"9568f1471f9b09a036166f13e0136cffac0cda9f8f47b7654bd8d29650f91af4","pipeline_primed":true,"rows":1,"scheduler_splits":1,"warmup_iterations":295,"warmup_us":501546.167,"weight_sha256":"56b0508225f073b2bb80f53e7fb5a5b44db73e38533928210e8fff9e9fffd8fd"}
M5_WINNER_CEILING_CASE_BEGIN {"eligible":true,"id":"alternating"}
M5_WINNER_CEILING_CASE {"all_nodes_metal":true,"allocation_bound_bytes":942198784,"block_iterations":[60,60,60,60,60,60,60],"block_us":[101183.666,100913.208,101463.792,100857.667,100941.917,101212.459,101332.75],"block_us_per_iteration":[1686.3944333333334,1681.8868,1691.0632,1680.9611166666666,1682.3652833333333,1686.8743166666668,1688.8791666666666],"consumer_chain":"head-only","consumers":[],"cpu_compute_nodes":0,"cpu_nmse":0.0,"cpu_reference_values":0,"elements":248320,"eligible":true,"graph_buffer_bytes":1003520,"id":"alternating","input_sha256":"1f2c35c7ae255640bad831d09a3dd8d60016c78b77cad6cf3ee2516ee5eccba7","inputs_preserved":true,"k":2560,"m":248320,"max_absolute_error":0.0,"max_bound_ratio":0.0,"median_us":1686.3944333333334,"output_sha256":"234ccfff0f5cb3589cbe5200709cf386c399e1e4183ffd92e5dae5cf8e17e66a","pipeline_primed":true,"rows":1,"scheduler_splits":1,"warmup_iterations":294,"warmup_us":500816.125,"weight_sha256":"56b0508225f073b2bb80f53e7fb5a5b44db73e38533928210e8fff9e9fffd8fd"}
M5_WINNER_CEILING_DONE {"cases":2,"expanded_weight_cache":false,"max_probe_bytes":3221225472,"mode":"perf","models_loaded":false,"scope":"head-floor","weights":[{"bytes":437043200,"padded":false,"preserved":true,"sha256":"56b0508225f073b2bb80f53e7fb5a5b44db73e38533928210e8fff9e9fffd8fd"}],"weights_preserved":true}
ggml_metal_free: deallocating
