ggml_metal_device_init: testing tensor API for f16 support
ggml_metal_library_compile_pipeline: compiling pipeline: base = 'dummy_kernel', name = 'dummy_kernel'
ggml_metal_library_compile_pipeline: loaded dummy_kernel                                  0x103ccfd60 | th_max = 1024 | th_width =   32
ggml_metal_device_init: testing tensor API for bfloat support
ggml_metal_library_compile_pipeline: compiling pipeline: base = 'dummy_kernel', name = 'dummy_kernel'
ggml_metal_library_compile_pipeline: loaded dummy_kernel                                  0x103cd05e0 | th_max = 1024 | th_width =   32
ggml_metal_library_init: using embedded metal library
ggml_metal_library_compile_all: compiled 'fa_aux' library in 0.314 sec
ggml_metal_library_compile_all: compiled 'fa_f16' library in 1.679 sec
ggml_metal_library_compile_all: compiled 'fa_f32' library in 0.883 sec
ggml_metal_library_compile_all: compiled 'fa_q4_0' library in 0.980 sec
ggml_metal_library_compile_all: compiled 'fa_q4_1' library in 0.987 sec
ggml_metal_library_compile_all: compiled 'fa_q5_0' library in 0.948 sec
ggml_metal_library_compile_all: compiled 'fa_q5_1' library in 0.941 sec
ggml_metal_library_compile_all: compiled 'fa_q8_0' library in 0.998 sec
ggml_metal_library_compile_all: compiled 'fa_vec_f16' library in 2.488 sec
ggml_metal_library_compile_all: compiled 'fa_vec_f32' library in 0.517 sec
ggml_metal_library_compile_all: compiled 'fa_vec_q4_0' library in 2.322 sec
ggml_metal_library_compile_all: compiled 'fa_vec_q4_1' library in 2.355 sec
ggml_metal_library_compile_all: compiled 'fa_vec_q5_0' library in 2.195 sec
ggml_metal_library_compile_all: compiled 'fa_vec_q5_1' library in 2.508 sec
ggml_metal_library_compile_all: compiled 'fa_vec_q8_0' library in 2.243 sec
ggml_metal_library_compile_all: compiled 'mul_mv' library in 1.342 sec
ggml_metal_library_compile_all: compiled 'mul_mv_mma' library in 1.795 sec
ggml_metal_library_compile_all: compiled 'mul_mm' library in 1.776 sec
ggml_metal_library_compile_all: compiled 'quantize' library in 2.354 sec
ggml_metal_library_compile_all: compiled 'softmax' library in 0.113 sec
ggml_metal_library_compile_all: compiled 'norm' library in 0.137 sec
ggml_metal_library_compile_all: compiled 'unary' library in 0.142 sec
ggml_metal_library_compile_all: compiled 'binbcast' library in 0.939 sec
ggml_metal_library_compile_all: compiled 'reduce' library in 0.109 sec
ggml_metal_library_compile_all: compiled 'tri' library in 0.114 sec
ggml_metal_library_compile_all: compiled 'ssm' library in 0.985 sec
ggml_metal_library_compile_all: compiled 'wkv' library in 2.319 sec
ggml_metal_library_compile_all: compiled 'gated_delta_net' library in 0.995 sec
ggml_metal_library_compile_all: compiled 'solve_tri' library in 2.240 sec
ggml_metal_library_compile_all: compiled 'rope' library in 0.512 sec
ggml_metal_library_compile_all: compiled 'conv' library in 2.192 sec
ggml_metal_library_compile_all: compiled 'upscale' library in 0.520 sec
ggml_metal_library_compile_all: compiled 'argsort' library in 1.339 sec
ggml_metal_library_compile_all: compiled 'pool' library in 0.392 sec
ggml_metal_library_compile_all: compiled 'misc' library in 2.485 sec
ggml_metal_library_compile_all: loaded 35 libraries from embedded data in 2.508 sec (max single = 2.508 sec)
ggml_metal_rsets_init: creating a residency set collection (keep_alive = 180 s)
ggml_metal_device_init: GPU name:   MTL0 (Apple M5 Pro)
ggml_metal_device_init: GPU family: MTLGPUFamilyApple10  (1010)
ggml_metal_device_init: GPU family: MTLGPUFamilyMetal4  (5002)
ggml_metal_device_init: simdgroup reduction   = true
ggml_metal_device_init: simdgroup matrix mul. = true
ggml_metal_device_init: has unified memory    = true
ggml_metal_device_init: has bfloat            = true
ggml_metal_device_init: has tensor            = true
ggml_metal_device_init: use residency sets    = true
ggml_metal_device_init: use shared buffers    = true
ggml_metal_device_init: recommendedMaxWorkingSetSize  = 40200.90 MB
ggml_metal_init: allocating
ggml_metal_init: found device: Apple M5 Pro
ggml_metal_init: picking default device: Apple M5 Pro
ggml_metal_init: use fusion         = true
ggml_metal_init: use concurrency    = true
ggml_metal_init: use graph optimize = true
ggml_metal_library_compile_pipeline: compiling pipeline: base = 'kernel_mul_mv_id_q2_0_f32', name = 'kernel_mul_mv_id_q2_0_f32_nsg=2_split=0'
ggml_metal_library_compile_pipeline: loaded kernel_mul_mv_id_q2_0_f32_nsg=2_split=0       0x103cd9ab0 | th_max = 1024 | th_width =   32
ggml_metal_library_compile_pipeline: compiling pipeline: base = 'kernel_swiglu_f32', name = 'kernel_swiglu_f32'
ggml_metal_library_compile_pipeline: loaded kernel_swiglu_f32                             0x103cdab30 | th_max = 1024 | th_width =   32
ggml_metal_library_compile_pipeline: compiling pipeline: base = 'kernel_bin_fuse_f32_f32_f32', name = 'kernel_bin_fuse_f32_f32_f32_op=2_nf=1_rb=0_cb=1'
ggml_metal_library_compile_pipeline: loaded kernel_bin_fuse_f32_f32_f32_op=2_nf=1_rb=0_cb=1      0x103cdbaf0 | th_max = 1024 | th_width =   32
ggml_metal_library_compile_pipeline: compiling pipeline: base = 'kernel_bin_fuse_f32_f32_f32_4', name = 'kernel_bin_fuse_f32_f32_f32_4_op=0_nf=7_rb=1_cb=0'
ggml_metal_library_compile_pipeline: loaded kernel_bin_fuse_f32_f32_f32_4_op=0_nf=7_rb=1_cb=0      0x103cdbe70 | th_max = 1024 | th_width =   32
ggml_metal_library_compile_pipeline: compiling pipeline: base = 'kernel_bin_fuse_f32_f32_f32_4', name = 'kernel_bin_fuse_f32_f32_f32_4_op=0_nf=2_rb=1_cb=0'
ggml_metal_library_compile_pipeline: loaded kernel_bin_fuse_f32_f32_f32_4_op=0_nf=2_rb=1_cb=0     0x772eae8000 | th_max = 1024 | th_width =   32
ggml_metal_library_compile_pipeline: compiling pipeline: base = 'kernel_bin_fuse_f32_f32_f32_4', name = 'kernel_bin_fuse_f32_f32_f32_4_op=0_nf=1_rb=1_cb=0'
ggml_metal_library_compile_pipeline: loaded kernel_bin_fuse_f32_f32_f32_4_op=0_nf=1_rb=1_cb=0     0x772eae8380 | th_max = 1024 | th_width =   32
M5_GATE_CASE {"cpu_compute_nodes":0,"cpu_nmse":6.213654442924641e-14,"distinct_experts":[10],"eligible":false,"graph_buffer_bytes":309408,"input_ids_preserved":true,"layout":"plain","max_absolute_error":1.706290134739774e-07,"max_scaled_error":1.706290134739774e-07,"output_elements":34560,"route":"distinct","route_index":0,"rows":1,"samples":1,"scheduler":true,"triplets_per_graph":1,"wall_samples_us_per_triplet":[592.208],"wall_us_per_triplet":592.208}
ggml_metal_library_compile_pipeline: compiling pipeline: base = 'kernel_bin_fuse_f32_f32_f32_4', name = 'kernel_bin_fuse_f32_f32_f32_4_op=0_nf=7_rb=0_cb=0'
ggml_metal_library_compile_pipeline: loaded kernel_bin_fuse_f32_f32_f32_4_op=0_nf=7_rb=0_cb=0     0x772eae8a80 | th_max = 1024 | th_width =   32
ggml_metal_library_compile_pipeline: compiling pipeline: base = 'kernel_bin_fuse_f32_f32_f32_4', name = 'kernel_bin_fuse_f32_f32_f32_4_op=0_nf=2_rb=0_cb=0'
ggml_metal_library_compile_pipeline: loaded kernel_bin_fuse_f32_f32_f32_4_op=0_nf=2_rb=0_cb=0     0x772eae9180 | th_max = 1024 | th_width =   32
ggml_metal_library_compile_pipeline: compiling pipeline: base = 'kernel_bin_fuse_f32_f32_f32_4', name = 'kernel_bin_fuse_f32_f32_f32_4_op=0_nf=1_rb=0_cb=0'
ggml_metal_library_compile_pipeline: loaded kernel_bin_fuse_f32_f32_f32_4_op=0_nf=1_rb=0_cb=0     0x772eae9500 | th_max = 1024 | th_width =   32
M5_GATE_CASE {"cpu_compute_nodes":0,"cpu_nmse":6.024358699165072e-14,"distinct_experts":[20],"eligible":false,"graph_buffer_bytes":609472,"input_ids_preserved":true,"layout":"plain","max_absolute_error":1.873718795120105e-07,"max_scaled_error":1.873718795120105e-07,"output_elements":69120,"route":"distinct","route_index":0,"rows":2,"samples":1,"scheduler":true,"triplets_per_graph":1,"wall_samples_us_per_triplet":[1389.583],"wall_us_per_triplet":1389.583}
M5_GATE_CASE {"cpu_compute_nodes":0,"cpu_nmse":7.469537540471911e-14,"distinct_experts":[30],"eligible":false,"graph_buffer_bytes":909536,"input_ids_preserved":true,"layout":"plain","max_absolute_error":2.17905674504415e-07,"max_scaled_error":2.17905674504415e-07,"output_elements":103680,"route":"distinct","route_index":0,"rows":3,"samples":1,"scheduler":true,"triplets_per_graph":1,"wall_samples_us_per_triplet":[1266.75],"wall_us_per_triplet":1266.75}
M5_GATE_CASE {"cpu_compute_nodes":0,"cpu_nmse":6.436445412514432e-14,"distinct_experts":[60],"eligible":false,"graph_buffer_bytes":1809760,"input_ids_preserved":true,"layout":"plain","max_absolute_error":2.783500236969161e-07,"max_scaled_error":2.783500236969161e-07,"output_elements":207360,"route":"distinct","route_index":0,"rows":6,"samples":1,"scheduler":true,"triplets_per_graph":1,"wall_samples_us_per_triplet":[2297.875],"wall_us_per_triplet":2297.875}
M5_GATE_CASE {"cpu_compute_nodes":0,"cpu_nmse":6.957007826013444e-14,"distinct_experts":[14],"eligible":true,"graph_buffer_bytes":1209600,"input_ids_preserved":true,"layout":"plain","max_absolute_error":2.6248643614223965e-07,"max_scaled_error":2.574891579953942e-07,"output_elements":138240,"route":"real","route_index":0,"rows":4,"samples":1,"scheduler":true,"triplets_per_graph":1,"wall_samples_us_per_triplet":[1544.25],"wall_us_per_triplet":1544.25}
M5_GATE_CASE {"cpu_compute_nodes":0,"cpu_nmse":6.832651961622566e-14,"distinct_experts":[22],"eligible":true,"graph_buffer_bytes":1209600,"input_ids_preserved":true,"layout":"plain","max_absolute_error":2.448694641499216e-07,"max_scaled_error":2.448694641499216e-07,"output_elements":138240,"route":"real","route_index":1,"rows":4,"samples":1,"scheduler":true,"triplets_per_graph":1,"wall_samples_us_per_triplet":[1575.083],"wall_us_per_triplet":1575.083}
M5_GATE_CASE {"cpu_compute_nodes":0,"cpu_nmse":6.842513252329656e-14,"distinct_experts":[24],"eligible":true,"graph_buffer_bytes":1209600,"input_ids_preserved":true,"layout":"plain","max_absolute_error":3.5117447216848063e-07,"max_scaled_error":3.309765028168983e-07,"output_elements":138240,"route":"real","route_index":2,"rows":4,"samples":1,"scheduler":true,"triplets_per_graph":1,"wall_samples_us_per_triplet":[1462.416],"wall_us_per_triplet":1462.416}
M5_GATE_CASE {"cpu_compute_nodes":0,"cpu_nmse":6.777091797977985e-14,"distinct_experts":[26],"eligible":true,"graph_buffer_bytes":1209600,"input_ids_preserved":true,"layout":"plain","max_absolute_error":2.1572522285184803e-07,"max_scaled_error":2.1572522285184803e-07,"output_elements":138240,"route":"real","route_index":3,"rows":4,"samples":1,"scheduler":true,"triplets_per_graph":1,"wall_samples_us_per_triplet":[1435.042],"wall_us_per_triplet":1435.042}
M5_GATE_CASE {"cpu_compute_nodes":0,"cpu_nmse":6.7517707748835e-14,"distinct_experts":[28],"eligible":true,"graph_buffer_bytes":1209600,"input_ids_preserved":true,"layout":"plain","max_absolute_error":2.150466601458234e-07,"max_scaled_error":2.150466601458234e-07,"output_elements":138240,"route":"real","route_index":4,"rows":4,"samples":1,"scheduler":true,"triplets_per_graph":1,"wall_samples_us_per_triplet":[1582.208],"wall_us_per_triplet":1582.208}
M5_GATE_CASE {"cpu_compute_nodes":0,"cpu_nmse":7.10774019545582e-14,"distinct_experts":[30],"eligible":true,"graph_buffer_bytes":1209600,"input_ids_preserved":true,"layout":"plain","max_absolute_error":2.170793583777808e-07,"max_scaled_error":2.170793583777808e-07,"output_elements":138240,"route":"real","route_index":5,"rows":4,"samples":1,"scheduler":true,"triplets_per_graph":1,"wall_samples_us_per_triplet":[1608.25],"wall_us_per_triplet":1608.25}
M5_GATE_CASE {"cpu_compute_nodes":0,"cpu_nmse":6.981165811594348e-14,"distinct_experts":[33],"eligible":true,"graph_buffer_bytes":1209600,"input_ids_preserved":true,"layout":"plain","max_absolute_error":2.6059448920978667e-07,"max_scaled_error":2.6059448920978667e-07,"output_elements":138240,"route":"real","route_index":6,"rows":4,"samples":1,"scheduler":true,"triplets_per_graph":1,"wall_samples_us_per_triplet":[1673.417],"wall_us_per_triplet":1673.417}
M5_GATE_CASE {"cpu_compute_nodes":0,"cpu_nmse":6.713374807809513e-14,"distinct_experts":[40],"eligible":true,"graph_buffer_bytes":1209600,"input_ids_preserved":true,"layout":"plain","max_absolute_error":2.800380209944109e-07,"max_scaled_error":2.800380209944109e-07,"output_elements":138240,"route":"real","route_index":7,"rows":4,"samples":1,"scheduler":true,"triplets_per_graph":1,"wall_samples_us_per_triplet":[1573.084],"wall_us_per_triplet":1573.084}
M5_GATE_CASE {"cpu_compute_nodes":0,"cpu_nmse":6.598279141431669e-14,"distinct_experts":[40],"eligible":true,"graph_buffer_bytes":1209600,"input_ids_preserved":true,"layout":"plain","max_absolute_error":2.17905674504415e-07,"max_scaled_error":2.17905674504415e-07,"output_elements":138240,"route":"distinct","route_index":0,"rows":4,"samples":1,"scheduler":true,"triplets_per_graph":1,"wall_samples_us_per_triplet":[1584.917],"wall_us_per_triplet":1584.917}
M5_GATE_CASE {"cpu_compute_nodes":0,"cpu_nmse":6.98444700127592e-14,"distinct_experts":[10],"eligible":true,"graph_buffer_bytes":1209600,"input_ids_preserved":true,"layout":"plain","max_absolute_error":2.1970274310945115e-07,"max_scaled_error":2.181692722036388e-07,"output_elements":138240,"route":"shared","route_index":0,"rows":4,"samples":1,"scheduler":true,"triplets_per_graph":1,"wall_samples_us_per_triplet":[1567.792],"wall_us_per_triplet":1567.792}
M5_GATE_CASE {"cpu_compute_nodes":0,"cpu_nmse":7.179403505527937e-14,"distinct_experts":[1],"eligible":true,"graph_buffer_bytes":1209600,"input_ids_preserved":true,"layout":"plain","max_absolute_error":1.8108716881570786e-07,"max_scaled_error":1.8108716881570786e-07,"output_elements":138240,"route":"duplicate","route_index":0,"rows":4,"samples":1,"scheduler":true,"triplets_per_graph":1,"wall_samples_us_per_triplet":[1562.333],"wall_us_per_triplet":1562.333}
M5_GATE_CASE {"cpu_compute_nodes":0,"cpu_nmse":6.773428138911295e-14,"distinct_experts":[25],"eligible":true,"graph_buffer_bytes":1209600,"input_ids_preserved":true,"layout":"plain","max_absolute_error":2.181692722036388e-07,"max_scaled_error":2.181692722036388e-07,"output_elements":138240,"route":"mixed","route_index":0,"rows":4,"samples":1,"scheduler":true,"triplets_per_graph":1,"wall_samples_us_per_triplet":[1556.542],"wall_us_per_triplet":1556.542}
M5_GATE_CASE {"cpu_compute_nodes":0,"cpu_nmse":6.773428138911295e-14,"distinct_experts":[25],"eligible":false,"graph_buffer_bytes":1209728,"input_ids_preserved":true,"layout":"input-strided","max_absolute_error":2.181692722036388e-07,"max_scaled_error":2.181692722036388e-07,"output_elements":138240,"route":"mixed","route_index":0,"rows":4,"samples":1,"scheduler":true,"triplets_per_graph":1,"wall_samples_us_per_triplet":[1506.375],"wall_us_per_triplet":1506.375}
M5_GATE_CASE {"cpu_compute_nodes":0,"cpu_nmse":6.735814187032708e-14,"distinct_experts":[25],"eligible":false,"graph_buffer_bytes":1209600,"input_ids_preserved":true,"layout":"weights-strided","max_absolute_error":2.1337718636438296e-07,"max_scaled_error":2.1337718636438296e-07,"output_elements":138240,"route":"mixed","route_index":0,"rows":4,"samples":1,"scheduler":true,"triplets_per_graph":1,"wall_samples_us_per_triplet":[1550.333],"wall_us_per_triplet":1550.333}
M5_GATE_CASE {"cpu_compute_nodes":0,"cpu_nmse":6.773428138911295e-14,"distinct_experts":[25],"eligible":true,"graph_buffer_bytes":1201568,"input_ids_preserved":true,"layout":"ids-contiguous","max_absolute_error":2.181692722036388e-07,"max_scaled_error":2.181692722036388e-07,"output_elements":138240,"route":"mixed","route_index":0,"rows":4,"samples":1,"scheduler":true,"triplets_per_graph":1,"wall_samples_us_per_triplet":[1656.5],"wall_us_per_triplet":1656.5}
M5_GATE_CASE {"cpu_compute_nodes":0,"cpu_nmse":6.773428138911295e-14,"distinct_experts":[25],"eligible":true,"graph_buffer_bytes":1209600,"input_ids_preserved":true,"layout":"ids-offset","max_absolute_error":2.181692722036388e-07,"max_scaled_error":2.181692722036388e-07,"output_elements":138240,"route":"mixed","route_index":0,"rows":4,"samples":1,"scheduler":true,"triplets_per_graph":1,"wall_samples_us_per_triplet":[1556.834],"wall_us_per_triplet":1556.834}
M5_GATE_CASE {"cpu_compute_nodes":0,"cpu_nmse":6.773428138911295e-14,"distinct_experts":[25],"eligible":false,"graph_buffer_bytes":1250560,"input_ids_preserved":true,"layout":"retained","max_absolute_error":2.71984752053811e-07,"max_scaled_error":2.71984752053811e-07,"output_elements":189440,"route":"mixed","route_index":0,"rows":4,"samples":1,"scheduler":true,"triplets_per_graph":1,"wall_samples_us_per_triplet":[1527.667],"wall_us_per_triplet":1527.667}
ggml_metal_library_compile_pipeline: compiling pipeline: base = 'kernel_unary_f32_f32_4', name = 'kernel_unary_f32_f32_4_op=10_cnt=1'
ggml_metal_library_compile_pipeline: loaded kernel_unary_f32_f32_4_op=10_cnt=1           0x772eae8700 | th_max = 1024 | th_width =   32
M5_GATE_CASE {"cpu_compute_nodes":0,"cpu_nmse":6.773428138911295e-14,"distinct_experts":[25],"eligible":false,"graph_buffer_bytes":1209600,"input_ids_preserved":true,"layout":"external","max_absolute_error":2.181692722036388e-07,"max_scaled_error":2.181692722036388e-07,"output_elements":163840,"route":"mixed","route_index":0,"rows":4,"samples":1,"scheduler":true,"triplets_per_graph":1,"wall_samples_us_per_triplet":[1566.417],"wall_us_per_triplet":1566.417}
M5_GATE_CASE {"cpu_compute_nodes":0,"cpu_nmse":6.365549160296538e-14,"distinct_experts":[25],"eligible":false,"graph_buffer_bytes":1212160,"input_ids_preserved":true,"layout":"bias","max_absolute_error":2.953813922346171e-07,"max_scaled_error":2.4190808306512324e-07,"output_elements":138240,"route":"mixed","route_index":0,"rows":4,"samples":1,"scheduler":true,"triplets_per_graph":1,"wall_samples_us_per_triplet":[1647.0],"wall_us_per_triplet":1647.0}
ggml_metal_library_compile_pipeline: compiling pipeline: base = 'kernel_unary_f32_f32_4', name = 'kernel_unary_f32_f32_4_op=12_cnt=1'
ggml_metal_library_compile_pipeline: loaded kernel_unary_f32_f32_4_op=12_cnt=1           0x772eae8e00 | th_max = 1024 | th_width =   32
M5_GATE_CASE {"cpu_compute_nodes":0,"cpu_nmse":8.831426904685507e-14,"distinct_experts":[25],"eligible":false,"graph_buffer_bytes":1209600,"input_ids_preserved":true,"layout":"clamp","max_absolute_error":1.0275834311235243e-07,"max_scaled_error":1.0275834311235243e-07,"output_elements":138240,"route":"mixed","route_index":0,"rows":4,"samples":1,"scheduler":true,"triplets_per_graph":1,"wall_samples_us_per_triplet":[1553.709],"wall_us_per_triplet":1553.709}
M5_GATE_CASE {"cpu_compute_nodes":0,"cpu_nmse":7.105174890364756e-14,"distinct_experts":[25],"eligible":false,"graph_buffer_bytes":1217792,"input_ids_preserved":true,"layout":"different-ids","max_absolute_error":5.079397681351239e-07,"max_scaled_error":5.079397681351239e-07,"output_elements":138240,"route":"mixed","route_index":0,"rows":4,"samples":1,"scheduler":true,"triplets_per_graph":1,"wall_samples_us_per_triplet":[1649.416],"wall_us_per_triplet":1649.416}
M5_GATE_CASE {"cpu_compute_nodes":0,"cpu_nmse":6.081532305384601e-14,"distinct_experts":[25],"eligible":false,"graph_buffer_bytes":1250560,"input_ids_preserved":true,"layout":"different-input","max_absolute_error":3.2652305370639567e-07,"max_scaled_error":3.2652305370639567e-07,"output_elements":138240,"route":"mixed","route_index":0,"rows":4,"samples":1,"scheduler":true,"triplets_per_graph":1,"wall_samples_us_per_triplet":[1690.209],"wall_us_per_triplet":1690.209}
M5_GATE_CASE {"cpu_compute_nodes":0,"cpu_nmse":6.818617522848162e-14,"distinct_experts":[25],"eligible":true,"graph_buffer_bytes":1209600,"input_ids_preserved":true,"layout":"reversed","max_absolute_error":2.4869738018962195e-07,"max_scaled_error":2.4869738018962195e-07,"output_elements":138240,"route":"mixed","route_index":0,"rows":4,"samples":1,"scheduler":true,"triplets_per_graph":1,"wall_samples_us_per_triplet":[1568.0],"wall_us_per_triplet":1568.0}
ggml_metal_library_compile_pipeline: compiling pipeline: base = 'kernel_unary_f32_f32_4', name = 'kernel_unary_f32_f32_4_op=106_cnt=1'
ggml_metal_library_compile_pipeline: loaded kernel_unary_f32_f32_4_op=106_cnt=1          0x772eae9c00 | th_max = 1024 | th_width =   32
ggml_metal_library_compile_pipeline: compiling pipeline: base = 'kernel_bin_fuse_f32_f32_f32_4', name = 'kernel_bin_fuse_f32_f32_f32_4_op=2_nf=1_rb=0_cb=0'
ggml_metal_library_compile_pipeline: loaded kernel_bin_fuse_f32_f32_f32_4_op=2_nf=1_rb=0_cb=0     0x772eaea300 | th_max = 1024 | th_width =   32
M5_GATE_CASE {"cpu_compute_nodes":0,"cpu_nmse":6.826819735168753e-14,"distinct_experts":[25],"eligible":false,"graph_buffer_bytes":1023168,"input_ids_preserved":true,"layout":"activation-unfused","max_absolute_error":2.181692722036388e-07,"max_scaled_error":2.181692722036388e-07,"output_elements":138240,"route":"mixed","route_index":0,"rows":4,"samples":1,"scheduler":true,"triplets_per_graph":1,"wall_samples_us_per_triplet":[1612.834],"wall_us_per_triplet":1612.834}
M5_GATE_CASE {"cpu_compute_nodes":0,"cpu_nmse":7.439040370014174e-14,"distinct_experts":[25],"eligible":true,"graph_buffer_bytes":1209600,"input_ids_preserved":true,"layout":"cancel","max_absolute_error":1.107417313850334e-06,"max_scaled_error":5.793328369928929e-07,"output_elements":138240,"route":"mixed","route_index":0,"rows":4,"samples":1,"scheduler":true,"triplets_per_graph":1,"wall_samples_us_per_triplet":[1608.375],"wall_us_per_triplet":1608.375}
M5_GATE_CASE {"cpu_compute_nodes":0,"cpu_nmse":5.1401940899224406e-14,"distinct_experts":[25],"eligible":true,"graph_buffer_bytes":1209600,"input_ids_preserved":true,"layout":"wide","max_absolute_error":9.725832978801918e-05,"max_scaled_error":2.805661760917977e-05,"output_elements":138240,"route":"mixed","route_index":0,"rows":4,"samples":1,"scheduler":true,"triplets_per_graph":1,"wall_samples_us_per_triplet":[1597.5],"wall_us_per_triplet":1597.5}
M5_GATE_CASE {"cpu_compute_nodes":0,"cpu_nmse":6.985739838582834e-14,"distinct_experts":[13],"eligible":true,"graph_buffer_bytes":1509696,"input_ids_preserved":true,"layout":"plain","max_absolute_error":2.197026279793235e-07,"max_scaled_error":2.197026279793235e-07,"output_elements":172800,"route":"real","route_index":0,"rows":5,"samples":1,"scheduler":true,"triplets_per_graph":1,"wall_samples_us_per_triplet":[1336.083],"wall_us_per_triplet":1336.083}
M5_GATE_CASE {"cpu_compute_nodes":0,"cpu_nmse":6.992811811465532e-14,"distinct_experts":[26],"eligible":true,"graph_buffer_bytes":1509696,"input_ids_preserved":true,"layout":"plain","max_absolute_error":2.1181170228867785e-07,"max_scaled_error":2.1181170228867785e-07,"output_elements":172800,"route":"real","route_index":1,"rows":5,"samples":1,"scheduler":true,"triplets_per_graph":1,"wall_samples_us_per_triplet":[1367.25],"wall_us_per_triplet":1367.25}
M5_GATE_CASE {"cpu_compute_nodes":0,"cpu_nmse":6.854731996690669e-14,"distinct_experts":[29],"eligible":true,"graph_buffer_bytes":1509696,"input_ids_preserved":true,"layout":"plain","max_absolute_error":2.708037845078337e-07,"max_scaled_error":2.708037845078337e-07,"output_elements":172800,"route":"real","route_index":2,"rows":5,"samples":1,"scheduler":true,"triplets_per_graph":1,"wall_samples_us_per_triplet":[1934.833],"wall_us_per_triplet":1934.833}
M5_GATE_CASE {"cpu_compute_nodes":0,"cpu_nmse":7.17224198022487e-14,"distinct_experts":[31],"eligible":true,"graph_buffer_bytes":1509696,"input_ids_preserved":true,"layout":"plain","max_absolute_error":2.574891579953942e-07,"max_scaled_error":2.574891579953942e-07,"output_elements":172800,"route":"real","route_index":3,"rows":5,"samples":1,"scheduler":true,"triplets_per_graph":1,"wall_samples_us_per_triplet":[1389.916],"wall_us_per_triplet":1389.916}
M5_GATE_CASE {"cpu_compute_nodes":0,"cpu_nmse":7.298669103881324e-14,"distinct_experts":[34],"eligible":true,"graph_buffer_bytes":1509696,"input_ids_preserved":true,"layout":"plain","max_absolute_error":3.256572794763102e-07,"max_scaled_error":3.256572794763102e-07,"output_elements":172800,"route":"real","route_index":4,"rows":5,"samples":1,"scheduler":true,"triplets_per_graph":1,"wall_samples_us_per_triplet":[1335.875],"wall_us_per_triplet":1335.875}
M5_GATE_CASE {"cpu_compute_nodes":0,"cpu_nmse":7.142711738749099e-14,"distinct_experts":[36],"eligible":true,"graph_buffer_bytes":1509696,"input_ids_preserved":true,"layout":"plain","max_absolute_error":2.3639585039481048e-07,"max_scaled_error":2.3639585039481048e-07,"output_elements":172800,"route":"real","route_index":5,"rows":5,"samples":1,"scheduler":true,"triplets_per_graph":1,"wall_samples_us_per_triplet":[1179.458],"wall_us_per_triplet":1179.458}
M5_GATE_CASE {"cpu_compute_nodes":0,"cpu_nmse":7.100065982351799e-14,"distinct_experts":[40],"eligible":true,"graph_buffer_bytes":1509696,"input_ids_preserved":true,"layout":"plain","max_absolute_error":2.6333559538516127e-07,"max_scaled_error":2.6333559538516127e-07,"output_elements":172800,"route":"real","route_index":6,"rows":5,"samples":1,"scheduler":true,"triplets_per_graph":1,"wall_samples_us_per_triplet":[1319.583],"wall_us_per_triplet":1319.583}
M5_GATE_CASE {"cpu_compute_nodes":0,"cpu_nmse":6.984480986800858e-14,"distinct_experts":[50],"eligible":true,"graph_buffer_bytes":1509696,"input_ids_preserved":true,"layout":"plain","max_absolute_error":2.3201264554018053e-07,"max_scaled_error":2.3201264554018053e-07,"output_elements":172800,"route":"real","route_index":7,"rows":5,"samples":1,"scheduler":true,"triplets_per_graph":1,"wall_samples_us_per_triplet":[1259.792],"wall_us_per_triplet":1259.792}
M5_GATE_CASE {"cpu_compute_nodes":0,"cpu_nmse":6.905439371109099e-14,"distinct_experts":[50],"eligible":true,"graph_buffer_bytes":1509696,"input_ids_preserved":true,"layout":"plain","max_absolute_error":2.783500236969161e-07,"max_scaled_error":2.783500236969161e-07,"output_elements":172800,"route":"distinct","route_index":0,"rows":5,"samples":1,"scheduler":true,"triplets_per_graph":1,"wall_samples_us_per_triplet":[1260.25],"wall_us_per_triplet":1260.25}
M5_GATE_CASE {"cpu_compute_nodes":0,"cpu_nmse":7.366095811566404e-14,"distinct_experts":[10],"eligible":true,"graph_buffer_bytes":1509696,"input_ids_preserved":true,"layout":"plain","max_absolute_error":2.1970274310945115e-07,"max_scaled_error":2.181692722036388e-07,"output_elements":172800,"route":"shared","route_index":0,"rows":5,"samples":1,"scheduler":true,"triplets_per_graph":1,"wall_samples_us_per_triplet":[1281.75],"wall_us_per_triplet":1281.75}
M5_GATE_CASE {"cpu_compute_nodes":0,"cpu_nmse":7.582283082429277e-14,"distinct_experts":[1],"eligible":true,"graph_buffer_bytes":1509696,"input_ids_preserved":true,"layout":"plain","max_absolute_error":1.8108716881570786e-07,"max_scaled_error":1.8108716881570786e-07,"output_elements":172800,"route":"duplicate","route_index":0,"rows":5,"samples":1,"scheduler":true,"triplets_per_graph":1,"wall_samples_us_per_triplet":[1317.625],"wall_us_per_triplet":1317.625}
M5_GATE_CASE {"cpu_compute_nodes":0,"cpu_nmse":7.067342332137369e-14,"distinct_experts":[30],"eligible":true,"graph_buffer_bytes":1509696,"input_ids_preserved":true,"layout":"plain","max_absolute_error":2.2947103567316773e-07,"max_scaled_error":2.2947103567316773e-07,"output_elements":172800,"route":"mixed","route_index":0,"rows":5,"samples":1,"scheduler":true,"triplets_per_graph":1,"wall_samples_us_per_triplet":[1276.125],"wall_us_per_triplet":1276.125}
M5_GATE_CASE {"cpu_compute_nodes":0,"cpu_nmse":7.067342332137369e-14,"distinct_experts":[30],"eligible":false,"graph_buffer_bytes":1509856,"input_ids_preserved":true,"layout":"input-strided","max_absolute_error":2.2947103567316773e-07,"max_scaled_error":2.2947103567316773e-07,"output_elements":172800,"route":"mixed","route_index":0,"rows":5,"samples":1,"scheduler":true,"triplets_per_graph":1,"wall_samples_us_per_triplet":[1849.25],"wall_us_per_triplet":1849.25}
M5_GATE_CASE {"cpu_compute_nodes":0,"cpu_nmse":7.006041779706105e-14,"distinct_experts":[30],"eligible":false,"graph_buffer_bytes":1509696,"input_ids_preserved":true,"layout":"weights-strided","max_absolute_error":2.1337718636438296e-07,"max_scaled_error":2.1337718636438296e-07,"output_elements":172800,"route":"mixed","route_index":0,"rows":5,"samples":1,"scheduler":true,"triplets_per_graph":1,"wall_samples_us_per_triplet":[1261.917],"wall_us_per_triplet":1261.917}
M5_GATE_CASE {"cpu_compute_nodes":0,"cpu_nmse":7.067342332137369e-14,"distinct_experts":[30],"eligible":true,"graph_buffer_bytes":1499680,"input_ids_preserved":true,"layout":"ids-contiguous","max_absolute_error":2.2947103567316773e-07,"max_scaled_error":2.2947103567316773e-07,"output_elements":172800,"route":"mixed","route_index":0,"rows":5,"samples":1,"scheduler":true,"triplets_per_graph":1,"wall_samples_us_per_triplet":[1377.167],"wall_us_per_triplet":1377.167}
M5_GATE_CASE {"cpu_compute_nodes":0,"cpu_nmse":7.067342332137369e-14,"distinct_experts":[30],"eligible":true,"graph_buffer_bytes":1509696,"input_ids_preserved":true,"layout":"ids-offset","max_absolute_error":2.2947103567316773e-07,"max_scaled_error":2.2947103567316773e-07,"output_elements":172800,"route":"mixed","route_index":0,"rows":5,"samples":1,"scheduler":true,"triplets_per_graph":1,"wall_samples_us_per_triplet":[1257.25],"wall_us_per_triplet":1257.25}
M5_GATE_CASE {"cpu_compute_nodes":0,"cpu_nmse":7.067342332137369e-14,"distinct_experts":[30],"eligible":false,"graph_buffer_bytes":1560896,"input_ids_preserved":true,"layout":"retained","max_absolute_error":2.9025725822862114e-07,"max_scaled_error":2.9025725822862114e-07,"output_elements":236800,"route":"mixed","route_index":0,"rows":5,"samples":1,"scheduler":true,"triplets_per_graph":1,"wall_samples_us_per_triplet":[1283.375],"wall_us_per_triplet":1283.375}
M5_GATE_CASE {"cpu_compute_nodes":0,"cpu_nmse":7.067342332137369e-14,"distinct_experts":[30],"eligible":false,"graph_buffer_bytes":1509696,"input_ids_preserved":true,"layout":"external","max_absolute_error":2.2947103567316773e-07,"max_scaled_error":2.2947103567316773e-07,"output_elements":204800,"route":"mixed","route_index":0,"rows":5,"samples":1,"scheduler":true,"triplets_per_graph":1,"wall_samples_us_per_triplet":[1356.792],"wall_us_per_triplet":1356.792}
M5_GATE_CASE {"cpu_compute_nodes":0,"cpu_nmse":6.612688706758624e-14,"distinct_experts":[30],"eligible":false,"graph_buffer_bytes":1512256,"input_ids_preserved":true,"layout":"bias","max_absolute_error":2.953813922346171e-07,"max_scaled_error":2.7366464167011273e-07,"output_elements":172800,"route":"mixed","route_index":0,"rows":5,"samples":1,"scheduler":true,"triplets_per_graph":1,"wall_samples_us_per_triplet":[1881.167],"wall_us_per_triplet":1881.167}
M5_GATE_CASE {"cpu_compute_nodes":0,"cpu_nmse":9.271057879161751e-14,"distinct_experts":[30],"eligible":false,"graph_buffer_bytes":1509696,"input_ids_preserved":true,"layout":"clamp","max_absolute_error":1.0275834311235243e-07,"max_scaled_error":1.0275834311235243e-07,"output_elements":172800,"route":"mixed","route_index":0,"rows":5,"samples":1,"scheduler":true,"triplets_per_graph":1,"wall_samples_us_per_triplet":[1282.875],"wall_us_per_triplet":1282.875}
M5_GATE_CASE {"cpu_compute_nodes":0,"cpu_nmse":7.431943675492102e-14,"distinct_experts":[30],"eligible":false,"graph_buffer_bytes":1519936,"input_ids_preserved":true,"layout":"different-ids","max_absolute_error":5.079397681351239e-07,"max_scaled_error":5.079397681351239e-07,"output_elements":172800,"route":"mixed","route_index":0,"rows":5,"samples":1,"scheduler":true,"triplets_per_graph":1,"wall_samples_us_per_triplet":[1420.875],"wall_us_per_triplet":1420.875}
M5_GATE_CASE {"cpu_compute_nodes":0,"cpu_nmse":6.112379431404274e-14,"distinct_experts":[30],"eligible":false,"graph_buffer_bytes":1560896,"input_ids_preserved":true,"layout":"different-input","max_absolute_error":3.2652305370639567e-07,"max_scaled_error":3.2652305370639567e-07,"output_elements":172800,"route":"mixed","route_index":0,"rows":5,"samples":1,"scheduler":true,"triplets_per_graph":1,"wall_samples_us_per_triplet":[1151.042],"wall_us_per_triplet":1151.042}
M5_GATE_CASE {"cpu_compute_nodes":0,"cpu_nmse":7.168563465592523e-14,"distinct_experts":[30],"eligible":true,"graph_buffer_bytes":1509696,"input_ids_preserved":true,"layout":"reversed","max_absolute_error":2.4869738018962195e-07,"max_scaled_error":2.4869738018962195e-07,"output_elements":172800,"route":"mixed","route_index":0,"rows":5,"samples":1,"scheduler":true,"triplets_per_graph":1,"wall_samples_us_per_triplet":[1292.042],"wall_us_per_triplet":1292.042}
M5_GATE_CASE {"cpu_compute_nodes":0,"cpu_nmse":7.094432926911291e-14,"distinct_experts":[30],"eligible":false,"graph_buffer_bytes":1278208,"input_ids_preserved":true,"layout":"activation-unfused","max_absolute_error":2.2947103567316773e-07,"max_scaled_error":2.2947103567316773e-07,"output_elements":172800,"route":"mixed","route_index":0,"rows":5,"samples":1,"scheduler":true,"triplets_per_graph":1,"wall_samples_us_per_triplet":[1919.875],"wall_us_per_triplet":1919.875}
M5_GATE_CASE {"cpu_compute_nodes":0,"cpu_nmse":7.403568366821083e-14,"distinct_experts":[30],"eligible":true,"graph_buffer_bytes":1509696,"input_ids_preserved":true,"layout":"cancel","max_absolute_error":1.107417313850334e-06,"max_scaled_error":5.793328369928929e-07,"output_elements":172800,"route":"mixed","route_index":0,"rows":5,"samples":1,"scheduler":true,"triplets_per_graph":1,"wall_samples_us_per_triplet":[1453.292],"wall_us_per_triplet":1453.292}
M5_GATE_CASE {"cpu_compute_nodes":0,"cpu_nmse":4.7673800267178446e-14,"distinct_experts":[30],"eligible":true,"graph_buffer_bytes":1509696,"input_ids_preserved":true,"layout":"wide","max_absolute_error":0.00014844197534102932,"max_scaled_error":2.805661760917977e-05,"output_elements":172800,"route":"mixed","route_index":0,"rows":5,"samples":1,"scheduler":true,"triplets_per_graph":1,"wall_samples_us_per_triplet":[1514.916],"wall_us_per_triplet":1514.916}
M5_GATE_CASE {"cpu_compute_nodes":0,"cpu_nmse":6.957007826013444e-14,"distinct_experts":[14,22,24,26,28,30,33,40],"eligible":true,"graph_buffer_bytes":5385920,"input_ids_preserved":true,"layout":"chain","max_absolute_error":3.669212926826759e-07,"max_scaled_error":3.163219394197725e-07,"output_elements":1105920,"route":"real","route_index":0,"rows":4,"samples":1,"scheduler":true,"triplets_per_graph":8,"wall_samples_us_per_triplet":[298.505125],"wall_us_per_triplet":298.505125}
M5_GATE_CASE {"cpu_compute_nodes":0,"cpu_nmse":7.030566706314856e-14,"distinct_experts":[13,26,29,31,34,36,40,50],"eligible":true,"graph_buffer_bytes":6721728,"input_ids_preserved":true,"layout":"chain","max_absolute_error":2.9987389271735054e-07,"max_scaled_error":2.9987389271735054e-07,"output_elements":1382400,"route":"real","route_index":0,"rows":5,"samples":1,"scheduler":true,"triplets_per_graph":8,"wall_samples_us_per_triplet":[357.78125],"wall_us_per_triplet":357.78125}
M5_GATE_DONE {"allocated_weight_bytes":2124195840,"cases":58,"cpu_compute_nodes":0,"mode":"check","scheduler":true,"weights_preserved":true}
ggml_metal_free: deallocating
