ggml_metal_device_init: testing tensor API for f16 support
ggml_metal_library_compile_pipeline: compiling pipeline: base = 'dummy_kernel', name = 'dummy_kernel'
ggml_metal_library_compile_pipeline: loaded dummy_kernel                                  0x10195ecb0 | th_max = 1024 | th_width =   32
ggml_metal_device_init: testing tensor API for bfloat support
ggml_metal_library_compile_pipeline: compiling pipeline: base = 'dummy_kernel', name = 'dummy_kernel'
ggml_metal_library_compile_pipeline: loaded dummy_kernel                                  0x10195f1b0 | th_max = 1024 | th_width =   32
ggml_metal_library_init: using embedded metal library
ggml_metal_library_compile_all: compiled 'fa_aux' library in 0.000 sec
ggml_metal_library_compile_all: compiled 'fa_f16' library in 0.001 sec
ggml_metal_library_compile_all: compiled 'fa_f32' library in 0.001 sec
ggml_metal_library_compile_all: compiled 'fa_q4_0' library in 0.002 sec
ggml_metal_library_compile_all: compiled 'fa_q4_1' library in 0.008 sec
ggml_metal_library_compile_all: compiled 'fa_q5_0' library in 0.002 sec
ggml_metal_library_compile_all: compiled 'fa_q5_1' library in 0.006 sec
ggml_metal_library_compile_all: compiled 'fa_q8_0' library in 0.008 sec
ggml_metal_library_compile_all: compiled 'fa_vec_f16' library in 0.007 sec
ggml_metal_library_compile_all: compiled 'fa_vec_f32' library in 0.006 sec
ggml_metal_library_compile_all: compiled 'fa_vec_q4_0' library in 0.009 sec
ggml_metal_library_compile_all: compiled 'fa_vec_q4_1' library in 0.008 sec
ggml_metal_library_compile_all: compiled 'fa_vec_q5_0' library in 0.004 sec
ggml_metal_library_compile_all: compiled 'fa_vec_q5_1' library in 0.003 sec
ggml_metal_library_compile_all: compiled 'fa_vec_q8_0' library in 0.010 sec
ggml_metal_library_compile_all: compiled 'mul_mv' library in 0.004 sec
ggml_metal_library_compile_all: compiled 'mul_mv_mma' library in 0.006 sec
ggml_metal_library_compile_all: compiled 'mul_mm' library in 0.011 sec
ggml_metal_library_compile_all: compiled 'quantize' library in 0.002 sec
ggml_metal_library_compile_all: compiled 'softmax' library in 0.001 sec
ggml_metal_library_compile_all: compiled 'norm' library in 0.007 sec
ggml_metal_library_compile_all: compiled 'unary' library in 0.002 sec
ggml_metal_library_compile_all: compiled 'binbcast' library in 0.001 sec
ggml_metal_library_compile_all: compiled 'reduce' library in 0.008 sec
ggml_metal_library_compile_all: compiled 'tri' library in 0.006 sec
ggml_metal_library_compile_all: compiled 'ssm' library in 0.005 sec
ggml_metal_library_compile_all: compiled 'wkv' library in 0.006 sec
ggml_metal_library_compile_all: compiled 'gated_delta_net' library in 0.007 sec
ggml_metal_library_compile_all: compiled 'solve_tri' library in 0.007 sec
ggml_metal_library_compile_all: compiled 'rope' library in 0.000 sec
ggml_metal_library_compile_all: compiled 'conv' library in 0.004 sec
ggml_metal_library_compile_all: compiled 'upscale' library in 0.005 sec
ggml_metal_library_compile_all: compiled 'argsort' library in 0.004 sec
ggml_metal_library_compile_all: compiled 'pool' library in 0.005 sec
ggml_metal_library_compile_all: compiled 'misc' library in 0.000 sec
ggml_metal_library_compile_all: loaded 35 libraries from embedded data in 0.011 sec (max single = 0.011 sec)
ggml_metal_rsets_init: creating a residency set collection (keep_alive = 180 s)
ggml_metal_device_init: GPU name:   MTL0 (Apple M5 Pro)
ggml_metal_device_init: GPU family: MTLGPUFamilyApple10  (1010)
ggml_metal_device_init: GPU family: MTLGPUFamilyMetal4  (5002)
ggml_metal_device_init: simdgroup reduction   = true
ggml_metal_device_init: simdgroup matrix mul. = true
ggml_metal_device_init: has unified memory    = true
ggml_metal_device_init: has bfloat            = true
ggml_metal_device_init: has tensor            = true
ggml_metal_device_init: use residency sets    = true
ggml_metal_device_init: use shared buffers    = true
ggml_metal_device_init: recommendedMaxWorkingSetSize  = 40200.90 MB
ggml_metal_init: allocating
ggml_metal_init: found device: Apple M5 Pro
ggml_metal_init: picking default device: Apple M5 Pro
ggml_metal_init: use fusion         = true
ggml_metal_init: use concurrency    = true
ggml_metal_init: use graph optimize = true
M5_QSA_BEGIN 64/1/finite
ggml_metal_library_compile_pipeline: compiling pipeline: base = 'kernel_lightning_indexer_f16', name = 'kernel_lightning_indexer_f16_nh=4'
ggml_metal_library_compile_pipeline: loaded kernel_lightning_indexer_f16_nh=4             0x101969d50 | th_max = 1024 | th_width =   32
ggml_metal_library_compile_pipeline: compiling pipeline: base = 'kernel_cpy_i32_f32', name = 'kernel_cpy_i32_f32'
ggml_metal_library_compile_pipeline: loaded kernel_cpy_i32_f32                            0x10196a210 | th_max = 1024 | th_width =   32
ggml_metal_library_compile_pipeline: compiling pipeline: base = 'kernel_unary_f32_f32', name = 'kernel_unary_f32_f32_op=10_cnt=1'
ggml_metal_library_compile_pipeline: loaded kernel_unary_f32_f32_op=10_cnt=1              0x10196a990 | th_max = 1024 | th_width =   32
ggml_metal_library_compile_pipeline: compiling pipeline: base = 'kernel_unary_f32_f32', name = 'kernel_unary_f32_f32_op=12_cnt=1'
ggml_metal_library_compile_pipeline: loaded kernel_unary_f32_f32_op=12_cnt=1              0x10196ad10 | th_max = 1024 | th_width =   32
ggml_metal_library_compile_pipeline: compiling pipeline: base = 'kernel_repeat_f32', name = 'kernel_repeat_f32'
ggml_metal_library_compile_pipeline: loaded kernel_repeat_f32                            0x78b4ed0000 | th_max = 1024 | th_width =   32
ggml_metal_library_compile_pipeline: compiling pipeline: base = 'kernel_concat_f32', name = 'kernel_concat_f32'
ggml_metal_library_compile_pipeline: loaded kernel_concat_f32                            0x78b4ed0380 | th_max = 1024 | th_width =   32
ggml_metal_library_compile_pipeline: compiling pipeline: base = 'kernel_repeat_i32', name = 'kernel_repeat_i32'
ggml_metal_library_compile_pipeline: loaded kernel_repeat_i32                            0x78b4ed0700 | th_max = 1024 | th_width =   32
ggml_metal_library_compile_pipeline: compiling pipeline: base = 'kernel_concat_i32', name = 'kernel_concat_i32'
ggml_metal_library_compile_pipeline: loaded kernel_concat_i32                            0x78b4ed0a80 | th_max = 1024 | th_width =   32
ggml_metal_library_compile_pipeline: compiling pipeline: base = 'kernel_unary_f32_f32', name = 'kernel_unary_f32_f32_op=11_cnt=1'
ggml_metal_library_compile_pipeline: loaded kernel_unary_f32_f32_op=11_cnt=1             0x78b4ed0e00 | th_max = 1024 | th_width =   32
ggml_metal_library_compile_pipeline: compiling pipeline: base = 'kernel_cumsum_blk_f32', name = 'kernel_cumsum_blk_f32'
ggml_metal_library_compile_pipeline: loaded kernel_cumsum_blk_f32                        0x78b4ed1180 | th_max = 1024 | th_width =   32
ggml_metal_library_compile_pipeline: compiling pipeline: base = 'kernel_bin_fuse_f32_f32_f32', name = 'kernel_bin_fuse_f32_f32_f32_op=1_nf=1_rb=1_cb=0'
ggml_metal_library_compile_pipeline: loaded kernel_bin_fuse_f32_f32_f32_op=1_nf=1_rb=1_cb=0     0x78b4ed1500 | th_max = 1024 | th_width =   32
ggml_metal_library_compile_pipeline: compiling pipeline: base = 'kernel_bin_fuse_f32_f32_f32', name = 'kernel_bin_fuse_f32_f32_f32_op=2_nf=1_rb=1_cb=0'
ggml_metal_library_compile_pipeline: loaded kernel_bin_fuse_f32_f32_f32_op=2_nf=1_rb=1_cb=0     0x78b4ed1880 | th_max = 1024 | th_width =   32
ggml_metal_library_compile_pipeline: compiling pipeline: base = 'kernel_bin_fuse_f32_f32_f32', name = 'kernel_bin_fuse_f32_f32_f32_op=0_nf=1_rb=1_cb=0'
ggml_metal_library_compile_pipeline: loaded kernel_bin_fuse_f32_f32_f32_op=0_nf=1_rb=1_cb=0     0x78b4ed1c00 | th_max = 1024 | th_width =   32
ggml_metal_library_compile_pipeline: compiling pipeline: base = 'kernel_cpy_f32_i32', name = 'kernel_cpy_f32_i32'
ggml_metal_library_compile_pipeline: loaded kernel_cpy_f32_i32                           0x78b4ed1f80 | th_max = 1024 | th_width =   32
ggml_metal_library_compile_pipeline: compiling pipeline: base = 'kernel_unary_f16_f16', name = 'kernel_unary_f16_f16_op=11_cnt=1'
ggml_metal_library_compile_pipeline: loaded kernel_unary_f16_f16_op=11_cnt=1             0x78b4ed2a00 | th_max = 1024 | th_width =   32
ggml_metal_library_compile_pipeline: compiling pipeline: base = 'kernel_repeat_f16', name = 'kernel_repeat_f16'
ggml_metal_library_compile_pipeline: loaded kernel_repeat_f16                            0x78b4ed2d80 | th_max = 1024 | th_width =   32
ggml_metal_library_compile_pipeline: compiling pipeline: base = 'kernel_set_rows_f16_i32_f16', name = 'kernel_set_rows_f16_i32_f16'
ggml_metal_library_compile_pipeline: loaded kernel_set_rows_f16_i32_f16                  0x78b4ed3100 | th_max = 1024 | th_width =   32
ggml_metal_library_compile_pipeline: compiling pipeline: base = 'kernel_bin_fuse_f16_f16_f16_4', name = 'kernel_bin_fuse_f16_f16_f16_4_op=0_nf=1_rb=1_cb=0'
ggml_metal_library_compile_pipeline: loaded kernel_bin_fuse_f16_f16_f16_4_op=0_nf=1_rb=1_cb=0     0x78b4ed3480 | th_max = 1024 | th_width =   32
M5_QSA_CASE {"all_nodes_metal":true,"id":"64/1/finite","identity":true,"input_sha256":["83c0d76df9221b06319a55b883504bb887382d107d0f2cea85efd4296929ed60","fa7db237c09e0caed8e0e2a742753cc88ea765a77007a60d5194dc84af4ad4d6","b6479e6a7faef71d8297eec2d966fe6d5ca5cc5cca96dad85f96d6323deabd5a","c4eddf8e578f12ef9c804aa855ce23e722994ae6770c74881cadab28294e8d63","baa77ade550f9f88800a8e43408dc7d5f3ebae2d60ddfe1756995d1babe3aeb5","4e72e612c47dd495547ad6f8da6a497bfdc81914dbeb5d835c9ada9321a4f5f8","f90f6e3a8a37351e6826e7162dd1fe05f550046045f4a15e9ff5e937b1bfbe5b"],"inputs_preserved":true,"iterations":[478,478,479,481,472,475,471],"kind":"finite","live_binary":true,"mask_elements":256,"mask_sha256":"f90f6e3a8a37351e6826e7162dd1fe05f550046045f4a15e9ff5e937b1bfbe5b","median_us":209.33638284518827,"pools":64,"raw_nodes":32,"samples_us":[209.3161610878661,209.33638284518827,209.120127348643,208.06990644490645,211.88576906779662,210.89912210526316,212.35014225053078],"scatter_in_bounds":true,"scheduler_splits":1,"score_elements":64,"score_sha256":"5cce94ae0f6fac6e03eb8071af24ed20990111fee0a99f8af0ed9ac62dbdb298","tokens":1}
M5_QSA_BEGIN 64/4/finite
ggml_metal_library_compile_pipeline: compiling pipeline: base = 'kernel_bin_fuse_f32_f32_f32', name = 'kernel_bin_fuse_f32_f32_f32_op=1_nf=1_rb=0_cb=0'
ggml_metal_library_compile_pipeline: loaded kernel_bin_fuse_f32_f32_f32_op=1_nf=1_rb=0_cb=0     0x78b4ed2300 | th_max = 1024 | th_width =   32
ggml_metal_library_compile_pipeline: compiling pipeline: base = 'kernel_bin_fuse_f32_f32_f32', name = 'kernel_bin_fuse_f32_f32_f32_op=2_nf=1_rb=0_cb=0'
ggml_metal_library_compile_pipeline: loaded kernel_bin_fuse_f32_f32_f32_op=2_nf=1_rb=0_cb=0     0x78b4ed3b80 | th_max = 1024 | th_width =   32
ggml_metal_library_compile_pipeline: compiling pipeline: base = 'kernel_bin_fuse_f32_f32_f32', name = 'kernel_bin_fuse_f32_f32_f32_op=0_nf=1_rb=0_cb=0'
ggml_metal_library_compile_pipeline: loaded kernel_bin_fuse_f32_f32_f32_op=0_nf=1_rb=0_cb=0     0x78b4f0c000 | th_max = 1024 | th_width =   32
ggml_metal_library_compile_pipeline: compiling pipeline: base = 'kernel_bin_fuse_f16_f16_f16_4', name = 'kernel_bin_fuse_f16_f16_f16_4_op=0_nf=1_rb=0_cb=0'
ggml_metal_library_compile_pipeline: loaded kernel_bin_fuse_f16_f16_f16_4_op=0_nf=1_rb=0_cb=0     0x78b4f0ca80 | th_max = 1024 | th_width =   32
M5_QSA_CASE {"all_nodes_metal":true,"id":"64/4/finite","identity":true,"input_sha256":["04086b97cb2e106d6e98e2219e09cc02204dcb11dc08a7c1500fd7524d121a3d","fa7db237c09e0caed8e0e2a742753cc88ea765a77007a60d5194dc84af4ad4d6","7896e1e9f990a4e9bc5bfbf328d392a156a19b179a85f172c7b07267183e4793","7ada87b58ba93f3d8ad12a96fd7b79b70a8fedf2c93e52c0078ff9766262e892","baa77ade550f9f88800a8e43408dc7d5f3ebae2d60ddfe1756995d1babe3aeb5","36ae2db0a1992fac25c8182261cf3fe32b69d4e04abd220b72bb73fb21e87803","5b7d6c25b32408f9a96fafd9a65794610fb9a3c49791a1cbff1df7fff88a30d8"],"inputs_preserved":true,"iterations":[415,414,415,409,409,415,409],"kind":"finite","live_binary":true,"mask_elements":1024,"mask_sha256":"5b7d6c25b32408f9a96fafd9a65794610fb9a3c49791a1cbff1df7fff88a30d8","median_us":241.7753623188406,"pools":64,"raw_nodes":32,"samples_us":[241.38835421686747,241.7753623188406,241.2866457831325,244.76018826405868,245.16982640586798,240.96746987951806,244.5887334963325],"scatter_in_bounds":true,"scheduler_splits":1,"score_elements":256,"score_sha256":"8552093fd2c9c1f140e009fb763980c0c4036ad2c6dfe324dc08556ba14a3d93","tokens":4}
M5_QSA_BEGIN 64/512/finite
ggml_metal_library_compile_pipeline: compiling pipeline: base = 'kernel_unary_f32_f32', name = 'kernel_unary_f32_f32_op=10_cnt=0'
ggml_metal_library_compile_pipeline: loaded kernel_unary_f32_f32_op=10_cnt=0             0x78b4f0ce00 | th_max = 1024 | th_width =   32
ggml_metal_library_compile_pipeline: compiling pipeline: base = 'kernel_unary_f32_f32', name = 'kernel_unary_f32_f32_op=12_cnt=0'
ggml_metal_library_compile_pipeline: loaded kernel_unary_f32_f32_op=12_cnt=0             0x78b4f0d180 | th_max = 1024 | th_width =   32
ggml_metal_library_compile_pipeline: compiling pipeline: base = 'kernel_unary_f32_f32', name = 'kernel_unary_f32_f32_op=11_cnt=0'
ggml_metal_library_compile_pipeline: loaded kernel_unary_f32_f32_op=11_cnt=0             0x78b4f0d500 | th_max = 1024 | th_width =   32
M5_QSA_CASE {"all_nodes_metal":true,"id":"64/512/finite","identity":true,"input_sha256":["f95efd9a5174b6176d57e41b7e2c8092253795c6ad99f7cfc75133495daa0275","fa7db237c09e0caed8e0e2a742753cc88ea765a77007a60d5194dc84af4ad4d6","a2a3a1331ed2af9cd84d00cf9fbae899e575a451767ae3e7b80833082993881f","e97cfa073cab6d39c5e5220a60ec602902cdf86906819563b349113de315bcc9","baa77ade550f9f88800a8e43408dc7d5f3ebae2d60ddfe1756995d1babe3aeb5","6b028bd4949ea5548fddd56db9976b9f43481ddfb51068a7231289e71a331ceb","a1cf8fdcf4f71fa15d1857d6327a77c85d30ea4ed38d368529a9e70de26fb8ad"],"inputs_preserved":true,"iterations":[237,235,241,239,235,236,240],"kind":"finite","live_binary":true,"mask_elements":131072,"mask_sha256":"a1cf8fdcf4f71fa15d1857d6327a77c85d30ea4ed38d368529a9e70de26fb8ad","median_us":423.0685654008439,"pools":64,"raw_nodes":32,"samples_us":[423.0685654008439,426.95425531914896,416.0288713692946,419.1506276150628,425.8562085106383,423.9457966101695,417.4692708333333],"scatter_in_bounds":true,"scheduler_splits":1,"score_elements":32768,"score_sha256":"da45b859dbb39e8cf2d2fb98dd06db09a43dc3bf7f370edc079aa89e02e369a1","tokens":512}
M5_QSA_BEGIN 128/1/finite
M5_QSA_CASE {"all_nodes_metal":true,"id":"128/1/finite","identity":true,"input_sha256":["83c0d76df9221b06319a55b883504bb887382d107d0f2cea85efd4296929ed60","03851a3a62833498bde8ead70477722879d738b14e3307e19e3398b1f6c8d52f","b6479e6a7faef71d8297eec2d966fe6d5ca5cc5cca96dad85f96d6323deabd5a","0bf4ecf05144480e3b762a81aefe893b5cf936c97b5938aa7802aff6efd9cb01","ea787ea66a2e14bab235c98ed44181e777aa98d54f89d76bccb5f90afeb4b6bb","ba2af83dad3610379311310cca43c42e1c12925028881fe0f7387c42f4647f01","a60ce1bd8c82955dcf6471666f166ae7907176afa924bd5e36656e5df4ebd203"],"inputs_preserved":true,"iterations":[460,460,460,465,462,460,469],"kind":"finite","live_binary":true,"mask_elements":512,"mask_sha256":"a60ce1bd8c82955dcf6471666f166ae7907176afa924bd5e36656e5df4ebd203","median_us":217.3971,"pools":128,"raw_nodes":32,"samples_us":[217.3971,217.92853260869566,217.58251739130435,215.41379784946236,216.78986363636363,217.41159347826087,213.61878251599148],"scatter_in_bounds":true,"scheduler_splits":1,"score_elements":128,"score_sha256":"3606f9564a9635613d69dcb3f63c36f642cab782d27bff5a9e21d9cd587212e6","tokens":1}
M5_QSA_BEGIN 128/4/finite
M5_QSA_CASE {"all_nodes_metal":true,"id":"128/4/finite","identity":true,"input_sha256":["04086b97cb2e106d6e98e2219e09cc02204dcb11dc08a7c1500fd7524d121a3d","03851a3a62833498bde8ead70477722879d738b14e3307e19e3398b1f6c8d52f","7896e1e9f990a4e9bc5bfbf328d392a156a19b179a85f172c7b07267183e4793","6a0ab681e6d35e948fd5b4fdcaadbacf9ef528aa5fb40b536c133dd987a4e7d1","ea787ea66a2e14bab235c98ed44181e777aa98d54f89d76bccb5f90afeb4b6bb","36ddbc667be41fd65bfd5a6181253077a50547ca464c6c85a2d387ec1292c4c2","6e58b57063c061a0048dac6f35ea722b8f80f9be39e0d6cfc6efb86c2f622041"],"inputs_preserved":true,"iterations":[412,404,400,400,401,394,413],"kind":"finite","live_binary":true,"mask_elements":2048,"mask_sha256":"6e58b57063c061a0048dac6f35ea722b8f80f9be39e0d6cfc6efb86c2f622041","median_us":250.02888528678304,"pools":128,"raw_nodes":32,"samples_us":[243.34375,247.82611386138615,250.34895749999998,250.621875,250.02888528678304,253.81228934010153,242.7907578692494],"scatter_in_bounds":true,"scheduler_splits":1,"score_elements":512,"score_sha256":"9401dfd8f94996b6f9af33b2e63bef0c1bf8a635a9fa102f83c479892d7e2615","tokens":4}
M5_QSA_BEGIN 128/512/finite
M5_QSA_CASE {"all_nodes_metal":true,"id":"128/512/finite","identity":true,"input_sha256":["f95efd9a5174b6176d57e41b7e2c8092253795c6ad99f7cfc75133495daa0275","03851a3a62833498bde8ead70477722879d738b14e3307e19e3398b1f6c8d52f","a2a3a1331ed2af9cd84d00cf9fbae899e575a451767ae3e7b80833082993881f","317809bec69800447c46b58961a6b202f89f966fa4346d1d761d13dd577087bf","ea787ea66a2e14bab235c98ed44181e777aa98d54f89d76bccb5f90afeb4b6bb","126cf2b19957cfe8a8f9c8df489fb8bb754dee1a8bdb3cccde0c11d3e7022710","6a77260ca7971897a569d6d99cced735c8d5635d7bc3ab16dd4e50a723a150be"],"inputs_preserved":true,"iterations":[168,169,169,169,163,169,166],"kind":"finite","live_binary":true,"mask_elements":262144,"mask_sha256":"6a77260ca7971897a569d6d99cced735c8d5635d7bc3ab16dd4e50a723a150be","median_us":594.7534556213018,"pools":128,"raw_nodes":32,"samples_us":[596.4556071428572,592.3939881656805,594.7534556213018,593.8791952662722,615.5506134969326,593.4610473372782,603.1149578313253],"scatter_in_bounds":true,"scheduler_splits":1,"score_elements":65536,"score_sha256":"9ba6c673406c913f1524a330ff4655b671c9ed2c28170b7b1766efb645c30893","tokens":512}
M5_QSA_BEGIN 512/1/finite
ggml_metal_library_compile_pipeline: compiling pipeline: base = 'kernel_cumsum_add_f32', name = 'kernel_cumsum_add_f32'
ggml_metal_library_compile_pipeline: loaded kernel_cumsum_add_f32                        0x78b4f0d880 | th_max = 1024 | th_width =   32
M5_QSA_CASE {"all_nodes_metal":true,"id":"512/1/finite","identity":true,"input_sha256":["83c0d76df9221b06319a55b883504bb887382d107d0f2cea85efd4296929ed60","76a897c7ffda42d4700274149e8f9115be44e04d41f0bbfcd7afc6eab1c2e4af","b6479e6a7faef71d8297eec2d966fe6d5ca5cc5cca96dad85f96d6323deabd5a","cc5b258bceca0d5f734b7799d99decb056a9075c9f3af5127200f617d51f0157","d6b88aa6a1a1cc4a79bf8566edd17f710cb22232c9524ebf8658f1a589018f8b","bc9473cce0e4112cdfd60f699c0ee9cfebe21f715d595f0c2c511ecd7ce02581","e0f4c4930cd242f13f617dc5ee3bdd9585b029df2aec8d265ea5cee5ec9b7749"],"inputs_preserved":true,"iterations":[412,394,391,412,408,400,416],"kind":"finite","live_binary":true,"mask_elements":2048,"mask_sha256":"e0f4c4930cd242f13f617dc5ee3bdd9585b029df2aec8d265ea5cee5ec9b7749","median_us":245.1204044117647,"pools":512,"raw_nodes":32,"samples_us":[243.11761893203885,254.07656345177665,256.1567570332481,242.94013106796118,245.1204044117647,250.619375,240.38731971153845],"scatter_in_bounds":true,"scheduler_splits":1,"score_elements":512,"score_sha256":"686da7e5d311b94600b72b0aa338788445807ff89ec1601564466f8c66b8e0ab","tokens":1}
M5_QSA_BEGIN 512/4/finite
M5_QSA_CASE {"all_nodes_metal":true,"id":"512/4/finite","identity":true,"input_sha256":["04086b97cb2e106d6e98e2219e09cc02204dcb11dc08a7c1500fd7524d121a3d","76a897c7ffda42d4700274149e8f9115be44e04d41f0bbfcd7afc6eab1c2e4af","7896e1e9f990a4e9bc5bfbf328d392a156a19b179a85f172c7b07267183e4793","00fab24be8bf4d89d701c1ed242fac1bbf281c0343fa24ec116464ac1fb4d6bd","d6b88aa6a1a1cc4a79bf8566edd17f710cb22232c9524ebf8658f1a589018f8b","5e0343b53d99de75a2220f97b3dd7ea49797e11ad6a4f02b7487e373cb85770d","bee8aebb63b8caf1b49fa224d24b60223b86b988cae463f168605c068ffe4b4e"],"inputs_preserved":true,"iterations":[383,384,383,383,383,385,384],"kind":"finite","live_binary":true,"mask_elements":8192,"mask_sha256":"bee8aebb63b8caf1b49fa224d24b60223b86b988cae463f168605c068ffe4b4e","median_us":261.0997597911227,"pools":512,"raw_nodes":32,"samples_us":[261.1256527415144,261.027125,261.14730287206265,261.10106527415144,261.0997597911227,260.3677506493507,260.50542447916666],"scatter_in_bounds":true,"scheduler_splits":1,"score_elements":2048,"score_sha256":"c0933e54a1d0a325865404e373394a7c97d425f3dcfa7c7a8a70cac0c8be280e","tokens":4}
M5_QSA_BEGIN 512/512/finite
M5_QSA_CASE {"all_nodes_metal":true,"id":"512/512/finite","identity":true,"input_sha256":["f95efd9a5174b6176d57e41b7e2c8092253795c6ad99f7cfc75133495daa0275","76a897c7ffda42d4700274149e8f9115be44e04d41f0bbfcd7afc6eab1c2e4af","a2a3a1331ed2af9cd84d00cf9fbae899e575a451767ae3e7b80833082993881f","bd1a3e6c6dc44f87d0104af832ccf0e8e525886e8732f13843887efecf34a653","d6b88aa6a1a1cc4a79bf8566edd17f710cb22232c9524ebf8658f1a589018f8b","a1f743bd8b9dbf33fb8cc1a11f4103d14faf0b301755d83366b80b3dd8c92a29","ef1719e32242a2e00bf67599292303df76bea2056e7e921bfd5184a913934966"],"inputs_preserved":true,"iterations":[55,56,55,55,55,56,55],"kind":"finite","live_binary":true,"mask_elements":1048576,"mask_sha256":"ef1719e32242a2e00bf67599292303df76bea2056e7e921bfd5184a913934966","median_us":1822.7515090909092,"pools":512,"raw_nodes":32,"samples_us":[1820.7946909090908,1817.1175535714285,1822.7515090909092,1823.9825636363637,1829.1,1810.1659285714286,1825.3144],"scatter_in_bounds":true,"scheduler_splits":1,"score_elements":262144,"score_sha256":"58119f19b9a5a7e047ea01dbbeddaa74f5f099060830490037e54457328306ff","tokens":512}
M5_QSA_BEGIN 576/1/finite
ggml_metal_library_compile_pipeline: compiling pipeline: base = 'kernel_argsort_f32_i32_desc', name = 'kernel_argsort_f32_i32_desc'
ggml_metal_library_compile_pipeline: loaded kernel_argsort_f32_i32_desc                  0x78b4f0c380 | th_max = 1024 | th_width =   32
ggml_metal_library_compile_pipeline: compiling pipeline: base = 'kernel_argsort_merge_f32_i32_desc', name = 'kernel_argsort_merge_f32_i32_desc'
ggml_metal_library_compile_pipeline: loaded kernel_argsort_merge_f32_i32_desc            0x78b4f0df80 | th_max = 1024 | th_width =   32
ggml_metal_library_compile_pipeline: compiling pipeline: base = 'kernel_get_rows_f32', name = 'kernel_get_rows_f32'
ggml_metal_library_compile_pipeline: loaded kernel_get_rows_f32                          0x78b4f0e300 | th_max = 1024 | th_width =   32
ggml_metal_library_compile_pipeline: compiling pipeline: base = 'kernel_get_rows_i32', name = 'kernel_get_rows_i32'
ggml_metal_library_compile_pipeline: loaded kernel_get_rows_i32                          0x78b4f0e680 | th_max = 1024 | th_width =   32
M5_QSA_CASE {"all_nodes_metal":true,"id":"576/1/finite","identity":false,"input_sha256":["83c0d76df9221b06319a55b883504bb887382d107d0f2cea85efd4296929ed60","6fca4ed16fa145e098bfb2534380f1711cb9eddf662c7ff0e84bbac2c2e349a4","b6479e6a7faef71d8297eec2d966fe6d5ca5cc5cca96dad85f96d6323deabd5a","706a910fcf1224968e7cd968703da8aae1fd697902f59a3e08412b723424a4b6","e7c547de1083d2a113a59fbbcb2ea9e5d737a7ea56c690c33ca195bbd9ad2877","13d3488ec70ef320ebd1b43116eec31e6e0bd2ea22c1ba2b7156437ca9aa9c53","8ffe5764202af8cf75f9e4266cf6bf8e288ef0ff0f441bbc9cccfd8c373f8db7"],"inputs_preserved":true,"iterations":[385,386,385,384,386,384,387],"kind":"finite","live_binary":true,"mask_elements":2304,"mask_sha256":"119d9bd1ca26f01499aa3a29c7e878626f40d0165d46bab0ca0614a02c93cd33","median_us":260.4192708333333,"pools":576,"raw_nodes":34,"samples_us":[260.6213194805195,259.4930906735751,260.43268311688314,260.4192708333333,259.6872823834197,260.47026822916666,259.0446795865633],"scatter_in_bounds":true,"scheduler_splits":1,"score_elements":576,"score_sha256":"2e814fb9103706c5634c7530d9f48b9b065315bb5dc7fe476672002f0554b7f1","tokens":1}
M5_QSA_BEGIN 576/4/finite
M5_QSA_CASE {"all_nodes_metal":true,"id":"576/4/finite","identity":false,"input_sha256":["04086b97cb2e106d6e98e2219e09cc02204dcb11dc08a7c1500fd7524d121a3d","6fca4ed16fa145e098bfb2534380f1711cb9eddf662c7ff0e84bbac2c2e349a4","7896e1e9f990a4e9bc5bfbf328d392a156a19b179a85f172c7b07267183e4793","8bd2cce7be998fd463d676f735ba7ad21c79cedbdb357d3b723d162bc27a70d1","e7c547de1083d2a113a59fbbcb2ea9e5d737a7ea56c690c33ca195bbd9ad2877","3901b8edaf710294b781f1a5fdd05a612c8f445cc73b7dfa0df08b8c0967d133","bc4f73313ee4e480d34eff4677067cbc0d45da940964f367f265a7ef6f8c9ece"],"inputs_preserved":true,"iterations":[346,383,383,380,383,384,384],"kind":"finite","live_binary":true,"mask_elements":9216,"mask_sha256":"1487dba7ca992f0630dfac8d96e93a1ddad8260da7543db322f2de40687d32d3","median_us":261.28307310704963,"pools":576,"raw_nodes":34,"samples_us":[289.5315520231214,261.13142036553523,261.77328198433423,263.8012052631579,261.28307310704963,260.9436848958333,260.42436979166666],"scatter_in_bounds":true,"scheduler_splits":1,"score_elements":2304,"score_sha256":"956942b3ab72e8c21e0e15d684472fa6eadabac597d029797ca338def3eda76b","tokens":4}
M5_QSA_BEGIN 576/512/finite
M5_QSA_CASE {"all_nodes_metal":true,"id":"576/512/finite","identity":false,"input_sha256":["f95efd9a5174b6176d57e41b7e2c8092253795c6ad99f7cfc75133495daa0275","6fca4ed16fa145e098bfb2534380f1711cb9eddf662c7ff0e84bbac2c2e349a4","a2a3a1331ed2af9cd84d00cf9fbae899e575a451767ae3e7b80833082993881f","b2326c347f975c072e687325acf9bfc9a7ffcbb74428d15f293069d87cc108c0","e7c547de1083d2a113a59fbbcb2ea9e5d737a7ea56c690c33ca195bbd9ad2877","e5a3b81f4d5444543db324b43637b2eb74240f41a7f84179cf59e1d13752699a","c42b046c17033217d4698588ede16f6a92242a04464a2184aaf9551684d950f4"],"inputs_preserved":true,"iterations":[40,40,40,40,40,40,40],"kind":"finite","live_binary":true,"mask_elements":1179648,"mask_sha256":"fa33e803cec752fd17f7a41858d3f5587128cf2b1f457c22dc661be0a3c898c2","median_us":2536.215625,"pools":576,"raw_nodes":34,"samples_us":[2536.215625,2537.2552,2533.414575,2536.598975,2539.721875,2525.2198,2533.7604],"scatter_in_bounds":true,"scheduler_splits":1,"score_elements":294912,"score_sha256":"2390848edbc1add90e8b325b8c6d3e1d4e5eba9f516e499aaf560bd519fc928d","tokens":512}
M5_QSA_DONE {"cases":12,"mode":"perf","models_loaded":false,"scope":"identity"}
ggml_metal_free: deallocating
