ggml_metal_device_init: testing tensor API for f16 support
ggml_metal_library_compile_pipeline: compiling pipeline: base = 'dummy_kernel', name = 'dummy_kernel'
ggml_metal_library_compile_pipeline: loaded dummy_kernel                                  0x101a93410 | th_max = 1024 | th_width =   32
ggml_metal_device_init: testing tensor API for bfloat support
ggml_metal_library_compile_pipeline: compiling pipeline: base = 'dummy_kernel', name = 'dummy_kernel'
ggml_metal_library_compile_pipeline: loaded dummy_kernel                                  0x101a93c90 | th_max = 1024 | th_width =   32
ggml_metal_library_init: using embedded metal library
ggml_metal_library_compile_all: compiled 'fa_aux' library in 0.000 sec
ggml_metal_library_compile_all: compiled 'fa_f16' library in 0.002 sec
ggml_metal_library_compile_all: compiled 'fa_f32' library in 0.007 sec
ggml_metal_library_compile_all: compiled 'fa_q4_0' library in 0.001 sec
ggml_metal_library_compile_all: compiled 'fa_q4_1' library in 0.006 sec
ggml_metal_library_compile_all: compiled 'fa_q5_0' library in 0.002 sec
ggml_metal_library_compile_all: compiled 'fa_q5_1' library in 0.001 sec
ggml_metal_library_compile_all: compiled 'fa_q8_0' library in 0.007 sec
ggml_metal_library_compile_all: compiled 'fa_vec_f16' library in 0.008 sec
ggml_metal_library_compile_all: compiled 'fa_vec_f32' library in 0.006 sec
ggml_metal_library_compile_all: compiled 'fa_vec_q4_0' library in 0.003 sec
ggml_metal_library_compile_all: compiled 'fa_vec_q4_1' library in 0.005 sec
ggml_metal_library_compile_all: compiled 'fa_vec_q5_0' library in 0.003 sec
ggml_metal_library_compile_all: compiled 'fa_vec_q5_1' library in 0.010 sec
ggml_metal_library_compile_all: compiled 'fa_vec_q8_0' library in 0.011 sec
ggml_metal_library_compile_all: compiled 'mul_mv' library in 0.004 sec
ggml_metal_library_compile_all: compiled 'mul_mv_mma' library in 0.009 sec
ggml_metal_library_compile_all: compiled 'mul_mm' library in 0.006 sec
ggml_metal_library_compile_all: compiled 'quantize' library in 0.009 sec
ggml_metal_library_compile_all: compiled 'softmax' library in 0.000 sec
ggml_metal_library_compile_all: compiled 'norm' library in 0.006 sec
ggml_metal_library_compile_all: compiled 'unary' library in 0.001 sec
ggml_metal_library_compile_all: compiled 'binbcast' library in 0.006 sec
ggml_metal_library_compile_all: compiled 'reduce' library in 0.006 sec
ggml_metal_library_compile_all: compiled 'tri' library in 0.006 sec
ggml_metal_library_compile_all: compiled 'ssm' library in 0.007 sec
ggml_metal_library_compile_all: compiled 'wkv' library in 0.006 sec
ggml_metal_library_compile_all: compiled 'gated_delta_net' library in 0.006 sec
ggml_metal_library_compile_all: compiled 'solve_tri' library in 0.005 sec
ggml_metal_library_compile_all: compiled 'rope' library in 0.000 sec
ggml_metal_library_compile_all: compiled 'conv' library in 0.003 sec
ggml_metal_library_compile_all: compiled 'upscale' library in 0.006 sec
ggml_metal_library_compile_all: compiled 'argsort' library in 0.000 sec
ggml_metal_library_compile_all: compiled 'pool' library in 0.003 sec
ggml_metal_library_compile_all: compiled 'misc' library in 0.009 sec
ggml_metal_library_compile_all: loaded 35 libraries from embedded data in 0.011 sec (max single = 0.011 sec)
ggml_metal_rsets_init: creating a residency set collection (keep_alive = 180 s)
ggml_metal_device_init: GPU name:   MTL0 (Apple M5 Pro)
ggml_metal_device_init: GPU family: MTLGPUFamilyApple10  (1010)
ggml_metal_device_init: GPU family: MTLGPUFamilyMetal4  (5002)
ggml_metal_device_init: simdgroup reduction   = true
ggml_metal_device_init: simdgroup matrix mul. = true
ggml_metal_device_init: has unified memory    = true
ggml_metal_device_init: has bfloat            = true
ggml_metal_device_init: has tensor            = true
ggml_metal_device_init: use residency sets    = true
ggml_metal_device_init: use shared buffers    = true
ggml_metal_device_init: recommendedMaxWorkingSetSize  = 40200.90 MB
ggml_metal_init: allocating
ggml_metal_init: found device: Apple M5 Pro
ggml_metal_init: picking default device: Apple M5 Pro
ggml_metal_init: use fusion         = true
ggml_metal_init: use concurrency    = true
ggml_metal_init: use graph optimize = true
ggml_metal_library_compile_pipeline: compiling pipeline: base = 'kernel_mul_mv_id_q2_0_f32', name = 'kernel_mul_mv_id_q2_0_f32_nsg=2_split=0'
ggml_metal_library_compile_pipeline: loaded kernel_mul_mv_id_q2_0_f32_nsg=2_split=0       0x101aa4250 | th_max = 1024 | th_width =   32
ggml_metal_library_compile_pipeline: compiling pipeline: base = 'kernel_swiglu_f32', name = 'kernel_swiglu_f32'
ggml_metal_library_compile_pipeline: loaded kernel_swiglu_f32                             0x101aa52d0 | th_max = 1024 | th_width =   32
ggml_metal_library_compile_pipeline: compiling pipeline: base = 'kernel_bin_fuse_f32_f32_f32', name = 'kernel_bin_fuse_f32_f32_f32_op=2_nf=1_rb=0_cb=1'
ggml_metal_library_compile_pipeline: loaded kernel_bin_fuse_f32_f32_f32_op=2_nf=1_rb=0_cb=1      0x101aa6290 | th_max = 1024 | th_width =   32
ggml_metal_library_compile_pipeline: compiling pipeline: base = 'kernel_bin_fuse_f32_f32_f32_4', name = 'kernel_bin_fuse_f32_f32_f32_4_op=0_nf=7_rb=0_cb=0'
ggml_metal_library_compile_pipeline: loaded kernel_bin_fuse_f32_f32_f32_4_op=0_nf=7_rb=0_cb=0      0x101aa6610 | th_max = 1024 | th_width =   32
ggml_metal_library_compile_pipeline: compiling pipeline: base = 'kernel_bin_fuse_f32_f32_f32_4', name = 'kernel_bin_fuse_f32_f32_f32_4_op=0_nf=2_rb=0_cb=0'
ggml_metal_library_compile_pipeline: loaded kernel_bin_fuse_f32_f32_f32_4_op=0_nf=2_rb=0_cb=0     0x753eef4000 | th_max = 1024 | th_width =   32
ggml_metal_library_compile_pipeline: compiling pipeline: base = 'kernel_bin_fuse_f32_f32_f32_4', name = 'kernel_bin_fuse_f32_f32_f32_4_op=0_nf=1_rb=0_cb=0'
ggml_metal_library_compile_pipeline: loaded kernel_bin_fuse_f32_f32_f32_4_op=0_nf=1_rb=0_cb=0     0x753eef4380 | th_max = 1024 | th_width =   32
M5_GATE_CASE {"cpu_compute_nodes":0,"cpu_nmse":6.957007826013444e-14,"distinct_experts":[14,22,24,26,28,30,33,40],"eligible":true,"graph_buffer_bytes":5385920,"input_ids_preserved":true,"layout":"plain","max_absolute_error":3.669212926826759e-07,"max_scaled_error":3.163219394197725e-07,"output_elements":1105920,"route":"real","route_index":0,"rows":4,"samples":60,"scheduler":true,"triplets_per_graph":8,"wall_samples_us_per_triplet":[291.114625,291.9375,292.06775,292.302,292.5625,292.573,292.671875,292.796875,293.010375,293.1615,293.1875,293.6875,293.9635,293.984375,295.005125,295.046875,295.224,295.50525,295.90625,296.00525,296.036375,296.13025,296.239625,296.640625,296.760375,296.796875,297.041625,297.151125,297.203125,297.390625,297.833375,298.30725,298.427125,298.479125,298.630125,298.86975,299.198,299.29175,299.364625,299.458375,299.671875,300.083375,300.323,300.5885,300.79175,301.572875,301.8855,301.984375,302.3645,303.270875,303.322875,303.395875,303.463625,303.546875,304.24475,304.43225,305.796875,306.322875,307.317625,309.078125],"wall_us_per_triplet":297.833375}
M5_GATE_CASE {"cpu_compute_nodes":0,"cpu_nmse":8.813416802937666e-14,"distinct_experts":[40,40,40,40,40,40,40,40],"eligible":true,"graph_buffer_bytes":5385920,"input_ids_preserved":true,"layout":"plain","max_absolute_error":2.665893277242759e-07,"max_scaled_error":2.544322713626812e-07,"output_elements":1105920,"route":"distinct","route_index":0,"rows":4,"samples":60,"scheduler":true,"triplets_per_graph":8,"wall_samples_us_per_triplet":[298.4375,298.66675,299.6145,301.046875,301.140625,301.2395,301.39575,301.4635,302.333375,302.520875,302.5625,302.723875,302.8645,302.885375,303.052125,303.05725,303.0625,303.171875,303.21875,303.39575,303.416625,303.5625,303.9375,304.046875,304.06775,304.265625,304.41675,304.55725,304.729125,304.765625,304.786375,304.895875,304.9375,304.974,305.171875,305.208375,305.322875,305.427,305.43225,305.979125,306.140625,306.453125,306.5,306.661375,306.921875,307.72925,307.85425,308.197875,308.3855,308.708375,309.05725,309.4115,309.901,310.099,311.140625,311.1615,312.33325,312.484375,312.609375,313.302],"wall_us_per_triplet":304.786375}
M5_GATE_CASE {"cpu_compute_nodes":0,"cpu_nmse":7.063375741560338e-14,"distinct_experts":[10,10,10,10,10,10,10,10],"eligible":true,"graph_buffer_bytes":5385920,"input_ids_preserved":true,"layout":"plain","max_absolute_error":3.351239759030733e-07,"max_scaled_error":3.351239759030733e-07,"output_elements":1105920,"route":"shared","route_index":0,"rows":4,"samples":60,"scheduler":true,"triplets_per_graph":8,"wall_samples_us_per_triplet":[283.86975,283.93225,284.697875,284.765625,284.9635,285.0,285.015625,285.073,285.401125,285.80725,285.958375,285.979125,286.0,286.510375,286.75525,286.96875,287.125,287.192625,287.302125,287.31775,287.40625,287.515625,287.541625,287.552,287.838625,287.864625,287.8855,288.484375,288.573,288.661375,288.79175,288.796875,288.859375,288.895875,289.015625,289.046875,289.229125,289.30725,289.34375,289.515625,289.60425,289.640625,289.7135,289.791625,290.8645,291.1875,291.29175,291.479125,291.489625,291.7135,292.40625,292.557375,292.807375,293.099,293.16675,293.609375,294.640625,296.369875,301.520875,317.442625],"wall_us_per_triplet":288.79175}
M5_GATE_CASE {"cpu_compute_nodes":0,"cpu_nmse":7.030566706314856e-14,"distinct_experts":[13,26,29,31,34,36,40,50],"eligible":true,"graph_buffer_bytes":6721728,"input_ids_preserved":true,"layout":"plain","max_absolute_error":2.9987389271735054e-07,"max_scaled_error":2.9987389271735054e-07,"output_elements":1382400,"route":"real","route_index":0,"rows":5,"samples":60,"scheduler":true,"triplets_per_graph":8,"wall_samples_us_per_triplet":[350.8385,351.13025,351.224,351.536375,352.203125,352.36975,352.54175,352.552125,352.776,352.79175,353.599,353.776,354.015625,354.057375,354.20825,354.223875,354.552125,354.71875,354.7605,355.208375,355.21875,355.21875,355.421875,355.489625,355.50525,355.6355,355.765625,355.78125,355.833375,356.15625,356.161375,356.34375,356.390625,357.052125,357.411375,357.666625,357.703125,357.895875,357.984375,358.2605,358.276,358.380125,358.463625,358.479125,358.515625,358.546875,358.9375,358.99475,359.104125,359.15625,359.432375,359.479125,361.06775,362.68225,364.385375,364.453125,364.614625,365.296875,365.677125,370.10425],"wall_us_per_triplet":356.161375}
M5_GATE_CASE {"cpu_compute_nodes":0,"cpu_nmse":9.616919896786819e-14,"distinct_experts":[50,50,50,50,50,50,50,50],"eligible":true,"graph_buffer_bytes":6721728,"input_ids_preserved":true,"layout":"plain","max_absolute_error":3.6201216380149503e-07,"max_scaled_error":3.6201216380149503e-07,"output_elements":1382400,"route":"distinct","route_index":0,"rows":5,"samples":60,"scheduler":true,"triplets_per_graph":8,"wall_samples_us_per_triplet":[357.7135,359.77075,360.385375,361.885375,362.270875,362.546875,362.599,363.1615,363.197875,363.25525,363.880125,363.885375,363.927125,364.307375,364.541625,364.541625,364.796875,364.890625,365.140625,365.15625,365.28125,365.359375,365.385375,365.630125,365.6875,365.703125,365.8125,365.963625,366.1875,366.291625,366.75,366.91675,366.94275,367.16675,367.223875,367.46875,367.473875,367.484375,367.578125,367.6355,367.6875,367.7135,367.791625,367.838625,368.0885,368.13025,368.171875,368.489625,368.708375,369.0365,369.177,372.390625,372.901125,374.94275,376.296875,376.390625,377.49475,378.572875,379.38025,382.427],"wall_us_per_triplet":366.75}
M5_GATE_CASE {"cpu_compute_nodes":0,"cpu_nmse":7.366095811566404e-14,"distinct_experts":[10,10,10,10,10,10,10,10],"eligible":true,"graph_buffer_bytes":6721728,"input_ids_preserved":true,"layout":"plain","max_absolute_error":3.351239759030733e-07,"max_scaled_error":3.351239759030733e-07,"output_elements":1382400,"route":"shared","route_index":0,"rows":5,"samples":60,"scheduler":true,"triplets_per_graph":8,"wall_samples_us_per_triplet":[343.224,344.692625,344.78125,345.052125,346.44275,346.78125,347.177125,347.921875,348.229125,348.24475,348.385375,348.651,348.708375,348.78125,348.83325,348.953125,349.078125,349.29175,349.49475,349.53125,349.56775,349.697875,349.77075,349.802125,349.84375,349.849,349.9375,349.953125,350.0625,350.661375,351.083375,351.109375,351.5625,351.630125,351.6875,351.70825,351.984375,352.203125,352.203125,352.47925,352.546875,352.7605,352.901,352.95825,353.911375,353.9375,354.13025,354.27075,354.291625,355.2865,356.536375,358.302125,358.34375,358.427,359.05725,359.72925,359.739625,359.854125,359.880125,361.973875],"wall_us_per_triplet":351.083375}
M5_GATE_DONE {"allocated_weight_bytes":2124195840,"cases":6,"cpu_compute_nodes":0,"mode":"perf","scheduler":true,"weights_preserved":true}
ggml_metal_free: deallocating
