ggml_metal_device_init: testing tensor API for f16 support
ggml_metal_library_compile_pipeline: compiling pipeline: base = 'dummy_kernel', name = 'dummy_kernel'
ggml_metal_library_compile_pipeline: loaded dummy_kernel                                  0x101451590 | th_max = 1024 | th_width =   32
ggml_metal_device_init: testing tensor API for bfloat support
ggml_metal_library_compile_pipeline: compiling pipeline: base = 'dummy_kernel', name = 'dummy_kernel'
ggml_metal_library_compile_pipeline: loaded dummy_kernel                                  0x101451a90 | th_max = 1024 | th_width =   32
ggml_metal_library_init: using embedded metal library
ggml_metal_library_compile_all: compiled 'fa_aux' library in 0.001 sec
ggml_metal_library_compile_all: compiled 'fa_f16' library in 0.003 sec
ggml_metal_library_compile_all: compiled 'fa_f32' library in 0.002 sec
ggml_metal_library_compile_all: compiled 'fa_q4_0' library in 0.005 sec
ggml_metal_library_compile_all: compiled 'fa_q4_1' library in 0.002 sec
ggml_metal_library_compile_all: compiled 'fa_q5_0' library in 0.003 sec
ggml_metal_library_compile_all: compiled 'fa_q5_1' library in 0.003 sec
ggml_metal_library_compile_all: compiled 'fa_q8_0' library in 0.006 sec
ggml_metal_library_compile_all: compiled 'fa_vec_f16' library in 0.004 sec
ggml_metal_library_compile_all: compiled 'fa_vec_f32' library in 0.004 sec
ggml_metal_library_compile_all: compiled 'fa_vec_q4_0' library in 0.009 sec
ggml_metal_library_compile_all: compiled 'fa_vec_q4_1' library in 0.013 sec
ggml_metal_library_compile_all: compiled 'fa_vec_q5_0' library in 0.010 sec
ggml_metal_library_compile_all: compiled 'fa_vec_q5_1' library in 0.006 sec
ggml_metal_library_compile_all: compiled 'fa_vec_q8_0' library in 0.007 sec
ggml_metal_library_compile_all: compiled 'mul_mv' library in 0.010 sec
ggml_metal_library_compile_all: compiled 'mul_mv_mma' library in 0.012 sec
ggml_metal_library_compile_all: compiled 'mul_mm' library in 0.008 sec
ggml_metal_library_compile_all: compiled 'quantize' library in 0.004 sec
ggml_metal_library_compile_all: compiled 'softmax' library in 0.008 sec
ggml_metal_library_compile_all: compiled 'norm' library in 0.004 sec
ggml_metal_library_compile_all: compiled 'unary' library in 0.011 sec
ggml_metal_library_compile_all: compiled 'binbcast' library in 0.004 sec
ggml_metal_library_compile_all: compiled 'reduce' library in 0.007 sec
ggml_metal_library_compile_all: compiled 'tri' library in 0.002 sec
ggml_metal_library_compile_all: compiled 'ssm' library in 0.007 sec
ggml_metal_library_compile_all: compiled 'wkv' library in 0.008 sec
ggml_metal_library_compile_all: compiled 'gated_delta_net' library in 0.006 sec
ggml_metal_library_compile_all: compiled 'solve_tri' library in 0.000 sec
ggml_metal_library_compile_all: compiled 'rope' library in 0.006 sec
ggml_metal_library_compile_all: compiled 'conv' library in 0.002 sec
ggml_metal_library_compile_all: compiled 'upscale' library in 0.006 sec
ggml_metal_library_compile_all: compiled 'argsort' library in 0.003 sec
ggml_metal_library_compile_all: compiled 'pool' library in 0.002 sec
ggml_metal_library_compile_all: compiled 'misc' library in 0.002 sec
ggml_metal_library_compile_all: loaded 35 libraries from embedded data in 0.013 sec (max single = 0.013 sec)
ggml_metal_rsets_init: creating a residency set collection (keep_alive = 180 s)
ggml_metal_device_init: GPU name:   MTL0 (Apple M5 Pro)
ggml_metal_device_init: GPU family: MTLGPUFamilyApple10  (1010)
ggml_metal_device_init: GPU family: MTLGPUFamilyMetal4  (5002)
ggml_metal_device_init: simdgroup reduction   = true
ggml_metal_device_init: simdgroup matrix mul. = true
ggml_metal_device_init: has unified memory    = true
ggml_metal_device_init: has bfloat            = true
ggml_metal_device_init: has tensor            = true
ggml_metal_device_init: use residency sets    = true
ggml_metal_device_init: use shared buffers    = true
ggml_metal_device_init: recommendedMaxWorkingSetSize  = 40200.90 MB
ggml_metal_init: allocating
ggml_metal_init: found device: Apple M5 Pro
ggml_metal_init: picking default device: Apple M5 Pro
ggml_metal_init: use fusion         = true
ggml_metal_init: use concurrency    = true
ggml_metal_init: use graph optimize = true
ggml_metal_library_compile_pipeline: compiling pipeline: base = 'kernel_m5_gate_up_q2_0_f32_r4', name = 'kernel_m5_gate_up_q2_0_f32_r4'
ggml_metal_library_compile_pipeline: loaded kernel_m5_gate_up_q2_0_f32_r4                 0x101460210 | th_max = 1024 | th_width =   32
ggml_metal_library_compile_pipeline: compiling pipeline: base = 'kernel_mul_mv_id_q2_0_f32', name = 'kernel_mul_mv_id_q2_0_f32_nsg=2_split=0'
ggml_metal_library_compile_pipeline: loaded kernel_mul_mv_id_q2_0_f32_nsg=2_split=0       0x101460590 | th_max = 1024 | th_width =   32
ggml_metal_library_compile_pipeline: compiling pipeline: base = 'kernel_bin_fuse_f32_f32_f32', name = 'kernel_bin_fuse_f32_f32_f32_op=2_nf=1_rb=0_cb=1'
ggml_metal_library_compile_pipeline: loaded kernel_bin_fuse_f32_f32_f32_op=2_nf=1_rb=0_cb=1      0x101460b10 | th_max = 1024 | th_width =   32
ggml_metal_library_compile_pipeline: compiling pipeline: base = 'kernel_bin_fuse_f32_f32_f32_4', name = 'kernel_bin_fuse_f32_f32_f32_4_op=0_nf=7_rb=0_cb=0'
ggml_metal_library_compile_pipeline: loaded kernel_bin_fuse_f32_f32_f32_4_op=0_nf=7_rb=0_cb=0      0x101460e90 | th_max = 1024 | th_width =   32
ggml_metal_library_compile_pipeline: compiling pipeline: base = 'kernel_bin_fuse_f32_f32_f32_4', name = 'kernel_bin_fuse_f32_f32_f32_4_op=0_nf=2_rb=0_cb=0'
ggml_metal_library_compile_pipeline: loaded kernel_bin_fuse_f32_f32_f32_4_op=0_nf=2_rb=0_cb=0     0x7b1f290000 | th_max = 1024 | th_width =   32
ggml_metal_library_compile_pipeline: compiling pipeline: base = 'kernel_bin_fuse_f32_f32_f32_4', name = 'kernel_bin_fuse_f32_f32_f32_4_op=0_nf=1_rb=0_cb=0'
ggml_metal_library_compile_pipeline: loaded kernel_bin_fuse_f32_f32_f32_4_op=0_nf=1_rb=0_cb=0     0x7b1f290380 | th_max = 1024 | th_width =   32
M5_GATE_CASE {"cpu_compute_nodes":0,"cpu_nmse":6.957007826013444e-14,"distinct_experts":[14,22,24,26,28,30,33,40],"eligible":true,"graph_buffer_bytes":5385920,"input_ids_preserved":true,"layout":"plain","max_absolute_error":3.669212926826759e-07,"max_scaled_error":3.163219394197725e-07,"output_elements":1105920,"route":"real","route_index":0,"rows":4,"samples":60,"scheduler":true,"triplets_per_graph":8,"wall_samples_us_per_triplet":[292.073,292.33325,292.84375,292.9115,292.989625,293.354125,293.723875,293.963625,294.239625,294.25525,294.348875,294.494875,294.99475,295.0625,295.161375,295.375,295.5625,295.828125,295.95825,296.109375,296.255125,296.276125,296.557375,296.661375,296.9635,296.99475,297.19275,297.25,297.265625,297.333375,297.43225,297.599,297.890625,297.890625,297.91675,298.625,298.802125,298.958375,299.078125,299.203125,299.260375,299.447875,299.666625,299.94275,299.953125,300.161375,300.43225,301.015625,301.088625,301.510375,301.7605,303.8385,303.895875,305.864625,306.1875,306.6355,306.849,307.9115,308.49475,311.18225],"wall_us_per_triplet":297.43225}
M5_GATE_CASE {"cpu_compute_nodes":0,"cpu_nmse":8.813416802937666e-14,"distinct_experts":[40,40,40,40,40,40,40,40],"eligible":true,"graph_buffer_bytes":5385920,"input_ids_preserved":true,"layout":"plain","max_absolute_error":2.665893277242759e-07,"max_scaled_error":2.544322713626812e-07,"output_elements":1105920,"route":"distinct","route_index":0,"rows":4,"samples":60,"scheduler":true,"triplets_per_graph":8,"wall_samples_us_per_triplet":[300.474,301.463625,302.828125,303.0365,304.401,304.46875,304.56775,304.61975,304.666625,304.69275,304.71875,305.192625,305.598875,305.61975,305.828125,305.93225,306.49475,306.854125,306.890625,307.0105,307.073,307.15625,307.19275,307.21875,307.302125,307.364625,307.69275,307.75,307.80725,308.765625,308.85425,308.89575,308.921875,309.28125,309.484375,309.604125,309.9115,310.0,310.015625,310.046875,310.083375,310.109375,310.2395,310.3645,310.5,310.50525,311.13025,311.6875,311.724,312.921875,313.36975,314.599,314.859375,316.552125,316.5625,317.875,318.31775,320.708375,325.86975,329.2865],"wall_us_per_triplet":308.85425}
M5_GATE_CASE {"cpu_compute_nodes":0,"cpu_nmse":7.063375741560338e-14,"distinct_experts":[10,10,10,10,10,10,10,10],"eligible":true,"graph_buffer_bytes":5385920,"input_ids_preserved":true,"layout":"plain","max_absolute_error":3.351239759030733e-07,"max_scaled_error":3.351239759030733e-07,"output_elements":1105920,"route":"shared","route_index":0,"rows":4,"samples":60,"scheduler":true,"triplets_per_graph":8,"wall_samples_us_per_triplet":[283.224,283.697875,283.838625,283.848875,284.61975,284.8125,285.15625,285.666625,285.682375,285.75,286.2135,286.625,286.796875,286.885375,286.890625,286.989625,287.119875,287.145875,287.323,287.359375,287.588625,287.796875,287.916625,288.036375,288.140625,288.255125,288.265625,288.395875,288.401,288.536375,288.552125,288.552125,288.953125,289.166625,289.19275,289.333375,289.791625,289.859375,289.875,290.010375,290.072875,290.0885,290.171875,290.328125,290.68225,290.770875,290.9895,291.43225,291.479125,292.16675,292.328125,292.796875,293.578125,294.96875,297.0885,297.18225,297.8125,298.00525,298.614625,300.43225],"wall_us_per_triplet":288.552125}
M5_GATE_CASE {"cpu_compute_nodes":0,"cpu_nmse":7.030566706314856e-14,"distinct_experts":[13,26,29,31,34,36,40,50],"eligible":true,"graph_buffer_bytes":6721728,"input_ids_preserved":true,"layout":"plain","max_absolute_error":2.9987389271735054e-07,"max_scaled_error":2.9987389271735054e-07,"output_elements":1382400,"route":"real","route_index":0,"rows":5,"samples":60,"scheduler":true,"triplets_per_graph":8,"wall_samples_us_per_triplet":[352.755125,353.276125,353.44275,353.6875,354.03125,354.067625,354.359375,354.44275,355.494875,355.546875,355.614625,355.89575,356.026,356.1615,356.208375,356.3385,356.484375,356.489625,356.515625,356.536375,356.55725,356.63025,356.640625,356.72925,356.75,356.7865,356.8385,357.099,357.151,357.25,357.4375,357.458375,357.46875,357.71875,357.99475,358.1875,358.338625,358.526125,358.578125,358.75525,358.88025,358.9115,359.140625,359.270875,359.697875,359.958375,360.13025,360.25525,360.349,360.432375,360.807375,363.447875,363.703125,364.520875,364.958375,365.807375,366.609375,366.953125,367.5625,367.94275],"wall_us_per_triplet":357.4375}
M5_GATE_CASE {"cpu_compute_nodes":0,"cpu_nmse":9.616919896786819e-14,"distinct_experts":[50,50,50,50,50,50,50,50],"eligible":true,"graph_buffer_bytes":6721728,"input_ids_preserved":true,"layout":"plain","max_absolute_error":3.6201216380149503e-07,"max_scaled_error":3.6201216380149503e-07,"output_elements":1382400,"route":"distinct","route_index":0,"rows":5,"samples":60,"scheduler":true,"triplets_per_graph":8,"wall_samples_us_per_triplet":[364.484375,364.552125,365.3645,366.49475,366.698,366.79175,366.927125,367.0105,368.56775,368.69275,368.70825,368.817625,368.823,368.911375,368.942625,369.015625,369.078125,369.13025,369.1355,369.171875,369.322875,369.5625,369.78125,369.854125,369.947875,370.078125,370.302125,370.489625,370.59375,370.635375,370.78125,371.109375,371.166625,371.25525,371.359375,371.44275,371.49475,371.59375,371.7135,371.755125,371.796875,371.83325,372.34375,372.4375,372.520875,372.822875,372.875,373.411375,374.16675,374.171875,374.276125,374.4115,374.41675,375.963625,376.041625,377.1615,378.40625,378.78125,379.125,379.8125],"wall_us_per_triplet":370.78125}
M5_GATE_CASE {"cpu_compute_nodes":0,"cpu_nmse":7.366095811566404e-14,"distinct_experts":[10,10,10,10,10,10,10,10],"eligible":true,"graph_buffer_bytes":6721728,"input_ids_preserved":true,"layout":"plain","max_absolute_error":3.351239759030733e-07,"max_scaled_error":3.351239759030733e-07,"output_elements":1382400,"route":"shared","route_index":0,"rows":5,"samples":60,"scheduler":true,"triplets_per_graph":8,"wall_samples_us_per_triplet":[341.411375,342.375,342.96875,343.359375,343.515625,344.072875,344.145875,344.666625,344.755125,345.0365,345.6875,345.864625,346.21875,346.296875,346.3125,346.375,346.463625,346.640625,346.77075,346.79175,346.838625,346.9375,347.04175,347.260375,347.5,347.510375,347.599,347.989625,348.61975,348.645875,348.6875,348.78125,349.25525,349.3125,349.322875,349.50525,349.526,349.703125,349.744875,349.8125,349.974,350.0,350.046875,350.18225,350.380125,350.395875,350.4635,350.734375,350.765625,351.109375,351.30725,351.880125,352.140625,352.151125,352.666625,353.823,356.140625,356.59375,356.974,357.734375],"wall_us_per_triplet":348.6875}
M5_GATE_DONE {"allocated_weight_bytes":2124195840,"cases":6,"cpu_compute_nodes":0,"mode":"perf","scheduler":true,"weights_preserved":true}
ggml_metal_free: deallocating
