ggml_metal_device_init: testing tensor API for f16 support
ggml_metal_library_compile_pipeline: compiling pipeline: base = 'dummy_kernel', name = 'dummy_kernel'
ggml_metal_library_compile_pipeline: loaded dummy_kernel                                  0x103ceaeb0 | th_max = 1024 | th_width =   32
ggml_metal_device_init: testing tensor API for bfloat support
ggml_metal_library_compile_pipeline: compiling pipeline: base = 'dummy_kernel', name = 'dummy_kernel'
ggml_metal_library_compile_pipeline: loaded dummy_kernel                                  0x103ceb3b0 | th_max = 1024 | th_width =   32
ggml_metal_library_init: using embedded metal library
ggml_metal_library_compile_all: compiled 'fa_aux' library in 0.004 sec
ggml_metal_library_compile_all: compiled 'fa_f16' library in 0.006 sec
ggml_metal_library_compile_all: compiled 'fa_f32' library in 0.008 sec
ggml_metal_library_compile_all: compiled 'fa_q4_0' library in 0.022 sec
ggml_metal_library_compile_all: compiled 'fa_q4_1' library in 0.007 sec
ggml_metal_library_compile_all: compiled 'fa_q5_0' library in 0.009 sec
ggml_metal_library_compile_all: compiled 'fa_q5_1' library in 0.024 sec
ggml_metal_library_compile_all: compiled 'fa_q8_0' library in 0.010 sec
ggml_metal_library_compile_all: compiled 'fa_vec_f16' library in 0.033 sec
ggml_metal_library_compile_all: compiled 'fa_vec_f32' library in 0.021 sec
ggml_metal_library_compile_all: compiled 'fa_vec_q4_0' library in 0.020 sec
ggml_metal_library_compile_all: compiled 'fa_vec_q4_1' library in 0.029 sec
ggml_metal_library_compile_all: compiled 'fa_vec_q5_0' library in 0.037 sec
ggml_metal_library_compile_all: compiled 'fa_vec_q5_1' library in 0.017 sec
ggml_metal_library_compile_all: compiled 'fa_vec_q8_0' library in 0.026 sec
ggml_metal_library_compile_all: compiled 'mul_mv' library in 0.696 sec
ggml_metal_library_compile_all: compiled 'mul_mv_mma' library in 0.014 sec
ggml_metal_library_compile_all: compiled 'mul_mm' library in 0.040 sec
ggml_metal_library_compile_all: compiled 'quantize' library in 0.028 sec
ggml_metal_library_compile_all: compiled 'softmax' library in 0.004 sec
ggml_metal_library_compile_all: compiled 'norm' library in 0.020 sec
ggml_metal_library_compile_all: compiled 'unary' library in 0.030 sec
ggml_metal_library_compile_all: compiled 'binbcast' library in 0.025 sec
ggml_metal_library_compile_all: compiled 'reduce' library in 0.029 sec
ggml_metal_library_compile_all: compiled 'tri' library in 0.029 sec
ggml_metal_library_compile_all: compiled 'ssm' library in 0.018 sec
ggml_metal_library_compile_all: compiled 'wkv' library in 0.018 sec
ggml_metal_library_compile_all: compiled 'gated_delta_net' library in 0.018 sec
ggml_metal_library_compile_all: compiled 'solve_tri' library in 0.016 sec
ggml_metal_library_compile_all: compiled 'rope' library in 0.016 sec
ggml_metal_library_compile_all: compiled 'conv' library in 0.032 sec
ggml_metal_library_compile_all: compiled 'upscale' library in 0.016 sec
ggml_metal_library_compile_all: compiled 'argsort' library in 0.029 sec
ggml_metal_library_compile_all: compiled 'pool' library in 0.005 sec
ggml_metal_library_compile_all: compiled 'misc' library in 0.005 sec
ggml_metal_library_compile_all: loaded 35 libraries from embedded data in 0.696 sec (max single = 0.696 sec)
ggml_metal_rsets_init: creating a residency set collection (keep_alive = 180 s)
ggml_metal_device_init: GPU name:   MTL0 (Apple M5 Pro)
ggml_metal_device_init: GPU family: MTLGPUFamilyApple10  (1010)
ggml_metal_device_init: GPU family: MTLGPUFamilyMetal4  (5002)
ggml_metal_device_init: simdgroup reduction   = true
ggml_metal_device_init: simdgroup matrix mul. = true
ggml_metal_device_init: has unified memory    = true
ggml_metal_device_init: has bfloat            = true
ggml_metal_device_init: has tensor            = true
ggml_metal_device_init: use residency sets    = true
ggml_metal_device_init: use shared buffers    = true
ggml_metal_device_init: recommendedMaxWorkingSetSize  = 40200.90 MB
ggml_metal_init: allocating
ggml_metal_init: found device: Apple M5 Pro
ggml_metal_init: picking default device: Apple M5 Pro
ggml_metal_init: use fusion         = true
ggml_metal_init: use concurrency    = true
ggml_metal_init: use graph optimize = true
