test_baseline_cannot_inherit_vocabulary_override (test_draft_vocab.VocabularyTests.test_baseline_cannot_inherit_vocabulary_override) ... ok
test_changed_file_rejected (test_draft_vocab.VocabularyTests.test_changed_file_rejected) ... ok
test_nonidentity_order_is_preserved (test_draft_vocab.VocabularyTests.test_nonidentity_order_is_preserved) ... ok
test_pinned_multilingual_list (test_draft_vocab.VocabularyTests.test_pinned_multilingual_list) ... ok
test_reject_invalid_ids_and_partial_files (test_draft_vocab.VocabularyTests.test_reject_invalid_ids_and_partial_files) ... ok
test_wrong_engine_rejected (test_draft_vocab.VocabularyTests.test_wrong_engine_rejected) ... ok
test_matched_percentages_use_the_current_control (test_helper_tuning.TuningTests.test_matched_percentages_use_the_current_control) ... ok
test_preparation_does_not_load_the_model (test_helper_tuning.TuningTests.test_preparation_does_not_load_the_model) ... Plan: depth (2, 1, 3, 4, 4, 3, 1, 2)
ok
test_unfair_or_incomplete_data_is_rejected (test_helper_tuning.TuningTests.test_unfair_or_incomplete_data_is_rejected) ... ok
test_ambiguous_capture_cannot_become_a_cost_or_reuse_claim (test_m5_future.FutureTests.test_ambiguous_capture_cannot_become_a_cost_or_reuse_claim) ... ok
test_expert_reuse_counts_assignments_per_active_expert (test_m5_future.FutureTests.test_expert_reuse_counts_assignments_per_active_expert) ... ok
test_no_default_model_gpu_or_build_trigger (test_m5_future.FutureTests.test_no_default_model_gpu_or_build_trigger) ... ok
test_split_cost_uses_submission_interval_and_preserves_role (test_m5_future.FutureTests.test_split_cost_uses_submission_interval_and_preserves_role) ... ok
test_templates_contain_no_measured_metrics_or_fake_candidates (test_m5_future.FutureTests.test_templates_contain_no_measured_metrics_or_fake_candidates) ... ok
test_actual_expert_and_head_geometries_are_distinct (test_m5_operations.OperationTests.test_actual_expert_and_head_geometries_are_distinct) ... ok
test_ambiguous_or_incomplete_measurements_are_rejected (test_m5_operations.OperationTests.test_ambiguous_or_incomplete_measurements_are_rejected) ... ok
test_isolated_matrix_buffers_exclude_scratch_and_warmup (test_m5_operations.OperationTests.test_isolated_matrix_buffers_exclude_scratch_and_warmup) ... ok
test_plan_does_not_build_or_run_gpu (test_m5_operations.OperationTests.test_plan_does_not_build_or_run_gpu) ... ok
test_projection_excludes_warmup_prompt_and_cpu_operations (test_m5_operations.OperationTests.test_projection_excludes_warmup_prompt_and_cpu_operations) ... ok
test_projection_rejects_missing_costs_and_different_geometry (test_m5_operations.OperationTests.test_projection_rejects_missing_costs_and_different_geometry) ... ok
test_small_swap_growth_cannot_become_an_accepted_baseline (test_m5_operations.OperationTests.test_small_swap_growth_cannot_become_an_accepted_baseline) ... ok
test_bad_records_cannot_become_a_bottleneck_claim (test_m5_phase_profile.PhaseTests.test_bad_records_cannot_become_a_bottleneck_claim) ... ok
test_inactive_graph_nodes_are_reported_separately (test_m5_phase_profile.PhaseTests.test_inactive_graph_nodes_are_reported_separately) ... ok
test_plan_does_not_start_gpu_or_inference (test_m5_phase_profile.PhaseTests.test_plan_does_not_start_gpu_or_inference) ... ok
test_roles_phases_and_overlap_are_separate (test_m5_phase_profile.PhaseTests.test_roles_phases_and_overlap_are_separate) ... ok
test_all_entry_points_are_paused_by_default (test_m5_preparation.M5Tests.test_all_entry_points_are_paused_by_default) ... ok
test_comparisons_reject_drift_and_missing_evidence (test_m5_preparation.M5Tests.test_comparisons_reject_drift_and_missing_evidence) ... ok
test_compressed_weight_inventory_uses_saved_headers (test_m5_preparation.M5Tests.test_compressed_weight_inventory_uses_saved_headers) ... ok
test_confidence_is_a_separate_validated_native_option (test_m5_preparation.M5Tests.test_confidence_is_a_separate_validated_native_option) ... ok
test_gpu_intervals_are_merged_without_double_counting (test_m5_preparation.M5Tests.test_gpu_intervals_are_merged_without_double_counting) ... ok
test_inherited_debug_and_tuning_flags_cannot_pollute_a_run (test_m5_preparation.M5Tests.test_inherited_debug_and_tuning_flags_cannot_pollute_a_run) ... ok
test_percentages_use_fresh_controls_for_every_axis (test_m5_preparation.M5Tests.test_percentages_use_fresh_controls_for_every_axis) ... ok
test_run_requires_an_explicit_experiment (test_m5_preparation.M5Tests.test_run_requires_an_explicit_experiment) ... usage: python -m unittest [-h]
                          [--experiment {tensor-writing,tensor-followup,depth-writing,depth-followup,confidence-writing,confidence-followup,helper-workers,engine-parity,bf16-threshold,q2-threshold,matrix-width,matrix-workers} [{tensor-writing,tensor-followup,depth-writing,depth-followup,confidence-writing,confidence-followup,helper-workers,engine-parity,bf16-threshold,q2-threshold,matrix-width,matrix-workers} ...]]
                          [--repeats REPEATS] [--run]
python -m unittest: error: Select --experiment explicitly for a testing run
ok
test_tighter_swap_guard_stops_the_native_process (test_m5_preparation.M5Tests.test_tighter_swap_guard_stops_the_native_process) ... ok
test_tuning_requires_the_isolated_engine (test_m5_preparation.M5Tests.test_tuning_requires_the_isolated_engine) ... ok
test_combined_engine_accepts_existing_shared_helper (test_mma_experiment.MmaTests.test_combined_engine_accepts_existing_shared_helper) ... ok
test_percentages_use_fresh_matching_depth_controls (test_mma_experiment.MmaTests.test_percentages_use_fresh_matching_depth_controls) ... ok
test_preparation_does_not_load_the_model (test_mma_experiment.MmaTests.test_preparation_does_not_load_the_model) ... Preparation only. Add --run to benchmark.
Plan: matched control, real expert ID capture at depths3/4, and bounded split-operation diagnostics. Default does not load a model.
on hold until the user gives the testing go-ahead
expert-reuse: Diagnostic entry point and capture/parser staged; native CPU self-test passes. No model or GPU run yet.
split-gpu-cost: Split callback, buffer attribution and parser staged; real GPU behavior untested.
context-8k: Protocol and fixture design prepared. Native context setting exists; long-context harness and quality checks still require implementation/validation.
macos-row-prefetch: Design template only. No prefetch code or candidate build exists.
targeted-gpu-kernel: Design template only; target family is intentionally unset until diagnostic evidence is available.
expert-paging-capacity: Feasibility template only; pager, precision upgrade and larger model downloads are absent.
Prepared 6 experiment cards under /var/folders/k5/wc0mdfp571x8q991krfk2v2r0000gn/T/tmpkc4ubje7/packet; no testing performed
Operation plan: ('expert-down', 'expert-up', 'head'); rows [1, 2, 3, 4, 5]; 3 passes, 40 samples/scenario.
Plan only. --build compiles diagnostics; --run performs GPU/CPU checks and latency measurements.
Baseline plan: unchanged writing preset, depth3,8 helper workers, confidence0,Tensor API on; two launches, two measured repeats each,128 output tokens.
Plan only. --run loads the full model. No candidate, new default or performance gain is implied.
Phase diagnostic plan: depths [3, 4]; untouched control then labeled trace; 512/2048 input, 128 output.
Plan only. No GPU work or model load. Add --run to execute.
tensor-writing: tensor_api ['on', 'off', 'off', 'on']
tensor-followup: tensor_api ['on', 'off', 'off', 'on']
depth-writing: draft [3, 5, 6, 6, 5, 3]
depth-followup: draft [4, 5, 6, 6, 5, 4]
confidence-writing: draft_p_min [0.0, 0.2, 0.4, 0.4, 0.2, 0.0]
confidence-followup: draft_p_min [0.0, 0.2, 0.4, 0.4, 0.2, 0.0]
helper-workers: draft_threads [8, 6, 12, 12, 6, 8]
engine-parity: engine ['mtp-mma', 'm5-lab', 'm5-lab', 'mtp-mma']
bf16-threshold: m5_tuning ['stock', 'bf16-row3', 'bf16-row3', 'stock']
q2-threshold: m5_tuning ['stock', 'q2-row2', 'q2-row2', 'stock']
matrix-width: m5_tuning ['stock', 'nt1', 'nt2', 'nt2', 'nt1', 'stock']
matrix-workers: m5_tuning ['stock', 'nsg4', 'nsg8', 'nsg8', 'nsg4', 'stock']
Preparation only. No GPU test or model load. Add --run after VoltTracker is finished and testing is authorized.
GPU correctness plan: m5-lab, Tensor API ['on', 'off'], tuning ['stock']
Preparation only. No GPU test or model load. Add --run after the testing go-ahead.
Diagnostic plan: depths [3, 4], Tensor API on, 512/2048 input tokens, 32 output tokens.
Preparation only. No model load. Add --run after the testing go-ahead.
tensor-writing: tensor_api ['on', 'off', 'off', 'on']
tensor-followup: tensor_api ['on', 'off', 'off', 'on']
depth-writing: draft [3, 5, 6, 6, 5, 3]
depth-followup: draft [4, 5, 6, 6, 5, 4]
confidence-writing: draft_p_min [0.0, 0.2, 0.4, 0.4, 0.2, 0.0]
confidence-followup: draft_p_min [0.0, 0.2, 0.4, 0.4, 0.2, 0.0]
helper-workers: draft_threads [8, 6, 12, 12, 6, 8]
engine-parity: engine ['mtp-mma', 'm5-lab', 'm5-lab', 'mtp-mma']
bf16-threshold: m5_tuning ['stock', 'bf16-row3', 'bf16-row3', 'stock']
q2-threshold: m5_tuning ['stock', 'q2-row2', 'q2-row2', 'stock']
matrix-width: m5_tuning ['stock', 'nt1', 'nt2', 'nt2', 'nt1', 'stock']
matrix-workers: m5_tuning ['stock', 'nsg4', 'nsg8', 'nsg8', 'nsg4', 'stock']
Plan: [(1, 'control'), (1, 'candidate'), (1, 'candidate'), (1, 'control'), (3, 'control'), (3, 'candidate'), (3, 'candidate'), (3, 'control'), (4, 'control'), (4, 'candidate'), (4, 'candidate'), (4, 'control')]
ok
test_unfair_data_is_rejected (test_mma_experiment.MmaTests.test_unfair_data_is_rejected) ... ok
test_default_does_not_load_or_benchmark (test_q2_experiment.ComparisonTests.test_default_does_not_load_or_benchmark) ... ok
test_percentage_math (test_q2_experiment.ComparisonTests.test_percentage_math) ... ok
test_reject_unfair_or_incomplete_comparisons (test_q2_experiment.ComparisonTests.test_reject_unfair_or_incomplete_comparisons) ... ok
test_baseline_rejects_dirty_source (test_q2_experiment.SourceTests.test_baseline_rejects_dirty_source) ... ok
test_candidate_accepts_only_exact_patch (test_q2_experiment.SourceTests.test_candidate_accepts_only_exact_patch) ... ok
test_receipt_rejects_replaced_native_library (test_q2_experiment.SourceTests.test_receipt_rejects_replaced_native_library) ... ok
test_packed_rebuild_rejects_a_changed_registered_hash (test_reprovision.ReprovisionTests.test_packed_rebuild_rejects_a_changed_registered_hash) ... ok
test_quantized_rebuild_rejects_changed_pin (test_reprovision.ReprovisionTests.test_quantized_rebuild_rejects_changed_pin) ... ok
test_quantized_registry_rebuilds_missing_output_with_identical_pin (test_reprovision.ReprovisionTests.test_quantized_registry_rebuilds_missing_output_with_identical_pin) ... Preparation only. Add --run to benchmark.
Plan: baseline / q2-masked / q2-masked / baseline; full Flash-Next Q2_0; 512 output tokens; 3 repeats per prompt.
ON HOLD. No model loading or benchmarks. After approval, rerun with --run.
Prepared shared helper: 0.000 GB; saved 0.0 MiB
Packed helper verified: 32 unchanged tensors; GPU dense region 0.00 MiB
Prepared mtp_q3: 0.000 GB; SHA256 f9ae7575a0f06b6d5775b51a6e1740197a9e1300be9a6fe701969967ea0e6095
Saved /var/folders/k5/wc0mdfp571x8q991krfk2v2r0000gn/T/tmp0pyks4ch/bench/results/20261007T055239Z-prepare-mtp_q3/preparation.json
ok
test_shared_and_packed_registry_rebuild_missing_files_with_identical_pins (test_reprovision.ReprovisionTests.test_shared_and_packed_registry_rebuild_missing_files_with_identical_pins) ... ok
test_shared_rebuild_rejects_a_changed_registered_hash (test_reprovision.ReprovisionTests.test_shared_rebuild_rejects_a_changed_registered_hash) ... ok
test_recently_closed_connection_does_not_block_a_restart (test_runtime_ports.PortAvailabilityTests.test_recently_closed_connection_does_not_block_a_restart) ... ok
test_running_server_is_still_rejected (test_runtime_ports.PortAvailabilityTests.test_running_server_is_still_rejected) ... ok
test_pack_reduces_gpu_span_without_changing_any_tensor (test_shared_draft.PackedLayoutTests.test_pack_reduces_gpu_span_without_changing_any_tensor) ... ok
test_real_gguf_copy_preserves_retained_bytes_and_metadata (test_shared_draft.SharedDraftTests.test_real_gguf_copy_preserves_retained_bytes_and_metadata) ... ok
test_shared_helper_cannot_be_sent_to_the_stock_loader (test_shared_draft.SharedDraftTests.test_shared_helper_cannot_be_sent_to_the_stock_loader) ... ok
test_source_without_the_expected_tables_is_rejected (test_shared_draft.SharedDraftTests.test_source_without_the_expected_tables_is_rejected) ... ok

----------------------------------------------------------------------
Ran 56 tests in 0.640s

OK
Prepared shared helper: 0.000 GB; saved 0.0 MiB
Packed helper verified: 32 unchanged tensors; GPU dense region 0.00 MiB
Prepared shared helper: 0.000 GB; saved 0.0 MiB
Packed helper verified: 32 unchanged tensors; GPU dense region 0.00 MiB
Prepared shared helper: 0.000 GB; saved 0.0 MiB
Packed helper verified: 32 unchanged tensors; GPU dense region 0.00 MiB
Prepared shared helper: 0.000 GB; saved 0.0 MiB
