Plan: 4K / 8K / 8K / 4K; identical 512/2048-token speed inputs; three separate 6144-token retrieval fixtures at 8K. F16 cache unchanged.
Testing is on hold. No model, GPU test or benchmark started.
Plan: depth (2, 1, 3, 4, 4, 3, 1, 2)
usage: validate_offline.py [-h]
                           [--experiment {tensor-writing,tensor-followup,depth-writing,depth-followup,confidence-writing,confidence-followup,helper-workers,engine-parity,bf16-threshold,q2-threshold,matrix-width,matrix-workers,metal-residual-correctness} [{tensor-writing,tensor-followup,depth-writing,depth-followup,confidence-writing,confidence-followup,helper-workers,engine-parity,bf16-threshold,q2-threshold,matrix-width,matrix-workers,metal-residual-correctness} ...]]
                           [--repeats REPEATS] [--run]
validate_offline.py: error: Select --experiment explicitly for a testing run
Preparation only. Add --run to benchmark.
Plan: 128 lookup offsets, three read-only passes, total at most 8 MiB. Cache state is unknown.
Testing is on hold. No model payload was read.
Plan: matched control, real expert ID capture at depths3/4, and bounded split-operation diagnostics. Default does not load a model.
on hold until the user gives the testing go-ahead
baseline-refresh: Two-launch writing baseline runner exists; prior second launch was rejected for new swap. Refresh remains incomplete.
metal-residual-correctness: Separate m5-correctness source, manifest, server and operation tester are built. GPU math and model comparisons are held.
expert-reuse: Diagnostic entry point and capture/parser staged; native CPU self-test passes. No model or GPU run yet.
split-gpu-cost: Split callback, buffer attribution and parser staged; real GPU behavior untested.
memory-accounting: Saved-header/log accounting tool is ready. Mapped spans are kept separate from estimated components; 8K allocation measurements remain held.
context-8k: Executable ABBA harness and three seeded exact-6144-token recall fixtures are staged. Offline geometry and comparison rejection tests pass; real tokenizer, recall, rollback and 8K memory remain untested.
lookup-io-probe: Read-only pread runner and offset/bounds/failure tests are staged; no real model payload read performed.
macos-row-prefetch: Design template only. No prefetch code or candidate build exists.
targeted-gpu-kernel: Design template only; target family is intentionally unset until diagnostic evidence is available.
expert-paging-capacity: Feasibility template only; pager, precision upgrade and larger model downloads are absent.
quantized-kv-followup: Protocol only. Upstream quantized-FA overflow fix #29340 is a prerequisite; no candidate, patch or precision change staged.
Prepared 11 experiment cards under /var/folders/k5/wc0mdfp571x8q991krfk2v2r0000gn/T/tmpwkj1jz7r/packet; no testing performed
Operation plan: ('expert-down', 'expert-up', 'head'); rows [1, 2, 3, 4, 5]; 3 passes, 40 samples/scenario.
Plan only. --build compiles diagnostics; --run performs GPU/CPU checks and latency measurements.
Baseline plan: unchanged writing preset, depth3,8 helper workers, confidence0,Tensor API on; two launches, two measured repeats each,128 output tokens.
Plan only. --run loads the full model. No candidate, new default or performance gain is implied.
Phase diagnostic plan: depths [3, 4]; untouched control then labeled trace; 512/2048 input, 128 output.
Plan only. No GPU work or model load. Add --run to execute.
tensor-writing: tensor_api ['on', 'off', 'off', 'on']
tensor-followup: tensor_api ['on', 'off', 'off', 'on']
depth-writing: draft [3, 5, 6, 6, 5, 3]
depth-followup: draft [4, 5, 6, 6, 5, 4]
confidence-writing: draft_p_min [0.0, 0.2, 0.4, 0.4, 0.2, 0.0]
confidence-followup: draft_p_min [0.0, 0.2, 0.4, 0.4, 0.2, 0.0]
helper-workers: draft_threads [8, 6, 12, 12, 6, 8]
engine-parity: engine ['mtp-mma', 'm5-lab', 'm5-lab', 'mtp-mma']
bf16-threshold: m5_tuning ['stock', 'bf16-row3', 'bf16-row3', 'stock']
q2-threshold: m5_tuning ['stock', 'q2-row2', 'q2-row2', 'stock']
matrix-width: m5_tuning ['stock', 'nt1', 'nt2', 'nt2', 'nt1', 'stock']
matrix-workers: m5_tuning ['stock', 'nsg4', 'nsg8', 'nsg8', 'nsg4', 'stock']
metal-residual-correctness: engine ['m5-lab', 'm5-correctness', 'm5-correctness', 'm5-lab']
Preparation only. No GPU test or model load. Add --run after the user's testing go-ahead and a quiet-host preflight.
GPU correctness plan: m5-lab, Tensor API ['on', 'off'], tuning ['stock']
Preparation only. No GPU test or model load. Add --run after the testing go-ahead.
Diagnostic plan: depths [3, 4], Tensor API on, 512/2048 input tokens, 32 output tokens.
Preparation only. No model load. Add --run after the testing go-ahead.
tensor-writing: tensor_api ['on', 'off', 'off', 'on']
tensor-followup: tensor_api ['on', 'off', 'off', 'on']
depth-writing: draft [3, 5, 6, 6, 5, 3]
depth-followup: draft [4, 5, 6, 6, 5, 4]
confidence-writing: draft_p_min [0.0, 0.2, 0.4, 0.4, 0.2, 0.0]
confidence-followup: draft_p_min [0.0, 0.2, 0.4, 0.4, 0.2, 0.0]
helper-workers: draft_threads [8, 6, 12, 12, 6, 8]
engine-parity: engine ['mtp-mma', 'm5-lab', 'm5-lab', 'mtp-mma']
bf16-threshold: m5_tuning ['stock', 'bf16-row3', 'bf16-row3', 'stock']
q2-threshold: m5_tuning ['stock', 'q2-row2', 'q2-row2', 'stock']
matrix-width: m5_tuning ['stock', 'nt1', 'nt2', 'nt2', 'nt1', 'stock']
matrix-workers: m5_tuning ['stock', 'nsg4', 'nsg8', 'nsg8', 'nsg4', 'stock']
metal-residual-correctness: engine ['m5-lab', 'm5-correctness', 'm5-correctness', 'm5-lab']
Plan: [(1, 'control'), (1, 'candidate'), (1, 'candidate'), (1, 'control'), (3, 'control'), (3, 'candidate'), (3, 'candidate'), (3, 'control'), (4, 'control'), (4, 'candidate'), (4, 'candidate'), (4, 'control')]
Preparation only. Add --run to benchmark.
Plan: baseline / q2-masked / q2-masked / baseline; full Flash-Next Q2_0; 512 output tokens; 3 repeats per prompt.
ON HOLD. No model loading or benchmarks. After approval, rerun with --run.
Prepared shared helper: 0.000 GB; saved 0.0 MiB
Packed helper verified: 32 unchanged tensors; GPU dense region 0.00 MiB
Prepared mtp_q3: 0.000 GB; SHA256 f9ae7575a0f06b6d5775b51a6e1740197a9e1300be9a6fe701969967ea0e6095
Saved /var/folders/k5/wc0mdfp571x8q991krfk2v2r0000gn/T/tmpt21vn6fr/bench/results/20261009T092544Z-prepare-mtp_q3/preparation.json
Prepared shared helper: 0.000 GB; saved 0.0 MiB
Packed helper verified: 32 unchanged tensors; GPU dense region 0.00 MiB
Prepared shared helper: 0.000 GB; saved 0.0 MiB
Packed helper verified: 32 unchanged tensors; GPU dense region 0.00 MiB
Prepared shared helper: 0.000 GB; saved 0.0 MiB
Saved /var/folders/k5/wc0mdfp571x8q991krfk2v2r0000gn/T/tmpmqu0cowg/later-pass/capture.json
Saved /var/folders/k5/wc0mdfp571x8q991krfk2v2r0000gn/T/tmpef6827xg/bad-model/capture.json
Saved /var/folders/k5/wc0mdfp571x8q991krfk2v2r0000gn/T/tmpoldvh7q2/failed-load/capture.json
Packed helper verified: 32 unchanged tensors; GPU dense region 0.00 MiB
Prepared shared helper: 0.000 GB; saved 0.0 MiB
Offline gate: passed; 91 tests. Log: /Users/justin/Documents/Github/Strata-Mac-Lab/bench/features/offline-validation.log
