BATCH /Users/justin/Documents/Github/Strata-Mac-Lab/bench/results/20261009T111729Z-m5-copy-incremental
COPY SHAPES 123, eligible state shapes 0
STAGE copy-kernels
math: PASS [(572, 572)]; peak RSS 313.7 MiB
fused-residual: PASS [(16, 16)]; peak RSS 95.3 MiB
math: PASS [(572, 572)]; peak RSS 287.6 MiB
fused-residual: PASS [(16, 16)]; peak RSS 95.2 MiB
math: PASS [(572, 572)]; peak RSS 312.4 MiB
fused-residual: PASS [(16, 16)]; peak RSS 96.0 MiB
math: PASS [(572, 572)]; peak RSS 303.2 MiB
fused-residual: PASS [(16, 16)]; peak RSS 102.2 MiB
20261009T111822Z-m5-copy-kernels-1-stock: ready in 1.80s
prompt=512 warmup=1: 46.27 tok/s, TTFT 0.97s, prompt 527.8 tok/s
prompt=512 repeat=1: 49.16 tok/s, TTFT 0.93s, prompt 552.1 tok/s
prompt=512 repeat=2: 49.19 tok/s, TTFT 0.90s, prompt 568.6 tok/s
prompt=512 repeat=3: 49.10 tok/s, TTFT 0.90s, prompt 568.4 tok/s
prompt=2048 warmup=1: 47.30 tok/s, TTFT 3.79s, prompt 540.2 tok/s
prompt=2048 repeat=1: 50.15 tok/s, TTFT 3.77s, prompt 543.6 tok/s
prompt=2048 repeat=2: 49.73 tok/s, TTFT 3.77s, prompt 542.7 tok/s
prompt=2048 repeat=3: 50.08 tok/s, TTFT 3.76s, prompt 545.1 tok/s
code warmup: 52.65 tok/s, TTFT 0.31s
code repeat=1: 56.49 tok/s, TTFT 0.28s
code repeat=2: 56.32 tok/s, TTFT 0.28s
code repeat=3: 56.53 tok/s, TTFT 0.28s
prose warmup: 40.15 tok/s, TTFT 0.31s
prose repeat=1: 42.62 tok/s, TTFT 0.29s
prose repeat=2: 42.88 tok/s, TTFT 0.29s
prose repeat=3: 42.88 tok/s, TTFT 0.29s
chinese warmup: 39.09 tok/s, TTFT 0.36s
chinese repeat=1: 39.95 tok/s, TTFT 0.30s
chinese repeat=2: 40.14 tok/s, TTFT 0.30s
chinese repeat=3: 40.03 tok/s, TTFT 0.29s
PASS answer multiply at temperature 0
PASS answer different-multiply at temperature 0
PASS answer sum at temperature 0
PASS answer extract-json at temperature 0
PASS answer sort-unique-json at temperature 0
PASS answer updated-label at temperature 0
PASS answer ledger at temperature 0
PASS answer python-function at temperature 0
PASS answer chinese-multiply at temperature 0
PASS answer chinese-json at temperature 0
PASS answer accented-label at temperature 0
PASS answer multiply at temperature 0.6
PASS answer different-multiply at temperature 0.6
PASS answer sum at temperature 0.6
PASS answer extract-json at temperature 0.6
PASS answer sort-unique-json at temperature 0.6
PASS answer updated-label at temperature 0.6
PASS answer ledger at temperature 0.6
PASS answer python-function at temperature 0.6
PASS answer chinese-multiply at temperature 0.6
PASS answer chinese-json at temperature 0.6
PASS answer accented-label at temperature 0.6
cached 512 warmup: 57.59 tok/s, TTFT 0.308s, correct=True
cached 512 repeat=1: 59.67 tok/s, TTFT 0.291s, correct=True
cached 512 repeat=2: 69.01 tok/s, TTFT 0.277s, correct=True
cached 512 repeat=3: 69.13 tok/s, TTFT 0.276s, correct=True
cached 2048 warmup: 64.68 tok/s, TTFT 0.309s, correct=True
cached 2048 repeat=1: 62.91 tok/s, TTFT 0.289s, correct=True
cached 2048 repeat=2: 62.27 tok/s, TTFT 0.289s, correct=True
cached 2048 repeat=3: 64.01 tok/s, TTFT 0.289s, correct=True
Saved /Users/justin/Documents/Github/Strata-Mac-Lab/bench/results/20261009T111822Z-m5-copy-kernels-1-stock/result.json
20261009T112023Z-m5-copy-kernels-2-copy-scalar: ready in 2.07s
prompt=512 warmup=1: 45.75 tok/s, TTFT 0.98s, prompt 522.3 tok/s
prompt=512 repeat=1: 48.76 tok/s, TTFT 0.93s, prompt 553.8 tok/s
prompt=512 repeat=2: 49.09 tok/s, TTFT 0.92s, prompt 557.5 tok/s
prompt=512 repeat=3: 48.98 tok/s, TTFT 0.92s, prompt 557.1 tok/s
prompt=2048 warmup=1: 47.16 tok/s, TTFT 3.87s, prompt 529.5 tok/s
prompt=2048 repeat=1: 49.90 tok/s, TTFT 3.84s, prompt 533.6 tok/s
prompt=2048 repeat=2: 50.06 tok/s, TTFT 3.82s, prompt 536.1 tok/s
prompt=2048 repeat=3: 50.06 tok/s, TTFT 3.83s, prompt 535.1 tok/s
code warmup: 51.99 tok/s, TTFT 0.31s
code repeat=1: 56.50 tok/s, TTFT 0.29s
code repeat=2: 56.32 tok/s, TTFT 0.28s
code repeat=3: 56.49 tok/s, TTFT 0.28s
prose warmup: 39.94 tok/s, TTFT 0.31s
prose repeat=1: 42.64 tok/s, TTFT 0.30s
prose repeat=2: 42.88 tok/s, TTFT 0.30s
prose repeat=3: 42.87 tok/s, TTFT 0.29s
chinese warmup: 39.09 tok/s, TTFT 0.36s
chinese repeat=1: 40.04 tok/s, TTFT 0.30s
chinese repeat=2: 40.17 tok/s, TTFT 0.30s
chinese repeat=3: 40.18 tok/s, TTFT 0.30s
PASS answer multiply at temperature 0
PASS answer different-multiply at temperature 0
PASS answer sum at temperature 0
PASS answer extract-json at temperature 0
PASS answer sort-unique-json at temperature 0
PASS answer updated-label at temperature 0
PASS answer ledger at temperature 0
PASS answer python-function at temperature 0
PASS answer chinese-multiply at temperature 0
PASS answer chinese-json at temperature 0
PASS answer accented-label at temperature 0
PASS answer multiply at temperature 0.6
PASS answer different-multiply at temperature 0.6
PASS answer sum at temperature 0.6
PASS answer extract-json at temperature 0.6
PASS answer sort-unique-json at temperature 0.6
PASS answer updated-label at temperature 0.6
PASS answer ledger at temperature 0.6
PASS answer python-function at temperature 0.6
PASS answer chinese-multiply at temperature 0.6
PASS answer chinese-json at temperature 0.6
PASS answer accented-label at temperature 0.6
cached 512 warmup: 57.84 tok/s, TTFT 0.315s, correct=True
cached 512 repeat=1: 58.26 tok/s, TTFT 0.298s, correct=True
cached 512 repeat=2: 69.17 tok/s, TTFT 0.278s, correct=True
cached 512 repeat=3: 68.89 tok/s, TTFT 0.277s, correct=True
cached 2048 warmup: 63.92 tok/s, TTFT 0.309s, correct=True
cached 2048 repeat=1: 62.20 tok/s, TTFT 0.291s, correct=True
cached 2048 repeat=2: 62.49 tok/s, TTFT 0.292s, correct=True
cached 2048 repeat=3: 62.26 tok/s, TTFT 0.291s, correct=True
Saved /Users/justin/Documents/Github/Strata-Mac-Lab/bench/results/20261009T112023Z-m5-copy-kernels-2-copy-scalar/result.json
20261009T112225Z-m5-copy-kernels-3-copy-v4: ready in 2.06s
prompt=512 warmup=1: 44.87 tok/s, TTFT 1.00s, prompt 511.0 tok/s
prompt=512 repeat=1: 48.78 tok/s, TTFT 0.94s, prompt 545.4 tok/s
prompt=512 repeat=2: 48.86 tok/s, TTFT 0.93s, prompt 553.8 tok/s
prompt=512 repeat=3: 48.87 tok/s, TTFT 0.93s, prompt 549.3 tok/s
prompt=2048 warmup=1: 47.11 tok/s, TTFT 3.89s, prompt 526.4 tok/s
prompt=2048 repeat=1: 49.84 tok/s, TTFT 3.85s, prompt 531.5 tok/s
prompt=2048 repeat=2: 49.81 tok/s, TTFT 3.87s, prompt 529.7 tok/s
prompt=2048 repeat=3: 50.00 tok/s, TTFT 3.87s, prompt 529.2 tok/s
code warmup: 52.35 tok/s, TTFT 0.31s
code repeat=1: 56.30 tok/s, TTFT 0.29s
code repeat=2: 56.38 tok/s, TTFT 0.29s
code repeat=3: 56.29 tok/s, TTFT 0.29s
prose warmup: 40.00 tok/s, TTFT 0.31s
prose repeat=1: 42.54 tok/s, TTFT 0.30s
prose repeat=2: 42.85 tok/s, TTFT 0.30s
prose repeat=3: 42.70 tok/s, TTFT 0.30s
chinese warmup: 38.78 tok/s, TTFT 0.38s
chinese repeat=1: 39.86 tok/s, TTFT 0.31s
chinese repeat=2: 40.10 tok/s, TTFT 0.30s
chinese repeat=3: 40.08 tok/s, TTFT 0.30s
PASS answer multiply at temperature 0
PASS answer different-multiply at temperature 0
PASS answer sum at temperature 0
PASS answer extract-json at temperature 0
PASS answer sort-unique-json at temperature 0
PASS answer updated-label at temperature 0
PASS answer ledger at temperature 0
PASS answer python-function at temperature 0
PASS answer chinese-multiply at temperature 0
PASS answer chinese-json at temperature 0
PASS answer accented-label at temperature 0
PASS answer multiply at temperature 0.6
PASS answer different-multiply at temperature 0.6
PASS answer sum at temperature 0.6
PASS answer extract-json at temperature 0.6
PASS answer sort-unique-json at temperature 0.6
PASS answer updated-label at temperature 0.6
PASS answer ledger at temperature 0.6
PASS answer python-function at temperature 0.6
PASS answer chinese-multiply at temperature 0.6
PASS answer chinese-json at temperature 0.6
PASS answer accented-label at temperature 0.6
cached 512 warmup: 57.95 tok/s, TTFT 0.322s, correct=True
cached 512 repeat=1: 58.25 tok/s, TTFT 0.280s, correct=True
cached 512 repeat=2: 69.04 tok/s, TTFT 0.277s, correct=True
cached 512 repeat=3: 68.75 tok/s, TTFT 0.278s, correct=True
cached 2048 warmup: 65.02 tok/s, TTFT 0.312s, correct=True
cached 2048 repeat=1: 64.30 tok/s, TTFT 0.294s, correct=True
cached 2048 repeat=2: 65.01 tok/s, TTFT 0.291s, correct=True
cached 2048 repeat=3: 63.61 tok/s, TTFT 0.291s, correct=True
Saved /Users/justin/Documents/Github/Strata-Mac-Lab/bench/results/20261009T112225Z-m5-copy-kernels-3-copy-v4/result.json
Saved /Users/justin/Documents/Github/Strata-Mac-Lab/bench/results/20261009T112427Z-m5-copy-kernels-4-conv-direct/result.json
Saved /Users/justin/Documents/Github/Strata-Mac-Lab/bench/results/20261009T111751Z-m5-copy-kernels
STAGE FAILED copy-kernels: RuntimeError: Host still busy ([26.9, 17.3, 15.1] percent CPU); diagnostic deferred without stopping other work
STAGE COMPLETE copy-kernels: failed
BATCH COMPLETE partial: /Users/justin/Documents/Github/Strata-Mac-Lab/bench/results/20261009T111729Z-m5-copy-incremental
