ggml_metal_device_init: testing tensor API for f16 support
ggml_metal_library_compile_pipeline: compiling pipeline: base = 'dummy_kernel', name = 'dummy_kernel'
ggml_metal_library_compile_pipeline: loaded dummy_kernel                                  0x1056a10c0 | th_max = 1024 | th_width =   32
ggml_metal_device_init: testing tensor API for bfloat support
ggml_metal_library_compile_pipeline: compiling pipeline: base = 'dummy_kernel', name = 'dummy_kernel'
ggml_metal_library_compile_pipeline: loaded dummy_kernel                                  0x1056a2640 | th_max = 1024 | th_width =   32
ggml_metal_library_init: using embedded metal library
ggml_metal_library_compile_all: compiled 'fa_aux' library in 0.000 sec
ggml_metal_library_compile_all: compiled 'fa_f16' library in 0.001 sec
ggml_metal_library_compile_all: compiled 'fa_f32' library in 0.002 sec
ggml_metal_library_compile_all: compiled 'fa_q4_0' library in 0.002 sec
ggml_metal_library_compile_all: compiled 'fa_q4_1' library in 0.002 sec
ggml_metal_library_compile_all: compiled 'fa_q5_0' library in 0.002 sec
ggml_metal_library_compile_all: compiled 'fa_q5_1' library in 0.010 sec
ggml_metal_library_compile_all: compiled 'fa_q8_0' library in 0.003 sec
ggml_metal_library_compile_all: compiled 'fa_vec_f16' library in 0.007 sec
ggml_metal_library_compile_all: compiled 'fa_vec_f32' library in 0.010 sec
ggml_metal_library_compile_all: compiled 'fa_vec_q4_0' library in 0.003 sec
ggml_metal_library_compile_all: compiled 'fa_vec_q4_1' library in 0.010 sec
ggml_metal_library_compile_all: compiled 'fa_vec_q5_0' library in 0.011 sec
ggml_metal_library_compile_all: compiled 'fa_vec_q5_1' library in 0.008 sec
ggml_metal_library_compile_all: compiled 'fa_vec_q8_0' library in 0.009 sec
ggml_metal_library_compile_all: compiled 'mul_mv' library in 0.005 sec
ggml_metal_library_compile_all: compiled 'mul_mv_mma' library in 0.006 sec
ggml_metal_library_compile_all: compiled 'mul_mm' library in 0.004 sec
ggml_metal_library_compile_all: compiled 'quantize' library in 0.008 sec
ggml_metal_library_compile_all: compiled 'softmax' library in 0.009 sec
ggml_metal_library_compile_all: compiled 'norm' library in 0.009 sec
ggml_metal_library_compile_all: compiled 'unary' library in 0.007 sec
ggml_metal_library_compile_all: compiled 'binbcast' library in 0.009 sec
ggml_metal_library_compile_all: compiled 'reduce' library in 0.008 sec
ggml_metal_library_compile_all: compiled 'tri' library in 0.007 sec
ggml_metal_library_compile_all: compiled 'ssm' library in 0.008 sec
ggml_metal_library_compile_all: compiled 'wkv' library in 0.003 sec
ggml_metal_library_compile_all: compiled 'gated_delta_net' library in 0.008 sec
ggml_metal_library_compile_all: compiled 'solve_tri' library in 0.007 sec
ggml_metal_library_compile_all: compiled 'rope' library in 0.004 sec
ggml_metal_library_compile_all: compiled 'conv' library in 0.004 sec
ggml_metal_library_compile_all: compiled 'upscale' library in 0.007 sec
ggml_metal_library_compile_all: compiled 'argsort' library in 0.007 sec
ggml_metal_library_compile_all: compiled 'pool' library in 0.004 sec
ggml_metal_library_compile_all: compiled 'misc' library in 0.006 sec
ggml_metal_library_compile_all: loaded 35 libraries from embedded data in 0.012 sec (max single = 0.011 sec)
ggml_metal_rsets_init: creating a residency set collection (keep_alive = 180 s)
ggml_metal_device_init: GPU name:   MTL0 (Apple M5 Pro)
ggml_metal_device_init: GPU family: MTLGPUFamilyApple10  (1010)
ggml_metal_device_init: GPU family: MTLGPUFamilyMetal4  (5002)
ggml_metal_device_init: simdgroup reduction   = true
ggml_metal_device_init: simdgroup matrix mul. = true
ggml_metal_device_init: has unified memory    = true
ggml_metal_device_init: has bfloat            = true
ggml_metal_device_init: has tensor            = true
ggml_metal_device_init: use residency sets    = true
ggml_metal_device_init: use shared buffers    = true
ggml_metal_device_init: recommendedMaxWorkingSetSize  = 40200.90 MB
ggml_metal_init: allocating
ggml_metal_init: found device: Apple M5 Pro
ggml_metal_init: picking default device: Apple M5 Pro
ggml_metal_init: use fusion         = true
ggml_metal_init: use concurrency    = true
ggml_metal_init: use graph optimize = true
ggml_metal_library_compile_pipeline: compiling pipeline: base = 'kernel_mul_mv_bf16_f32_4', name = 'kernel_mul_mv_bf16_f32_4_nsg=4_ne12=1_r2=1_r3=1_split=0'
ggml_metal_library_compile_pipeline: loaded kernel_mul_mv_bf16_f32_4_nsg=4_ne12=1_r2=1_r3=1_split=0      0x1056acae0 | th_max = 1024 | th_width =   32
M5_HC_CASE {"copies_per_graph":1,"cpu_nmse":1.281136468289203e-14,"distinct_weight_bytes":6553600,"elements":320,"input_preserved":true,"k":10240,"layout":"plain","m":320,"max_absolute_error":1.2319131847959852e-07,"rows":1,"samples":1,"wall_us_per_op":223.041}
ggml_metal_library_compile_pipeline: compiling pipeline: base = 'kernel_bin_fuse_f32_f32_f32_4', name = 'kernel_bin_fuse_f32_f32_f32_4_op=0_nf=1_rb=1_cb=0'
ggml_metal_library_compile_pipeline: loaded kernel_bin_fuse_f32_f32_f32_4_op=0_nf=1_rb=1_cb=0     0x7a12ec8380 | th_max = 1024 | th_width =   32
M5_HC_CASE {"copies_per_graph":1,"cpu_nmse":4.107798749570561e-15,"distinct_weight_bytes":6553600,"elements":320,"input_preserved":true,"k":10240,"layout":"residual","m":320,"max_absolute_error":1.5299364086729383e-07,"rows":1,"samples":1,"wall_us_per_op":229.375}
ggml_metal_library_compile_pipeline: compiling pipeline: base = 'kernel_unary_f32_f32_4', name = 'kernel_unary_f32_f32_4_op=13_cnt=1'
ggml_metal_library_compile_pipeline: loaded kernel_unary_f32_f32_4_op=13_cnt=1           0x7a12ec8700 | th_max = 1024 | th_width =   32
M5_HC_CASE {"copies_per_graph":1,"cpu_nmse":4.107798749570561e-15,"distinct_weight_bytes":6553600,"elements":320,"input_preserved":true,"k":10240,"layout":"exposed","m":320,"max_absolute_error":1.5299364086729383e-07,"rows":1,"samples":1,"wall_us_per_op":284.75}
M5_HC_CASE {"copies_per_graph":1,"cpu_nmse":1.281136468289203e-14,"distinct_weight_bytes":6553600,"elements":320,"input_preserved":true,"k":10240,"layout":"strided","m":320,"max_absolute_error":1.2319131847959852e-07,"rows":1,"samples":1,"wall_us_per_op":239.958}
M5_HC_CASE {"copies_per_graph":1,"cpu_nmse":1.1319978488381803e-14,"distinct_weight_bytes":6553600,"elements":320,"input_preserved":true,"k":10240,"layout":"cancel","m":320,"max_absolute_error":1.6734582786170904e-07,"rows":1,"samples":1,"wall_us_per_op":235.458}
M5_HC_CASE {"copies_per_graph":1,"cpu_nmse":1.2169960728673978e-14,"distinct_weight_bytes":6553600,"elements":320,"input_preserved":true,"k":10240,"layout":"wide","m":320,"max_absolute_error":6.903478113606809e-07,"rows":1,"samples":1,"wall_us_per_op":301.708}
ggml_metal_library_compile_pipeline: compiling pipeline: base = 'kernel_mul_mv_ext_bf16_f32_r1_2', name = 'kernel_mul_mv_ext_bf16_f32_r1_2_nsg=2_nxpsg=16_ne12=1_r2=1_r3=1'
ggml_metal_library_compile_pipeline: loaded kernel_mul_mv_ext_bf16_f32_r1_2_nsg=2_nxpsg=16_ne12=1_r2=1_r3=1     0x7a12ec8000 | th_max = 1024 | th_width =   32
M5_HC_CASE {"copies_per_graph":1,"cpu_nmse":5.195523870729034e-14,"distinct_weight_bytes":6553600,"elements":640,"input_preserved":true,"k":10240,"layout":"plain","m":320,"max_absolute_error":2.9540237644898326e-07,"rows":2,"samples":1,"wall_us_per_op":296.292}
ggml_metal_library_compile_pipeline: compiling pipeline: base = 'kernel_bin_fuse_f32_f32_f32_4', name = 'kernel_bin_fuse_f32_f32_f32_4_op=0_nf=1_rb=0_cb=0'
ggml_metal_library_compile_pipeline: loaded kernel_bin_fuse_f32_f32_f32_4_op=0_nf=1_rb=0_cb=0     0x7a12ec8a80 | th_max = 1024 | th_width =   32
M5_HC_CASE {"copies_per_graph":1,"cpu_nmse":1.4313892051331833e-14,"distinct_weight_bytes":6553600,"elements":640,"input_preserved":true,"k":10240,"layout":"residual","m":320,"max_absolute_error":2.9540237644898326e-07,"rows":2,"samples":1,"wall_us_per_op":303.834}
M5_HC_CASE {"copies_per_graph":1,"cpu_nmse":1.4313892051331833e-14,"distinct_weight_bytes":6553600,"elements":640,"input_preserved":true,"k":10240,"layout":"exposed","m":320,"max_absolute_error":2.9540237644898326e-07,"rows":2,"samples":1,"wall_us_per_op":195.792}
M5_HC_CASE {"copies_per_graph":1,"cpu_nmse":5.195523870729034e-14,"distinct_weight_bytes":6553600,"elements":640,"input_preserved":true,"k":10240,"layout":"strided","m":320,"max_absolute_error":2.9540237644898326e-07,"rows":2,"samples":1,"wall_us_per_op":216.958}
M5_HC_CASE {"copies_per_graph":1,"cpu_nmse":1.1823976059728044e-14,"distinct_weight_bytes":6553600,"elements":640,"input_preserved":true,"k":10240,"layout":"cancel","m":320,"max_absolute_error":2.1981509501500796e-07,"rows":2,"samples":1,"wall_us_per_op":195.291}
M5_HC_CASE {"copies_per_graph":1,"cpu_nmse":5.901444650606988e-14,"distinct_weight_bytes":6553600,"elements":640,"input_preserved":true,"k":10240,"layout":"wide","m":320,"max_absolute_error":1.2552212098615456e-06,"rows":2,"samples":1,"wall_us_per_op":1039.0}
ggml_metal_library_compile_pipeline: compiling pipeline: base = 'kernel_mul_mv_ext_bf16_f32_r1_3', name = 'kernel_mul_mv_ext_bf16_f32_r1_3_nsg=2_nxpsg=8_ne12=1_r2=1_r3=1'
ggml_metal_library_compile_pipeline: loaded kernel_mul_mv_ext_bf16_f32_r1_3_nsg=2_nxpsg=8_ne12=1_r2=1_r3=1     0x7a12ec9180 | th_max = 1024 | th_width =   32
M5_HC_CASE {"copies_per_graph":1,"cpu_nmse":9.955590463026874e-14,"distinct_weight_bytes":6553600,"elements":960,"input_preserved":true,"k":10240,"layout":"plain","m":320,"max_absolute_error":4.3281094691538513e-07,"rows":3,"samples":1,"wall_us_per_op":980.0}
M5_HC_CASE {"copies_per_graph":1,"cpu_nmse":2.52363070016174e-14,"distinct_weight_bytes":6553600,"elements":960,"input_preserved":true,"k":10240,"layout":"residual","m":320,"max_absolute_error":4.5898039169323113e-07,"rows":3,"samples":1,"wall_us_per_op":194.833}
M5_HC_CASE {"copies_per_graph":1,"cpu_nmse":2.52363070016174e-14,"distinct_weight_bytes":6553600,"elements":960,"input_preserved":true,"k":10240,"layout":"exposed","m":320,"max_absolute_error":4.5898039169323113e-07,"rows":3,"samples":1,"wall_us_per_op":232.0}
M5_HC_CASE {"copies_per_graph":1,"cpu_nmse":9.955590463026874e-14,"distinct_weight_bytes":6553600,"elements":960,"input_preserved":true,"k":10240,"layout":"strided","m":320,"max_absolute_error":4.3281094691538513e-07,"rows":3,"samples":1,"wall_us_per_op":356.584}
M5_HC_CASE {"copies_per_graph":1,"cpu_nmse":1.1002133036105962e-14,"distinct_weight_bytes":6553600,"elements":960,"input_preserved":true,"k":10240,"layout":"cancel","m":320,"max_absolute_error":2.1981509501500796e-07,"rows":3,"samples":1,"wall_us_per_op":351.292}
M5_HC_CASE {"copies_per_graph":1,"cpu_nmse":9.813948620054749e-14,"distinct_weight_bytes":6553600,"elements":960,"input_preserved":true,"k":10240,"layout":"wide","m":320,"max_absolute_error":2.162942315919736e-06,"rows":3,"samples":1,"wall_us_per_op":251.833}
ggml_metal_library_compile_pipeline: compiling pipeline: base = 'm5_hc_tensor_ks2_k10240_m320', name = 'm5_hc_tensor_ks2_k10240_m320'
ggml_metal_library_compile_pipeline: loaded m5_hc_tensor_ks2_k10240_m320                 0x7a12ec9880 | th_max = 1024 | th_width =   32
M5_HC_ROUTE k=10240 m=320 rows=4 add=0 split=2
M5_HC_ROUTE k=10240 m=320 rows=4 add=0 split=2
M5_HC_ROUTE k=10240 m=320 rows=4 add=0 split=2
M5_HC_ROUTE k=10240 m=320 rows=4 add=0 split=2
M5_HC_ROUTE k=10240 m=320 rows=4 add=0 split=2
M5_HC_CASE {"copies_per_graph":1,"cpu_nmse":1.600601570067015e-12,"distinct_weight_bytes":6553600,"elements":1280,"input_preserved":true,"k":10240,"layout":"plain","m":320,"max_absolute_error":1.95839672534337e-06,"rows":4,"samples":1,"wall_us_per_op":1566.0}
M5_HC_ROUTE k=10240 m=320 rows=4 add=1 split=2
M5_HC_ROUTE k=10240 m=320 rows=4 add=1 split=2
M5_HC_ROUTE k=10240 m=320 rows=4 add=1 split=2
M5_HC_ROUTE k=10240 m=320 rows=4 add=1 split=2
M5_HC_ROUTE k=10240 m=320 rows=4 add=1 split=2
M5_HC_CASE {"copies_per_graph":1,"cpu_nmse":3.965202098465101e-13,"distinct_weight_bytes":6553600,"elements":1280,"input_preserved":true,"k":10240,"layout":"residual","m":320,"max_absolute_error":1.988199047731065e-06,"rows":4,"samples":1,"wall_us_per_op":1245.708}
M5_HC_ROUTE k=10240 m=320 rows=4 add=0 split=2
M5_HC_ROUTE k=10240 m=320 rows=4 add=0 split=2
M5_HC_ROUTE k=10240 m=320 rows=4 add=0 split=2
M5_HC_ROUTE k=10240 m=320 rows=4 add=0 split=2
M5_HC_ROUTE k=10240 m=320 rows=4 add=0 split=2
M5_HC_CASE {"copies_per_graph":1,"cpu_nmse":3.965202098465101e-13,"distinct_weight_bytes":6553600,"elements":1280,"input_preserved":true,"k":10240,"layout":"exposed","m":320,"max_absolute_error":1.988199047731065e-06,"rows":4,"samples":1,"wall_us_per_op":526.541}
ggml_metal_library_compile_pipeline: compiling pipeline: base = 'kernel_mul_mv_mma_bf16_f32_nt1_rt1', name = 'kernel_mul_mv_mma_bf16_f32_nt1_rt1_nsg=16_ne12=1_r2=1_r3=1_ne00=0_add=0'
ggml_metal_library_compile_pipeline: loaded kernel_mul_mv_mma_bf16_f32_nt1_rt1_nsg=16_ne12=1_r2=1_r3=1_ne00=0_add=0     0x7a12ec9c00 | th_max = 1024 | th_width =   32
M5_HC_CASE {"copies_per_graph":1,"cpu_nmse":2.1531573734840166e-13,"distinct_weight_bytes":6553600,"elements":1280,"input_preserved":true,"k":10240,"layout":"strided","m":320,"max_absolute_error":6.064256478088836e-07,"rows":4,"samples":1,"wall_us_per_op":239.334}
M5_HC_ROUTE k=10240 m=320 rows=4 add=0 split=2
M5_HC_ROUTE k=10240 m=320 rows=4 add=0 split=2
M5_HC_ROUTE k=10240 m=320 rows=4 add=0 split=2
M5_HC_ROUTE k=10240 m=320 rows=4 add=0 split=2
M5_HC_ROUTE k=10240 m=320 rows=4 add=0 split=2
M5_HC_CASE {"copies_per_graph":1,"cpu_nmse":8.347826124612252e-15,"distinct_weight_bytes":6553600,"elements":1280,"input_preserved":true,"k":10240,"layout":"cancel","m":320,"max_absolute_error":1.5811823783629109e-07,"rows":4,"samples":1,"wall_us_per_op":502.75}
M5_HC_ROUTE k=10240 m=320 rows=4 add=0 split=2
M5_HC_ROUTE k=10240 m=320 rows=4 add=0 split=2
M5_HC_ROUTE k=10240 m=320 rows=4 add=0 split=2
M5_HC_ROUTE k=10240 m=320 rows=4 add=0 split=2
M5_HC_ROUTE k=10240 m=320 rows=4 add=0 split=2
M5_HC_CASE {"copies_per_graph":1,"cpu_nmse":1.5258714119938744e-12,"distinct_weight_bytes":6553600,"elements":1280,"input_preserved":true,"k":10240,"layout":"wide","m":320,"max_absolute_error":9.898357953286308e-06,"rows":4,"samples":1,"wall_us_per_op":1492.75}
M5_HC_ROUTE k=10240 m=320 rows=5 add=0 split=2
M5_HC_ROUTE k=10240 m=320 rows=5 add=0 split=2
M5_HC_ROUTE k=10240 m=320 rows=5 add=0 split=2
M5_HC_ROUTE k=10240 m=320 rows=5 add=0 split=2
M5_HC_ROUTE k=10240 m=320 rows=5 add=0 split=2
M5_HC_CASE {"copies_per_graph":1,"cpu_nmse":1.5836238016902077e-12,"distinct_weight_bytes":6553600,"elements":1600,"input_preserved":true,"k":10240,"layout":"plain","m":320,"max_absolute_error":2.3426115212110687e-06,"rows":5,"samples":1,"wall_us_per_op":452.042}
M5_HC_ROUTE k=10240 m=320 rows=5 add=1 split=2
M5_HC_ROUTE k=10240 m=320 rows=5 add=1 split=2
M5_HC_ROUTE k=10240 m=320 rows=5 add=1 split=2
M5_HC_ROUTE k=10240 m=320 rows=5 add=1 split=2
M5_HC_ROUTE k=10240 m=320 rows=5 add=1 split=2
M5_HC_CASE {"copies_per_graph":1,"cpu_nmse":4.1861133189051763e-13,"distinct_weight_bytes":6553600,"elements":1600,"input_preserved":true,"k":10240,"layout":"residual","m":320,"max_absolute_error":2.3426115212110687e-06,"rows":5,"samples":1,"wall_us_per_op":1103.916}
M5_HC_ROUTE k=10240 m=320 rows=5 add=0 split=2
M5_HC_ROUTE k=10240 m=320 rows=5 add=0 split=2
M5_HC_ROUTE k=10240 m=320 rows=5 add=0 split=2
M5_HC_ROUTE k=10240 m=320 rows=5 add=0 split=2
M5_HC_ROUTE k=10240 m=320 rows=5 add=0 split=2
M5_HC_CASE {"copies_per_graph":1,"cpu_nmse":4.1861133189051763e-13,"distinct_weight_bytes":6553600,"elements":1600,"input_preserved":true,"k":10240,"layout":"exposed","m":320,"max_absolute_error":2.3426115212110687e-06,"rows":5,"samples":1,"wall_us_per_op":569.458}
M5_HC_CASE {"copies_per_graph":1,"cpu_nmse":2.1252042975473173e-13,"distinct_weight_bytes":6553600,"elements":1600,"input_preserved":true,"k":10240,"layout":"strided","m":320,"max_absolute_error":7.007216817345174e-07,"rows":5,"samples":1,"wall_us_per_op":266.875}
M5_HC_ROUTE k=10240 m=320 rows=5 add=0 split=2
M5_HC_ROUTE k=10240 m=320 rows=5 add=0 split=2
M5_HC_ROUTE k=10240 m=320 rows=5 add=0 split=2
M5_HC_ROUTE k=10240 m=320 rows=5 add=0 split=2
M5_HC_ROUTE k=10240 m=320 rows=5 add=0 split=2
M5_HC_CASE {"copies_per_graph":1,"cpu_nmse":8.347826124612256e-15,"distinct_weight_bytes":6553600,"elements":1600,"input_preserved":true,"k":10240,"layout":"cancel","m":320,"max_absolute_error":1.5811823783629109e-07,"rows":5,"samples":1,"wall_us_per_op":1377.541}
M5_HC_ROUTE k=10240 m=320 rows=5 add=0 split=2
M5_HC_ROUTE k=10240 m=320 rows=5 add=0 split=2
M5_HC_ROUTE k=10240 m=320 rows=5 add=0 split=2
M5_HC_ROUTE k=10240 m=320 rows=5 add=0 split=2
M5_HC_ROUTE k=10240 m=320 rows=5 add=0 split=2
M5_HC_CASE {"copies_per_graph":1,"cpu_nmse":1.483520657964085e-12,"distinct_weight_bytes":6553600,"elements":1600,"input_preserved":true,"k":10240,"layout":"wide","m":320,"max_absolute_error":9.898357953286308e-06,"rows":5,"samples":1,"wall_us_per_op":468.167}
M5_HC_CASE {"copies_per_graph":1,"cpu_nmse":2.0866565523027944e-13,"distinct_weight_bytes":6553600,"elements":2560,"input_preserved":true,"k":10240,"layout":"plain","m":320,"max_absolute_error":7.007216817345174e-07,"rows":8,"samples":1,"wall_us_per_op":297.125}
ggml_metal_library_compile_pipeline: compiling pipeline: base = 'kernel_mul_mv_mma_bf16_f32_nt1_rt1', name = 'kernel_mul_mv_mma_bf16_f32_nt1_rt1_nsg=16_ne12=1_r2=1_r3=1_ne00=0_add=1'
ggml_metal_library_compile_pipeline: loaded kernel_mul_mv_mma_bf16_f32_nt1_rt1_nsg=16_ne12=1_r2=1_r3=1_ne00=0_add=1     0x7a12ec9500 | th_max = 1024 | th_width =   32
M5_HC_CASE {"copies_per_graph":1,"cpu_nmse":5.450287088549556e-14,"distinct_weight_bytes":6553600,"elements":2560,"input_preserved":true,"k":10240,"layout":"residual","m":320,"max_absolute_error":6.969963914360555e-07,"rows":8,"samples":1,"wall_us_per_op":238.084}
M5_HC_CASE {"copies_per_graph":1,"cpu_nmse":5.450287088549556e-14,"distinct_weight_bytes":6553600,"elements":2560,"input_preserved":true,"k":10240,"layout":"exposed","m":320,"max_absolute_error":6.969963914360555e-07,"rows":8,"samples":1,"wall_us_per_op":1003.5}
M5_HC_CASE {"copies_per_graph":1,"cpu_nmse":2.0866565523027944e-13,"distinct_weight_bytes":6553600,"elements":2560,"input_preserved":true,"k":10240,"layout":"strided","m":320,"max_absolute_error":7.007216817345174e-07,"rows":8,"samples":1,"wall_us_per_op":1036.709}
M5_HC_CASE {"copies_per_graph":1,"cpu_nmse":1.2073602742204982e-14,"distinct_weight_bytes":6553600,"elements":2560,"input_preserved":true,"k":10240,"layout":"cancel","m":320,"max_absolute_error":1.839807515224834e-07,"rows":8,"samples":1,"wall_us_per_op":914.834}
M5_HC_CASE {"copies_per_graph":1,"cpu_nmse":2.0844306106378622e-13,"distinct_weight_bytes":6553600,"elements":2560,"input_preserved":true,"k":10240,"layout":"wide","m":320,"max_absolute_error":2.3697811372125344e-06,"rows":8,"samples":1,"wall_us_per_op":204.125}
ggml_metal_library_compile_pipeline: compiling pipeline: base = 'kernel_mul_mv_bf16_f32_4', name = 'kernel_mul_mv_bf16_f32_4_nsg=3_ne12=1_r2=1_r3=1_split=0'
ggml_metal_library_compile_pipeline: loaded kernel_mul_mv_bf16_f32_4_nsg=3_ne12=1_r2=1_r3=1_split=0     0x7a12ec9f80 | th_max = 1024 | th_width =   32
M5_HC_CASE {"copies_per_graph":1,"cpu_nmse":6.539432451194773e-15,"distinct_weight_bytes":6553600,"elements":10240,"input_preserved":true,"k":320,"layout":"plain","m":10240,"max_absolute_error":1.4500918155135878e-07,"rows":1,"samples":1,"wall_us_per_op":254.25}
M5_HC_CASE {"copies_per_graph":1,"cpu_nmse":2.4841067202997753e-15,"distinct_weight_bytes":6553600,"elements":10240,"input_preserved":true,"k":320,"layout":"residual","m":10240,"max_absolute_error":1.546005421459995e-07,"rows":1,"samples":1,"wall_us_per_op":997.708}
M5_HC_CASE {"copies_per_graph":1,"cpu_nmse":2.4841067202997753e-15,"distinct_weight_bytes":6553600,"elements":10240,"input_preserved":true,"k":320,"layout":"exposed","m":10240,"max_absolute_error":1.546005421459995e-07,"rows":1,"samples":1,"wall_us_per_op":272.875}
M5_HC_CASE {"copies_per_graph":1,"cpu_nmse":6.539432451194773e-15,"distinct_weight_bytes":6553600,"elements":10240,"input_preserved":true,"k":320,"layout":"strided","m":10240,"max_absolute_error":1.4500918155135878e-07,"rows":1,"samples":1,"wall_us_per_op":217.417}
M5_HC_CASE {"copies_per_graph":1,"cpu_nmse":7.171510546972803e-15,"distinct_weight_bytes":6553600,"elements":10240,"input_preserved":true,"k":320,"layout":"cancel","m":10240,"max_absolute_error":2.464327053530724e-07,"rows":1,"samples":1,"wall_us_per_op":1034.416}
M5_HC_CASE {"copies_per_graph":1,"cpu_nmse":6.848523080653928e-15,"distinct_weight_bytes":6553600,"elements":10240,"input_preserved":true,"k":320,"layout":"wide","m":10240,"max_absolute_error":5.609200690592786e-07,"rows":1,"samples":1,"wall_us_per_op":1070.125}
M5_HC_CASE {"copies_per_graph":1,"cpu_nmse":6.618231643308687e-15,"distinct_weight_bytes":6553600,"elements":20480,"input_preserved":true,"k":320,"layout":"plain","m":10240,"max_absolute_error":1.4500918155135878e-07,"rows":2,"samples":1,"wall_us_per_op":188.542}
M5_HC_CASE {"copies_per_graph":1,"cpu_nmse":2.4569416873869516e-15,"distinct_weight_bytes":6553600,"elements":20480,"input_preserved":true,"k":320,"layout":"residual","m":10240,"max_absolute_error":1.866796921490277e-07,"rows":2,"samples":1,"wall_us_per_op":1146.458}
M5_HC_CASE {"copies_per_graph":1,"cpu_nmse":2.4569416873869516e-15,"distinct_weight_bytes":6553600,"elements":20480,"input_preserved":true,"k":320,"layout":"exposed","m":10240,"max_absolute_error":1.866796921490277e-07,"rows":2,"samples":1,"wall_us_per_op":223.708}
M5_HC_CASE {"copies_per_graph":1,"cpu_nmse":6.618231643308687e-15,"distinct_weight_bytes":6553600,"elements":20480,"input_preserved":true,"k":320,"layout":"strided","m":10240,"max_absolute_error":1.4500918155135878e-07,"rows":2,"samples":1,"wall_us_per_op":209.167}
M5_HC_CASE {"copies_per_graph":1,"cpu_nmse":7.171510546972545e-15,"distinct_weight_bytes":6553600,"elements":20480,"input_preserved":true,"k":320,"layout":"cancel","m":10240,"max_absolute_error":2.464327053530724e-07,"rows":2,"samples":1,"wall_us_per_op":225.5}
M5_HC_CASE {"copies_per_graph":1,"cpu_nmse":6.799916961582489e-15,"distinct_weight_bytes":6553600,"elements":20480,"input_preserved":true,"k":320,"layout":"wide","m":10240,"max_absolute_error":7.141960036705086e-07,"rows":2,"samples":1,"wall_us_per_op":329.541}
M5_HC_CASE {"copies_per_graph":1,"cpu_nmse":6.5886762796417486e-15,"distinct_weight_bytes":6553600,"elements":30720,"input_preserved":true,"k":320,"layout":"plain","m":10240,"max_absolute_error":1.5957772347974242e-07,"rows":3,"samples":1,"wall_us_per_op":257.833}
M5_HC_CASE {"copies_per_graph":1,"cpu_nmse":2.4325623959240935e-15,"distinct_weight_bytes":6553600,"elements":30720,"input_preserved":true,"k":320,"layout":"residual","m":10240,"max_absolute_error":1.6974733796359942e-07,"rows":3,"samples":1,"wall_us_per_op":370.209}
M5_HC_CASE {"copies_per_graph":1,"cpu_nmse":2.4325623959240935e-15,"distinct_weight_bytes":6553600,"elements":30720,"input_preserved":true,"k":320,"layout":"exposed","m":10240,"max_absolute_error":1.6974733796359942e-07,"rows":3,"samples":1,"wall_us_per_op":1063.25}
M5_HC_CASE {"copies_per_graph":1,"cpu_nmse":6.5886762796417486e-15,"distinct_weight_bytes":6553600,"elements":30720,"input_preserved":true,"k":320,"layout":"strided","m":10240,"max_absolute_error":1.5957772347974242e-07,"rows":3,"samples":1,"wall_us_per_op":219.916}
M5_HC_CASE {"copies_per_graph":1,"cpu_nmse":7.171510546972387e-15,"distinct_weight_bytes":6553600,"elements":30720,"input_preserved":true,"k":320,"layout":"cancel","m":10240,"max_absolute_error":2.464327053530724e-07,"rows":3,"samples":1,"wall_us_per_op":247.959}
M5_HC_CASE {"copies_per_graph":1,"cpu_nmse":6.823310274909138e-15,"distinct_weight_bytes":6553600,"elements":30720,"input_preserved":true,"k":320,"layout":"wide","m":10240,"max_absolute_error":7.141960036705086e-07,"rows":3,"samples":1,"wall_us_per_op":339.958}
ggml_metal_library_compile_pipeline: compiling pipeline: base = 'kernel_mul_mv_mma_bf16_f32_nt4_rt1', name = 'kernel_mul_mv_mma_bf16_f32_nt4_rt1_nsg=4_ne12=1_r2=1_r3=1_ne00=0_add=0'
ggml_metal_library_compile_pipeline: loaded kernel_mul_mv_mma_bf16_f32_nt4_rt1_nsg=4_ne12=1_r2=1_r3=1_ne00=0_add=0     0x7a12eca680 | th_max = 1024 | th_width =   32
M5_HC_CASE {"copies_per_graph":1,"cpu_nmse":3.148221538056271e-14,"distinct_weight_bytes":6553600,"elements":40960,"input_preserved":true,"k":320,"layout":"plain","m":10240,"max_absolute_error":3.90916966352961e-07,"rows":4,"samples":1,"wall_us_per_op":210.0}
ggml_metal_library_compile_pipeline: compiling pipeline: base = 'kernel_mul_mv_mma_bf16_f32_nt4_rt1', name = 'kernel_mul_mv_mma_bf16_f32_nt4_rt1_nsg=4_ne12=1_r2=1_r3=1_ne00=0_add=1'
ggml_metal_library_compile_pipeline: loaded kernel_mul_mv_mma_bf16_f32_nt4_rt1_nsg=4_ne12=1_r2=1_r3=1_ne00=0_add=1     0x7a12eca300 | th_max = 1024 | th_width =   32
M5_HC_CASE {"copies_per_graph":1,"cpu_nmse":8.809561097087328e-15,"distinct_weight_bytes":6553600,"elements":40960,"input_preserved":true,"k":320,"layout":"residual","m":10240,"max_absolute_error":3.9958410802398703e-07,"rows":4,"samples":1,"wall_us_per_op":887.541}
ggml_metal_library_compile_pipeline: compiling pipeline: base = 'kernel_unary_f32_f32_4', name = 'kernel_unary_f32_f32_4_op=13_cnt=0'
ggml_metal_library_compile_pipeline: loaded kernel_unary_f32_f32_4_op=13_cnt=0           0x7a12ec8e00 | th_max = 1024 | th_width =   32
M5_HC_CASE {"copies_per_graph":1,"cpu_nmse":8.809561097087328e-15,"distinct_weight_bytes":6553600,"elements":40960,"input_preserved":true,"k":320,"layout":"exposed","m":10240,"max_absolute_error":3.9958410802398703e-07,"rows":4,"samples":1,"wall_us_per_op":228.541}
M5_HC_CASE {"copies_per_graph":1,"cpu_nmse":3.148221538056271e-14,"distinct_weight_bytes":6553600,"elements":40960,"input_preserved":true,"k":320,"layout":"strided","m":10240,"max_absolute_error":3.90916966352961e-07,"rows":4,"samples":1,"wall_us_per_op":324.583}
M5_HC_CASE {"copies_per_graph":1,"cpu_nmse":6.4051252935345466e-15,"distinct_weight_bytes":6553600,"elements":40960,"input_preserved":true,"k":320,"layout":"cancel","m":10240,"max_absolute_error":3.174825735641207e-07,"rows":4,"samples":1,"wall_us_per_op":807.208}
M5_HC_CASE {"copies_per_graph":1,"cpu_nmse":3.1289559573615053e-14,"distinct_weight_bytes":6553600,"elements":40960,"input_preserved":true,"k":320,"layout":"wide","m":10240,"max_absolute_error":1.7115109436360854e-06,"rows":4,"samples":1,"wall_us_per_op":985.5}
M5_HC_CASE {"copies_per_graph":1,"cpu_nmse":3.111526625202776e-14,"distinct_weight_bytes":6553600,"elements":51200,"input_preserved":true,"k":320,"layout":"plain","m":10240,"max_absolute_error":3.90916966352961e-07,"rows":5,"samples":1,"wall_us_per_op":487.834}
M5_HC_CASE {"copies_per_graph":1,"cpu_nmse":8.735662395207096e-15,"distinct_weight_bytes":6553600,"elements":51200,"input_preserved":true,"k":320,"layout":"residual","m":10240,"max_absolute_error":3.90916966352961e-07,"rows":5,"samples":1,"wall_us_per_op":249.0}
M5_HC_CASE {"copies_per_graph":1,"cpu_nmse":8.735662395207096e-15,"distinct_weight_bytes":6553600,"elements":51200,"input_preserved":true,"k":320,"layout":"exposed","m":10240,"max_absolute_error":3.90916966352961e-07,"rows":5,"samples":1,"wall_us_per_op":208.542}
M5_HC_CASE {"copies_per_graph":1,"cpu_nmse":3.111526625202776e-14,"distinct_weight_bytes":6553600,"elements":51200,"input_preserved":true,"k":320,"layout":"strided","m":10240,"max_absolute_error":3.90916966352961e-07,"rows":5,"samples":1,"wall_us_per_op":244.75}
M5_HC_CASE {"copies_per_graph":1,"cpu_nmse":6.405125293534505e-15,"distinct_weight_bytes":6553600,"elements":51200,"input_preserved":true,"k":320,"layout":"cancel","m":10240,"max_absolute_error":3.174825735641207e-07,"rows":5,"samples":1,"wall_us_per_op":220.625}
M5_HC_CASE {"copies_per_graph":1,"cpu_nmse":3.01980772962817e-14,"distinct_weight_bytes":6553600,"elements":51200,"input_preserved":true,"k":320,"layout":"wide","m":10240,"max_absolute_error":1.7115109436360854e-06,"rows":5,"samples":1,"wall_us_per_op":311.666}
M5_HC_CASE {"copies_per_graph":1,"cpu_nmse":3.081334461454917e-14,"distinct_weight_bytes":6553600,"elements":81920,"input_preserved":true,"k":320,"layout":"plain","m":10240,"max_absolute_error":3.920960267578266e-07,"rows":8,"samples":1,"wall_us_per_op":178.666}
M5_HC_CASE {"copies_per_graph":1,"cpu_nmse":8.637769509880064e-15,"distinct_weight_bytes":6553600,"elements":81920,"input_preserved":true,"k":320,"layout":"residual","m":10240,"max_absolute_error":4.5052161112835165e-07,"rows":8,"samples":1,"wall_us_per_op":222.292}
M5_HC_CASE {"copies_per_graph":1,"cpu_nmse":8.637769509880064e-15,"distinct_weight_bytes":6553600,"elements":81920,"input_preserved":true,"k":320,"layout":"exposed","m":10240,"max_absolute_error":4.5052161112835165e-07,"rows":8,"samples":1,"wall_us_per_op":274.083}
M5_HC_CASE {"copies_per_graph":1,"cpu_nmse":3.081334461454917e-14,"distinct_weight_bytes":6553600,"elements":81920,"input_preserved":true,"k":320,"layout":"strided","m":10240,"max_absolute_error":3.920960267578266e-07,"rows":8,"samples":1,"wall_us_per_op":879.0}
M5_HC_CASE {"copies_per_graph":1,"cpu_nmse":6.40512529353354e-15,"distinct_weight_bytes":6553600,"elements":81920,"input_preserved":true,"k":320,"layout":"cancel","m":10240,"max_absolute_error":3.174825735641207e-07,"rows":8,"samples":1,"wall_us_per_op":258.667}
M5_HC_CASE {"copies_per_graph":1,"cpu_nmse":2.9879142757300756e-14,"distinct_weight_bytes":6553600,"elements":81920,"input_preserved":true,"k":320,"layout":"wide","m":10240,"max_absolute_error":2.0862178053970837e-06,"rows":8,"samples":1,"wall_us_per_op":261.792}
M5_HC_DONE {"cases":72,"mode":"check"}
ggml_metal_free: deallocating
