ggml_metal_device_init: testing tensor API for f16 support
ggml_metal_library_compile_pipeline: compiling pipeline: base = 'dummy_kernel', name = 'dummy_kernel'
ggml_metal_library_compile_pipeline: loaded dummy_kernel                                  0x1034e15f0 | th_max = 1024 | th_width =   32
ggml_metal_device_init: testing tensor API for bfloat support
ggml_metal_library_compile_pipeline: compiling pipeline: base = 'dummy_kernel', name = 'dummy_kernel'
ggml_metal_library_compile_pipeline: loaded dummy_kernel                                  0x1034e1af0 | th_max = 1024 | th_width =   32
ggml_metal_library_init: using embedded metal library
ggml_metal_library_compile_all: compiled 'fa_aux' library in 0.002 sec
ggml_metal_library_compile_all: compiled 'fa_f16' library in 0.003 sec
ggml_metal_library_compile_all: compiled 'fa_f32' library in 0.004 sec
ggml_metal_library_compile_all: compiled 'fa_q4_0' library in 0.003 sec
ggml_metal_library_compile_all: compiled 'fa_q4_1' library in 0.003 sec
ggml_metal_library_compile_all: compiled 'fa_q5_0' library in 0.012 sec
ggml_metal_library_compile_all: compiled 'fa_q5_1' library in 0.013 sec
ggml_metal_library_compile_all: compiled 'fa_q8_0' library in 0.005 sec
ggml_metal_library_compile_all: compiled 'fa_vec_f16' library in 0.004 sec
ggml_metal_library_compile_all: compiled 'fa_vec_f32' library in 0.008 sec
ggml_metal_library_compile_all: compiled 'fa_vec_q4_0' library in 0.007 sec
ggml_metal_library_compile_all: compiled 'fa_vec_q4_1' library in 0.008 sec
ggml_metal_library_compile_all: compiled 'fa_vec_q5_0' library in 0.010 sec
ggml_metal_library_compile_all: compiled 'fa_vec_q5_1' library in 0.012 sec
ggml_metal_library_compile_all: compiled 'fa_vec_q8_0' library in 0.009 sec
ggml_metal_library_compile_all: compiled 'mul_mv' library in 0.011 sec
ggml_metal_library_compile_all: compiled 'mul_mv_mma' library in 0.006 sec
ggml_metal_library_compile_all: compiled 'mul_mm' library in 0.005 sec
ggml_metal_library_compile_all: compiled 'quantize' library in 0.008 sec
ggml_metal_library_compile_all: compiled 'softmax' library in 0.007 sec
ggml_metal_library_compile_all: compiled 'norm' library in 0.002 sec
ggml_metal_library_compile_all: compiled 'unary' library in 0.009 sec
ggml_metal_library_compile_all: compiled 'binbcast' library in 0.007 sec
ggml_metal_library_compile_all: compiled 'reduce' library in 0.006 sec
ggml_metal_library_compile_all: compiled 'tri' library in 0.008 sec
ggml_metal_library_compile_all: compiled 'ssm' library in 0.007 sec
ggml_metal_library_compile_all: compiled 'wkv' library in 0.005 sec
ggml_metal_library_compile_all: compiled 'gated_delta_net' library in 0.008 sec
ggml_metal_library_compile_all: compiled 'solve_tri' library in 0.005 sec
ggml_metal_library_compile_all: compiled 'rope' library in 0.007 sec
ggml_metal_library_compile_all: compiled 'conv' library in 0.007 sec
ggml_metal_library_compile_all: compiled 'upscale' library in 0.007 sec
ggml_metal_library_compile_all: compiled 'argsort' library in 0.004 sec
ggml_metal_library_compile_all: compiled 'pool' library in 0.004 sec
ggml_metal_library_compile_all: compiled 'misc' library in 0.000 sec
ggml_metal_library_compile_all: loaded 35 libraries from embedded data in 0.013 sec (max single = 0.013 sec)
ggml_metal_rsets_init: creating a residency set collection (keep_alive = 180 s)
ggml_metal_device_init: GPU name:   MTL0 (Apple M5 Pro)
ggml_metal_device_init: GPU family: MTLGPUFamilyApple10  (1010)
ggml_metal_device_init: GPU family: MTLGPUFamilyMetal4  (5002)
ggml_metal_device_init: simdgroup reduction   = true
ggml_metal_device_init: simdgroup matrix mul. = true
ggml_metal_device_init: has unified memory    = true
ggml_metal_device_init: has bfloat            = true
ggml_metal_device_init: has tensor            = true
ggml_metal_device_init: use residency sets    = true
ggml_metal_device_init: use shared buffers    = true
ggml_metal_device_init: recommendedMaxWorkingSetSize  = 40200.90 MB
ggml_metal_init: allocating
ggml_metal_init: found device: Apple M5 Pro
ggml_metal_init: picking default device: Apple M5 Pro
ggml_metal_init: use fusion         = true
ggml_metal_init: use concurrency    = true
ggml_metal_init: use graph optimize = true
ggml_metal_library_compile_pipeline: compiling pipeline: base = 'kernel_mul_mv_id_q2_0_f32', name = 'kernel_mul_mv_id_q2_0_f32_nsg=2_split=0'
ggml_metal_library_compile_pipeline: loaded kernel_mul_mv_id_q2_0_f32_nsg=2_split=0       0x1034efe70 | th_max = 1024 | th_width =   32
ggml_metal_library_compile_pipeline: compiling pipeline: base = 'kernel_swiglu_f32', name = 'kernel_swiglu_f32'
ggml_metal_library_compile_pipeline: loaded kernel_swiglu_f32                             0x1034f09f0 | th_max = 1024 | th_width =   32
ggml_metal_library_compile_pipeline: compiling pipeline: base = 'kernel_bin_fuse_f32_f32_f32', name = 'kernel_bin_fuse_f32_f32_f32_op=2_nf=1_rb=0_cb=1'
ggml_metal_library_compile_pipeline: loaded kernel_bin_fuse_f32_f32_f32_op=2_nf=1_rb=0_cb=1      0x1034f0f70 | th_max = 1024 | th_width =   32
ggml_metal_library_compile_pipeline: compiling pipeline: base = 'kernel_bin_fuse_f32_f32_f32_4', name = 'kernel_bin_fuse_f32_f32_f32_4_op=0_nf=7_rb=0_cb=0'
ggml_metal_library_compile_pipeline: loaded kernel_bin_fuse_f32_f32_f32_4_op=0_nf=7_rb=0_cb=0      0x1034f12f0 | th_max = 1024 | th_width =   32
ggml_metal_library_compile_pipeline: compiling pipeline: base = 'kernel_bin_fuse_f32_f32_f32_4', name = 'kernel_bin_fuse_f32_f32_f32_4_op=0_nf=2_rb=0_cb=0'
ggml_metal_library_compile_pipeline: loaded kernel_bin_fuse_f32_f32_f32_4_op=0_nf=2_rb=0_cb=0     0x7701278000 | th_max = 1024 | th_width =   32
ggml_metal_library_compile_pipeline: compiling pipeline: base = 'kernel_bin_fuse_f32_f32_f32_4', name = 'kernel_bin_fuse_f32_f32_f32_4_op=0_nf=1_rb=0_cb=0'
ggml_metal_library_compile_pipeline: loaded kernel_bin_fuse_f32_f32_f32_4_op=0_nf=1_rb=0_cb=0     0x7701278380 | th_max = 1024 | th_width =   32
M5_GATE_CASE {"cpu_compute_nodes":0,"cpu_nmse":6.957007826013444e-14,"distinct_experts":[14,22,24,26,28,30,33,40],"eligible":true,"graph_buffer_bytes":5385920,"input_ids_preserved":true,"layout":"plain","max_absolute_error":3.669212926826759e-07,"max_scaled_error":3.163219394197725e-07,"output_elements":1105920,"route":"real","route_index":0,"rows":4,"samples":60,"scheduler":true,"triplets_per_graph":8,"wall_samples_us_per_triplet":[288.380125,288.9635,289.2135,290.208375,290.328125,290.447875,290.546875,290.6615,290.713625,290.739625,290.802125,290.916625,291.041625,291.171875,291.458375,291.5,291.546875,291.734375,292.08325,292.192625,292.19275,292.208375,292.276,292.31775,292.604125,292.708375,292.817625,293.1875,293.369875,293.421875,293.8125,294.03125,294.05725,294.072875,294.224,294.2865,294.291625,294.54175,294.59375,294.6145,294.66675,294.765625,294.770875,294.869875,295.1875,295.25,295.921875,295.942625,296.026,297.041625,297.046875,297.072875,297.291625,297.479125,297.489625,297.671875,298.19275,298.515625,298.984375,300.260375],"wall_us_per_triplet":293.8125}
M5_GATE_CASE {"cpu_compute_nodes":0,"cpu_nmse":8.813416802937666e-14,"distinct_experts":[40,40,40,40,40,40,40,40],"eligible":true,"graph_buffer_bytes":5385920,"input_ids_preserved":true,"layout":"plain","max_absolute_error":2.665893277242759e-07,"max_scaled_error":2.544322713626812e-07,"output_elements":1105920,"route":"distinct","route_index":0,"rows":4,"samples":60,"scheduler":true,"triplets_per_graph":8,"wall_samples_us_per_triplet":[295.072875,296.71875,296.96875,298.36975,298.734375,298.817625,299.145875,300.4115,300.724,301.1615,301.43225,301.61975,301.807375,301.838625,302.057375,302.198,302.333375,302.41675,302.427,302.4635,302.5885,302.599,302.729125,302.86975,303.2135,303.25525,303.296875,303.395875,303.635375,303.697875,303.7605,304.125,304.44275,304.5625,304.7865,304.85425,304.88025,305.296875,305.776,305.802125,305.895875,306.0,306.020875,306.06775,306.140625,306.333375,306.463625,306.520875,307.442625,308.739625,308.91675,312.55725,312.645875,312.95825,312.9635,312.9635,313.21875,313.34375,313.68225,315.46875],"wall_us_per_triplet":303.7605}
M5_GATE_CASE {"cpu_compute_nodes":0,"cpu_nmse":7.063375741560338e-14,"distinct_experts":[10,10,10,10,10,10,10,10],"eligible":true,"graph_buffer_bytes":5385920,"input_ids_preserved":true,"layout":"plain","max_absolute_error":3.351239759030733e-07,"max_scaled_error":3.351239759030733e-07,"output_elements":1105920,"route":"shared","route_index":0,"rows":4,"samples":60,"scheduler":true,"triplets_per_graph":8,"wall_samples_us_per_triplet":[284.06775,285.19275,285.85425,285.88025,286.52075,286.572875,286.8125,287.010375,287.302125,287.724,287.95825,288.723875,288.927125,289.104125,289.119875,290.026,290.05725,290.151,290.223875,290.349,290.49475,290.50525,290.53125,290.5625,290.70825,290.78125,290.85425,291.098875,291.276,291.296875,291.651,291.724,291.823,292.03125,292.046875,292.192625,292.38025,292.474,292.541625,292.6875,292.90625,292.911375,292.974,293.067625,293.166625,293.390625,293.41675,293.599,293.609375,293.70825,293.7605,294.03125,296.276125,297.1875,297.526125,298.74475,299.307375,300.161375,301.9375,311.59375],"wall_us_per_triplet":291.651}
M5_GATE_CASE {"cpu_compute_nodes":0,"cpu_nmse":7.030566706314856e-14,"distinct_experts":[13,26,29,31,34,36,40,50],"eligible":true,"graph_buffer_bytes":6721728,"input_ids_preserved":true,"layout":"plain","max_absolute_error":2.9987389271735054e-07,"max_scaled_error":2.9987389271735054e-07,"output_elements":1382400,"route":"real","route_index":0,"rows":5,"samples":60,"scheduler":true,"triplets_per_graph":8,"wall_samples_us_per_triplet":[350.515625,351.723875,351.9635,352.296875,352.84375,352.895875,353.36975,354.224,354.557375,355.0,355.14575,355.171875,355.421875,355.526,355.739625,355.75525,355.7865,355.802125,355.890625,355.9375,356.078125,356.088625,356.09375,356.322875,356.41675,356.4375,356.61975,356.739625,356.958375,357.427125,357.619875,357.770875,357.80725,357.81775,357.859375,357.9375,357.94275,357.974,358.020875,358.052,358.34375,358.385375,358.677125,358.86975,359.03125,359.182375,359.25,359.30725,359.448,359.552,359.625,360.30725,360.3645,360.515625,361.010375,361.75525,362.651,362.979125,365.703125,374.859375],"wall_us_per_triplet":357.619875}
M5_GATE_CASE {"cpu_compute_nodes":0,"cpu_nmse":9.616919896786819e-14,"distinct_experts":[50,50,50,50,50,50,50,50],"eligible":true,"graph_buffer_bytes":6721728,"input_ids_preserved":true,"layout":"plain","max_absolute_error":3.6201216380149503e-07,"max_scaled_error":3.6201216380149503e-07,"output_elements":1382400,"route":"distinct","route_index":0,"rows":5,"samples":60,"scheduler":true,"triplets_per_graph":8,"wall_samples_us_per_triplet":[361.786375,361.958375,362.135375,362.213625,362.8645,363.0625,363.1355,363.474,363.526,363.979125,364.260375,364.302125,364.44275,364.45825,364.484375,364.505125,364.526,364.599,364.614625,364.671875,364.796875,364.817625,364.953125,365.708375,365.885375,365.984375,366.25,366.6615,366.8125,366.828125,367.052,367.052,367.09375,367.3385,367.385375,367.484375,367.630125,367.776,367.796875,367.8125,367.932375,367.99475,368.0365,368.109375,368.198,368.302125,368.348875,368.40625,368.578125,368.927125,369.20825,371.15625,371.494875,372.026,373.979125,375.14575,375.53125,375.849,375.869875,376.59375],"wall_us_per_triplet":367.052}
M5_GATE_CASE {"cpu_compute_nodes":0,"cpu_nmse":7.366095811566404e-14,"distinct_experts":[10,10,10,10,10,10,10,10],"eligible":true,"graph_buffer_bytes":6721728,"input_ids_preserved":true,"layout":"plain","max_absolute_error":3.351239759030733e-07,"max_scaled_error":3.351239759030733e-07,"output_elements":1382400,"route":"shared","route_index":0,"rows":5,"samples":60,"scheduler":true,"triplets_per_graph":8,"wall_samples_us_per_triplet":[342.848875,343.822875,344.7135,344.807375,345.03125,345.932375,346.8125,347.1875,347.375,348.036375,348.0365,348.265625,348.3125,348.6875,348.734375,348.927,349.208375,349.401,349.573,349.74475,349.791625,349.802125,349.890625,349.916625,349.916625,350.00525,350.0105,350.02075,350.145875,350.36975,350.698,351.260375,351.390625,351.9375,352.0105,352.099,352.166625,352.442625,352.474,352.489625,352.515625,352.5365,352.682375,352.692625,352.791625,352.974,353.09375,353.30725,353.369875,353.802125,353.822875,353.86975,354.073,355.901,356.2395,357.833375,357.880125,360.0365,360.151125,376.333375],"wall_us_per_triplet":350.698}
M5_GATE_DONE {"allocated_weight_bytes":2124195840,"cases":6,"cpu_compute_nodes":0,"mode":"perf","scheduler":true,"weights_preserved":true}
ggml_metal_free: deallocating
