ggml_metal_device_init: testing tensor API for f16 support
ggml_metal_library_compile_pipeline: compiling pipeline: base = 'dummy_kernel', name = 'dummy_kernel'
ggml_metal_library_compile_pipeline: loaded dummy_kernel                                  0x1016ecbe0 | th_max = 1024 | th_width =   32
ggml_metal_device_init: testing tensor API for bfloat support
ggml_metal_library_compile_pipeline: compiling pipeline: base = 'dummy_kernel', name = 'dummy_kernel'
ggml_metal_library_compile_pipeline: loaded dummy_kernel                                  0x1016ecd60 | th_max = 1024 | th_width =   32
ggml_metal_library_init: using embedded metal library
ggml_metal_library_compile_all: compiled 'fa_aux' library in 0.002 sec
ggml_metal_library_compile_all: compiled 'fa_f16' library in 0.002 sec
ggml_metal_library_compile_all: compiled 'fa_f32' library in 0.001 sec
ggml_metal_library_compile_all: compiled 'fa_q4_0' library in 0.001 sec
ggml_metal_library_compile_all: compiled 'fa_q4_1' library in 0.008 sec
ggml_metal_library_compile_all: compiled 'fa_q5_0' library in 0.008 sec
ggml_metal_library_compile_all: compiled 'fa_q5_1' library in 0.001 sec
ggml_metal_library_compile_all: compiled 'fa_q8_0' library in 0.009 sec
ggml_metal_library_compile_all: compiled 'fa_vec_f16' library in 0.004 sec
ggml_metal_library_compile_all: compiled 'fa_vec_f32' library in 0.003 sec
ggml_metal_library_compile_all: compiled 'fa_vec_q4_0' library in 0.006 sec
ggml_metal_library_compile_all: compiled 'fa_vec_q4_1' library in 0.003 sec
ggml_metal_library_compile_all: compiled 'fa_vec_q5_0' library in 0.009 sec
ggml_metal_library_compile_all: compiled 'fa_vec_q5_1' library in 0.006 sec
ggml_metal_library_compile_all: compiled 'fa_vec_q8_0' library in 0.011 sec
ggml_metal_library_compile_all: compiled 'mul_mv' library in 0.005 sec
ggml_metal_library_compile_all: compiled 'mul_mv_mma' library in 0.007 sec
ggml_metal_library_compile_all: compiled 'mul_mm' library in 0.010 sec
ggml_metal_library_compile_all: compiled 'quantize' library in 0.002 sec
ggml_metal_library_compile_all: compiled 'softmax' library in 0.000 sec
ggml_metal_library_compile_all: compiled 'norm' library in 0.008 sec
ggml_metal_library_compile_all: compiled 'unary' library in 0.001 sec
ggml_metal_library_compile_all: compiled 'binbcast' library in 0.007 sec
ggml_metal_library_compile_all: compiled 'reduce' library in 0.001 sec
ggml_metal_library_compile_all: compiled 'tri' library in 0.005 sec
ggml_metal_library_compile_all: compiled 'ssm' library in 0.005 sec
ggml_metal_library_compile_all: compiled 'wkv' library in 0.007 sec
ggml_metal_library_compile_all: compiled 'gated_delta_net' library in 0.007 sec
ggml_metal_library_compile_all: compiled 'solve_tri' library in 0.008 sec
ggml_metal_library_compile_all: compiled 'rope' library in 0.005 sec
ggml_metal_library_compile_all: compiled 'conv' library in 0.004 sec
ggml_metal_library_compile_all: compiled 'upscale' library in 0.001 sec
ggml_metal_library_compile_all: compiled 'argsort' library in 0.001 sec
ggml_metal_library_compile_all: compiled 'pool' library in 0.004 sec
ggml_metal_library_compile_all: compiled 'misc' library in 0.010 sec
ggml_metal_library_compile_all: loaded 35 libraries from embedded data in 0.011 sec (max single = 0.011 sec)
ggml_metal_rsets_init: creating a residency set collection (keep_alive = 180 s)
ggml_metal_device_init: GPU name:   MTL0 (Apple M5 Pro)
ggml_metal_device_init: GPU family: MTLGPUFamilyApple10  (1010)
ggml_metal_device_init: GPU family: MTLGPUFamilyMetal4  (5002)
ggml_metal_device_init: simdgroup reduction   = true
ggml_metal_device_init: simdgroup matrix mul. = true
ggml_metal_device_init: has unified memory    = true
ggml_metal_device_init: has bfloat            = true
ggml_metal_device_init: has tensor            = true
ggml_metal_device_init: use residency sets    = true
ggml_metal_device_init: use shared buffers    = true
ggml_metal_device_init: recommendedMaxWorkingSetSize  = 40200.90 MB
ggml_metal_init: allocating
ggml_metal_init: found device: Apple M5 Pro
ggml_metal_init: picking default device: Apple M5 Pro
ggml_metal_init: use fusion         = true
ggml_metal_init: use concurrency    = true
ggml_metal_init: use graph optimize = true
ggml_metal_library_compile_pipeline: compiling pipeline: base = 'kernel_mul_mv_id_q2_0_f32', name = 'kernel_mul_mv_id_q2_0_f32_nsg=2_split=0'
ggml_metal_library_compile_pipeline: loaded kernel_mul_mv_id_q2_0_f32_nsg=2_split=0       0x1016c0000 | th_max = 1024 | th_width =   32
ggml_metal_library_compile_pipeline: compiling pipeline: base = 'kernel_unary_f32_f32_4', name = 'kernel_unary_f32_f32_4_op=106_cnt=1'
ggml_metal_library_compile_pipeline: loaded kernel_unary_f32_f32_4_op=106_cnt=1           0x1016fa620 | th_max = 1024 | th_width =   32
ggml_metal_library_compile_pipeline: compiling pipeline: base = 'kernel_bin_fuse_f32_f32_f32_4', name = 'kernel_bin_fuse_f32_f32_f32_4_op=2_nf=1_rb=0_cb=0'
ggml_metal_library_compile_pipeline: loaded kernel_bin_fuse_f32_f32_f32_4_op=2_nf=1_rb=0_cb=0      0x1016f8060 | th_max = 1024 | th_width =   32
M5_GROUP_CASE {"cpu_nmse":2.989396006865026e-14,"distinct_experts":[10],"elements":38400,"input_ids_preserved":true,"layout":"plain","max_absolute_error":2.3737442056415148e-07,"route":"distinct","route_index":0,"rows":1,"samples":1,"triplets_per_graph":1,"wall_us_per_triplet":647.042}
M5_GROUP_CASE {"cpu_nmse":2.9273733377196064e-14,"distinct_experts":[20],"elements":76800,"input_ids_preserved":true,"layout":"plain","max_absolute_error":2.5304836537287656e-07,"route":"distinct","route_index":0,"rows":2,"samples":1,"triplets_per_graph":1,"wall_us_per_triplet":1733.042}
M5_GROUP_CASE {"cpu_nmse":3.5926534629276714e-14,"distinct_experts":[30],"elements":115200,"input_ids_preserved":true,"layout":"plain","max_absolute_error":2.5991261409785693e-07,"route":"distinct","route_index":0,"rows":3,"samples":1,"triplets_per_graph":1,"wall_us_per_triplet":1312.417}
ggml_metal_library_compile_pipeline: compiling pipeline: base = 'kernel_unary_f32_f32_4', name = 'kernel_unary_f32_f32_4_op=106_cnt=0'
ggml_metal_library_compile_pipeline: loaded kernel_unary_f32_f32_4_op=106_cnt=0          0x7933288700 | th_max = 1024 | th_width =   32
M5_GROUP_CASE {"cpu_nmse":3.045016765595493e-14,"distinct_experts":[60],"elements":230400,"input_ids_preserved":true,"layout":"plain","max_absolute_error":2.7654375639452056e-07,"route":"distinct","route_index":0,"rows":6,"samples":1,"triplets_per_graph":1,"wall_us_per_triplet":1050.458}
M5_GROUP_ROUTE {"k":2560,"m":640,"rows":4,"assignments":40,"map_bytes":1120,"map_reused":false}
ggml_metal_library_compile_pipeline: compiling pipeline: base = 'kernel_m5_group_map', name = 'kernel_m5_group_map'
ggml_metal_library_compile_pipeline: loaded kernel_m5_group_map                          0x7933288000 | th_max = 1024 | th_width =   32
ggml_metal_library_compile_pipeline: compiling pipeline: base = 'kernel_m5_group_q2_0_f32', name = 'kernel_m5_group_q2_0_f32'
ggml_metal_library_compile_pipeline: loaded kernel_m5_group_q2_0_f32                     0x7933288e00 | th_max = 1024 | th_width =   32
M5_GROUP_ROUTE {"k":2560,"m":640,"rows":4,"assignments":40,"map_bytes":1120,"map_reused":false}
M5_GROUP_ROUTE {"k":640,"m":2560,"rows":4,"assignments":40,"map_bytes":1120,"map_reused":false}
M5_GROUP_ROUTE {"k":2560,"m":640,"rows":4,"assignments":40,"map_bytes":1120,"map_reused":false}
M5_GROUP_ROUTE {"k":2560,"m":640,"rows":4,"assignments":40,"map_bytes":1120,"map_reused":false}
M5_GROUP_ROUTE {"k":640,"m":2560,"rows":4,"assignments":40,"map_bytes":1120,"map_reused":false}
M5_GROUP_ROUTE {"k":2560,"m":640,"rows":4,"assignments":40,"map_bytes":1120,"map_reused":false}
M5_GROUP_ROUTE {"k":2560,"m":640,"rows":4,"assignments":40,"map_bytes":1120,"map_reused":false}
M5_GROUP_ROUTE {"k":640,"m":2560,"rows":4,"assignments":40,"map_bytes":1120,"map_reused":false}
M5_GROUP_ROUTE {"k":2560,"m":640,"rows":4,"assignments":40,"map_bytes":1120,"map_reused":false}
M5_GROUP_ROUTE {"k":2560,"m":640,"rows":4,"assignments":40,"map_bytes":1120,"map_reused":false}
M5_GROUP_ROUTE {"k":640,"m":2560,"rows":4,"assignments":40,"map_bytes":1120,"map_reused":false}
M5_GROUP_ROUTE {"k":2560,"m":640,"rows":4,"assignments":40,"map_bytes":1120,"map_reused":false}
M5_GROUP_ROUTE {"k":2560,"m":640,"rows":4,"assignments":40,"map_bytes":1120,"map_reused":false}
M5_GROUP_ROUTE {"k":640,"m":2560,"rows":4,"assignments":40,"map_bytes":1120,"map_reused":false}
M5_GROUP_CASE {"cpu_nmse":3.202969891186918e-14,"distinct_experts":[14],"elements":153600,"input_ids_preserved":true,"layout":"plain","max_absolute_error":3.067699703152016e-07,"route":"real","route_index":0,"rows":4,"samples":1,"triplets_per_graph":1,"wall_us_per_triplet":5450.792}
M5_GROUP_ROUTE {"k":2560,"m":640,"rows":4,"assignments":40,"map_bytes":1120,"map_reused":false}
M5_GROUP_ROUTE {"k":2560,"m":640,"rows":4,"assignments":40,"map_bytes":1120,"map_reused":false}
M5_GROUP_ROUTE {"k":640,"m":2560,"rows":4,"assignments":40,"map_bytes":1120,"map_reused":false}
M5_GROUP_ROUTE {"k":2560,"m":640,"rows":4,"assignments":40,"map_bytes":1120,"map_reused":false}
M5_GROUP_ROUTE {"k":2560,"m":640,"rows":4,"assignments":40,"map_bytes":1120,"map_reused":false}
M5_GROUP_ROUTE {"k":640,"m":2560,"rows":4,"assignments":40,"map_bytes":1120,"map_reused":false}
M5_GROUP_ROUTE {"k":2560,"m":640,"rows":4,"assignments":40,"map_bytes":1120,"map_reused":false}
M5_GROUP_ROUTE {"k":2560,"m":640,"rows":4,"assignments":40,"map_bytes":1120,"map_reused":false}
M5_GROUP_ROUTE {"k":640,"m":2560,"rows":4,"assignments":40,"map_bytes":1120,"map_reused":false}
M5_GROUP_ROUTE {"k":2560,"m":640,"rows":4,"assignments":40,"map_bytes":1120,"map_reused":false}
M5_GROUP_ROUTE {"k":2560,"m":640,"rows":4,"assignments":40,"map_bytes":1120,"map_reused":false}
M5_GROUP_ROUTE {"k":640,"m":2560,"rows":4,"assignments":40,"map_bytes":1120,"map_reused":false}
M5_GROUP_ROUTE {"k":2560,"m":640,"rows":4,"assignments":40,"map_bytes":1120,"map_reused":false}
M5_GROUP_ROUTE {"k":2560,"m":640,"rows":4,"assignments":40,"map_bytes":1120,"map_reused":false}
M5_GROUP_ROUTE {"k":640,"m":2560,"rows":4,"assignments":40,"map_bytes":1120,"map_reused":false}
M5_GROUP_CASE {"cpu_nmse":3.204880491410707e-14,"distinct_experts":[22],"elements":153600,"input_ids_preserved":true,"layout":"plain","max_absolute_error":3.1255133858820727e-07,"route":"real","route_index":1,"rows":4,"samples":1,"triplets_per_graph":1,"wall_us_per_triplet":3364.583}
M5_GROUP_ROUTE {"k":2560,"m":640,"rows":4,"assignments":40,"map_bytes":1120,"map_reused":false}
M5_GROUP_ROUTE {"k":2560,"m":640,"rows":4,"assignments":40,"map_bytes":1120,"map_reused":false}
M5_GROUP_ROUTE {"k":640,"m":2560,"rows":4,"assignments":40,"map_bytes":1120,"map_reused":false}
M5_GROUP_ROUTE {"k":2560,"m":640,"rows":4,"assignments":40,"map_bytes":1120,"map_reused":false}
M5_GROUP_ROUTE {"k":2560,"m":640,"rows":4,"assignments":40,"map_bytes":1120,"map_reused":false}
M5_GROUP_ROUTE {"k":640,"m":2560,"rows":4,"assignments":40,"map_bytes":1120,"map_reused":false}
M5_GROUP_ROUTE {"k":2560,"m":640,"rows":4,"assignments":40,"map_bytes":1120,"map_reused":false}
M5_GROUP_ROUTE {"k":2560,"m":640,"rows":4,"assignments":40,"map_bytes":1120,"map_reused":false}
M5_GROUP_ROUTE {"k":640,"m":2560,"rows":4,"assignments":40,"map_bytes":1120,"map_reused":false}
M5_GROUP_ROUTE {"k":2560,"m":640,"rows":4,"assignments":40,"map_bytes":1120,"map_reused":false}
M5_GROUP_ROUTE {"k":2560,"m":640,"rows":4,"assignments":40,"map_bytes":1120,"map_reused":false}
M5_GROUP_ROUTE {"k":640,"m":2560,"rows":4,"assignments":40,"map_bytes":1120,"map_reused":false}
M5_GROUP_ROUTE {"k":2560,"m":640,"rows":4,"assignments":40,"map_bytes":1120,"map_reused":false}
M5_GROUP_ROUTE {"k":2560,"m":640,"rows":4,"assignments":40,"map_bytes":1120,"map_reused":false}
M5_GROUP_ROUTE {"k":640,"m":2560,"rows":4,"assignments":40,"map_bytes":1120,"map_reused":false}
M5_GROUP_CASE {"cpu_nmse":3.2177152453878086e-14,"distinct_experts":[24],"elements":153600,"input_ids_preserved":true,"layout":"plain","max_absolute_error":2.914020535982331e-07,"route":"real","route_index":2,"rows":4,"samples":1,"triplets_per_graph":1,"wall_us_per_triplet":3099.291}
M5_GROUP_ROUTE {"k":2560,"m":640,"rows":4,"assignments":40,"map_bytes":1120,"map_reused":false}
M5_GROUP_ROUTE {"k":2560,"m":640,"rows":4,"assignments":40,"map_bytes":1120,"map_reused":false}
M5_GROUP_ROUTE {"k":640,"m":2560,"rows":4,"assignments":40,"map_bytes":1120,"map_reused":false}
M5_GROUP_ROUTE {"k":2560,"m":640,"rows":4,"assignments":40,"map_bytes":1120,"map_reused":false}
M5_GROUP_ROUTE {"k":2560,"m":640,"rows":4,"assignments":40,"map_bytes":1120,"map_reused":false}
M5_GROUP_ROUTE {"k":640,"m":2560,"rows":4,"assignments":40,"map_bytes":1120,"map_reused":false}
M5_GROUP_ROUTE {"k":2560,"m":640,"rows":4,"assignments":40,"map_bytes":1120,"map_reused":false}
M5_GROUP_ROUTE {"k":2560,"m":640,"rows":4,"assignments":40,"map_bytes":1120,"map_reused":false}
M5_GROUP_ROUTE {"k":640,"m":2560,"rows":4,"assignments":40,"map_bytes":1120,"map_reused":false}
M5_GROUP_ROUTE {"k":2560,"m":640,"rows":4,"assignments":40,"map_bytes":1120,"map_reused":false}
M5_GROUP_ROUTE {"k":2560,"m":640,"rows":4,"assignments":40,"map_bytes":1120,"map_reused":false}
M5_GROUP_ROUTE {"k":640,"m":2560,"rows":4,"assignments":40,"map_bytes":1120,"map_reused":false}
M5_GROUP_ROUTE {"k":2560,"m":640,"rows":4,"assignments":40,"map_bytes":1120,"map_reused":false}
M5_GROUP_ROUTE {"k":2560,"m":640,"rows":4,"assignments":40,"map_bytes":1120,"map_reused":false}
M5_GROUP_ROUTE {"k":640,"m":2560,"rows":4,"assignments":40,"map_bytes":1120,"map_reused":false}
M5_GROUP_CASE {"cpu_nmse":3.208798269468517e-14,"distinct_experts":[26],"elements":153600,"input_ids_preserved":true,"layout":"plain","max_absolute_error":2.735184674307334e-07,"route":"real","route_index":3,"rows":4,"samples":1,"triplets_per_graph":1,"wall_us_per_triplet":1578.5}
M5_GROUP_ROUTE {"k":2560,"m":640,"rows":4,"assignments":40,"map_bytes":1120,"map_reused":false}
M5_GROUP_ROUTE {"k":2560,"m":640,"rows":4,"assignments":40,"map_bytes":1120,"map_reused":false}
M5_GROUP_ROUTE {"k":640,"m":2560,"rows":4,"assignments":40,"map_bytes":1120,"map_reused":false}
M5_GROUP_ROUTE {"k":2560,"m":640,"rows":4,"assignments":40,"map_bytes":1120,"map_reused":false}
M5_GROUP_ROUTE {"k":2560,"m":640,"rows":4,"assignments":40,"map_bytes":1120,"map_reused":false}
M5_GROUP_ROUTE {"k":640,"m":2560,"rows":4,"assignments":40,"map_bytes":1120,"map_reused":false}
M5_GROUP_ROUTE {"k":2560,"m":640,"rows":4,"assignments":40,"map_bytes":1120,"map_reused":false}
M5_GROUP_ROUTE {"k":2560,"m":640,"rows":4,"assignments":40,"map_bytes":1120,"map_reused":false}
M5_GROUP_ROUTE {"k":640,"m":2560,"rows":4,"assignments":40,"map_bytes":1120,"map_reused":false}
M5_GROUP_ROUTE {"k":2560,"m":640,"rows":4,"assignments":40,"map_bytes":1120,"map_reused":false}
M5_GROUP_ROUTE {"k":2560,"m":640,"rows":4,"assignments":40,"map_bytes":1120,"map_reused":false}
M5_GROUP_ROUTE {"k":640,"m":2560,"rows":4,"assignments":40,"map_bytes":1120,"map_reused":false}
M5_GROUP_ROUTE {"k":2560,"m":640,"rows":4,"assignments":40,"map_bytes":1120,"map_reused":false}
M5_GROUP_ROUTE {"k":2560,"m":640,"rows":4,"assignments":40,"map_bytes":1120,"map_reused":false}
M5_GROUP_ROUTE {"k":640,"m":2560,"rows":4,"assignments":40,"map_bytes":1120,"map_reused":false}
M5_GROUP_CASE {"cpu_nmse":3.146821136220211e-14,"distinct_experts":[28],"elements":153600,"input_ids_preserved":true,"layout":"plain","max_absolute_error":3.0515603732794716e-07,"route":"real","route_index":4,"rows":4,"samples":1,"triplets_per_graph":1,"wall_us_per_triplet":1836.125}
M5_GROUP_ROUTE {"k":2560,"m":640,"rows":4,"assignments":40,"map_bytes":1120,"map_reused":false}
M5_GROUP_ROUTE {"k":2560,"m":640,"rows":4,"assignments":40,"map_bytes":1120,"map_reused":false}
M5_GROUP_ROUTE {"k":640,"m":2560,"rows":4,"assignments":40,"map_bytes":1120,"map_reused":false}
M5_GROUP_ROUTE {"k":2560,"m":640,"rows":4,"assignments":40,"map_bytes":1120,"map_reused":false}
M5_GROUP_ROUTE {"k":2560,"m":640,"rows":4,"assignments":40,"map_bytes":1120,"map_reused":false}
M5_GROUP_ROUTE {"k":640,"m":2560,"rows":4,"assignments":40,"map_bytes":1120,"map_reused":false}
M5_GROUP_ROUTE {"k":2560,"m":640,"rows":4,"assignments":40,"map_bytes":1120,"map_reused":false}
M5_GROUP_ROUTE {"k":2560,"m":640,"rows":4,"assignments":40,"map_bytes":1120,"map_reused":false}
M5_GROUP_ROUTE {"k":640,"m":2560,"rows":4,"assignments":40,"map_bytes":1120,"map_reused":false}
M5_GROUP_ROUTE {"k":2560,"m":640,"rows":4,"assignments":40,"map_bytes":1120,"map_reused":false}
M5_GROUP_ROUTE {"k":2560,"m":640,"rows":4,"assignments":40,"map_bytes":1120,"map_reused":false}
M5_GROUP_ROUTE {"k":640,"m":2560,"rows":4,"assignments":40,"map_bytes":1120,"map_reused":false}
M5_GROUP_ROUTE {"k":2560,"m":640,"rows":4,"assignments":40,"map_bytes":1120,"map_reused":false}
M5_GROUP_ROUTE {"k":2560,"m":640,"rows":4,"assignments":40,"map_bytes":1120,"map_reused":false}
M5_GROUP_ROUTE {"k":640,"m":2560,"rows":4,"assignments":40,"map_bytes":1120,"map_reused":false}
M5_GROUP_CASE {"cpu_nmse":3.20715248654576e-14,"distinct_experts":[30],"elements":153600,"input_ids_preserved":true,"layout":"plain","max_absolute_error":2.9169907822534924e-07,"route":"real","route_index":5,"rows":4,"samples":1,"triplets_per_graph":1,"wall_us_per_triplet":1089.042}
M5_GROUP_ROUTE {"k":2560,"m":640,"rows":4,"assignments":40,"map_bytes":1120,"map_reused":false}
M5_GROUP_ROUTE {"k":2560,"m":640,"rows":4,"assignments":40,"map_bytes":1120,"map_reused":false}
M5_GROUP_ROUTE {"k":640,"m":2560,"rows":4,"assignments":40,"map_bytes":1120,"map_reused":false}
M5_GROUP_ROUTE {"k":2560,"m":640,"rows":4,"assignments":40,"map_bytes":1120,"map_reused":false}
M5_GROUP_ROUTE {"k":2560,"m":640,"rows":4,"assignments":40,"map_bytes":1120,"map_reused":false}
M5_GROUP_ROUTE {"k":640,"m":2560,"rows":4,"assignments":40,"map_bytes":1120,"map_reused":false}
M5_GROUP_ROUTE {"k":2560,"m":640,"rows":4,"assignments":40,"map_bytes":1120,"map_reused":false}
M5_GROUP_ROUTE {"k":2560,"m":640,"rows":4,"assignments":40,"map_bytes":1120,"map_reused":false}
M5_GROUP_ROUTE {"k":640,"m":2560,"rows":4,"assignments":40,"map_bytes":1120,"map_reused":false}
M5_GROUP_ROUTE {"k":2560,"m":640,"rows":4,"assignments":40,"map_bytes":1120,"map_reused":false}
M5_GROUP_ROUTE {"k":2560,"m":640,"rows":4,"assignments":40,"map_bytes":1120,"map_reused":false}
M5_GROUP_ROUTE {"k":640,"m":2560,"rows":4,"assignments":40,"map_bytes":1120,"map_reused":false}
M5_GROUP_ROUTE {"k":2560,"m":640,"rows":4,"assignments":40,"map_bytes":1120,"map_reused":false}
M5_GROUP_ROUTE {"k":2560,"m":640,"rows":4,"assignments":40,"map_bytes":1120,"map_reused":false}
M5_GROUP_ROUTE {"k":640,"m":2560,"rows":4,"assignments":40,"map_bytes":1120,"map_reused":false}
M5_GROUP_CASE {"cpu_nmse":3.2204492750223707e-14,"distinct_experts":[33],"elements":153600,"input_ids_preserved":true,"layout":"plain","max_absolute_error":2.716450406836657e-07,"route":"real","route_index":6,"rows":4,"samples":1,"triplets_per_graph":1,"wall_us_per_triplet":1916.584}
M5_GROUP_ROUTE {"k":2560,"m":640,"rows":4,"assignments":40,"map_bytes":1120,"map_reused":false}
M5_GROUP_ROUTE {"k":2560,"m":640,"rows":4,"assignments":40,"map_bytes":1120,"map_reused":false}
M5_GROUP_ROUTE {"k":640,"m":2560,"rows":4,"assignments":40,"map_bytes":1120,"map_reused":false}
M5_GROUP_ROUTE {"k":2560,"m":640,"rows":4,"assignments":40,"map_bytes":1120,"map_reused":false}
M5_GROUP_ROUTE {"k":2560,"m":640,"rows":4,"assignments":40,"map_bytes":1120,"map_reused":false}
M5_GROUP_ROUTE {"k":640,"m":2560,"rows":4,"assignments":40,"map_bytes":1120,"map_reused":false}
M5_GROUP_ROUTE {"k":2560,"m":640,"rows":4,"assignments":40,"map_bytes":1120,"map_reused":false}
M5_GROUP_ROUTE {"k":2560,"m":640,"rows":4,"assignments":40,"map_bytes":1120,"map_reused":false}
M5_GROUP_ROUTE {"k":640,"m":2560,"rows":4,"assignments":40,"map_bytes":1120,"map_reused":false}
M5_GROUP_ROUTE {"k":2560,"m":640,"rows":4,"assignments":40,"map_bytes":1120,"map_reused":false}
M5_GROUP_ROUTE {"k":2560,"m":640,"rows":4,"assignments":40,"map_bytes":1120,"map_reused":false}
M5_GROUP_ROUTE {"k":640,"m":2560,"rows":4,"assignments":40,"map_bytes":1120,"map_reused":false}
M5_GROUP_ROUTE {"k":2560,"m":640,"rows":4,"assignments":40,"map_bytes":1120,"map_reused":false}
M5_GROUP_ROUTE {"k":2560,"m":640,"rows":4,"assignments":40,"map_bytes":1120,"map_reused":false}
M5_GROUP_ROUTE {"k":640,"m":2560,"rows":4,"assignments":40,"map_bytes":1120,"map_reused":false}
M5_GROUP_CASE {"cpu_nmse":3.183599238542e-14,"distinct_experts":[40],"elements":153600,"input_ids_preserved":true,"layout":"plain","max_absolute_error":2.8658504014345e-07,"route":"real","route_index":7,"rows":4,"samples":1,"triplets_per_graph":1,"wall_us_per_triplet":1606.083}
M5_GROUP_ROUTE {"k":2560,"m":640,"rows":4,"assignments":40,"map_bytes":1120,"map_reused":false}
M5_GROUP_ROUTE {"k":2560,"m":640,"rows":4,"assignments":40,"map_bytes":1120,"map_reused":false}
M5_GROUP_ROUTE {"k":640,"m":2560,"rows":4,"assignments":40,"map_bytes":1120,"map_reused":false}
M5_GROUP_ROUTE {"k":2560,"m":640,"rows":4,"assignments":40,"map_bytes":1120,"map_reused":false}
M5_GROUP_ROUTE {"k":2560,"m":640,"rows":4,"assignments":40,"map_bytes":1120,"map_reused":false}
M5_GROUP_ROUTE {"k":640,"m":2560,"rows":4,"assignments":40,"map_bytes":1120,"map_reused":false}
M5_GROUP_ROUTE {"k":2560,"m":640,"rows":4,"assignments":40,"map_bytes":1120,"map_reused":false}
M5_GROUP_ROUTE {"k":2560,"m":640,"rows":4,"assignments":40,"map_bytes":1120,"map_reused":false}
M5_GROUP_ROUTE {"k":640,"m":2560,"rows":4,"assignments":40,"map_bytes":1120,"map_reused":false}
M5_GROUP_ROUTE {"k":2560,"m":640,"rows":4,"assignments":40,"map_bytes":1120,"map_reused":false}
M5_GROUP_ROUTE {"k":2560,"m":640,"rows":4,"assignments":40,"map_bytes":1120,"map_reused":false}
M5_GROUP_ROUTE {"k":640,"m":2560,"rows":4,"assignments":40,"map_bytes":1120,"map_reused":false}
M5_GROUP_ROUTE {"k":2560,"m":640,"rows":4,"assignments":40,"map_bytes":1120,"map_reused":false}
M5_GROUP_ROUTE {"k":2560,"m":640,"rows":4,"assignments":40,"map_bytes":1120,"map_reused":false}
M5_GROUP_ROUTE {"k":640,"m":2560,"rows":4,"assignments":40,"map_bytes":1120,"map_reused":false}
M5_GROUP_CASE {"cpu_nmse":3.171167882347754e-14,"distinct_experts":[40],"elements":153600,"input_ids_preserved":true,"layout":"plain","max_absolute_error":2.5991261409785693e-07,"route":"distinct","route_index":0,"rows":4,"samples":1,"triplets_per_graph":1,"wall_us_per_triplet":1592.333}
M5_GROUP_ROUTE {"k":2560,"m":640,"rows":4,"assignments":40,"map_bytes":1120,"map_reused":false}
M5_GROUP_ROUTE {"k":2560,"m":640,"rows":4,"assignments":40,"map_bytes":1120,"map_reused":false}
M5_GROUP_ROUTE {"k":640,"m":2560,"rows":4,"assignments":40,"map_bytes":1120,"map_reused":false}
M5_GROUP_ROUTE {"k":2560,"m":640,"rows":4,"assignments":40,"map_bytes":1120,"map_reused":false}
M5_GROUP_ROUTE {"k":2560,"m":640,"rows":4,"assignments":40,"map_bytes":1120,"map_reused":false}
M5_GROUP_ROUTE {"k":640,"m":2560,"rows":4,"assignments":40,"map_bytes":1120,"map_reused":false}
M5_GROUP_ROUTE {"k":2560,"m":640,"rows":4,"assignments":40,"map_bytes":1120,"map_reused":false}
M5_GROUP_ROUTE {"k":2560,"m":640,"rows":4,"assignments":40,"map_bytes":1120,"map_reused":false}
M5_GROUP_ROUTE {"k":640,"m":2560,"rows":4,"assignments":40,"map_bytes":1120,"map_reused":false}
M5_GROUP_ROUTE {"k":2560,"m":640,"rows":4,"assignments":40,"map_bytes":1120,"map_reused":false}
M5_GROUP_ROUTE {"k":2560,"m":640,"rows":4,"assignments":40,"map_bytes":1120,"map_reused":false}
M5_GROUP_ROUTE {"k":640,"m":2560,"rows":4,"assignments":40,"map_bytes":1120,"map_reused":false}
M5_GROUP_ROUTE {"k":2560,"m":640,"rows":4,"assignments":40,"map_bytes":1120,"map_reused":false}
M5_GROUP_ROUTE {"k":2560,"m":640,"rows":4,"assignments":40,"map_bytes":1120,"map_reused":false}
M5_GROUP_ROUTE {"k":640,"m":2560,"rows":4,"assignments":40,"map_bytes":1120,"map_reused":false}
M5_GROUP_CASE {"cpu_nmse":3.244870093737356e-14,"distinct_experts":[10],"elements":153600,"input_ids_preserved":true,"layout":"plain","max_absolute_error":2.71984752053811e-07,"route":"shared","route_index":0,"rows":4,"samples":1,"triplets_per_graph":1,"wall_us_per_triplet":8838.833}
M5_GROUP_ROUTE {"k":2560,"m":640,"rows":4,"assignments":40,"map_bytes":1120,"map_reused":false}
M5_GROUP_ROUTE {"k":2560,"m":640,"rows":4,"assignments":40,"map_bytes":1120,"map_reused":false}
M5_GROUP_ROUTE {"k":640,"m":2560,"rows":4,"assignments":40,"map_bytes":1120,"map_reused":false}
M5_GROUP_ROUTE {"k":2560,"m":640,"rows":4,"assignments":40,"map_bytes":1120,"map_reused":false}
M5_GROUP_ROUTE {"k":2560,"m":640,"rows":4,"assignments":40,"map_bytes":1120,"map_reused":false}
M5_GROUP_ROUTE {"k":640,"m":2560,"rows":4,"assignments":40,"map_bytes":1120,"map_reused":false}
M5_GROUP_ROUTE {"k":2560,"m":640,"rows":4,"assignments":40,"map_bytes":1120,"map_reused":false}
M5_GROUP_ROUTE {"k":2560,"m":640,"rows":4,"assignments":40,"map_bytes":1120,"map_reused":false}
M5_GROUP_ROUTE {"k":640,"m":2560,"rows":4,"assignments":40,"map_bytes":1120,"map_reused":false}
M5_GROUP_ROUTE {"k":2560,"m":640,"rows":4,"assignments":40,"map_bytes":1120,"map_reused":false}
M5_GROUP_ROUTE {"k":2560,"m":640,"rows":4,"assignments":40,"map_bytes":1120,"map_reused":false}
M5_GROUP_ROUTE {"k":640,"m":2560,"rows":4,"assignments":40,"map_bytes":1120,"map_reused":false}
M5_GROUP_ROUTE {"k":2560,"m":640,"rows":4,"assignments":40,"map_bytes":1120,"map_reused":false}
M5_GROUP_ROUTE {"k":2560,"m":640,"rows":4,"assignments":40,"map_bytes":1120,"map_reused":false}
M5_GROUP_ROUTE {"k":640,"m":2560,"rows":4,"assignments":40,"map_bytes":1120,"map_reused":false}
M5_GROUP_CASE {"cpu_nmse":3.2267920242189726e-14,"distinct_experts":[1],"elements":153600,"input_ids_preserved":true,"layout":"plain","max_absolute_error":2.797085492112217e-07,"route":"duplicate","route_index":0,"rows":4,"samples":1,"triplets_per_graph":1,"wall_us_per_triplet":10369.208}
M5_GROUP_ROUTE {"k":2560,"m":640,"rows":4,"assignments":40,"map_bytes":1120,"map_reused":false}
M5_GROUP_ROUTE {"k":2560,"m":640,"rows":4,"assignments":40,"map_bytes":1120,"map_reused":false}
M5_GROUP_ROUTE {"k":640,"m":2560,"rows":4,"assignments":40,"map_bytes":1120,"map_reused":false}
M5_GROUP_ROUTE {"k":2560,"m":640,"rows":4,"assignments":40,"map_bytes":1120,"map_reused":false}
M5_GROUP_ROUTE {"k":2560,"m":640,"rows":4,"assignments":40,"map_bytes":1120,"map_reused":false}
M5_GROUP_ROUTE {"k":640,"m":2560,"rows":4,"assignments":40,"map_bytes":1120,"map_reused":false}
M5_GROUP_ROUTE {"k":2560,"m":640,"rows":4,"assignments":40,"map_bytes":1120,"map_reused":false}
M5_GROUP_ROUTE {"k":2560,"m":640,"rows":4,"assignments":40,"map_bytes":1120,"map_reused":false}
M5_GROUP_ROUTE {"k":640,"m":2560,"rows":4,"assignments":40,"map_bytes":1120,"map_reused":false}
M5_GROUP_ROUTE {"k":2560,"m":640,"rows":4,"assignments":40,"map_bytes":1120,"map_reused":false}
M5_GROUP_ROUTE {"k":2560,"m":640,"rows":4,"assignments":40,"map_bytes":1120,"map_reused":false}
M5_GROUP_ROUTE {"k":640,"m":2560,"rows":4,"assignments":40,"map_bytes":1120,"map_reused":false}
M5_GROUP_ROUTE {"k":2560,"m":640,"rows":4,"assignments":40,"map_bytes":1120,"map_reused":false}
M5_GROUP_ROUTE {"k":2560,"m":640,"rows":4,"assignments":40,"map_bytes":1120,"map_reused":false}
M5_GROUP_ROUTE {"k":640,"m":2560,"rows":4,"assignments":40,"map_bytes":1120,"map_reused":false}
M5_GROUP_CASE {"cpu_nmse":3.2115257069864994e-14,"distinct_experts":[25],"elements":153600,"input_ids_preserved":true,"layout":"plain","max_absolute_error":2.71984752053811e-07,"route":"mixed","route_index":0,"rows":4,"samples":1,"triplets_per_graph":1,"wall_us_per_triplet":4873.042}
M5_GROUP_ROUTE {"k":2560,"m":640,"rows":4,"assignments":40,"map_bytes":1120,"map_reused":false}
M5_GROUP_ROUTE {"k":2560,"m":640,"rows":4,"assignments":40,"map_bytes":1120,"map_reused":false}
M5_GROUP_ROUTE {"k":640,"m":2560,"rows":4,"assignments":40,"map_bytes":1120,"map_reused":false}
M5_GROUP_ROUTE {"k":2560,"m":640,"rows":4,"assignments":40,"map_bytes":1120,"map_reused":false}
M5_GROUP_ROUTE {"k":2560,"m":640,"rows":4,"assignments":40,"map_bytes":1120,"map_reused":false}
M5_GROUP_ROUTE {"k":640,"m":2560,"rows":4,"assignments":40,"map_bytes":1120,"map_reused":false}
M5_GROUP_ROUTE {"k":2560,"m":640,"rows":4,"assignments":40,"map_bytes":1120,"map_reused":false}
M5_GROUP_ROUTE {"k":2560,"m":640,"rows":4,"assignments":40,"map_bytes":1120,"map_reused":false}
M5_GROUP_ROUTE {"k":640,"m":2560,"rows":4,"assignments":40,"map_bytes":1120,"map_reused":false}
M5_GROUP_ROUTE {"k":2560,"m":640,"rows":4,"assignments":40,"map_bytes":1120,"map_reused":false}
M5_GROUP_ROUTE {"k":2560,"m":640,"rows":4,"assignments":40,"map_bytes":1120,"map_reused":false}
M5_GROUP_ROUTE {"k":640,"m":2560,"rows":4,"assignments":40,"map_bytes":1120,"map_reused":false}
M5_GROUP_ROUTE {"k":2560,"m":640,"rows":4,"assignments":40,"map_bytes":1120,"map_reused":false}
M5_GROUP_ROUTE {"k":2560,"m":640,"rows":4,"assignments":40,"map_bytes":1120,"map_reused":false}
M5_GROUP_ROUTE {"k":640,"m":2560,"rows":4,"assignments":40,"map_bytes":1120,"map_reused":false}
M5_GROUP_CASE {"cpu_nmse":3.2115257069864994e-14,"distinct_experts":[25],"elements":153600,"input_ids_preserved":true,"layout":"input-strided","max_absolute_error":2.71984752053811e-07,"route":"mixed","route_index":0,"rows":4,"samples":1,"triplets_per_graph":1,"wall_us_per_triplet":4758.583}
M5_GROUP_ROUTE {"k":2560,"m":640,"rows":4,"assignments":40,"map_bytes":1120,"map_reused":false}
M5_GROUP_ROUTE {"k":2560,"m":640,"rows":4,"assignments":40,"map_bytes":1120,"map_reused":false}
M5_GROUP_ROUTE {"k":640,"m":2560,"rows":4,"assignments":40,"map_bytes":1120,"map_reused":false}
M5_GROUP_ROUTE {"k":2560,"m":640,"rows":4,"assignments":40,"map_bytes":1120,"map_reused":false}
M5_GROUP_ROUTE {"k":2560,"m":640,"rows":4,"assignments":40,"map_bytes":1120,"map_reused":false}
M5_GROUP_ROUTE {"k":640,"m":2560,"rows":4,"assignments":40,"map_bytes":1120,"map_reused":false}
M5_GROUP_ROUTE {"k":2560,"m":640,"rows":4,"assignments":40,"map_bytes":1120,"map_reused":false}
M5_GROUP_ROUTE {"k":2560,"m":640,"rows":4,"assignments":40,"map_bytes":1120,"map_reused":false}
M5_GROUP_ROUTE {"k":640,"m":2560,"rows":4,"assignments":40,"map_bytes":1120,"map_reused":false}
M5_GROUP_ROUTE {"k":2560,"m":640,"rows":4,"assignments":40,"map_bytes":1120,"map_reused":false}
M5_GROUP_ROUTE {"k":2560,"m":640,"rows":4,"assignments":40,"map_bytes":1120,"map_reused":false}
M5_GROUP_ROUTE {"k":640,"m":2560,"rows":4,"assignments":40,"map_bytes":1120,"map_reused":false}
M5_GROUP_ROUTE {"k":2560,"m":640,"rows":4,"assignments":40,"map_bytes":1120,"map_reused":false}
M5_GROUP_ROUTE {"k":2560,"m":640,"rows":4,"assignments":40,"map_bytes":1120,"map_reused":false}
M5_GROUP_ROUTE {"k":640,"m":2560,"rows":4,"assignments":40,"map_bytes":1120,"map_reused":false}
M5_GROUP_CASE {"cpu_nmse":3.2115257069864994e-14,"distinct_experts":[25],"elements":153600,"input_ids_preserved":true,"layout":"ids-contiguous","max_absolute_error":2.71984752053811e-07,"route":"mixed","route_index":0,"rows":4,"samples":1,"triplets_per_graph":1,"wall_us_per_triplet":4761.083}
M5_GROUP_ROUTE {"k":2560,"m":640,"rows":4,"assignments":40,"map_bytes":1120,"map_reused":false}
M5_GROUP_ROUTE {"k":2560,"m":640,"rows":4,"assignments":40,"map_bytes":1120,"map_reused":false}
M5_GROUP_ROUTE {"k":640,"m":2560,"rows":4,"assignments":40,"map_bytes":1120,"map_reused":false}
M5_GROUP_ROUTE {"k":2560,"m":640,"rows":4,"assignments":40,"map_bytes":1120,"map_reused":false}
M5_GROUP_ROUTE {"k":2560,"m":640,"rows":4,"assignments":40,"map_bytes":1120,"map_reused":false}
M5_GROUP_ROUTE {"k":640,"m":2560,"rows":4,"assignments":40,"map_bytes":1120,"map_reused":false}
M5_GROUP_ROUTE {"k":2560,"m":640,"rows":4,"assignments":40,"map_bytes":1120,"map_reused":false}
M5_GROUP_ROUTE {"k":2560,"m":640,"rows":4,"assignments":40,"map_bytes":1120,"map_reused":false}
M5_GROUP_ROUTE {"k":640,"m":2560,"rows":4,"assignments":40,"map_bytes":1120,"map_reused":false}
M5_GROUP_ROUTE {"k":2560,"m":640,"rows":4,"assignments":40,"map_bytes":1120,"map_reused":false}
M5_GROUP_ROUTE {"k":2560,"m":640,"rows":4,"assignments":40,"map_bytes":1120,"map_reused":false}
M5_GROUP_ROUTE {"k":640,"m":2560,"rows":4,"assignments":40,"map_bytes":1120,"map_reused":false}
M5_GROUP_ROUTE {"k":2560,"m":640,"rows":4,"assignments":40,"map_bytes":1120,"map_reused":false}
M5_GROUP_ROUTE {"k":2560,"m":640,"rows":4,"assignments":40,"map_bytes":1120,"map_reused":false}
M5_GROUP_ROUTE {"k":640,"m":2560,"rows":4,"assignments":40,"map_bytes":1120,"map_reused":false}
M5_GROUP_CASE {"cpu_nmse":3.2115257069864994e-14,"distinct_experts":[25],"elements":153600,"input_ids_preserved":true,"layout":"ids-offset","max_absolute_error":2.71984752053811e-07,"route":"mixed","route_index":0,"rows":4,"samples":1,"triplets_per_graph":1,"wall_us_per_triplet":4743.125}
M5_GROUP_CASE {"cpu_nmse":3.208955171702384e-14,"distinct_experts":[25],"elements":153600,"input_ids_preserved":true,"layout":"weights-strided","max_absolute_error":2.9574419180278255e-07,"route":"mixed","route_index":0,"rows":4,"samples":1,"triplets_per_graph":1,"wall_us_per_triplet":1537.542}
M5_GROUP_ROUTE {"k":2560,"m":640,"rows":4,"assignments":40,"map_bytes":1120,"map_reused":false}
M5_GROUP_ROUTE {"k":2560,"m":640,"rows":4,"assignments":40,"map_bytes":1120,"map_reused":false}
M5_GROUP_ROUTE {"k":640,"m":2560,"rows":4,"assignments":40,"map_bytes":1120,"map_reused":false}
M5_GROUP_ROUTE {"k":2560,"m":640,"rows":4,"assignments":40,"map_bytes":1120,"map_reused":false}
M5_GROUP_ROUTE {"k":2560,"m":640,"rows":4,"assignments":40,"map_bytes":1120,"map_reused":false}
M5_GROUP_ROUTE {"k":640,"m":2560,"rows":4,"assignments":40,"map_bytes":1120,"map_reused":false}
M5_GROUP_ROUTE {"k":2560,"m":640,"rows":4,"assignments":40,"map_bytes":1120,"map_reused":false}
M5_GROUP_ROUTE {"k":2560,"m":640,"rows":4,"assignments":40,"map_bytes":1120,"map_reused":false}
M5_GROUP_ROUTE {"k":640,"m":2560,"rows":4,"assignments":40,"map_bytes":1120,"map_reused":false}
M5_GROUP_ROUTE {"k":2560,"m":640,"rows":4,"assignments":40,"map_bytes":1120,"map_reused":false}
M5_GROUP_ROUTE {"k":2560,"m":640,"rows":4,"assignments":40,"map_bytes":1120,"map_reused":false}
M5_GROUP_ROUTE {"k":640,"m":2560,"rows":4,"assignments":40,"map_bytes":1120,"map_reused":false}
M5_GROUP_ROUTE {"k":2560,"m":640,"rows":4,"assignments":40,"map_bytes":1120,"map_reused":false}
M5_GROUP_ROUTE {"k":2560,"m":640,"rows":4,"assignments":40,"map_bytes":1120,"map_reused":false}
M5_GROUP_ROUTE {"k":640,"m":2560,"rows":4,"assignments":40,"map_bytes":1120,"map_reused":false}
M5_GROUP_CASE {"cpu_nmse":2.5673097332820158e-14,"distinct_experts":[25],"elements":153600,"input_ids_preserved":true,"layout":"cancel","max_absolute_error":3.878449206240475e-07,"route":"mixed","route_index":0,"rows":4,"samples":1,"triplets_per_graph":1,"wall_us_per_triplet":4893.0}
M5_GROUP_ROUTE {"k":2560,"m":640,"rows":4,"assignments":40,"map_bytes":1120,"map_reused":false}
M5_GROUP_ROUTE {"k":2560,"m":640,"rows":4,"assignments":40,"map_bytes":1120,"map_reused":false}
M5_GROUP_ROUTE {"k":640,"m":2560,"rows":4,"assignments":40,"map_bytes":1120,"map_reused":false}
M5_GROUP_ROUTE {"k":2560,"m":640,"rows":4,"assignments":40,"map_bytes":1120,"map_reused":false}
M5_GROUP_ROUTE {"k":2560,"m":640,"rows":4,"assignments":40,"map_bytes":1120,"map_reused":false}
M5_GROUP_ROUTE {"k":640,"m":2560,"rows":4,"assignments":40,"map_bytes":1120,"map_reused":false}
M5_GROUP_ROUTE {"k":2560,"m":640,"rows":4,"assignments":40,"map_bytes":1120,"map_reused":false}
M5_GROUP_ROUTE {"k":2560,"m":640,"rows":4,"assignments":40,"map_bytes":1120,"map_reused":false}
M5_GROUP_ROUTE {"k":640,"m":2560,"rows":4,"assignments":40,"map_bytes":1120,"map_reused":false}
M5_GROUP_ROUTE {"k":2560,"m":640,"rows":4,"assignments":40,"map_bytes":1120,"map_reused":false}
M5_GROUP_ROUTE {"k":2560,"m":640,"rows":4,"assignments":40,"map_bytes":1120,"map_reused":false}
M5_GROUP_ROUTE {"k":640,"m":2560,"rows":4,"assignments":40,"map_bytes":1120,"map_reused":false}
M5_GROUP_ROUTE {"k":2560,"m":640,"rows":4,"assignments":40,"map_bytes":1120,"map_reused":false}
M5_GROUP_ROUTE {"k":2560,"m":640,"rows":4,"assignments":40,"map_bytes":1120,"map_reused":false}
M5_GROUP_ROUTE {"k":640,"m":2560,"rows":4,"assignments":40,"map_bytes":1120,"map_reused":false}
M5_GROUP_CASE {"cpu_nmse":2.3425714946389552e-14,"distinct_experts":[25],"elements":153600,"input_ids_preserved":true,"layout":"wide","max_absolute_error":2.4049701295325576e-05,"route":"mixed","route_index":0,"rows":4,"samples":1,"triplets_per_graph":1,"wall_us_per_triplet":4767.791}
M5_GROUP_ROUTE {"k":2560,"m":640,"rows":5,"assignments":50,"map_bytes":1400,"map_reused":false}
M5_GROUP_ROUTE {"k":2560,"m":640,"rows":5,"assignments":50,"map_bytes":1400,"map_reused":false}
M5_GROUP_ROUTE {"k":640,"m":2560,"rows":5,"assignments":50,"map_bytes":1400,"map_reused":false}
M5_GROUP_ROUTE {"k":2560,"m":640,"rows":5,"assignments":50,"map_bytes":1400,"map_reused":false}
M5_GROUP_ROUTE {"k":2560,"m":640,"rows":5,"assignments":50,"map_bytes":1400,"map_reused":false}
M5_GROUP_ROUTE {"k":640,"m":2560,"rows":5,"assignments":50,"map_bytes":1400,"map_reused":false}
M5_GROUP_ROUTE {"k":2560,"m":640,"rows":5,"assignments":50,"map_bytes":1400,"map_reused":false}
M5_GROUP_ROUTE {"k":2560,"m":640,"rows":5,"assignments":50,"map_bytes":1400,"map_reused":false}
M5_GROUP_ROUTE {"k":640,"m":2560,"rows":5,"assignments":50,"map_bytes":1400,"map_reused":false}
M5_GROUP_ROUTE {"k":2560,"m":640,"rows":5,"assignments":50,"map_bytes":1400,"map_reused":false}
M5_GROUP_ROUTE {"k":2560,"m":640,"rows":5,"assignments":50,"map_bytes":1400,"map_reused":false}
M5_GROUP_ROUTE {"k":640,"m":2560,"rows":5,"assignments":50,"map_bytes":1400,"map_reused":false}
M5_GROUP_ROUTE {"k":2560,"m":640,"rows":5,"assignments":50,"map_bytes":1400,"map_reused":false}
M5_GROUP_ROUTE {"k":2560,"m":640,"rows":5,"assignments":50,"map_bytes":1400,"map_reused":false}
M5_GROUP_ROUTE {"k":640,"m":2560,"rows":5,"assignments":50,"map_bytes":1400,"map_reused":false}
M5_GROUP_CASE {"cpu_nmse":3.314342344489069e-14,"distinct_experts":[13],"elements":192000,"input_ids_preserved":true,"layout":"plain","max_absolute_error":2.989888479021374e-07,"route":"real","route_index":0,"rows":5,"samples":1,"triplets_per_graph":1,"wall_us_per_triplet":10157.375}
M5_GROUP_ROUTE {"k":2560,"m":640,"rows":5,"assignments":50,"map_bytes":1400,"map_reused":false}
M5_GROUP_ROUTE {"k":2560,"m":640,"rows":5,"assignments":50,"map_bytes":1400,"map_reused":false}
M5_GROUP_ROUTE {"k":640,"m":2560,"rows":5,"assignments":50,"map_bytes":1400,"map_reused":false}
M5_GROUP_ROUTE {"k":2560,"m":640,"rows":5,"assignments":50,"map_bytes":1400,"map_reused":false}
M5_GROUP_ROUTE {"k":2560,"m":640,"rows":5,"assignments":50,"map_bytes":1400,"map_reused":false}
M5_GROUP_ROUTE {"k":640,"m":2560,"rows":5,"assignments":50,"map_bytes":1400,"map_reused":false}
M5_GROUP_ROUTE {"k":2560,"m":640,"rows":5,"assignments":50,"map_bytes":1400,"map_reused":false}
M5_GROUP_ROUTE {"k":2560,"m":640,"rows":5,"assignments":50,"map_bytes":1400,"map_reused":false}
M5_GROUP_ROUTE {"k":640,"m":2560,"rows":5,"assignments":50,"map_bytes":1400,"map_reused":false}
M5_GROUP_ROUTE {"k":2560,"m":640,"rows":5,"assignments":50,"map_bytes":1400,"map_reused":false}
M5_GROUP_ROUTE {"k":2560,"m":640,"rows":5,"assignments":50,"map_bytes":1400,"map_reused":false}
M5_GROUP_ROUTE {"k":640,"m":2560,"rows":5,"assignments":50,"map_bytes":1400,"map_reused":false}
M5_GROUP_ROUTE {"k":2560,"m":640,"rows":5,"assignments":50,"map_bytes":1400,"map_reused":false}
M5_GROUP_ROUTE {"k":2560,"m":640,"rows":5,"assignments":50,"map_bytes":1400,"map_reused":false}
M5_GROUP_ROUTE {"k":640,"m":2560,"rows":5,"assignments":50,"map_bytes":1400,"map_reused":false}
M5_GROUP_CASE {"cpu_nmse":3.345259832146969e-14,"distinct_experts":[26],"elements":192000,"input_ids_preserved":true,"layout":"plain","max_absolute_error":3.067699703152016e-07,"route":"real","route_index":1,"rows":5,"samples":1,"triplets_per_graph":1,"wall_us_per_triplet":5537.875}
M5_GROUP_ROUTE {"k":2560,"m":640,"rows":5,"assignments":50,"map_bytes":1400,"map_reused":false}
M5_GROUP_ROUTE {"k":2560,"m":640,"rows":5,"assignments":50,"map_bytes":1400,"map_reused":false}
M5_GROUP_ROUTE {"k":640,"m":2560,"rows":5,"assignments":50,"map_bytes":1400,"map_reused":false}
M5_GROUP_ROUTE {"k":2560,"m":640,"rows":5,"assignments":50,"map_bytes":1400,"map_reused":false}
M5_GROUP_ROUTE {"k":2560,"m":640,"rows":5,"assignments":50,"map_bytes":1400,"map_reused":false}
M5_GROUP_ROUTE {"k":640,"m":2560,"rows":5,"assignments":50,"map_bytes":1400,"map_reused":false}
M5_GROUP_ROUTE {"k":2560,"m":640,"rows":5,"assignments":50,"map_bytes":1400,"map_reused":false}
M5_GROUP_ROUTE {"k":2560,"m":640,"rows":5,"assignments":50,"map_bytes":1400,"map_reused":false}
M5_GROUP_ROUTE {"k":640,"m":2560,"rows":5,"assignments":50,"map_bytes":1400,"map_reused":false}
M5_GROUP_ROUTE {"k":2560,"m":640,"rows":5,"assignments":50,"map_bytes":1400,"map_reused":false}
M5_GROUP_ROUTE {"k":2560,"m":640,"rows":5,"assignments":50,"map_bytes":1400,"map_reused":false}
M5_GROUP_ROUTE {"k":640,"m":2560,"rows":5,"assignments":50,"map_bytes":1400,"map_reused":false}
M5_GROUP_ROUTE {"k":2560,"m":640,"rows":5,"assignments":50,"map_bytes":1400,"map_reused":false}
M5_GROUP_ROUTE {"k":2560,"m":640,"rows":5,"assignments":50,"map_bytes":1400,"map_reused":false}
M5_GROUP_ROUTE {"k":640,"m":2560,"rows":5,"assignments":50,"map_bytes":1400,"map_reused":false}
M5_GROUP_CASE {"cpu_nmse":3.3353700141714754e-14,"distinct_experts":[29],"elements":192000,"input_ids_preserved":true,"layout":"plain","max_absolute_error":2.9025725822862114e-07,"route":"real","route_index":2,"rows":5,"samples":1,"triplets_per_graph":1,"wall_us_per_triplet":4182.583}
M5_GROUP_ROUTE {"k":2560,"m":640,"rows":5,"assignments":50,"map_bytes":1400,"map_reused":false}
M5_GROUP_ROUTE {"k":2560,"m":640,"rows":5,"assignments":50,"map_bytes":1400,"map_reused":false}
M5_GROUP_ROUTE {"k":640,"m":2560,"rows":5,"assignments":50,"map_bytes":1400,"map_reused":false}
M5_GROUP_ROUTE {"k":2560,"m":640,"rows":5,"assignments":50,"map_bytes":1400,"map_reused":false}
M5_GROUP_ROUTE {"k":2560,"m":640,"rows":5,"assignments":50,"map_bytes":1400,"map_reused":false}
M5_GROUP_ROUTE {"k":640,"m":2560,"rows":5,"assignments":50,"map_bytes":1400,"map_reused":false}
M5_GROUP_ROUTE {"k":2560,"m":640,"rows":5,"assignments":50,"map_bytes":1400,"map_reused":false}
M5_GROUP_ROUTE {"k":2560,"m":640,"rows":5,"assignments":50,"map_bytes":1400,"map_reused":false}
M5_GROUP_ROUTE {"k":640,"m":2560,"rows":5,"assignments":50,"map_bytes":1400,"map_reused":false}
M5_GROUP_ROUTE {"k":2560,"m":640,"rows":5,"assignments":50,"map_bytes":1400,"map_reused":false}
M5_GROUP_ROUTE {"k":2560,"m":640,"rows":5,"assignments":50,"map_bytes":1400,"map_reused":false}
M5_GROUP_ROUTE {"k":640,"m":2560,"rows":5,"assignments":50,"map_bytes":1400,"map_reused":false}
M5_GROUP_ROUTE {"k":2560,"m":640,"rows":5,"assignments":50,"map_bytes":1400,"map_reused":false}
M5_GROUP_ROUTE {"k":2560,"m":640,"rows":5,"assignments":50,"map_bytes":1400,"map_reused":false}
M5_GROUP_ROUTE {"k":640,"m":2560,"rows":5,"assignments":50,"map_bytes":1400,"map_reused":false}
M5_GROUP_CASE {"cpu_nmse":3.319218706983717e-14,"distinct_experts":[31],"elements":192000,"input_ids_preserved":true,"layout":"plain","max_absolute_error":3.116148983295375e-07,"route":"real","route_index":3,"rows":5,"samples":1,"triplets_per_graph":1,"wall_us_per_triplet":2132.625}
M5_GROUP_ROUTE {"k":2560,"m":640,"rows":5,"assignments":50,"map_bytes":1400,"map_reused":false}
M5_GROUP_ROUTE {"k":2560,"m":640,"rows":5,"assignments":50,"map_bytes":1400,"map_reused":false}
M5_GROUP_ROUTE {"k":640,"m":2560,"rows":5,"assignments":50,"map_bytes":1400,"map_reused":false}
M5_GROUP_ROUTE {"k":2560,"m":640,"rows":5,"assignments":50,"map_bytes":1400,"map_reused":false}
M5_GROUP_ROUTE {"k":2560,"m":640,"rows":5,"assignments":50,"map_bytes":1400,"map_reused":false}
M5_GROUP_ROUTE {"k":640,"m":2560,"rows":5,"assignments":50,"map_bytes":1400,"map_reused":false}
M5_GROUP_ROUTE {"k":2560,"m":640,"rows":5,"assignments":50,"map_bytes":1400,"map_reused":false}
M5_GROUP_ROUTE {"k":2560,"m":640,"rows":5,"assignments":50,"map_bytes":1400,"map_reused":false}
M5_GROUP_ROUTE {"k":640,"m":2560,"rows":5,"assignments":50,"map_bytes":1400,"map_reused":false}
M5_GROUP_ROUTE {"k":2560,"m":640,"rows":5,"assignments":50,"map_bytes":1400,"map_reused":false}
M5_GROUP_ROUTE {"k":2560,"m":640,"rows":5,"assignments":50,"map_bytes":1400,"map_reused":false}
M5_GROUP_ROUTE {"k":640,"m":2560,"rows":5,"assignments":50,"map_bytes":1400,"map_reused":false}
M5_GROUP_ROUTE {"k":2560,"m":640,"rows":5,"assignments":50,"map_bytes":1400,"map_reused":false}
M5_GROUP_ROUTE {"k":2560,"m":640,"rows":5,"assignments":50,"map_bytes":1400,"map_reused":false}
M5_GROUP_ROUTE {"k":640,"m":2560,"rows":5,"assignments":50,"map_bytes":1400,"map_reused":false}
M5_GROUP_CASE {"cpu_nmse":3.339600169244503e-14,"distinct_experts":[34],"elements":192000,"input_ids_preserved":true,"layout":"plain","max_absolute_error":2.9169907822534924e-07,"route":"real","route_index":4,"rows":5,"samples":1,"triplets_per_graph":1,"wall_us_per_triplet":2237.625}
M5_GROUP_ROUTE {"k":2560,"m":640,"rows":5,"assignments":50,"map_bytes":1400,"map_reused":false}
M5_GROUP_ROUTE {"k":2560,"m":640,"rows":5,"assignments":50,"map_bytes":1400,"map_reused":false}
M5_GROUP_ROUTE {"k":640,"m":2560,"rows":5,"assignments":50,"map_bytes":1400,"map_reused":false}
M5_GROUP_ROUTE {"k":2560,"m":640,"rows":5,"assignments":50,"map_bytes":1400,"map_reused":false}
M5_GROUP_ROUTE {"k":2560,"m":640,"rows":5,"assignments":50,"map_bytes":1400,"map_reused":false}
M5_GROUP_ROUTE {"k":640,"m":2560,"rows":5,"assignments":50,"map_bytes":1400,"map_reused":false}
M5_GROUP_ROUTE {"k":2560,"m":640,"rows":5,"assignments":50,"map_bytes":1400,"map_reused":false}
M5_GROUP_ROUTE {"k":2560,"m":640,"rows":5,"assignments":50,"map_bytes":1400,"map_reused":false}
M5_GROUP_ROUTE {"k":640,"m":2560,"rows":5,"assignments":50,"map_bytes":1400,"map_reused":false}
M5_GROUP_ROUTE {"k":2560,"m":640,"rows":5,"assignments":50,"map_bytes":1400,"map_reused":false}
M5_GROUP_ROUTE {"k":2560,"m":640,"rows":5,"assignments":50,"map_bytes":1400,"map_reused":false}
M5_GROUP_ROUTE {"k":640,"m":2560,"rows":5,"assignments":50,"map_bytes":1400,"map_reused":false}
M5_GROUP_ROUTE {"k":2560,"m":640,"rows":5,"assignments":50,"map_bytes":1400,"map_reused":false}
M5_GROUP_ROUTE {"k":2560,"m":640,"rows":5,"assignments":50,"map_bytes":1400,"map_reused":false}
M5_GROUP_ROUTE {"k":640,"m":2560,"rows":5,"assignments":50,"map_bytes":1400,"map_reused":false}
M5_GROUP_CASE {"cpu_nmse":3.36790741961414e-14,"distinct_experts":[36],"elements":192000,"input_ids_preserved":true,"layout":"plain","max_absolute_error":2.989888479021374e-07,"route":"real","route_index":5,"rows":5,"samples":1,"triplets_per_graph":1,"wall_us_per_triplet":951.417}
M5_GROUP_ROUTE {"k":2560,"m":640,"rows":5,"assignments":50,"map_bytes":1400,"map_reused":false}
M5_GROUP_ROUTE {"k":2560,"m":640,"rows":5,"assignments":50,"map_bytes":1400,"map_reused":false}
M5_GROUP_ROUTE {"k":640,"m":2560,"rows":5,"assignments":50,"map_bytes":1400,"map_reused":false}
M5_GROUP_ROUTE {"k":2560,"m":640,"rows":5,"assignments":50,"map_bytes":1400,"map_reused":false}
M5_GROUP_ROUTE {"k":2560,"m":640,"rows":5,"assignments":50,"map_bytes":1400,"map_reused":false}
M5_GROUP_ROUTE {"k":640,"m":2560,"rows":5,"assignments":50,"map_bytes":1400,"map_reused":false}
M5_GROUP_ROUTE {"k":2560,"m":640,"rows":5,"assignments":50,"map_bytes":1400,"map_reused":false}
M5_GROUP_ROUTE {"k":2560,"m":640,"rows":5,"assignments":50,"map_bytes":1400,"map_reused":false}
M5_GROUP_ROUTE {"k":640,"m":2560,"rows":5,"assignments":50,"map_bytes":1400,"map_reused":false}
M5_GROUP_ROUTE {"k":2560,"m":640,"rows":5,"assignments":50,"map_bytes":1400,"map_reused":false}
M5_GROUP_ROUTE {"k":2560,"m":640,"rows":5,"assignments":50,"map_bytes":1400,"map_reused":false}
M5_GROUP_ROUTE {"k":640,"m":2560,"rows":5,"assignments":50,"map_bytes":1400,"map_reused":false}
M5_GROUP_ROUTE {"k":2560,"m":640,"rows":5,"assignments":50,"map_bytes":1400,"map_reused":false}
M5_GROUP_ROUTE {"k":2560,"m":640,"rows":5,"assignments":50,"map_bytes":1400,"map_reused":false}
M5_GROUP_ROUTE {"k":640,"m":2560,"rows":5,"assignments":50,"map_bytes":1400,"map_reused":false}
M5_GROUP_CASE {"cpu_nmse":3.3149005005564743e-14,"distinct_experts":[40],"elements":192000,"input_ids_preserved":true,"layout":"plain","max_absolute_error":2.998392032438346e-07,"route":"real","route_index":6,"rows":5,"samples":1,"triplets_per_graph":1,"wall_us_per_triplet":1225.208}
M5_GROUP_ROUTE {"k":2560,"m":640,"rows":5,"assignments":50,"map_bytes":1400,"map_reused":false}
M5_GROUP_ROUTE {"k":2560,"m":640,"rows":5,"assignments":50,"map_bytes":1400,"map_reused":false}
M5_GROUP_ROUTE {"k":640,"m":2560,"rows":5,"assignments":50,"map_bytes":1400,"map_reused":false}
M5_GROUP_ROUTE {"k":2560,"m":640,"rows":5,"assignments":50,"map_bytes":1400,"map_reused":false}
M5_GROUP_ROUTE {"k":2560,"m":640,"rows":5,"assignments":50,"map_bytes":1400,"map_reused":false}
M5_GROUP_ROUTE {"k":640,"m":2560,"rows":5,"assignments":50,"map_bytes":1400,"map_reused":false}
M5_GROUP_ROUTE {"k":2560,"m":640,"rows":5,"assignments":50,"map_bytes":1400,"map_reused":false}
M5_GROUP_ROUTE {"k":2560,"m":640,"rows":5,"assignments":50,"map_bytes":1400,"map_reused":false}
M5_GROUP_ROUTE {"k":640,"m":2560,"rows":5,"assignments":50,"map_bytes":1400,"map_reused":false}
M5_GROUP_ROUTE {"k":2560,"m":640,"rows":5,"assignments":50,"map_bytes":1400,"map_reused":false}
M5_GROUP_ROUTE {"k":2560,"m":640,"rows":5,"assignments":50,"map_bytes":1400,"map_reused":false}
M5_GROUP_ROUTE {"k":640,"m":2560,"rows":5,"assignments":50,"map_bytes":1400,"map_reused":false}
M5_GROUP_ROUTE {"k":2560,"m":640,"rows":5,"assignments":50,"map_bytes":1400,"map_reused":false}
M5_GROUP_ROUTE {"k":2560,"m":640,"rows":5,"assignments":50,"map_bytes":1400,"map_reused":false}
M5_GROUP_ROUTE {"k":640,"m":2560,"rows":5,"assignments":50,"map_bytes":1400,"map_reused":false}
M5_GROUP_CASE {"cpu_nmse":3.3433298951495393e-14,"distinct_experts":[50],"elements":192000,"input_ids_preserved":true,"layout":"plain","max_absolute_error":2.9620588870571396e-07,"route":"real","route_index":7,"rows":5,"samples":1,"triplets_per_graph":1,"wall_us_per_triplet":2034.459}
M5_GROUP_ROUTE {"k":2560,"m":640,"rows":5,"assignments":50,"map_bytes":1400,"map_reused":false}
M5_GROUP_ROUTE {"k":2560,"m":640,"rows":5,"assignments":50,"map_bytes":1400,"map_reused":false}
M5_GROUP_ROUTE {"k":640,"m":2560,"rows":5,"assignments":50,"map_bytes":1400,"map_reused":false}
M5_GROUP_ROUTE {"k":2560,"m":640,"rows":5,"assignments":50,"map_bytes":1400,"map_reused":false}
M5_GROUP_ROUTE {"k":2560,"m":640,"rows":5,"assignments":50,"map_bytes":1400,"map_reused":false}
M5_GROUP_ROUTE {"k":640,"m":2560,"rows":5,"assignments":50,"map_bytes":1400,"map_reused":false}
M5_GROUP_ROUTE {"k":2560,"m":640,"rows":5,"assignments":50,"map_bytes":1400,"map_reused":false}
M5_GROUP_ROUTE {"k":2560,"m":640,"rows":5,"assignments":50,"map_bytes":1400,"map_reused":false}
M5_GROUP_ROUTE {"k":640,"m":2560,"rows":5,"assignments":50,"map_bytes":1400,"map_reused":false}
M5_GROUP_ROUTE {"k":2560,"m":640,"rows":5,"assignments":50,"map_bytes":1400,"map_reused":false}
M5_GROUP_ROUTE {"k":2560,"m":640,"rows":5,"assignments":50,"map_bytes":1400,"map_reused":false}
M5_GROUP_ROUTE {"k":640,"m":2560,"rows":5,"assignments":50,"map_bytes":1400,"map_reused":false}
M5_GROUP_ROUTE {"k":2560,"m":640,"rows":5,"assignments":50,"map_bytes":1400,"map_reused":false}
M5_GROUP_ROUTE {"k":2560,"m":640,"rows":5,"assignments":50,"map_bytes":1400,"map_reused":false}
M5_GROUP_ROUTE {"k":640,"m":2560,"rows":5,"assignments":50,"map_bytes":1400,"map_reused":false}
M5_GROUP_CASE {"cpu_nmse":3.285660397790196e-14,"distinct_experts":[50],"elements":192000,"input_ids_preserved":true,"layout":"plain","max_absolute_error":2.7654375639452056e-07,"route":"distinct","route_index":0,"rows":5,"samples":1,"triplets_per_graph":1,"wall_us_per_triplet":2042.166}
M5_GROUP_ROUTE {"k":2560,"m":640,"rows":5,"assignments":50,"map_bytes":1400,"map_reused":false}
M5_GROUP_ROUTE {"k":2560,"m":640,"rows":5,"assignments":50,"map_bytes":1400,"map_reused":false}
M5_GROUP_ROUTE {"k":640,"m":2560,"rows":5,"assignments":50,"map_bytes":1400,"map_reused":false}
M5_GROUP_ROUTE {"k":2560,"m":640,"rows":5,"assignments":50,"map_bytes":1400,"map_reused":false}
M5_GROUP_ROUTE {"k":2560,"m":640,"rows":5,"assignments":50,"map_bytes":1400,"map_reused":false}
M5_GROUP_ROUTE {"k":640,"m":2560,"rows":5,"assignments":50,"map_bytes":1400,"map_reused":false}
M5_GROUP_ROUTE {"k":2560,"m":640,"rows":5,"assignments":50,"map_bytes":1400,"map_reused":false}
M5_GROUP_ROUTE {"k":2560,"m":640,"rows":5,"assignments":50,"map_bytes":1400,"map_reused":false}
M5_GROUP_ROUTE {"k":640,"m":2560,"rows":5,"assignments":50,"map_bytes":1400,"map_reused":false}
M5_GROUP_ROUTE {"k":2560,"m":640,"rows":5,"assignments":50,"map_bytes":1400,"map_reused":false}
M5_GROUP_ROUTE {"k":2560,"m":640,"rows":5,"assignments":50,"map_bytes":1400,"map_reused":false}
M5_GROUP_ROUTE {"k":640,"m":2560,"rows":5,"assignments":50,"map_bytes":1400,"map_reused":false}
M5_GROUP_ROUTE {"k":2560,"m":640,"rows":5,"assignments":50,"map_bytes":1400,"map_reused":false}
M5_GROUP_ROUTE {"k":2560,"m":640,"rows":5,"assignments":50,"map_bytes":1400,"map_reused":false}
M5_GROUP_ROUTE {"k":640,"m":2560,"rows":5,"assignments":50,"map_bytes":1400,"map_reused":false}
M5_GROUP_CASE {"cpu_nmse":3.35919107511143e-14,"distinct_experts":[10],"elements":192000,"input_ids_preserved":true,"layout":"plain","max_absolute_error":2.9025725822862114e-07,"route":"shared","route_index":0,"rows":5,"samples":1,"triplets_per_graph":1,"wall_us_per_triplet":13022.25}
M5_GROUP_ROUTE {"k":2560,"m":640,"rows":5,"assignments":50,"map_bytes":1400,"map_reused":false}
M5_GROUP_ROUTE {"k":2560,"m":640,"rows":5,"assignments":50,"map_bytes":1400,"map_reused":false}
M5_GROUP_ROUTE {"k":640,"m":2560,"rows":5,"assignments":50,"map_bytes":1400,"map_reused":false}
M5_GROUP_ROUTE {"k":2560,"m":640,"rows":5,"assignments":50,"map_bytes":1400,"map_reused":false}
M5_GROUP_ROUTE {"k":2560,"m":640,"rows":5,"assignments":50,"map_bytes":1400,"map_reused":false}
M5_GROUP_ROUTE {"k":640,"m":2560,"rows":5,"assignments":50,"map_bytes":1400,"map_reused":false}
M5_GROUP_ROUTE {"k":2560,"m":640,"rows":5,"assignments":50,"map_bytes":1400,"map_reused":false}
M5_GROUP_ROUTE {"k":2560,"m":640,"rows":5,"assignments":50,"map_bytes":1400,"map_reused":false}
M5_GROUP_ROUTE {"k":640,"m":2560,"rows":5,"assignments":50,"map_bytes":1400,"map_reused":false}
M5_GROUP_ROUTE {"k":2560,"m":640,"rows":5,"assignments":50,"map_bytes":1400,"map_reused":false}
M5_GROUP_ROUTE {"k":2560,"m":640,"rows":5,"assignments":50,"map_bytes":1400,"map_reused":false}
M5_GROUP_ROUTE {"k":640,"m":2560,"rows":5,"assignments":50,"map_bytes":1400,"map_reused":false}
M5_GROUP_ROUTE {"k":2560,"m":640,"rows":5,"assignments":50,"map_bytes":1400,"map_reused":false}
M5_GROUP_ROUTE {"k":2560,"m":640,"rows":5,"assignments":50,"map_bytes":1400,"map_reused":false}
M5_GROUP_ROUTE {"k":640,"m":2560,"rows":5,"assignments":50,"map_bytes":1400,"map_reused":false}
M5_GROUP_CASE {"cpu_nmse":3.347509581178402e-14,"distinct_experts":[1],"elements":192000,"input_ids_preserved":true,"layout":"plain","max_absolute_error":2.797085492112217e-07,"route":"duplicate","route_index":0,"rows":5,"samples":1,"triplets_per_graph":1,"wall_us_per_triplet":12810.167}
M5_GROUP_ROUTE {"k":2560,"m":640,"rows":5,"assignments":50,"map_bytes":1400,"map_reused":false}
M5_GROUP_ROUTE {"k":2560,"m":640,"rows":5,"assignments":50,"map_bytes":1400,"map_reused":false}
M5_GROUP_ROUTE {"k":640,"m":2560,"rows":5,"assignments":50,"map_bytes":1400,"map_reused":false}
M5_GROUP_ROUTE {"k":2560,"m":640,"rows":5,"assignments":50,"map_bytes":1400,"map_reused":false}
M5_GROUP_ROUTE {"k":2560,"m":640,"rows":5,"assignments":50,"map_bytes":1400,"map_reused":false}
M5_GROUP_ROUTE {"k":640,"m":2560,"rows":5,"assignments":50,"map_bytes":1400,"map_reused":false}
M5_GROUP_ROUTE {"k":2560,"m":640,"rows":5,"assignments":50,"map_bytes":1400,"map_reused":false}
M5_GROUP_ROUTE {"k":2560,"m":640,"rows":5,"assignments":50,"map_bytes":1400,"map_reused":false}
M5_GROUP_ROUTE {"k":640,"m":2560,"rows":5,"assignments":50,"map_bytes":1400,"map_reused":false}
M5_GROUP_ROUTE {"k":2560,"m":640,"rows":5,"assignments":50,"map_bytes":1400,"map_reused":false}
M5_GROUP_ROUTE {"k":2560,"m":640,"rows":5,"assignments":50,"map_bytes":1400,"map_reused":false}
M5_GROUP_ROUTE {"k":640,"m":2560,"rows":5,"assignments":50,"map_bytes":1400,"map_reused":false}
M5_GROUP_ROUTE {"k":2560,"m":640,"rows":5,"assignments":50,"map_bytes":1400,"map_reused":false}
M5_GROUP_ROUTE {"k":2560,"m":640,"rows":5,"assignments":50,"map_bytes":1400,"map_reused":false}
M5_GROUP_ROUTE {"k":640,"m":2560,"rows":5,"assignments":50,"map_bytes":1400,"map_reused":false}
M5_GROUP_CASE {"cpu_nmse":3.325054757449375e-14,"distinct_experts":[30],"elements":192000,"input_ids_preserved":true,"layout":"plain","max_absolute_error":2.9025725822862114e-07,"route":"mixed","route_index":0,"rows":5,"samples":1,"triplets_per_graph":1,"wall_us_per_triplet":7258.084}
M5_GROUP_ROUTE {"k":2560,"m":640,"rows":5,"assignments":50,"map_bytes":1400,"map_reused":false}
M5_GROUP_ROUTE {"k":2560,"m":640,"rows":5,"assignments":50,"map_bytes":1400,"map_reused":false}
M5_GROUP_ROUTE {"k":640,"m":2560,"rows":5,"assignments":50,"map_bytes":1400,"map_reused":false}
M5_GROUP_ROUTE {"k":2560,"m":640,"rows":5,"assignments":50,"map_bytes":1400,"map_reused":false}
M5_GROUP_ROUTE {"k":2560,"m":640,"rows":5,"assignments":50,"map_bytes":1400,"map_reused":false}
M5_GROUP_ROUTE {"k":640,"m":2560,"rows":5,"assignments":50,"map_bytes":1400,"map_reused":false}
M5_GROUP_ROUTE {"k":2560,"m":640,"rows":5,"assignments":50,"map_bytes":1400,"map_reused":false}
M5_GROUP_ROUTE {"k":2560,"m":640,"rows":5,"assignments":50,"map_bytes":1400,"map_reused":false}
M5_GROUP_ROUTE {"k":640,"m":2560,"rows":5,"assignments":50,"map_bytes":1400,"map_reused":false}
M5_GROUP_ROUTE {"k":2560,"m":640,"rows":5,"assignments":50,"map_bytes":1400,"map_reused":false}
M5_GROUP_ROUTE {"k":2560,"m":640,"rows":5,"assignments":50,"map_bytes":1400,"map_reused":false}
M5_GROUP_ROUTE {"k":640,"m":2560,"rows":5,"assignments":50,"map_bytes":1400,"map_reused":false}
M5_GROUP_ROUTE {"k":2560,"m":640,"rows":5,"assignments":50,"map_bytes":1400,"map_reused":false}
M5_GROUP_ROUTE {"k":2560,"m":640,"rows":5,"assignments":50,"map_bytes":1400,"map_reused":false}
M5_GROUP_ROUTE {"k":640,"m":2560,"rows":5,"assignments":50,"map_bytes":1400,"map_reused":false}
M5_GROUP_CASE {"cpu_nmse":3.325054757449375e-14,"distinct_experts":[30],"elements":192000,"input_ids_preserved":true,"layout":"input-strided","max_absolute_error":2.9025725822862114e-07,"route":"mixed","route_index":0,"rows":5,"samples":1,"triplets_per_graph":1,"wall_us_per_triplet":7759.584}
M5_GROUP_ROUTE {"k":2560,"m":640,"rows":5,"assignments":50,"map_bytes":1400,"map_reused":false}
M5_GROUP_ROUTE {"k":2560,"m":640,"rows":5,"assignments":50,"map_bytes":1400,"map_reused":false}
M5_GROUP_ROUTE {"k":640,"m":2560,"rows":5,"assignments":50,"map_bytes":1400,"map_reused":false}
M5_GROUP_ROUTE {"k":2560,"m":640,"rows":5,"assignments":50,"map_bytes":1400,"map_reused":false}
M5_GROUP_ROUTE {"k":2560,"m":640,"rows":5,"assignments":50,"map_bytes":1400,"map_reused":false}
M5_GROUP_ROUTE {"k":640,"m":2560,"rows":5,"assignments":50,"map_bytes":1400,"map_reused":false}
M5_GROUP_ROUTE {"k":2560,"m":640,"rows":5,"assignments":50,"map_bytes":1400,"map_reused":false}
M5_GROUP_ROUTE {"k":2560,"m":640,"rows":5,"assignments":50,"map_bytes":1400,"map_reused":false}
M5_GROUP_ROUTE {"k":640,"m":2560,"rows":5,"assignments":50,"map_bytes":1400,"map_reused":false}
M5_GROUP_ROUTE {"k":2560,"m":640,"rows":5,"assignments":50,"map_bytes":1400,"map_reused":false}
M5_GROUP_ROUTE {"k":2560,"m":640,"rows":5,"assignments":50,"map_bytes":1400,"map_reused":false}
M5_GROUP_ROUTE {"k":640,"m":2560,"rows":5,"assignments":50,"map_bytes":1400,"map_reused":false}
M5_GROUP_ROUTE {"k":2560,"m":640,"rows":5,"assignments":50,"map_bytes":1400,"map_reused":false}
M5_GROUP_ROUTE {"k":2560,"m":640,"rows":5,"assignments":50,"map_bytes":1400,"map_reused":false}
M5_GROUP_ROUTE {"k":640,"m":2560,"rows":5,"assignments":50,"map_bytes":1400,"map_reused":false}
M5_GROUP_CASE {"cpu_nmse":3.325054757449375e-14,"distinct_experts":[30],"elements":192000,"input_ids_preserved":true,"layout":"ids-contiguous","max_absolute_error":2.9025725822862114e-07,"route":"mixed","route_index":0,"rows":5,"samples":1,"triplets_per_graph":1,"wall_us_per_triplet":7370.833}
M5_GROUP_ROUTE {"k":2560,"m":640,"rows":5,"assignments":50,"map_bytes":1400,"map_reused":false}
M5_GROUP_ROUTE {"k":2560,"m":640,"rows":5,"assignments":50,"map_bytes":1400,"map_reused":false}
M5_GROUP_ROUTE {"k":640,"m":2560,"rows":5,"assignments":50,"map_bytes":1400,"map_reused":false}
M5_GROUP_ROUTE {"k":2560,"m":640,"rows":5,"assignments":50,"map_bytes":1400,"map_reused":false}
M5_GROUP_ROUTE {"k":2560,"m":640,"rows":5,"assignments":50,"map_bytes":1400,"map_reused":false}
M5_GROUP_ROUTE {"k":640,"m":2560,"rows":5,"assignments":50,"map_bytes":1400,"map_reused":false}
M5_GROUP_ROUTE {"k":2560,"m":640,"rows":5,"assignments":50,"map_bytes":1400,"map_reused":false}
M5_GROUP_ROUTE {"k":2560,"m":640,"rows":5,"assignments":50,"map_bytes":1400,"map_reused":false}
M5_GROUP_ROUTE {"k":640,"m":2560,"rows":5,"assignments":50,"map_bytes":1400,"map_reused":false}
M5_GROUP_ROUTE {"k":2560,"m":640,"rows":5,"assignments":50,"map_bytes":1400,"map_reused":false}
M5_GROUP_ROUTE {"k":2560,"m":640,"rows":5,"assignments":50,"map_bytes":1400,"map_reused":false}
M5_GROUP_ROUTE {"k":640,"m":2560,"rows":5,"assignments":50,"map_bytes":1400,"map_reused":false}
M5_GROUP_ROUTE {"k":2560,"m":640,"rows":5,"assignments":50,"map_bytes":1400,"map_reused":false}
M5_GROUP_ROUTE {"k":2560,"m":640,"rows":5,"assignments":50,"map_bytes":1400,"map_reused":false}
M5_GROUP_ROUTE {"k":640,"m":2560,"rows":5,"assignments":50,"map_bytes":1400,"map_reused":false}
M5_GROUP_CASE {"cpu_nmse":3.325054757449375e-14,"distinct_experts":[30],"elements":192000,"input_ids_preserved":true,"layout":"ids-offset","max_absolute_error":2.9025725822862114e-07,"route":"mixed","route_index":0,"rows":5,"samples":1,"triplets_per_graph":1,"wall_us_per_triplet":7121.292}
M5_GROUP_CASE {"cpu_nmse":3.3430988911140765e-14,"distinct_experts":[30],"elements":192000,"input_ids_preserved":true,"layout":"weights-strided","max_absolute_error":2.9574419180278255e-07,"route":"mixed","route_index":0,"rows":5,"samples":1,"triplets_per_graph":1,"wall_us_per_triplet":1650.125}
M5_GROUP_ROUTE {"k":2560,"m":640,"rows":5,"assignments":50,"map_bytes":1400,"map_reused":false}
M5_GROUP_ROUTE {"k":2560,"m":640,"rows":5,"assignments":50,"map_bytes":1400,"map_reused":false}
M5_GROUP_ROUTE {"k":640,"m":2560,"rows":5,"assignments":50,"map_bytes":1400,"map_reused":false}
M5_GROUP_ROUTE {"k":2560,"m":640,"rows":5,"assignments":50,"map_bytes":1400,"map_reused":false}
M5_GROUP_ROUTE {"k":2560,"m":640,"rows":5,"assignments":50,"map_bytes":1400,"map_reused":false}
M5_GROUP_ROUTE {"k":640,"m":2560,"rows":5,"assignments":50,"map_bytes":1400,"map_reused":false}
M5_GROUP_ROUTE {"k":2560,"m":640,"rows":5,"assignments":50,"map_bytes":1400,"map_reused":false}
M5_GROUP_ROUTE {"k":2560,"m":640,"rows":5,"assignments":50,"map_bytes":1400,"map_reused":false}
M5_GROUP_ROUTE {"k":640,"m":2560,"rows":5,"assignments":50,"map_bytes":1400,"map_reused":false}
M5_GROUP_ROUTE {"k":2560,"m":640,"rows":5,"assignments":50,"map_bytes":1400,"map_reused":false}
M5_GROUP_ROUTE {"k":2560,"m":640,"rows":5,"assignments":50,"map_bytes":1400,"map_reused":false}
M5_GROUP_ROUTE {"k":640,"m":2560,"rows":5,"assignments":50,"map_bytes":1400,"map_reused":false}
M5_GROUP_ROUTE {"k":2560,"m":640,"rows":5,"assignments":50,"map_bytes":1400,"map_reused":false}
M5_GROUP_ROUTE {"k":2560,"m":640,"rows":5,"assignments":50,"map_bytes":1400,"map_reused":false}
M5_GROUP_ROUTE {"k":640,"m":2560,"rows":5,"assignments":50,"map_bytes":1400,"map_reused":false}
M5_GROUP_CASE {"cpu_nmse":2.567882733995621e-14,"distinct_experts":[30],"elements":192000,"input_ids_preserved":true,"layout":"cancel","max_absolute_error":3.878449206240475e-07,"route":"mixed","route_index":0,"rows":5,"samples":1,"triplets_per_graph":1,"wall_us_per_triplet":7386.083}
M5_GROUP_ROUTE {"k":2560,"m":640,"rows":5,"assignments":50,"map_bytes":1400,"map_reused":false}
M5_GROUP_ROUTE {"k":2560,"m":640,"rows":5,"assignments":50,"map_bytes":1400,"map_reused":false}
M5_GROUP_ROUTE {"k":640,"m":2560,"rows":5,"assignments":50,"map_bytes":1400,"map_reused":false}
M5_GROUP_ROUTE {"k":2560,"m":640,"rows":5,"assignments":50,"map_bytes":1400,"map_reused":false}
M5_GROUP_ROUTE {"k":2560,"m":640,"rows":5,"assignments":50,"map_bytes":1400,"map_reused":false}
M5_GROUP_ROUTE {"k":640,"m":2560,"rows":5,"assignments":50,"map_bytes":1400,"map_reused":false}
M5_GROUP_ROUTE {"k":2560,"m":640,"rows":5,"assignments":50,"map_bytes":1400,"map_reused":false}
M5_GROUP_ROUTE {"k":2560,"m":640,"rows":5,"assignments":50,"map_bytes":1400,"map_reused":false}
M5_GROUP_ROUTE {"k":640,"m":2560,"rows":5,"assignments":50,"map_bytes":1400,"map_reused":false}
M5_GROUP_ROUTE {"k":2560,"m":640,"rows":5,"assignments":50,"map_bytes":1400,"map_reused":false}
M5_GROUP_ROUTE {"k":2560,"m":640,"rows":5,"assignments":50,"map_bytes":1400,"map_reused":false}
M5_GROUP_ROUTE {"k":640,"m":2560,"rows":5,"assignments":50,"map_bytes":1400,"map_reused":false}
M5_GROUP_ROUTE {"k":2560,"m":640,"rows":5,"assignments":50,"map_bytes":1400,"map_reused":false}
M5_GROUP_ROUTE {"k":2560,"m":640,"rows":5,"assignments":50,"map_bytes":1400,"map_reused":false}
M5_GROUP_ROUTE {"k":640,"m":2560,"rows":5,"assignments":50,"map_bytes":1400,"map_reused":false}
M5_GROUP_CASE {"cpu_nmse":2.3392783610753155e-14,"distinct_experts":[30],"elements":192000,"input_ids_preserved":true,"layout":"wide","max_absolute_error":2.4049701295325576e-05,"route":"mixed","route_index":0,"rows":5,"samples":1,"triplets_per_graph":1,"wall_us_per_triplet":7210.709}
M5_GROUP_DONE {"allocated_weight_bytes":2124195840,"cases":40,"mode":"check","weights_preserved":true}
ggml_metal_free: deallocating
