ggml_metal_device_init: testing tensor API for f16 support
ggml_metal_library_compile_pipeline: compiling pipeline: base = 'dummy_kernel', name = 'dummy_kernel'
ggml_metal_library_compile_pipeline: loaded dummy_kernel                                  0x105c81ad0 | th_max = 1024 | th_width =   32
ggml_metal_device_init: testing tensor API for bfloat support
ggml_metal_library_compile_pipeline: compiling pipeline: base = 'dummy_kernel', name = 'dummy_kernel'
ggml_metal_library_compile_pipeline: loaded dummy_kernel                                  0x105c81ed0 | th_max = 1024 | th_width =   32
ggml_metal_library_init: using embedded metal library
ggml_metal_library_compile_all: compiled 'fa_aux' library in 0.000 sec
ggml_metal_library_compile_all: compiled 'fa_f16' library in 0.001 sec
ggml_metal_library_compile_all: compiled 'fa_f32' library in 0.003 sec
ggml_metal_library_compile_all: compiled 'fa_q4_0' library in 0.004 sec
ggml_metal_library_compile_all: compiled 'fa_q4_1' library in 0.001 sec
ggml_metal_library_compile_all: compiled 'fa_q5_0' library in 0.006 sec
ggml_metal_library_compile_all: compiled 'fa_q5_1' library in 0.003 sec
ggml_metal_library_compile_all: compiled 'fa_q8_0' library in 0.002 sec
ggml_metal_library_compile_all: compiled 'fa_vec_f16' library in 0.002 sec
ggml_metal_library_compile_all: compiled 'fa_vec_f32' library in 0.004 sec
ggml_metal_library_compile_all: compiled 'fa_vec_q4_0' library in 0.010 sec
ggml_metal_library_compile_all: compiled 'fa_vec_q4_1' library in 0.007 sec
ggml_metal_library_compile_all: compiled 'fa_vec_q5_0' library in 0.008 sec
ggml_metal_library_compile_all: compiled 'fa_vec_q5_1' library in 0.009 sec
ggml_metal_library_compile_all: compiled 'fa_vec_q8_0' library in 0.008 sec
ggml_metal_library_compile_all: compiled 'mul_mv' library in 0.004 sec
ggml_metal_library_compile_all: compiled 'mul_mv_mma' library in 0.005 sec
ggml_metal_library_compile_all: compiled 'mul_mm' library in 0.011 sec
ggml_metal_library_compile_all: compiled 'quantize' library in 0.007 sec
ggml_metal_library_compile_all: compiled 'softmax' library in 0.002 sec
ggml_metal_library_compile_all: compiled 'norm' library in 0.002 sec
ggml_metal_library_compile_all: compiled 'unary' library in 0.004 sec
ggml_metal_library_compile_all: compiled 'binbcast' library in 0.004 sec
ggml_metal_library_compile_all: compiled 'reduce' library in 0.000 sec
ggml_metal_library_compile_all: compiled 'tri' library in 0.000 sec
ggml_metal_library_compile_all: compiled 'ssm' library in 0.002 sec
ggml_metal_library_compile_all: compiled 'wkv' library in 0.004 sec
ggml_metal_library_compile_all: compiled 'gated_delta_net' library in 0.002 sec
ggml_metal_library_compile_all: compiled 'solve_tri' library in 0.010 sec
ggml_metal_library_compile_all: compiled 'rope' library in 0.003 sec
ggml_metal_library_compile_all: compiled 'conv' library in 0.003 sec
ggml_metal_library_compile_all: compiled 'upscale' library in 0.003 sec
ggml_metal_library_compile_all: compiled 'argsort' library in 0.003 sec
ggml_metal_library_compile_all: compiled 'pool' library in 0.003 sec
ggml_metal_library_compile_all: compiled 'misc' library in 0.003 sec
ggml_metal_library_compile_all: loaded 35 libraries from embedded data in 0.011 sec (max single = 0.011 sec)
ggml_metal_rsets_init: creating a residency set collection (keep_alive = 180 s)
ggml_metal_device_init: GPU name:   MTL0 (Apple M5 Pro)
ggml_metal_device_init: GPU family: MTLGPUFamilyApple10  (1010)
ggml_metal_device_init: GPU family: MTLGPUFamilyMetal4  (5002)
ggml_metal_device_init: simdgroup reduction   = true
ggml_metal_device_init: simdgroup matrix mul. = true
ggml_metal_device_init: has unified memory    = true
ggml_metal_device_init: has bfloat            = true
ggml_metal_device_init: has tensor            = true
ggml_metal_device_init: use residency sets    = true
ggml_metal_device_init: use shared buffers    = true
ggml_metal_device_init: recommendedMaxWorkingSetSize  = 40200.90 MB
ggml_metal_init: allocating
ggml_metal_init: found device: Apple M5 Pro
ggml_metal_init: picking default device: Apple M5 Pro
ggml_metal_init: use fusion         = true
ggml_metal_init: use concurrency    = true
ggml_metal_init: use graph optimize = true
ggml_metal_library_compile_pipeline: compiling pipeline: base = 'kernel_gated_delta_net_f32_4_rows_1', name = 'kernel_gated_delta_net_f32_4_rows_1_ne20=128_ne30=1_K=4'
ggml_metal_library_compile_pipeline: loaded kernel_gated_delta_net_f32_4_rows_1_ne20=128_ne30=1_K=4      0x105c55690 | th_max = 1024 | th_width =   32
M5_GDN_SHAPE {"rows":1,"variant_rows":1,"K":4,"fused":true,"slot_stride_floats":786469,"q_ne":[128,16,1,1],"q_nb":[4,512,8192,8192],"k_ne":[128,16,1,1],"k_nb":[4,512,8192,8192],"v_ne":[128,48,1,1],"v_nb":[4,512,40960,40960],"g_ne":[1,48,1,1],"g_nb":[4,4,192,192],"beta_ne":[1,48,1,1],"beta_nb":[4,4,192,192],"state_ne":[128,128,48,1],"state_nb":[4,512,65536,3145728],"threadgroups":[128,48,1],"threads":[32,1,1]}
ggml_metal_library_compile_pipeline: compiling pipeline: base = 'kernel_op_sum_f32', name = 'kernel_op_sum_f32'
ggml_metal_library_compile_pipeline: loaded kernel_op_sum_f32                             0x105c55a10 | th_max = 1024 | th_width =   32
ggml_metal_library_compile_pipeline: compiling pipeline: base = 'kernel_cpy_f32_f32', name = 'kernel_cpy_f32_f32'
ggml_metal_library_compile_pipeline: loaded kernel_cpy_f32_f32                            0x105c568d0 | th_max = 1024 | th_width =   32
M5_GDN_CASE {"B":1,"G":1,"H":48,"HQ":16,"K":4,"S":128,"T":1,"all_nodes_metal":true,"attention_nmse":9.62471545029271e-15,"attention_values_checked":36864,"continuation_pairs":2,"distinct_state_buffers":1,"elements":37823538,"fused":true,"inputs_preserved":true,"label":"target","layout":"model","max_absolute_error":1.4901161193847656e-08,"rollback_prefixes":[0,1],"samples":1,"scheduler_splits":1,"state_nmse":2.9216983251129898e-15,"state_values_checked":4718592,"unavailable_prefixes":[],"unwritten_slots_preserved":true,"wall_us_per_graph_sync":40598.417}
M5_GDN_SHAPE {"rows":1,"variant_rows":1,"K":4,"fused":true,"slot_stride_floats":786469,"q_ne":[128,16,1,1],"q_nb":[4,1088,544,17504],"k_ne":[128,16,1,1],"k_nb":[4,560,9040,9136],"v_ne":[128,48,1,1],"v_nb":[4,1728,576,83040],"g_ne":[1,48,1,1],"g_nb":[4,4,192,192],"beta_ne":[1,48,1,1],"beta_nb":[4,4,192,192],"state_ne":[128,128,48,1],"state_nb":[4,512,65536,3145728],"threadgroups":[128,48,1],"threads":[32,1,1]}
M5_GDN_CASE {"B":1,"G":1,"H":48,"HQ":16,"K":4,"S":128,"T":1,"all_nodes_metal":true,"attention_nmse":9.62471545029271e-15,"attention_values_checked":36864,"continuation_pairs":2,"distinct_state_buffers":1,"elements":37823538,"fused":true,"inputs_preserved":true,"label":"target","layout":"permuted","max_absolute_error":1.4901161193847656e-08,"rollback_prefixes":[0,1],"samples":1,"scheduler_splits":1,"state_nmse":2.9216983251129898e-15,"state_values_checked":4718592,"unavailable_prefixes":[],"unwritten_slots_preserved":true,"wall_us_per_graph_sync":1813.917}
M5_GDN_SHAPE {"rows":1,"variant_rows":1,"K":4,"fused":false,"slot_stride_floats":0,"q_ne":[128,16,1,1],"q_nb":[4,512,8192,8192],"k_ne":[128,16,1,1],"k_nb":[4,512,8192,8192],"v_ne":[128,48,1,1],"v_nb":[4,512,40960,40960],"g_ne":[1,48,1,1],"g_nb":[4,4,192,192],"beta_ne":[1,48,1,1],"beta_nb":[4,4,192,192],"state_ne":[128,128,48,1],"state_nb":[4,512,65536,3145728],"threadgroups":[128,48,1],"threads":[32,1,1]}
M5_GDN_CASE {"B":1,"G":1,"H":48,"HQ":16,"K":4,"S":128,"T":1,"all_nodes_metal":true,"attention_nmse":9.62471545029271e-15,"attention_values_checked":36864,"continuation_pairs":2,"distinct_state_buffers":1,"elements":37823538,"fused":false,"inputs_preserved":true,"label":"target","layout":"model","max_absolute_error":1.4901161193847656e-08,"rollback_prefixes":[0,1],"samples":1,"scheduler_splits":1,"state_nmse":2.9216983251129898e-15,"state_values_checked":4718592,"unavailable_prefixes":[],"unwritten_slots_preserved":true,"wall_us_per_graph_sync":1943.041}
M5_GDN_SHAPE {"rows":1,"variant_rows":1,"K":4,"fused":false,"slot_stride_floats":0,"q_ne":[128,16,1,1],"q_nb":[4,1088,544,17504],"k_ne":[128,16,1,1],"k_nb":[4,560,9040,9136],"v_ne":[128,48,1,1],"v_nb":[4,1728,576,83040],"g_ne":[1,48,1,1],"g_nb":[4,4,192,192],"beta_ne":[1,48,1,1],"beta_nb":[4,4,192,192],"state_ne":[128,128,48,1],"state_nb":[4,512,65536,3145728],"threadgroups":[128,48,1],"threads":[32,1,1]}
M5_GDN_CASE {"B":1,"G":1,"H":48,"HQ":16,"K":4,"S":128,"T":1,"all_nodes_metal":true,"attention_nmse":9.62471545029271e-15,"attention_values_checked":36864,"continuation_pairs":2,"distinct_state_buffers":1,"elements":37823538,"fused":false,"inputs_preserved":true,"label":"target","layout":"permuted","max_absolute_error":1.4901161193847656e-08,"rollback_prefixes":[0,1],"samples":1,"scheduler_splits":1,"state_nmse":2.9216983251129898e-15,"state_values_checked":4718592,"unavailable_prefixes":[],"unwritten_slots_preserved":true,"wall_us_per_graph_sync":2036.75}
M5_GDN_SHAPE {"rows":1,"variant_rows":1,"K":4,"fused":true,"slot_stride_floats":786469,"q_ne":[128,16,2,1],"q_nb":[4,512,8192,16384],"k_ne":[128,16,2,1],"k_nb":[4,512,8192,16384],"v_ne":[128,48,2,1],"v_nb":[4,512,40960,81920],"g_ne":[1,48,2,1],"g_nb":[4,4,192,384],"beta_ne":[1,48,2,1],"beta_nb":[4,4,192,384],"state_ne":[128,128,48,1],"state_nb":[4,512,65536,3145728],"threadgroups":[128,48,1],"threads":[32,1,1]}
M5_GDN_CASE {"B":1,"G":1,"H":48,"HQ":16,"K":4,"S":128,"T":2,"all_nodes_metal":true,"attention_nmse":1.0751587360059507e-14,"attention_values_checked":67584,"continuation_pairs":3,"distinct_state_buffers":1,"elements":56759883,"fused":true,"inputs_preserved":true,"label":"target","layout":"model","max_absolute_error":2.2351741790771484e-08,"rollback_prefixes":[0,1,2],"samples":1,"scheduler_splits":1,"state_nmse":3.861822212413232e-15,"state_values_checked":8650752,"unavailable_prefixes":[],"unwritten_slots_preserved":true,"wall_us_per_graph_sync":1811.5}
M5_GDN_SHAPE {"rows":1,"variant_rows":1,"K":4,"fused":true,"slot_stride_floats":786469,"q_ne":[128,16,2,1],"q_nb":[4,1632,544,26208],"k_ne":[128,16,2,1],"k_nb":[4,560,9040,18176],"v_ne":[128,48,2,1],"v_nb":[4,2304,576,110688],"g_ne":[1,48,2,1],"g_nb":[4,4,192,384],"beta_ne":[1,48,2,1],"beta_nb":[4,4,192,384],"state_ne":[128,128,48,1],"state_nb":[4,512,65536,3145728],"threadgroups":[128,48,1],"threads":[32,1,1]}
M5_GDN_CASE {"B":1,"G":1,"H":48,"HQ":16,"K":4,"S":128,"T":2,"all_nodes_metal":true,"attention_nmse":1.0751587360059507e-14,"attention_values_checked":67584,"continuation_pairs":3,"distinct_state_buffers":1,"elements":56759883,"fused":true,"inputs_preserved":true,"label":"target","layout":"permuted","max_absolute_error":2.2351741790771484e-08,"rollback_prefixes":[0,1,2],"samples":1,"scheduler_splits":1,"state_nmse":3.861822212413232e-15,"state_values_checked":8650752,"unavailable_prefixes":[],"unwritten_slots_preserved":true,"wall_us_per_graph_sync":1490.334}
M5_GDN_SHAPE {"rows":1,"variant_rows":1,"K":4,"fused":false,"slot_stride_floats":0,"q_ne":[128,16,2,1],"q_nb":[4,512,8192,16384],"k_ne":[128,16,2,1],"k_nb":[4,512,8192,16384],"v_ne":[128,48,2,1],"v_nb":[4,512,40960,81920],"g_ne":[1,48,2,1],"g_nb":[4,4,192,384],"beta_ne":[1,48,2,1],"beta_nb":[4,4,192,384],"state_ne":[128,128,48,1],"state_nb":[4,512,65536,3145728],"threadgroups":[128,48,1],"threads":[32,1,1]}
M5_GDN_CASE {"B":1,"G":1,"H":48,"HQ":16,"K":4,"S":128,"T":2,"all_nodes_metal":true,"attention_nmse":1.0751587360059507e-14,"attention_values_checked":67584,"continuation_pairs":3,"distinct_state_buffers":1,"elements":56759883,"fused":false,"inputs_preserved":true,"label":"target","layout":"model","max_absolute_error":2.2351741790771484e-08,"rollback_prefixes":[0,1,2],"samples":1,"scheduler_splits":1,"state_nmse":3.861822212413232e-15,"state_values_checked":8650752,"unavailable_prefixes":[],"unwritten_slots_preserved":true,"wall_us_per_graph_sync":2057.25}
M5_GDN_SHAPE {"rows":1,"variant_rows":1,"K":4,"fused":false,"slot_stride_floats":0,"q_ne":[128,16,2,1],"q_nb":[4,1632,544,26208],"k_ne":[128,16,2,1],"k_nb":[4,560,9040,18176],"v_ne":[128,48,2,1],"v_nb":[4,2304,576,110688],"g_ne":[1,48,2,1],"g_nb":[4,4,192,384],"beta_ne":[1,48,2,1],"beta_nb":[4,4,192,384],"state_ne":[128,128,48,1],"state_nb":[4,512,65536,3145728],"threadgroups":[128,48,1],"threads":[32,1,1]}
M5_GDN_CASE {"B":1,"G":1,"H":48,"HQ":16,"K":4,"S":128,"T":2,"all_nodes_metal":true,"attention_nmse":1.0751587360059507e-14,"attention_values_checked":67584,"continuation_pairs":3,"distinct_state_buffers":1,"elements":56759883,"fused":false,"inputs_preserved":true,"label":"target","layout":"permuted","max_absolute_error":2.2351741790771484e-08,"rollback_prefixes":[0,1,2],"samples":1,"scheduler_splits":1,"state_nmse":3.861822212413232e-15,"state_values_checked":8650752,"unavailable_prefixes":[],"unwritten_slots_preserved":true,"wall_us_per_graph_sync":1834.542}
M5_GDN_SHAPE {"rows":1,"variant_rows":1,"K":4,"fused":true,"slot_stride_floats":786469,"q_ne":[128,16,3,1],"q_nb":[4,512,8192,24576],"k_ne":[128,16,3,1],"k_nb":[4,512,8192,24576],"v_ne":[128,48,3,1],"v_nb":[4,512,40960,122880],"g_ne":[1,48,3,1],"g_nb":[4,4,192,576],"beta_ne":[1,48,3,1],"beta_nb":[4,4,192,576],"state_ne":[128,128,48,1],"state_nb":[4,512,65536,3145728],"threadgroups":[128,48,1],"threads":[32,1,1]}
M5_GDN_CASE {"B":1,"G":1,"H":48,"HQ":16,"K":4,"S":128,"T":3,"all_nodes_metal":true,"attention_nmse":1.1786567741833264e-14,"attention_values_checked":104448,"continuation_pairs":4,"distinct_state_buffers":1,"elements":75708516,"fused":true,"inputs_preserved":true,"label":"target","layout":"model","max_absolute_error":2.2351741790771484e-08,"rollback_prefixes":[0,1,2,3],"samples":1,"scheduler_splits":1,"state_nmse":4.7858305537294486e-15,"state_values_checked":13369344,"unavailable_prefixes":[],"unwritten_slots_preserved":true,"wall_us_per_graph_sync":1752.084}
M5_GDN_SHAPE {"rows":1,"variant_rows":1,"K":4,"fused":true,"slot_stride_floats":786469,"q_ne":[128,16,3,1],"q_nb":[4,2176,544,34912],"k_ne":[128,16,3,1],"k_nb":[4,560,9040,27216],"v_ne":[128,48,3,1],"v_nb":[4,2880,576,138336],"g_ne":[1,48,3,1],"g_nb":[4,4,192,576],"beta_ne":[1,48,3,1],"beta_nb":[4,4,192,576],"state_ne":[128,128,48,1],"state_nb":[4,512,65536,3145728],"threadgroups":[128,48,1],"threads":[32,1,1]}
M5_GDN_CASE {"B":1,"G":1,"H":48,"HQ":16,"K":4,"S":128,"T":3,"all_nodes_metal":true,"attention_nmse":1.1786567741833264e-14,"attention_values_checked":104448,"continuation_pairs":4,"distinct_state_buffers":1,"elements":75708516,"fused":true,"inputs_preserved":true,"label":"target","layout":"permuted","max_absolute_error":2.2351741790771484e-08,"rollback_prefixes":[0,1,2,3],"samples":1,"scheduler_splits":1,"state_nmse":4.7858305537294486e-15,"state_values_checked":13369344,"unavailable_prefixes":[],"unwritten_slots_preserved":true,"wall_us_per_graph_sync":1779.542}
M5_GDN_SHAPE {"rows":1,"variant_rows":1,"K":4,"fused":false,"slot_stride_floats":0,"q_ne":[128,16,3,1],"q_nb":[4,512,8192,24576],"k_ne":[128,16,3,1],"k_nb":[4,512,8192,24576],"v_ne":[128,48,3,1],"v_nb":[4,512,40960,122880],"g_ne":[1,48,3,1],"g_nb":[4,4,192,576],"beta_ne":[1,48,3,1],"beta_nb":[4,4,192,576],"state_ne":[128,128,48,1],"state_nb":[4,512,65536,3145728],"threadgroups":[128,48,1],"threads":[32,1,1]}
M5_GDN_CASE {"B":1,"G":1,"H":48,"HQ":16,"K":4,"S":128,"T":3,"all_nodes_metal":true,"attention_nmse":1.1786567741833264e-14,"attention_values_checked":104448,"continuation_pairs":4,"distinct_state_buffers":1,"elements":75708516,"fused":false,"inputs_preserved":true,"label":"target","layout":"model","max_absolute_error":2.2351741790771484e-08,"rollback_prefixes":[0,1,2,3],"samples":1,"scheduler_splits":1,"state_nmse":4.7858305537294486e-15,"state_values_checked":13369344,"unavailable_prefixes":[],"unwritten_slots_preserved":true,"wall_us_per_graph_sync":2311.625}
M5_GDN_SHAPE {"rows":1,"variant_rows":1,"K":4,"fused":false,"slot_stride_floats":0,"q_ne":[128,16,3,1],"q_nb":[4,2176,544,34912],"k_ne":[128,16,3,1],"k_nb":[4,560,9040,27216],"v_ne":[128,48,3,1],"v_nb":[4,2880,576,138336],"g_ne":[1,48,3,1],"g_nb":[4,4,192,576],"beta_ne":[1,48,3,1],"beta_nb":[4,4,192,576],"state_ne":[128,128,48,1],"state_nb":[4,512,65536,3145728],"threadgroups":[128,48,1],"threads":[32,1,1]}
M5_GDN_CASE {"B":1,"G":1,"H":48,"HQ":16,"K":4,"S":128,"T":3,"all_nodes_metal":true,"attention_nmse":1.1786567741833264e-14,"attention_values_checked":104448,"continuation_pairs":4,"distinct_state_buffers":1,"elements":75708516,"fused":false,"inputs_preserved":true,"label":"target","layout":"permuted","max_absolute_error":2.2351741790771484e-08,"rollback_prefixes":[0,1,2,3],"samples":1,"scheduler_splits":1,"state_nmse":4.7858305537294486e-15,"state_values_checked":13369344,"unavailable_prefixes":[],"unwritten_slots_preserved":true,"wall_us_per_graph_sync":2456.041}
M5_GDN_SHAPE {"rows":1,"variant_rows":1,"K":4,"fused":true,"slot_stride_floats":786469,"q_ne":[128,16,4,1],"q_nb":[4,512,8192,32768],"k_ne":[128,16,4,1],"k_nb":[4,512,8192,32768],"v_ne":[128,48,4,1],"v_nb":[4,512,40960,163840],"g_ne":[1,48,4,1],"g_nb":[4,4,192,768],"beta_ne":[1,48,4,1],"beta_nb":[4,4,192,768],"state_ne":[128,128,48,1],"state_nb":[4,512,65536,3145728],"threadgroups":[128,48,1],"threads":[32,1,1]}
M5_GDN_CASE {"B":1,"G":1,"H":48,"HQ":16,"K":4,"S":128,"T":4,"all_nodes_metal":true,"attention_nmse":1.2740240584582014e-14,"attention_values_checked":147456,"continuation_pairs":5,"distinct_state_buffers":1,"elements":94669437,"fused":true,"inputs_preserved":true,"label":"target","layout":"model","max_absolute_error":2.9802322387695313e-08,"rollback_prefixes":[0,1,2,3,4],"samples":1,"scheduler_splits":1,"state_nmse":5.685006567788978e-15,"state_values_checked":18874368,"unavailable_prefixes":[],"unwritten_slots_preserved":true,"wall_us_per_graph_sync":1856.5}
M5_GDN_SHAPE {"rows":1,"variant_rows":1,"K":4,"fused":true,"slot_stride_floats":786469,"q_ne":[128,16,4,1],"q_nb":[4,2720,544,43616],"k_ne":[128,16,4,1],"k_nb":[4,560,9040,36256],"v_ne":[128,48,4,1],"v_nb":[4,3456,576,165984],"g_ne":[1,48,4,1],"g_nb":[4,4,192,768],"beta_ne":[1,48,4,1],"beta_nb":[4,4,192,768],"state_ne":[128,128,48,1],"state_nb":[4,512,65536,3145728],"threadgroups":[128,48,1],"threads":[32,1,1]}
M5_GDN_CASE {"B":1,"G":1,"H":48,"HQ":16,"K":4,"S":128,"T":4,"all_nodes_metal":true,"attention_nmse":1.2740240584582014e-14,"attention_values_checked":147456,"continuation_pairs":5,"distinct_state_buffers":1,"elements":94669437,"fused":true,"inputs_preserved":true,"label":"target","layout":"permuted","max_absolute_error":2.9802322387695313e-08,"rollback_prefixes":[0,1,2,3,4],"samples":1,"scheduler_splits":1,"state_nmse":5.685006567788978e-15,"state_values_checked":18874368,"unavailable_prefixes":[],"unwritten_slots_preserved":true,"wall_us_per_graph_sync":1706.875}
M5_GDN_SHAPE {"rows":1,"variant_rows":1,"K":4,"fused":false,"slot_stride_floats":0,"q_ne":[128,16,4,1],"q_nb":[4,512,8192,32768],"k_ne":[128,16,4,1],"k_nb":[4,512,8192,32768],"v_ne":[128,48,4,1],"v_nb":[4,512,40960,163840],"g_ne":[1,48,4,1],"g_nb":[4,4,192,768],"beta_ne":[1,48,4,1],"beta_nb":[4,4,192,768],"state_ne":[128,128,48,1],"state_nb":[4,512,65536,3145728],"threadgroups":[128,48,1],"threads":[32,1,1]}
M5_GDN_CASE {"B":1,"G":1,"H":48,"HQ":16,"K":4,"S":128,"T":4,"all_nodes_metal":true,"attention_nmse":1.2740240584582014e-14,"attention_values_checked":147456,"continuation_pairs":5,"distinct_state_buffers":1,"elements":94669437,"fused":false,"inputs_preserved":true,"label":"target","layout":"model","max_absolute_error":2.9802322387695313e-08,"rollback_prefixes":[0,1,2,3,4],"samples":1,"scheduler_splits":1,"state_nmse":5.685006567788978e-15,"state_values_checked":18874368,"unavailable_prefixes":[],"unwritten_slots_preserved":true,"wall_us_per_graph_sync":2661.792}
M5_GDN_SHAPE {"rows":1,"variant_rows":1,"K":4,"fused":false,"slot_stride_floats":0,"q_ne":[128,16,4,1],"q_nb":[4,2720,544,43616],"k_ne":[128,16,4,1],"k_nb":[4,560,9040,36256],"v_ne":[128,48,4,1],"v_nb":[4,3456,576,165984],"g_ne":[1,48,4,1],"g_nb":[4,4,192,768],"beta_ne":[1,48,4,1],"beta_nb":[4,4,192,768],"state_ne":[128,128,48,1],"state_nb":[4,512,65536,3145728],"threadgroups":[128,48,1],"threads":[32,1,1]}
M5_GDN_CASE {"B":1,"G":1,"H":48,"HQ":16,"K":4,"S":128,"T":4,"all_nodes_metal":true,"attention_nmse":1.2740240584582014e-14,"attention_values_checked":147456,"continuation_pairs":5,"distinct_state_buffers":1,"elements":94669437,"fused":false,"inputs_preserved":true,"label":"target","layout":"permuted","max_absolute_error":2.9802322387695313e-08,"rollback_prefixes":[0,1,2,3,4],"samples":1,"scheduler_splits":1,"state_nmse":5.685006567788978e-15,"state_values_checked":18874368,"unavailable_prefixes":[],"unwritten_slots_preserved":true,"wall_us_per_graph_sync":2768.417}
M5_GDN_SHAPE {"rows":1,"variant_rows":1,"K":4,"fused":true,"slot_stride_floats":786469,"q_ne":[128,16,5,1],"q_nb":[4,512,8192,40960],"k_ne":[128,16,5,1],"k_nb":[4,512,8192,40960],"v_ne":[128,48,5,1],"v_nb":[4,512,40960,204800],"g_ne":[1,48,5,1],"g_nb":[4,4,192,960],"beta_ne":[1,48,5,1],"beta_nb":[4,4,192,960],"state_ne":[128,128,48,1],"state_nb":[4,512,65536,3145728],"threadgroups":[128,48,1],"threads":[32,1,1]}
M5_GDN_CASE {"B":1,"G":1,"H":48,"HQ":16,"K":4,"S":128,"T":5,"all_nodes_metal":true,"attention_nmse":1.3640998753210895e-14,"attention_values_checked":178176,"continuation_pairs":5,"distinct_state_buffers":1,"elements":94730877,"fused":true,"inputs_preserved":true,"label":"target","layout":"model","max_absolute_error":2.9802322387695313e-08,"rollback_prefixes":[0,2,3,4,5],"samples":1,"scheduler_splits":1,"state_nmse":8.125350771608322e-15,"state_values_checked":21233664,"unavailable_prefixes":[1],"unwritten_slots_preserved":true,"wall_us_per_graph_sync":1460.375}
M5_GDN_SHAPE {"rows":1,"variant_rows":1,"K":4,"fused":true,"slot_stride_floats":786469,"q_ne":[128,16,5,1],"q_nb":[4,3264,544,52320],"k_ne":[128,16,5,1],"k_nb":[4,560,9040,45296],"v_ne":[128,48,5,1],"v_nb":[4,4032,576,193632],"g_ne":[1,48,5,1],"g_nb":[4,4,192,960],"beta_ne":[1,48,5,1],"beta_nb":[4,4,192,960],"state_ne":[128,128,48,1],"state_nb":[4,512,65536,3145728],"threadgroups":[128,48,1],"threads":[32,1,1]}
M5_GDN_CASE {"B":1,"G":1,"H":48,"HQ":16,"K":4,"S":128,"T":5,"all_nodes_metal":true,"attention_nmse":1.3640998753210895e-14,"attention_values_checked":178176,"continuation_pairs":5,"distinct_state_buffers":1,"elements":94730877,"fused":true,"inputs_preserved":true,"label":"target","layout":"permuted","max_absolute_error":2.9802322387695313e-08,"rollback_prefixes":[0,2,3,4,5],"samples":1,"scheduler_splits":1,"state_nmse":8.125350771608322e-15,"state_values_checked":21233664,"unavailable_prefixes":[1],"unwritten_slots_preserved":true,"wall_us_per_graph_sync":1793.458}
M5_GDN_SHAPE {"rows":1,"variant_rows":1,"K":4,"fused":false,"slot_stride_floats":0,"q_ne":[128,16,5,1],"q_nb":[4,512,8192,40960],"k_ne":[128,16,5,1],"k_nb":[4,512,8192,40960],"v_ne":[128,48,5,1],"v_nb":[4,512,40960,204800],"g_ne":[1,48,5,1],"g_nb":[4,4,192,960],"beta_ne":[1,48,5,1],"beta_nb":[4,4,192,960],"state_ne":[128,128,48,1],"state_nb":[4,512,65536,3145728],"threadgroups":[128,48,1],"threads":[32,1,1]}
M5_GDN_CASE {"B":1,"G":1,"H":48,"HQ":16,"K":4,"S":128,"T":5,"all_nodes_metal":true,"attention_nmse":1.3640998753210895e-14,"attention_values_checked":178176,"continuation_pairs":5,"distinct_state_buffers":1,"elements":94730877,"fused":false,"inputs_preserved":true,"label":"target","layout":"model","max_absolute_error":2.9802322387695313e-08,"rollback_prefixes":[0,2,3,4,5],"samples":1,"scheduler_splits":1,"state_nmse":8.125350771608322e-15,"state_values_checked":21233664,"unavailable_prefixes":[1],"unwritten_slots_preserved":true,"wall_us_per_graph_sync":2768.583}
M5_GDN_SHAPE {"rows":1,"variant_rows":1,"K":4,"fused":false,"slot_stride_floats":0,"q_ne":[128,16,5,1],"q_nb":[4,3264,544,52320],"k_ne":[128,16,5,1],"k_nb":[4,560,9040,45296],"v_ne":[128,48,5,1],"v_nb":[4,4032,576,193632],"g_ne":[1,48,5,1],"g_nb":[4,4,192,960],"beta_ne":[1,48,5,1],"beta_nb":[4,4,192,960],"state_ne":[128,128,48,1],"state_nb":[4,512,65536,3145728],"threadgroups":[128,48,1],"threads":[32,1,1]}
M5_GDN_CASE {"B":1,"G":1,"H":48,"HQ":16,"K":4,"S":128,"T":5,"all_nodes_metal":true,"attention_nmse":1.3640998753210895e-14,"attention_values_checked":178176,"continuation_pairs":5,"distinct_state_buffers":1,"elements":94730877,"fused":false,"inputs_preserved":true,"label":"target","layout":"permuted","max_absolute_error":2.9802322387695313e-08,"rollback_prefixes":[0,2,3,4,5],"samples":1,"scheduler_splits":1,"state_nmse":8.125350771608322e-15,"state_values_checked":21233664,"unavailable_prefixes":[1],"unwritten_slots_preserved":true,"wall_us_per_graph_sync":2796.459}
ggml_metal_library_compile_pipeline: compiling pipeline: base = 'kernel_gated_delta_net_f32_4', name = 'kernel_gated_delta_net_f32_4_ne20=128_ne30=1_K=1'
ggml_metal_library_compile_pipeline: loaded kernel_gated_delta_net_f32_4_ne20=128_ne30=1_K=1     0x79bf304700 | th_max = 1024 | th_width =   32
M5_GDN_SHAPE {"rows":4,"variant_rows":0,"K":1,"fused":true,"slot_stride_floats":786469,"q_ne":[128,16,4,1],"q_nb":[4,512,8192,32768],"k_ne":[128,16,4,1],"k_nb":[4,512,8192,32768],"v_ne":[128,48,4,1],"v_nb":[4,512,40960,163840],"g_ne":[1,48,4,1],"g_nb":[4,4,192,768],"beta_ne":[1,48,4,1],"beta_nb":[4,4,192,768],"state_ne":[128,128,48,1],"state_nb":[4,512,65536,3145728],"threadgroups":[32,48,1],"threads":[32,4,1]}
M5_GDN_CASE {"B":1,"G":1,"H":48,"HQ":16,"K":1,"S":128,"T":4,"all_nodes_metal":true,"attention_nmse":1.2740240584582014e-14,"attention_values_checked":24576,"continuation_pairs":0,"distinct_state_buffers":1,"elements":1622084,"fused":true,"inputs_preserved":true,"label":"K1","layout":"model","max_absolute_error":2.9802322387695313e-08,"rollback_prefixes":[],"samples":1,"scheduler_splits":1,"state_nmse":1.0235740914787987e-14,"state_values_checked":786432,"unavailable_prefixes":[],"unwritten_slots_preserved":true,"wall_us_per_graph_sync":1731.833}
M5_GDN_SHAPE {"rows":4,"variant_rows":0,"K":1,"fused":false,"slot_stride_floats":0,"q_ne":[128,16,4,1],"q_nb":[4,512,8192,32768],"k_ne":[128,16,4,1],"k_nb":[4,512,8192,32768],"v_ne":[128,48,4,1],"v_nb":[4,512,40960,163840],"g_ne":[1,48,4,1],"g_nb":[4,4,192,768],"beta_ne":[1,48,4,1],"beta_nb":[4,4,192,768],"state_ne":[128,128,48,1],"state_nb":[4,512,65536,3145728],"threadgroups":[32,48,1],"threads":[32,4,1]}
M5_GDN_CASE {"B":1,"G":1,"H":48,"HQ":16,"K":1,"S":128,"T":4,"all_nodes_metal":true,"attention_nmse":1.2740240584582014e-14,"attention_values_checked":24576,"continuation_pairs":0,"distinct_state_buffers":1,"elements":1622084,"fused":false,"inputs_preserved":true,"label":"K1","layout":"model","max_absolute_error":2.9802322387695313e-08,"rollback_prefixes":[],"samples":1,"scheduler_splits":1,"state_nmse":1.0235740914787987e-14,"state_values_checked":786432,"unavailable_prefixes":[],"unwritten_slots_preserved":true,"wall_us_per_graph_sync":1809.958}
ggml_metal_library_compile_pipeline: compiling pipeline: base = 'kernel_gated_delta_net_f32_4', name = 'kernel_gated_delta_net_f32_4_ne20=128_ne30=1_K=4'
ggml_metal_library_compile_pipeline: loaded kernel_gated_delta_net_f32_4_ne20=128_ne30=1_K=4     0x79bf304000 | th_max = 1024 | th_width =   32
M5_GDN_SHAPE {"rows":4,"variant_rows":0,"K":4,"fused":true,"slot_stride_floats":786469,"q_ne":[128,16,6,1],"q_nb":[4,512,8192,49152],"k_ne":[128,16,6,1],"k_nb":[4,512,8192,49152],"v_ne":[128,48,6,1],"v_nb":[4,512,40960,245760],"g_ne":[1,48,6,1],"g_nb":[4,4,192,1152],"beta_ne":[1,48,6,1],"beta_nb":[4,4,192,1152],"state_ne":[128,128,48,1],"state_nb":[4,512,65536,3145728],"threadgroups":[32,48,1],"threads":[32,4,1]}
M5_GDN_CASE {"B":1,"G":1,"H":48,"HQ":16,"K":4,"S":128,"T":6,"all_nodes_metal":true,"attention_nmse":1.4226519247284428e-14,"attention_values_checked":36864,"continuation_pairs":0,"distinct_state_buffers":1,"elements":6365363,"fused":true,"inputs_preserved":true,"label":"T6","layout":"model","max_absolute_error":2.9802322387695313e-08,"rollback_prefixes":[],"samples":1,"scheduler_splits":1,"state_nmse":1.043003882736038e-14,"state_values_checked":3145728,"unavailable_prefixes":[],"unwritten_slots_preserved":true,"wall_us_per_graph_sync":1793.666}
M5_GDN_SHAPE {"rows":4,"variant_rows":0,"K":4,"fused":false,"slot_stride_floats":0,"q_ne":[128,16,6,1],"q_nb":[4,512,8192,49152],"k_ne":[128,16,6,1],"k_nb":[4,512,8192,49152],"v_ne":[128,48,6,1],"v_nb":[4,512,40960,245760],"g_ne":[1,48,6,1],"g_nb":[4,4,192,1152],"beta_ne":[1,48,6,1],"beta_nb":[4,4,192,1152],"state_ne":[128,128,48,1],"state_nb":[4,512,65536,3145728],"threadgroups":[32,48,1],"threads":[32,4,1]}
M5_GDN_CASE {"B":1,"G":1,"H":48,"HQ":16,"K":4,"S":128,"T":6,"all_nodes_metal":true,"attention_nmse":1.4226519247284428e-14,"attention_values_checked":36864,"continuation_pairs":0,"distinct_state_buffers":1,"elements":6365363,"fused":false,"inputs_preserved":true,"label":"T6","layout":"model","max_absolute_error":2.9802322387695313e-08,"rollback_prefixes":[],"samples":1,"scheduler_splits":1,"state_nmse":1.043003882736038e-14,"state_values_checked":3145728,"unavailable_prefixes":[],"unwritten_slots_preserved":true,"wall_us_per_graph_sync":2834.875}
M5_GDN_SHAPE {"rows":4,"variant_rows":0,"K":4,"fused":true,"slot_stride_floats":524325,"q_ne":[128,16,4,1],"q_nb":[4,512,8192,32768],"k_ne":[128,16,4,1],"k_nb":[4,512,8192,32768],"v_ne":[128,32,4,1],"v_nb":[4,512,32768,131072],"g_ne":[1,32,4,1],"g_nb":[4,4,128,512],"beta_ne":[1,32,4,1],"beta_nb":[4,4,128,512],"state_ne":[128,128,32,1],"state_nb":[4,512,65536,2097152],"threadgroups":[32,32,1],"threads":[32,4,1]}
M5_GDN_CASE {"B":1,"G":1,"H":32,"HQ":16,"K":4,"S":128,"T":4,"all_nodes_metal":true,"attention_nmse":1.3166001392177347e-14,"attention_values_checked":16384,"continuation_pairs":0,"distinct_state_buffers":1,"elements":4227251,"fused":true,"inputs_preserved":true,"label":"H32","layout":"model","max_absolute_error":2.9802322387695313e-08,"rollback_prefixes":[],"samples":1,"scheduler_splits":1,"state_nmse":5.8272244835070894e-15,"state_values_checked":2097152,"unavailable_prefixes":[],"unwritten_slots_preserved":true,"wall_us_per_graph_sync":1651.292}
M5_GDN_SHAPE {"rows":4,"variant_rows":0,"K":4,"fused":false,"slot_stride_floats":0,"q_ne":[128,16,4,1],"q_nb":[4,512,8192,32768],"k_ne":[128,16,4,1],"k_nb":[4,512,8192,32768],"v_ne":[128,32,4,1],"v_nb":[4,512,32768,131072],"g_ne":[1,32,4,1],"g_nb":[4,4,128,512],"beta_ne":[1,32,4,1],"beta_nb":[4,4,128,512],"state_ne":[128,128,32,1],"state_nb":[4,512,65536,2097152],"threadgroups":[32,32,1],"threads":[32,4,1]}
M5_GDN_CASE {"B":1,"G":1,"H":32,"HQ":16,"K":4,"S":128,"T":4,"all_nodes_metal":true,"attention_nmse":1.3166001392177347e-14,"attention_values_checked":16384,"continuation_pairs":0,"distinct_state_buffers":1,"elements":4227251,"fused":false,"inputs_preserved":true,"label":"H32","layout":"model","max_absolute_error":2.9802322387695313e-08,"rollback_prefixes":[],"samples":1,"scheduler_splits":1,"state_nmse":5.8272244835070894e-15,"state_values_checked":2097152,"unavailable_prefixes":[],"unwritten_slots_preserved":true,"wall_us_per_graph_sync":2050.625}
M5_GDN_SHAPE {"rows":4,"variant_rows":0,"K":4,"fused":true,"slot_stride_floats":1572901,"q_ne":[128,16,4,2],"q_nb":[4,512,8192,32768],"k_ne":[128,16,4,2],"k_nb":[4,512,8192,32768],"v_ne":[128,48,4,2],"v_nb":[4,512,40960,163840],"g_ne":[1,48,4,2],"g_nb":[4,4,192,768],"beta_ne":[1,48,4,2],"beta_nb":[4,4,192,768],"state_ne":[128,128,48,2],"state_nb":[4,512,65536,3145728],"threadgroups":[32,48,2],"threads":[32,4,1]}
M5_GDN_CASE {"B":2,"G":1,"H":48,"HQ":16,"K":4,"S":128,"T":4,"all_nodes_metal":true,"attention_nmse":1.2377439845115026e-14,"attention_values_checked":49152,"continuation_pairs":0,"distinct_state_buffers":1,"elements":12681395,"fused":true,"inputs_preserved":true,"label":"B2","layout":"model","max_absolute_error":2.9802322387695313e-08,"rollback_prefixes":[],"samples":1,"scheduler_splits":1,"state_nmse":5.493227929872206e-15,"state_values_checked":6291456,"unavailable_prefixes":[],"unwritten_slots_preserved":true,"wall_us_per_graph_sync":2671.084}
M5_GDN_SHAPE {"rows":4,"variant_rows":0,"K":4,"fused":false,"slot_stride_floats":0,"q_ne":[128,16,4,2],"q_nb":[4,512,8192,32768],"k_ne":[128,16,4,2],"k_nb":[4,512,8192,32768],"v_ne":[128,48,4,2],"v_nb":[4,512,40960,163840],"g_ne":[1,48,4,2],"g_nb":[4,4,192,768],"beta_ne":[1,48,4,2],"beta_nb":[4,4,192,768],"state_ne":[128,128,48,2],"state_nb":[4,512,65536,3145728],"threadgroups":[32,48,2],"threads":[32,4,1]}
M5_GDN_CASE {"B":2,"G":1,"H":48,"HQ":16,"K":4,"S":128,"T":4,"all_nodes_metal":true,"attention_nmse":1.2377439845115026e-14,"attention_values_checked":49152,"continuation_pairs":0,"distinct_state_buffers":1,"elements":12681395,"fused":false,"inputs_preserved":true,"label":"B2","layout":"model","max_absolute_error":2.9802322387695313e-08,"rollback_prefixes":[],"samples":1,"scheduler_splits":1,"state_nmse":5.493227929872206e-15,"state_values_checked":6291456,"unavailable_prefixes":[],"unwritten_slots_preserved":true,"wall_us_per_graph_sync":7659.709}
ggml_metal_library_compile_pipeline: compiling pipeline: base = 'kernel_gated_delta_net_f32_2', name = 'kernel_gated_delta_net_f32_2_ne20=64_ne30=1_K=4'
ggml_metal_library_compile_pipeline: loaded kernel_gated_delta_net_f32_2_ne20=64_ne30=1_K=4     0x79bf304e00 | th_max = 1024 | th_width =   32
M5_GDN_SHAPE {"rows":2,"variant_rows":0,"K":4,"fused":true,"slot_stride_floats":196645,"q_ne":[64,16,4,1],"q_nb":[4,256,4096,16384],"k_ne":[64,16,4,1],"k_nb":[4,256,4096,16384],"v_ne":[64,48,4,1],"v_nb":[4,256,20480,81920],"g_ne":[1,48,4,1],"g_nb":[4,4,192,768],"beta_ne":[1,48,4,1],"beta_nb":[4,4,192,768],"state_ne":[64,64,48,1],"state_nb":[4,256,16384,786432],"threadgroups":[32,48,1],"threads":[32,2,1]}
M5_GDN_CASE {"B":1,"G":1,"H":48,"HQ":16,"K":4,"S":64,"T":4,"all_nodes_metal":true,"attention_nmse":9.919400595488936e-15,"attention_values_checked":12288,"continuation_pairs":0,"distinct_state_buffers":1,"elements":1597619,"fused":true,"inputs_preserved":true,"label":"S64","layout":"model","max_absolute_error":2.9802322387695313e-08,"rollback_prefixes":[],"samples":1,"scheduler_splits":1,"state_nmse":5.5373923363194505e-15,"state_values_checked":786432,"unavailable_prefixes":[],"unwritten_slots_preserved":true,"wall_us_per_graph_sync":1207.25}
M5_GDN_SHAPE {"rows":2,"variant_rows":0,"K":4,"fused":false,"slot_stride_floats":0,"q_ne":[64,16,4,1],"q_nb":[4,256,4096,16384],"k_ne":[64,16,4,1],"k_nb":[4,256,4096,16384],"v_ne":[64,48,4,1],"v_nb":[4,256,20480,81920],"g_ne":[1,48,4,1],"g_nb":[4,4,192,768],"beta_ne":[1,48,4,1],"beta_nb":[4,4,192,768],"state_ne":[64,64,48,1],"state_nb":[4,256,16384,786432],"threadgroups":[32,48,1],"threads":[32,2,1]}
M5_GDN_CASE {"B":1,"G":1,"H":48,"HQ":16,"K":4,"S":64,"T":4,"all_nodes_metal":true,"attention_nmse":9.919400595488936e-15,"attention_values_checked":12288,"continuation_pairs":0,"distinct_state_buffers":1,"elements":1597619,"fused":false,"inputs_preserved":true,"label":"S64","layout":"model","max_absolute_error":2.9802322387695313e-08,"rollback_prefixes":[],"samples":1,"scheduler_splits":1,"state_nmse":5.5373923363194505e-15,"state_values_checked":786432,"unavailable_prefixes":[],"unwritten_slots_preserved":true,"wall_us_per_graph_sync":1111.084}
ggml_metal_library_compile_pipeline: compiling pipeline: base = 'kernel_gated_delta_net_f32_4', name = 'kernel_gated_delta_net_f32_4_ne20=128_ne30=128_K=4'
ggml_metal_library_compile_pipeline: loaded kernel_gated_delta_net_f32_4_ne20=128_ne30=128_K=4     0x79bf304380 | th_max = 1024 | th_width =   32
M5_GDN_SHAPE {"rows":4,"variant_rows":0,"K":4,"fused":true,"slot_stride_floats":786469,"q_ne":[128,16,4,1],"q_nb":[4,512,8192,32768],"k_ne":[128,16,4,1],"k_nb":[4,512,8192,32768],"v_ne":[128,48,4,1],"v_nb":[4,512,40960,163840],"g_ne":[128,48,4,1],"g_nb":[4,512,24576,98304],"beta_ne":[1,48,4,1],"beta_nb":[4,4,192,768],"state_ne":[128,128,48,1],"state_nb":[4,512,65536,3145728],"threadgroups":[32,48,1],"threads":[32,4,1]}
M5_GDN_CASE {"B":1,"G":128,"H":48,"HQ":16,"K":4,"S":128,"T":4,"all_nodes_metal":true,"attention_nmse":1.285128631094606e-14,"attention_values_checked":24576,"continuation_pairs":0,"distinct_state_buffers":1,"elements":6340787,"fused":true,"inputs_preserved":true,"label":"G128","layout":"model","max_absolute_error":2.9802322387695313e-08,"rollback_prefixes":[],"samples":1,"scheduler_splits":1,"state_nmse":5.924753426098751e-15,"state_values_checked":3145728,"unavailable_prefixes":[],"unwritten_slots_preserved":true,"wall_us_per_graph_sync":2125.25}
M5_GDN_SHAPE {"rows":4,"variant_rows":0,"K":4,"fused":false,"slot_stride_floats":0,"q_ne":[128,16,4,1],"q_nb":[4,512,8192,32768],"k_ne":[128,16,4,1],"k_nb":[4,512,8192,32768],"v_ne":[128,48,4,1],"v_nb":[4,512,40960,163840],"g_ne":[128,48,4,1],"g_nb":[4,512,24576,98304],"beta_ne":[1,48,4,1],"beta_nb":[4,4,192,768],"state_ne":[128,128,48,1],"state_nb":[4,512,65536,3145728],"threadgroups":[32,48,1],"threads":[32,4,1]}
M5_GDN_CASE {"B":1,"G":128,"H":48,"HQ":16,"K":4,"S":128,"T":4,"all_nodes_metal":true,"attention_nmse":1.285128631094606e-14,"attention_values_checked":24576,"continuation_pairs":0,"distinct_state_buffers":1,"elements":6340787,"fused":false,"inputs_preserved":true,"label":"G128","layout":"model","max_absolute_error":2.9802322387695313e-08,"rollback_prefixes":[],"samples":1,"scheduler_splits":1,"state_nmse":5.924753426098751e-15,"state_values_checked":3145728,"unavailable_prefixes":[],"unwritten_slots_preserved":true,"wall_us_per_graph_sync":2418.542}
M5_GDN_DONE {"callbacks_used":false,"cases":32,"elements":1504438002,"evidence_format":"sha256-buffer-manifest-v1","mode":"check","sync_included":true}
ggml_metal_free: deallocating
