math: PASS [(572, 572)]; peak RSS 300.6 MiB
fused-residual: PASS [(16, 16)]; peak RSS 96.7 MiB
math: PASS [(572, 572)]; peak RSS 299.9 MiB
fused-residual: PASS [(16, 16)]; peak RSS 94.6 MiB
20261009T215022Z-m5-qsa-all-pools-1-conv-direct: ready in 2.09s
prompt=512 warmup=1: 45.58 tok/s, TTFT 1.08s, prompt 473.0 tok/s
prompt=512 repeat=1: 48.46 tok/s, TTFT 0.91s, prompt 565.1 tok/s
prompt=512 repeat=2: 48.51 tok/s, TTFT 0.90s, prompt 567.1 tok/s
prompt=512 repeat=3: 48.41 tok/s, TTFT 0.90s, prompt 566.8 tok/s
prompt=2048 warmup=1: 48.52 tok/s, TTFT 3.80s, prompt 538.7 tok/s
prompt=2048 repeat=1: 49.90 tok/s, TTFT 3.82s, prompt 536.1 tok/s
prompt=2048 repeat=2: 49.82 tok/s, TTFT 3.80s, prompt 538.7 tok/s
prompt=2048 repeat=3: 49.84 tok/s, TTFT 3.83s, prompt 534.3 tok/s
code warmup: 55.13 tok/s, TTFT 0.30s
code repeat=1: 59.38 tok/s, TTFT 0.28s
code repeat=2: 59.60 tok/s, TTFT 0.28s
code repeat=3: 59.59 tok/s, TTFT 0.28s
prose warmup: 37.25 tok/s, TTFT 0.31s
prose repeat=1: 39.89 tok/s, TTFT 0.29s
prose repeat=2: 39.94 tok/s, TTFT 0.29s
prose repeat=3: 39.87 tok/s, TTFT 0.29s
PASS answer multiply at temperature 0
PASS answer different-multiply at temperature 0
PASS answer sum at temperature 0
PASS answer extract-json at temperature 0
PASS answer sort-unique-json at temperature 0
PASS answer updated-label at temperature 0
PASS answer ledger at temperature 0
PASS answer python-function at temperature 0
PASS answer multiply at temperature 0.6
PASS answer different-multiply at temperature 0.6
PASS answer sum at temperature 0.6
PASS answer extract-json at temperature 0.6
PASS answer sort-unique-json at temperature 0.6
PASS answer updated-label at temperature 0.6
PASS answer ledger at temperature 0.6
PASS answer python-function at temperature 0.6
cached 512 warmup: 59.80 tok/s, TTFT 0.325s, correct=True
cached 512 repeat=1: 58.94 tok/s, TTFT 0.279s, correct=True
cached 512 repeat=2: 70.02 tok/s, TTFT 0.274s, correct=True
cached 512 repeat=3: 70.16 tok/s, TTFT 0.274s, correct=True
cached 2048 warmup: 64.80 tok/s, TTFT 0.300s, correct=True
cached 2048 repeat=1: 63.64 tok/s, TTFT 0.288s, correct=True
cached 2048 repeat=2: 63.81 tok/s, TTFT 0.290s, correct=True
cached 2048 repeat=3: 62.81 tok/s, TTFT 0.288s, correct=True
Saved /Users/justin/Documents/Github/Strata-Mac-Lab/bench/results/20261009T215022Z-m5-qsa-all-pools-1-conv-direct/result.json
20261009T215247Z-m5-qsa-all-pools-2-qsa-all-pools: ready in 2.32s
prompt=512 warmup=1: 45.27 tok/s, TTFT 1.19s, prompt 430.3 tok/s
prompt=512 repeat=1: 46.62 tok/s, TTFT 0.96s, prompt 531.9 tok/s
prompt=512 repeat=2: 48.48 tok/s, TTFT 0.92s, prompt 555.4 tok/s
prompt=512 repeat=3: 48.37 tok/s, TTFT 0.92s, prompt 558.3 tok/s
prompt=2048 warmup=1: 46.36 tok/s, TTFT 3.86s, prompt 531.2 tok/s
prompt=2048 repeat=1: 49.64 tok/s, TTFT 3.85s, prompt 531.5 tok/s
prompt=2048 repeat=2: 49.74 tok/s, TTFT 3.80s, prompt 539.5 tok/s
prompt=2048 repeat=3: 49.81 tok/s, TTFT 3.81s, prompt 537.7 tok/s
code warmup: 55.03 tok/s, TTFT 0.30s
code repeat=1: 58.58 tok/s, TTFT 0.32s
code repeat=2: 59.48 tok/s, TTFT 0.28s
code repeat=3: 59.38 tok/s, TTFT 0.28s
prose warmup: 37.09 tok/s, TTFT 0.31s
prose repeat=1: 39.92 tok/s, TTFT 0.29s
prose repeat=2: 39.83 tok/s, TTFT 0.29s
prose repeat=3: 39.94 tok/s, TTFT 0.30s
PASS answer multiply at temperature 0
PASS answer different-multiply at temperature 0
PASS answer sum at temperature 0
PASS answer extract-json at temperature 0
PASS answer sort-unique-json at temperature 0
PASS answer updated-label at temperature 0
PASS answer ledger at temperature 0
PASS answer python-function at temperature 0
PASS answer multiply at temperature 0.6
PASS answer different-multiply at temperature 0.6
PASS answer sum at temperature 0.6
PASS answer extract-json at temperature 0.6
PASS answer sort-unique-json at temperature 0.6
PASS answer updated-label at temperature 0.6
PASS answer ledger at temperature 0.6
PASS answer python-function at temperature 0.6
cached 512 warmup: 58.10 tok/s, TTFT 0.310s, correct=True
cached 512 repeat=1: 60.78 tok/s, TTFT 0.277s, correct=True
cached 512 repeat=2: 71.40 tok/s, TTFT 0.275s, correct=True
cached 512 repeat=3: 70.11 tok/s, TTFT 0.275s, correct=True
cached 2048 warmup: 65.17 tok/s, TTFT 0.305s, correct=True
cached 2048 repeat=1: 64.56 tok/s, TTFT 0.296s, correct=True
cached 2048 repeat=2: 63.12 tok/s, TTFT 0.290s, correct=True
cached 2048 repeat=3: 63.31 tok/s, TTFT 0.286s, correct=True
Saved /Users/justin/Documents/Github/Strata-Mac-Lab/bench/results/20261009T215247Z-m5-qsa-all-pools-2-qsa-all-pools/result.json
Waiting for macOS to release model memory: 10.23 GiB available
20261009T215516Z-m5-qsa-all-pools-3-qsa-all-pools: ready in 2.33s
prompt=512 warmup=1: 45.14 tok/s, TTFT 0.97s, prompt 530.3 tok/s
prompt=512 repeat=1: 48.31 tok/s, TTFT 0.94s, prompt 546.6 tok/s
prompt=512 repeat=2: 48.45 tok/s, TTFT 0.91s, prompt 563.1 tok/s
prompt=512 repeat=3: 48.50 tok/s, TTFT 0.91s, prompt 561.9 tok/s
prompt=2048 warmup=1: 46.59 tok/s, TTFT 3.83s, prompt 534.3 tok/s
prompt=2048 repeat=1: 49.76 tok/s, TTFT 3.79s, prompt 540.0 tok/s
prompt=2048 repeat=2: 49.78 tok/s, TTFT 3.79s, prompt 539.8 tok/s
prompt=2048 repeat=3: 49.81 tok/s, TTFT 3.79s, prompt 540.4 tok/s
code warmup: 55.60 tok/s, TTFT 0.30s
code repeat=1: 59.37 tok/s, TTFT 0.28s
code repeat=2: 59.42 tok/s, TTFT 0.29s
code repeat=3: 59.53 tok/s, TTFT 0.28s
prose warmup: 37.32 tok/s, TTFT 0.30s
prose repeat=1: 39.34 tok/s, TTFT 0.30s
prose repeat=2: 39.45 tok/s, TTFT 0.29s
prose repeat=3: 39.69 tok/s, TTFT 0.30s
PASS answer multiply at temperature 0
PASS answer different-multiply at temperature 0
PASS answer sum at temperature 0
PASS answer extract-json at temperature 0
PASS answer sort-unique-json at temperature 0
PASS answer updated-label at temperature 0
PASS answer ledger at temperature 0
PASS answer python-function at temperature 0
PASS answer multiply at temperature 0.6
PASS answer different-multiply at temperature 0.6
PASS answer sum at temperature 0.6
PASS answer extract-json at temperature 0.6
PASS answer sort-unique-json at temperature 0.6
PASS answer updated-label at temperature 0.6
PASS answer ledger at temperature 0.6
PASS answer python-function at temperature 0.6
cached 512 warmup: 57.92 tok/s, TTFT 0.322s, correct=True
cached 512 repeat=1: 59.13 tok/s, TTFT 0.279s, correct=True
cached 512 repeat=2: 70.83 tok/s, TTFT 0.275s, correct=True
cached 512 repeat=3: 70.52 tok/s, TTFT 0.275s, correct=True
cached 2048 warmup: 65.37 tok/s, TTFT 0.318s, correct=True
cached 2048 repeat=1: 64.97 tok/s, TTFT 0.311s, correct=True
cached 2048 repeat=2: 64.10 tok/s, TTFT 0.333s, correct=True
cached 2048 repeat=3: 63.84 tok/s, TTFT 0.304s, correct=True
Saved /Users/justin/Documents/Github/Strata-Mac-Lab/bench/results/20261009T215516Z-m5-qsa-all-pools-3-qsa-all-pools/result.json
20261009T215742Z-m5-qsa-all-pools-4-conv-direct: ready in 2.32s
prompt=512 warmup=1: 45.33 tok/s, TTFT 1.25s, prompt 408.9 tok/s
prompt=512 repeat=1: 48.13 tok/s, TTFT 0.93s, prompt 552.3 tok/s
prompt=512 repeat=2: 48.37 tok/s, TTFT 0.93s, prompt 551.6 tok/s
prompt=512 repeat=3: 48.42 tok/s, TTFT 0.91s, prompt 560.3 tok/s
prompt=2048 warmup=1: 46.52 tok/s, TTFT 3.84s, prompt 532.8 tok/s
prompt=2048 repeat=1: 49.76 tok/s, TTFT 3.83s, prompt 535.1 tok/s
prompt=2048 repeat=2: 49.96 tok/s, TTFT 3.81s, prompt 537.8 tok/s
prompt=2048 repeat=3: 49.87 tok/s, TTFT 3.81s, prompt 537.9 tok/s
code warmup: 55.30 tok/s, TTFT 0.30s
code repeat=1: 59.23 tok/s, TTFT 0.28s
code repeat=2: 58.89 tok/s, TTFT 0.28s
code repeat=3: 59.39 tok/s, TTFT 0.29s
prose warmup: 37.21 tok/s, TTFT 0.30s
prose repeat=1: 39.75 tok/s, TTFT 0.29s
prose repeat=2: 39.88 tok/s, TTFT 0.29s
prose repeat=3: 39.86 tok/s, TTFT 0.29s
PASS answer multiply at temperature 0
PASS answer different-multiply at temperature 0
PASS answer sum at temperature 0
PASS answer extract-json at temperature 0
PASS answer sort-unique-json at temperature 0
PASS answer updated-label at temperature 0
PASS answer ledger at temperature 0
PASS answer python-function at temperature 0
PASS answer multiply at temperature 0.6
PASS answer different-multiply at temperature 0.6
PASS answer sum at temperature 0.6
PASS answer extract-json at temperature 0.6
PASS answer sort-unique-json at temperature 0.6
PASS answer updated-label at temperature 0.6
PASS answer ledger at temperature 0.6
PASS answer python-function at temperature 0.6
cached 512 warmup: 59.27 tok/s, TTFT 0.333s, correct=True
cached 512 repeat=1: 59.65 tok/s, TTFT 0.281s, correct=True
cached 512 repeat=2: 70.11 tok/s, TTFT 0.273s, correct=True
cached 512 repeat=3: 70.97 tok/s, TTFT 0.272s, correct=True
cached 2048 warmup: 64.33 tok/s, TTFT 0.309s, correct=True
cached 2048 repeat=1: 65.22 tok/s, TTFT 0.287s, correct=True
cached 2048 repeat=2: 64.05 tok/s, TTFT 0.299s, correct=True
cached 2048 repeat=3: 63.35 tok/s, TTFT 0.286s, correct=True
Saved /Users/justin/Documents/Github/Strata-Mac-Lab/bench/results/20261009T215742Z-m5-qsa-all-pools-4-conv-direct/result.json
Saved /Users/justin/Documents/Github/Strata-Mac-Lab/bench/results/20261009T215006Z-m5-qsa-all-pools
Matched model result: /Users/justin/Documents/Github/Strata-Mac-Lab/bench/results/20261009T215006Z-m5-qsa-all-pools {'measured_speed_candidate': False, 'winning_real_workloads': [], 'rule': 'At least1% TPS and reply gain on both English code/prose, each above its own absolute control drift; exact tested outputs and zero new swap.'}
