math: PASS [(572, 572)]; peak RSS 311.3 MiB
fused-residual: PASS [(16, 16)]; peak RSS 99.4 MiB
math: PASS [(572, 572)]; peak RSS 313.9 MiB
fused-residual: PASS [(16, 16)]; peak RSS 94.9 MiB
Saved /Users/justin/Documents/Github/Strata-Mac-Lab/bench/results/20261009T214505Z-m5-qsa-all-pools-1-conv-direct/result.json
Saved /Users/justin/Documents/Github/Strata-Mac-Lab/bench/results/20261009T214449Z-m5-qsa-all-pools
Traceback (most recent call last):
  File "/Users/justin/Documents/Github/Strata-Mac-Lab/scripts/benchmark_m5_qsa_models.py", line 159, in <module>
    if __name__=='__main__':main()
                            ^^^^^^
  File "/Users/justin/Documents/Github/Strata-Mac-Lab/scripts/benchmark_m5_qsa_models.py", line 149, in main
    folder=execute(spec,3,resume=args.resume,before_pass=wait_for_headroom,after_pass=check_pass)
           ^^^^^^^^^^^^^^^^^^^^^^^^^^^^^^^^^^^^^^^^^^^^^^^^^^^^^^^^^^^^^^^^^^^^^^^^^^^^^^^^^^^^^^
  File "/Users/justin/Documents/Github/Strata-Mac-Lab/scripts/benchmark_m5.py", line 169, in execute
    result = run(args)
             ^^^^^^^^^
  File "/Users/justin/Documents/Github/Strata-Mac-Lab/scripts/benchmark.py", line 301, in run
    record["ready_s"] = wait_ready(process, base)
                        ^^^^^^^^^^^^^^^^^^^^^^^^^
  File "/Users/justin/Documents/Github/Strata-Mac-Lab/scripts/benchmark.py", line 164, in wait_ready
    raise RuntimeError(f"Server exited during load with code {process.returncode}; see server.log")
RuntimeError: Server exited during load with code -15; see server.log
