control check passed /Users/justin/Documents/Github/Strata-Mac-Lab/bench/results/20261009-next-speed-pass/qsa/20261009T213717193927Z-check-control
identity check passed /Users/justin/Documents/Github/Strata-Mac-Lab/bench/results/20261009-next-speed-pass/qsa/20261009T213718181833Z-check-identity
control perf passed /Users/justin/Documents/Github/Strata-Mac-Lab/bench/results/20261009-next-speed-pass/qsa/20261009T213718867051Z-perf-control
identity perf passed /Users/justin/Documents/Github/Strata-Mac-Lab/bench/results/20261009-next-speed-pass/qsa/20261009T213733824245Z-perf-identity
identity perf passed /Users/justin/Documents/Github/Strata-Mac-Lab/bench/results/20261009-next-speed-pass/qsa/20261009T213748797729Z-perf-identity
control perf passed /Users/justin/Documents/Github/Strata-Mac-Lab/bench/results/20261009-next-speed-pass/qsa/20261009T213803765733Z-perf-control
[
  {
    "id": "64/1/finite",
    "control_us": 223.3680118109844,
    "candidate_us": 210.14804716981132,
    "time_reduction_percent": 5.918468152172074,
    "control_drift_percent": 0.47859063893684883,
    "qualifies": true
  },
  {
    "id": "64/4/finite",
    "control_us": 248.87785867686458,
    "candidate_us": 238.3331330539342,
    "time_reduction_percent": 4.236907886860807,
    "control_drift_percent": 1.7224621429697495,
    "qualifies": true
  },
  {
    "id": "64/512/finite",
    "control_us": 494.5959417524265,
    "candidate_us": 424.4281440677966,
    "time_reduction_percent": 14.186893130585542,
    "control_drift_percent": 0.7025905173687175,
    "qualifies": true
  },
  {
    "id": "128/1/finite",
    "control_us": 239.86817294274925,
    "candidate_us": 216.26106911447084,
    "time_reduction_percent": 9.841699104413015,
    "control_drift_percent": 2.3770272180546725,
    "qualifies": true
  },
  {
    "id": "128/4/finite",
    "control_us": 255.1066031637846,
    "candidate_us": 245.79982186129982,
    "time_reduction_percent": 3.6481930248232763,
    "control_drift_percent": 0.5016526841702174,
    "qualifies": true
  },
  {
    "id": "128/512/finite",
    "control_us": 766.3945610687023,
    "candidate_us": 603.1632801204819,
    "time_reduction_percent": 21.29859595044644,
    "control_drift_percent": 0.6115646538858766,
    "qualifies": true
  },
  {
    "id": "512/1/finite",
    "control_us": 257.69637333465505,
    "candidate_us": 250.03623895843984,
    "time_reduction_percent": 2.9725425612674217,
    "control_drift_percent": 0.5589591301618957,
    "qualifies": false
  },
  {
    "id": "512/4/finite",
    "control_us": 260.77159244791665,
    "candidate_us": 261.07792410520017,
    "time_reduction_percent": -0.11747125306400541,
    "control_drift_percent": 0.18698693006085065,
    "qualifies": false
  },
  {
    "id": "512/512/finite",
    "control_us": 2353.0358488372094,
    "candidate_us": 1816.334683116883,
    "time_reduction_percent": 22.808881810514947,
    "control_drift_percent": 0.5702414565944336,
    "qualifies": true
  },
  {
    "id": "576/1/finite",
    "control_us": 260.0757025974026,
    "candidate_us": 260.05095820940716,
    "time_reduction_percent": 0.009514302085245063,
    "control_drift_percent": 0.24636032185203494,
    "qualifies": false
  },
  {
    "id": "576/4/finite",
    "control_us": 260.69053776041665,
    "candidate_us": 261.10227406644367,
    "time_reduction_percent": -0.15794064087029103,
    "control_drift_percent": 0.18737803900360506,
    "qualifies": false
  },
  {
    "id": "576/512/finite",
    "control_us": 2533.5234375,
    "candidate_us": 2535.2619875,
    "time_reduction_percent": -0.06862182422577856,
    "control_drift_percent": 0.15664998280671139,
    "qualifies": false
  }
]
