[strata] answering: 72 of max 256 tokens, 78.9 tok/s, 1 s
[strata] answering: 151 of max 256 tokens, 78.4 tok/s, 2 s
[strata] answering: 229 of max 256 tokens, 78.2 tok/s, 3 s
[strata] done: 256 tokens in 3 s (78.1 tok/s) (length, cancel=False)
code 0 0 3.3713 {'requests': 256, 'input_tokens': 32896, 'piece_hits': 0, 'prefix_fallbacks': 0}
[strata] answering: 73 of max 256 tokens, 78.8 tok/s, 1 s
[strata] answering: 151 of max 256 tokens, 78.1 tok/s, 2 s
[strata] answering: 229 of max 256 tokens, 78.0 tok/s, 3 s
[strata] done: 256 tokens in 3 s (77.9 tok/s) (length, cancel=False)
code 0 1 3.3644 {'requests': 256, 'input_tokens': 32896, 'piece_hits': 0, 'prefix_fallbacks': 0}
[strata] answering: 73 of max 256 tokens, 78.7 tok/s, 1 s
[strata] answering: 151 of max 256 tokens, 78.3 tok/s, 2 s
[strata] answering: 229 of max 256 tokens, 78.1 tok/s, 3 s
[strata] done: 256 tokens in 3 s (78.0 tok/s) (length, cancel=False)
code 0 2 3.3606 {'requests': 256, 'input_tokens': 32896, 'piece_hits': 0, 'prefix_fallbacks': 0}
[strata] answering: 73 of max 256 tokens, 78.8 tok/s, 1 s
[strata] answering: 151 of max 256 tokens, 78.3 tok/s, 2 s
[strata] answering: 229 of max 256 tokens, 78.1 tok/s, 3 s
[strata] done: 256 tokens in 3 s (78.1 tok/s) (length, cancel=False)
code 0 3 3.3592 {'requests': 256, 'input_tokens': 32896, 'piece_hits': 0, 'prefix_fallbacks': 0}
[strata] answering: 73 of max 256 tokens, 78.5 tok/s, 1 s
[strata] answering: 151 of max 256 tokens, 78.0 tok/s, 2 s
[strata] answering: 229 of max 256 tokens, 77.8 tok/s, 3 s
[strata] done: 256 tokens in 3 s (77.7 tok/s) (length, cancel=False)
code 1 0 3.3731 {'requests': 137, 'input_tokens': 137, 'piece_hits': 119, 'prefix_fallbacks': 0}
[strata] answering: 73 of max 256 tokens, 78.6 tok/s, 1 s
[strata] answering: 151 of max 256 tokens, 78.2 tok/s, 2 s
[strata] answering: 229 of max 256 tokens, 78.0 tok/s, 3 s
[strata] done: 256 tokens in 3 s (78.0 tok/s) (length, cancel=False)
code 1 1 3.3618 {'requests': 137, 'input_tokens': 137, 'piece_hits': 119, 'prefix_fallbacks': 0}
[strata] answering: 73 of max 256 tokens, 78.9 tok/s, 1 s
[strata] answering: 151 of max 256 tokens, 78.3 tok/s, 2 s
[strata] answering: 229 of max 256 tokens, 78.1 tok/s, 3 s
[strata] done: 256 tokens in 3 s (78.1 tok/s) (length, cancel=False)
code 1 2 3.36 {'requests': 137, 'input_tokens': 137, 'piece_hits': 119, 'prefix_fallbacks': 0}
[strata] answering: 73 of max 256 tokens, 78.8 tok/s, 1 s
[strata] answering: 151 of max 256 tokens, 78.3 tok/s, 2 s
[strata] answering: 229 of max 256 tokens, 78.1 tok/s, 3 s
[strata] done: 256 tokens in 3 s (78.0 tok/s) (length, cancel=False)
code 1 3 3.3624 {'requests': 137, 'input_tokens': 137, 'piece_hits': 119, 'prefix_fallbacks': 0}
[strata] answering: 73 of max 256 tokens, 78.2 tok/s, 1 s
[strata] answering: 151 of max 256 tokens, 77.9 tok/s, 2 s
[strata] answering: 229 of max 256 tokens, 77.8 tok/s, 3 s
[strata] done: 256 tokens in 3 s (77.7 tok/s) (length, cancel=False)
code 2 0 3.3721 {'requests': 137, 'input_tokens': 137, 'piece_hits': 119, 'prefix_fallbacks': 0}
[strata] answering: 73 of max 256 tokens, 78.7 tok/s, 1 s
[strata] answering: 151 of max 256 tokens, 78.1 tok/s, 2 s
[strata] answering: 229 of max 256 tokens, 77.8 tok/s, 3 s
[strata] done: 256 tokens in 3 s (77.8 tok/s) (length, cancel=False)
code 2 1 3.3716 {'requests': 137, 'input_tokens': 137, 'piece_hits': 119, 'prefix_fallbacks': 0}
[strata] answering: 73 of max 256 tokens, 78.6 tok/s, 1 s
[strata] answering: 151 of max 256 tokens, 78.1 tok/s, 2 s
[strata] answering: 229 of max 256 tokens, 77.9 tok/s, 3 s
[strata] done: 256 tokens in 3 s (77.8 tok/s) (length, cancel=False)
code 2 2 3.369 {'requests': 137, 'input_tokens': 137, 'piece_hits': 119, 'prefix_fallbacks': 0}
[strata] answering: 71 of max 256 tokens, 76.3 tok/s, 1 s
[strata] answering: 149 of max 256 tokens, 76.7 tok/s, 2 s
[strata] answering: 227 of max 256 tokens, 77.0 tok/s, 3 s
[strata] done: 256 tokens in 3 s (77.1 tok/s) (length, cancel=False)
code 2 3 3.4018 {'requests': 137, 'input_tokens': 137, 'piece_hits': 119, 'prefix_fallbacks': 0}
[strata] answering: 73 of max 256 tokens, 78.6 tok/s, 1 s
[strata] answering: 151 of max 256 tokens, 78.1 tok/s, 2 s
[strata] answering: 229 of max 256 tokens, 77.9 tok/s, 3 s
[strata] done: 256 tokens in 3 s (77.9 tok/s) (length, cancel=False)
code 3 0 3.366 {'requests': 256, 'input_tokens': 32896, 'piece_hits': 0, 'prefix_fallbacks': 0}
[strata] answering: 73 of max 256 tokens, 78.9 tok/s, 1 s
[strata] answering: 151 of max 256 tokens, 78.2 tok/s, 2 s
[strata] answering: 229 of max 256 tokens, 78.0 tok/s, 3 s
[strata] done: 256 tokens in 3 s (78.0 tok/s) (length, cancel=False)
code 3 1 3.3638 {'requests': 256, 'input_tokens': 32896, 'piece_hits': 0, 'prefix_fallbacks': 0}
[strata] answering: 73 of max 256 tokens, 78.7 tok/s, 1 s
[strata] answering: 151 of max 256 tokens, 78.0 tok/s, 2 s
[strata] answering: 229 of max 256 tokens, 77.8 tok/s, 3 s
[strata] done: 256 tokens in 3 s (77.8 tok/s) (length, cancel=False)
code 3 2 3.3701 {'requests': 256, 'input_tokens': 32896, 'piece_hits': 0, 'prefix_fallbacks': 0}
[strata] answering: 72 of max 256 tokens, 78.2 tok/s, 1 s
[strata] answering: 150 of max 256 tokens, 78.0 tok/s, 2 s
[strata] answering: 228 of max 256 tokens, 77.9 tok/s, 3 s
[strata] done: 256 tokens in 3 s (77.9 tok/s) (length, cancel=False)
code 3 3 3.3682 {'requests': 256, 'input_tokens': 32896, 'piece_hits': 0, 'prefix_fallbacks': 0}
[strata] answering: 72 of max 256 tokens, 78.3 tok/s, 1 s
[strata] answering: 150 of max 256 tokens, 78.0 tok/s, 2 s
[strata] answering: 228 of max 256 tokens, 77.9 tok/s, 3 s
[strata] done: 256 tokens in 3 s (77.9 tok/s) (length, cancel=False)
prose 0 0 3.3677 {'requests': 256, 'input_tokens': 32896, 'piece_hits': 0, 'prefix_fallbacks': 0}
[strata] answering: 73 of max 256 tokens, 78.8 tok/s, 1 s
[strata] answering: 151 of max 256 tokens, 78.3 tok/s, 2 s
[strata] answering: 229 of max 256 tokens, 78.0 tok/s, 3 s
[strata] done: 256 tokens in 3 s (77.9 tok/s) (length, cancel=False)
prose 0 1 3.3665 {'requests': 256, 'input_tokens': 32896, 'piece_hits': 0, 'prefix_fallbacks': 0}
[strata] answering: 73 of max 256 tokens, 78.7 tok/s, 1 s
[strata] answering: 150 of max 256 tokens, 77.7 tok/s, 2 s
[strata] answering: 227 of max 256 tokens, 77.3 tok/s, 3 s
[strata] done: 256 tokens in 3 s (77.3 tok/s) (length, cancel=False)
prose 0 2 3.3907 {'requests': 256, 'input_tokens': 32896, 'piece_hits': 0, 'prefix_fallbacks': 0}
[strata] answering: 72 of max 256 tokens, 78.0 tok/s, 1 s
[strata] answering: 149 of max 256 tokens, 77.4 tok/s, 2 s
[strata] answering: 226 of max 256 tokens, 77.0 tok/s, 3 s
[strata] done: 256 tokens in 3 s (77.1 tok/s) (length, cancel=False)
prose 0 3 3.4 {'requests': 256, 'input_tokens': 32896, 'piece_hits': 0, 'prefix_fallbacks': 0}
[strata] answering: 73 of max 256 tokens, 78.8 tok/s, 1 s
[strata] answering: 151 of max 256 tokens, 78.2 tok/s, 2 s
[strata] answering: 229 of max 256 tokens, 78.0 tok/s, 3 s
[strata] done: 256 tokens in 3 s (77.9 tok/s) (length, cancel=False)
prose 1 0 3.3672 {'requests': 175, 'input_tokens': 175, 'piece_hits': 81, 'prefix_fallbacks': 0}
[strata] answering: 73 of max 256 tokens, 78.4 tok/s, 1 s
[strata] answering: 151 of max 256 tokens, 78.1 tok/s, 2 s
[strata] answering: 229 of max 256 tokens, 77.9 tok/s, 3 s
[strata] done: 256 tokens in 3 s (77.9 tok/s) (length, cancel=False)
prose 1 1 3.3665 {'requests': 175, 'input_tokens': 175, 'piece_hits': 81, 'prefix_fallbacks': 0}
[strata] answering: 73 of max 256 tokens, 78.8 tok/s, 1 s
[strata] answering: 151 of max 256 tokens, 78.3 tok/s, 2 s
[strata] answering: 229 of max 256 tokens, 78.1 tok/s, 3 s
[strata] done: 256 tokens in 3 s (78.0 tok/s) (length, cancel=False)
prose 1 2 3.3619 {'requests': 175, 'input_tokens': 175, 'piece_hits': 81, 'prefix_fallbacks': 0}
[strata] answering: 73 of max 256 tokens, 78.8 tok/s, 1 s
[strata] answering: 151 of max 256 tokens, 78.0 tok/s, 2 s
[strata] answering: 229 of max 256 tokens, 77.9 tok/s, 3 s
[strata] done: 256 tokens in 3 s (77.9 tok/s) (length, cancel=False)
prose 1 3 3.3684 {'requests': 175, 'input_tokens': 175, 'piece_hits': 81, 'prefix_fallbacks': 0}
[strata] answering: 73 of max 256 tokens, 78.7 tok/s, 1 s
[strata] answering: 151 of max 256 tokens, 78.1 tok/s, 2 s
[strata] answering: 229 of max 256 tokens, 77.9 tok/s, 3 s
[strata] done: 256 tokens in 3 s (77.9 tok/s) (length, cancel=False)
prose 2 0 3.367 {'requests': 175, 'input_tokens': 175, 'piece_hits': 81, 'prefix_fallbacks': 0}
[strata] answering: 73 of max 256 tokens, 78.8 tok/s, 1 s
[strata] answering: 151 of max 256 tokens, 78.3 tok/s, 2 s
[strata] answering: 229 of max 256 tokens, 78.1 tok/s, 3 s
[strata] done: 256 tokens in 3 s (78.0 tok/s) (length, cancel=False)
prose 2 1 3.3646 {'requests': 175, 'input_tokens': 175, 'piece_hits': 81, 'prefix_fallbacks': 0}
[strata] answering: 73 of max 256 tokens, 78.7 tok/s, 1 s
[strata] answering: 151 of max 256 tokens, 78.2 tok/s, 2 s
[strata] answering: 229 of max 256 tokens, 77.9 tok/s, 3 s
[strata] done: 256 tokens in 3 s (77.9 tok/s) (length, cancel=False)
prose 2 2 3.3676 {'requests': 175, 'input_tokens': 175, 'piece_hits': 81, 'prefix_fallbacks': 0}
[strata] answering: 73 of max 256 tokens, 78.8 tok/s, 1 s
[strata] answering: 151 of max 256 tokens, 78.0 tok/s, 2 s
[strata] answering: 229 of max 256 tokens, 77.9 tok/s, 3 s
[strata] done: 256 tokens in 3 s (77.8 tok/s) (length, cancel=False)
prose 2 3 3.3695 {'requests': 175, 'input_tokens': 175, 'piece_hits': 81, 'prefix_fallbacks': 0}
[strata] answering: 73 of max 256 tokens, 78.8 tok/s, 1 s
[strata] answering: 151 of max 256 tokens, 78.1 tok/s, 2 s
[strata] answering: 229 of max 256 tokens, 77.9 tok/s, 3 s
[strata] done: 256 tokens in 3 s (77.9 tok/s) (length, cancel=False)
prose 3 0 3.3675 {'requests': 256, 'input_tokens': 32896, 'piece_hits': 0, 'prefix_fallbacks': 0}
[strata] answering: 73 of max 256 tokens, 78.8 tok/s, 1 s
[strata] answering: 151 of max 256 tokens, 78.2 tok/s, 2 s
[strata] answering: 228 of max 256 tokens, 77.8 tok/s, 3 s
[strata] done: 256 tokens in 3 s (77.7 tok/s) (length, cancel=False)
prose 3 1 3.3735 {'requests': 256, 'input_tokens': 32896, 'piece_hits': 0, 'prefix_fallbacks': 0}
[strata] answering: 73 of max 256 tokens, 78.6 tok/s, 1 s
[strata] answering: 151 of max 256 tokens, 78.1 tok/s, 2 s
[strata] answering: 229 of max 256 tokens, 77.8 tok/s, 3 s
[strata] done: 256 tokens in 3 s (77.8 tok/s) (length, cancel=False)
prose 3 2 3.3729 {'requests': 256, 'input_tokens': 32896, 'piece_hits': 0, 'prefix_fallbacks': 0}
[strata] answering: 73 of max 256 tokens, 78.7 tok/s, 1 s
[strata] answering: 151 of max 256 tokens, 78.2 tok/s, 2 s
[strata] answering: 229 of max 256 tokens, 78.0 tok/s, 3 s
[strata] done: 256 tokens in 3 s (78.0 tok/s) (length, cancel=False)
prose 3 3 3.3642 {'requests': 256, 'input_tokens': 32896, 'piece_hits': 0, 'prefix_fallbacks': 0}
Completed: /Users/justin/Documents/Github/Strata-Mac-Lab/bench/results/20261009-next-speed-pass/streaming/20261009T212918Z-small
