ggml_metal_device_init: testing tensor API for f16 support
ggml_metal_library_compile_pipeline: compiling pipeline: base = 'dummy_kernel', name = 'dummy_kernel'
ggml_metal_library_compile_pipeline: loaded dummy_kernel                                  0x1054dae40 | th_max = 1024 | th_width =   32
ggml_metal_device_init: testing tensor API for bfloat support
ggml_metal_library_compile_pipeline: compiling pipeline: base = 'dummy_kernel', name = 'dummy_kernel'
ggml_metal_library_compile_pipeline: loaded dummy_kernel                                  0x1054dafc0 | th_max = 1024 | th_width =   32
ggml_metal_library_init: using embedded metal library
ggml_metal_library_compile_all: compiled 'fa_aux' library in 0.369 sec
ggml_metal_library_compile_all: compiled 'fa_f16' library in 1.702 sec
ggml_metal_library_compile_all: compiled 'fa_f32' library in 0.946 sec
ggml_metal_library_compile_all: compiled 'fa_q4_0' library in 1.060 sec
ggml_metal_library_compile_all: compiled 'fa_q4_1' library in 1.044 sec
ggml_metal_library_compile_all: compiled 'fa_q5_0' library in 0.964 sec
ggml_metal_library_compile_all: compiled 'fa_q5_1' library in 0.961 sec
ggml_metal_library_compile_all: compiled 'fa_q8_0' library in 1.058 sec
ggml_metal_library_compile_all: compiled 'fa_vec_f16' library in 2.418 sec
ggml_metal_library_compile_all: compiled 'fa_vec_f32' library in 1.060 sec
ggml_metal_library_compile_all: compiled 'fa_vec_q4_0' library in 2.354 sec
ggml_metal_library_compile_all: compiled 'fa_vec_q4_1' library in 2.379 sec
ggml_metal_library_compile_all: compiled 'fa_vec_q5_0' library in 2.229 sec
ggml_metal_library_compile_all: compiled 'fa_vec_q5_1' library in 2.219 sec
ggml_metal_library_compile_all: compiled 'fa_vec_q8_0' library in 2.257 sec
ggml_metal_library_compile_all: compiled 'mul_mv' library in 2.229 sec
ggml_metal_library_compile_all: compiled 'mul_mv_mma' library in 1.466 sec
ggml_metal_library_compile_all: compiled 'mul_mm' library in 1.455 sec
ggml_metal_library_compile_all: compiled 'quantize' library in 0.613 sec
ggml_metal_library_compile_all: compiled 'softmax' library in 0.121 sec
ggml_metal_library_compile_all: compiled 'norm' library in 0.141 sec
ggml_metal_library_compile_all: compiled 'unary' library in 1.173 sec
ggml_metal_library_compile_all: compiled 'binbcast' library in 1.699 sec
ggml_metal_library_compile_all: compiled 'reduce' library in 1.057 sec
ggml_metal_library_compile_all: compiled 'tri' library in 1.041 sec
ggml_metal_library_compile_all: compiled 'ssm' library in 1.453 sec
ggml_metal_library_compile_all: compiled 'wkv' library in 1.463 sec
ggml_metal_library_compile_all: compiled 'gated_delta_net' library in 2.216 sec
ggml_metal_library_compile_all: compiled 'solve_tri' library in 2.376 sec
ggml_metal_library_compile_all: compiled 'rope' library in 2.415 sec
ggml_metal_library_compile_all: compiled 'conv' library in 0.807 sec
ggml_metal_library_compile_all: compiled 'upscale' library in 2.351 sec
ggml_metal_library_compile_all: compiled 'argsort' library in 0.942 sec
ggml_metal_library_compile_all: compiled 'pool' library in 2.254 sec
ggml_metal_library_compile_all: compiled 'misc' library in 1.054 sec
ggml_metal_library_compile_all: loaded 35 libraries from embedded data in 2.418 sec (max single = 2.418 sec)
ggml_metal_rsets_init: creating a residency set collection (keep_alive = 180 s)
ggml_metal_device_init: GPU name:   MTL0 (Apple M5 Pro)
ggml_metal_device_init: GPU family: MTLGPUFamilyApple10  (1010)
ggml_metal_device_init: GPU family: MTLGPUFamilyMetal4  (5002)
ggml_metal_device_init: simdgroup reduction   = true
ggml_metal_device_init: simdgroup matrix mul. = true
ggml_metal_device_init: has unified memory    = true
ggml_metal_device_init: has bfloat            = true
ggml_metal_device_init: has tensor            = true
ggml_metal_device_init: use residency sets    = true
ggml_metal_device_init: use shared buffers    = true
ggml_metal_device_init: recommendedMaxWorkingSetSize  = 40200.90 MB
ggml_metal_init: allocating
ggml_metal_init: found device: Apple M5 Pro
ggml_metal_init: picking default device: Apple M5 Pro
ggml_metal_init: use fusion         = true
ggml_metal_init: use concurrency    = true
ggml_metal_init: use graph optimize = true
M5_ENCODER_INIT {"path":"public","requested_n_cb":1,"effective_n_cb":1,"stats":false}
M5_ENCODERS_START {"constructor":"legacy","effective_n_cb":1,"plan":[1,0,0,0,1,0,1,1]}
ggml_metal_library_compile_pipeline: compiling pipeline: base = 'kernel_bin_fuse_f32_f32_f32_4', name = 'kernel_bin_fuse_f32_f32_f32_4_op=0_nf=7_rb=1_cb=0'
ggml_metal_library_compile_pipeline: loaded kernel_bin_fuse_f32_f32_f32_4_op=0_nf=7_rb=1_cb=0      0x105511f50 | th_max = 1024 | th_width =   32
ggml_metal_library_compile_pipeline: compiling pipeline: base = 'kernel_bin_fuse_f32_f32_f32_4', name = 'kernel_bin_fuse_f32_f32_f32_4_op=0_nf=5_rb=1_cb=0'
ggml_metal_library_compile_pipeline: loaded kernel_bin_fuse_f32_f32_f32_4_op=0_nf=5_rb=1_cb=0      0x105513110 | th_max = 1024 | th_width =   32
ggml_metal_library_compile_pipeline: compiling pipeline: base = 'kernel_cpy_f32_f32', name = 'kernel_cpy_f32_f32'
ggml_metal_library_compile_pipeline: loaded kernel_cpy_f32_f32                            0x105513490 | th_max = 1024 | th_width =   32
M5_ENCODERS_CASE {"all_nodes_metal":true,"checked_values":538,"cpu_bit_exact":true,"crossed_boundaries":0,"digest_buffers":2,"inputs_preserved":true,"kind":"add","padding_preserved":true,"partitions":[[0,63],[63,63]],"plan":[1,63,0,0,1,0,1,1],"raw_nodes":63,"scheduler_splits":1,"steps":61}
ggml_metal_library_compile_pipeline: compiling pipeline: base = 'kernel_bin_fuse_f32_f32_f32_4', name = 'kernel_bin_fuse_f32_f32_f32_4_op=0_nf=6_rb=1_cb=0'
ggml_metal_library_compile_pipeline: loaded kernel_bin_fuse_f32_f32_f32_4_op=0_nf=6_rb=1_cb=0     0x769eeac380 | th_max = 1024 | th_width =   32
M5_ENCODERS_CASE {"all_nodes_metal":true,"checked_values":538,"cpu_bit_exact":true,"crossed_boundaries":0,"digest_buffers":2,"inputs_preserved":true,"kind":"add","padding_preserved":true,"partitions":[[0,64],[64,64]],"plan":[1,64,0,0,1,0,1,1],"raw_nodes":64,"scheduler_splits":1,"steps":62}
M5_ENCODERS_CASE {"all_nodes_metal":true,"checked_values":538,"cpu_bit_exact":true,"crossed_boundaries":1,"digest_buffers":2,"inputs_preserved":true,"kind":"add","padding_preserved":true,"partitions":[[0,64],[64,65]],"plan":[1,64,1,1,1,0,1,1],"raw_nodes":65,"scheduler_splits":1,"steps":63}
ggml_metal_library_compile_pipeline: compiling pipeline: base = 'kernel_bin_fuse_f32_f32_f32_4', name = 'kernel_bin_fuse_f32_f32_f32_4_op=0_nf=1_rb=1_cb=0'
ggml_metal_library_compile_pipeline: loaded kernel_bin_fuse_f32_f32_f32_4_op=0_nf=1_rb=1_cb=0     0x769eeac000 | th_max = 1024 | th_width =   32
M5_ENCODERS_CASE {"all_nodes_metal":true,"checked_values":538,"cpu_bit_exact":true,"crossed_boundaries":1,"digest_buffers":2,"inputs_preserved":true,"kind":"add","padding_preserved":true,"partitions":[[0,64],[64,66]],"plan":[1,64,2,2,1,0,1,1],"raw_nodes":66,"scheduler_splits":1,"steps":64}
ggml_metal_library_compile_pipeline: compiling pipeline: base = 'kernel_bin_fuse_f32_f32_f32_4', name = 'kernel_bin_fuse_f32_f32_f32_4_op=0_nf=2_rb=1_cb=0'
ggml_metal_library_compile_pipeline: loaded kernel_bin_fuse_f32_f32_f32_4_op=0_nf=2_rb=1_cb=0     0x769eeaca80 | th_max = 1024 | th_width =   32
M5_ENCODERS_CASE {"all_nodes_metal":true,"checked_values":538,"cpu_bit_exact":true,"crossed_boundaries":1,"digest_buffers":2,"inputs_preserved":true,"kind":"add","padding_preserved":true,"partitions":[[0,64],[64,130]],"plan":[1,64,66,66,1,0,1,1],"raw_nodes":130,"scheduler_splits":1,"steps":128}
ggml_metal_library_compile_pipeline: compiling pipeline: base = 'kernel_bin_fuse_f32_f32_f32_4', name = 'kernel_bin_fuse_f32_f32_f32_4_op=0_nf=3_rb=1_cb=0'
ggml_metal_library_compile_pipeline: loaded kernel_bin_fuse_f32_f32_f32_4_op=0_nf=3_rb=1_cb=0     0x769eeac700 | th_max = 1024 | th_width =   32
M5_ENCODERS_CASE {"all_nodes_metal":true,"checked_values":538,"cpu_bit_exact":true,"crossed_boundaries":1,"digest_buffers":2,"inputs_preserved":true,"kind":"add","padding_preserved":true,"partitions":[[0,65],[65,650]],"plan":[1,65,585,585,1,0,1,1],"raw_nodes":650,"scheduler_splits":1,"steps":648}
M5_ENCODERS_CASE {"all_nodes_metal":true,"checked_values":538,"cpu_bit_exact":true,"crossed_boundaries":1,"digest_buffers":2,"inputs_preserved":true,"kind":"alias","padding_preserved":true,"partitions":[[0,64],[64,65]],"plan":[1,64,1,1,1,0,1,1],"raw_nodes":65,"scheduler_splits":1,"steps":21}
M5_ENCODERS_CASE {"all_nodes_metal":true,"checked_values":538,"cpu_bit_exact":true,"crossed_boundaries":1,"digest_buffers":2,"inputs_preserved":true,"kind":"alias","padding_preserved":true,"partitions":[[0,64],[64,131]],"plan":[1,64,67,67,1,0,1,1],"raw_nodes":131,"scheduler_splits":1,"steps":43}
M5_ENCODERS_CASE {"all_nodes_metal":true,"checked_values":538,"cpu_bit_exact":true,"crossed_boundaries":1,"digest_buffers":2,"inputs_preserved":true,"kind":"alias","padding_preserved":true,"partitions":[[0,65],[65,653]],"plan":[1,65,588,588,1,0,1,1],"raw_nodes":653,"scheduler_splits":1,"steps":217}
M5_ENCODERS_DONE {"cases":9,"constructor":"legacy","cpu_bit_exact":true,"timings_measured":false}
ggml_metal_free: deallocating
