ggml_metal_device_init: testing tensor API for f16 support
ggml_metal_library_compile_pipeline: compiling pipeline: base = 'dummy_kernel', name = 'dummy_kernel'
ggml_metal_library_compile_pipeline: loaded dummy_kernel                                  0x10184b150 | th_max = 1024 | th_width =   32
ggml_metal_device_init: testing tensor API for bfloat support
ggml_metal_library_compile_pipeline: compiling pipeline: base = 'dummy_kernel', name = 'dummy_kernel'
ggml_metal_library_compile_pipeline: loaded dummy_kernel                                  0x1018757a0 | th_max = 1024 | th_width =   32
ggml_metal_library_init: using embedded metal library
ggml_metal_library_compile_all: compiled 'fa_aux' library in 0.327 sec
ggml_metal_library_compile_all: compiled 'fa_f16' library in 1.753 sec
ggml_metal_library_compile_all: compiled 'fa_f32' library in 0.969 sec
ggml_metal_library_compile_all: compiled 'fa_q4_0' library in 1.067 sec
ggml_metal_library_compile_all: compiled 'fa_q4_1' library in 1.066 sec
ggml_metal_library_compile_all: compiled 'fa_q5_0' library in 0.996 sec
ggml_metal_library_compile_all: compiled 'fa_q5_1' library in 0.997 sec
ggml_metal_library_compile_all: compiled 'fa_q8_0' library in 1.054 sec
ggml_metal_library_compile_all: compiled 'fa_vec_f16' library in 2.445 sec
ggml_metal_library_compile_all: compiled 'fa_vec_f32' library in 0.561 sec
ggml_metal_library_compile_all: compiled 'fa_vec_q4_0' library in 2.412 sec
ggml_metal_library_compile_all: compiled 'fa_vec_q4_1' library in 2.412 sec
ggml_metal_library_compile_all: compiled 'fa_vec_q5_0' library in 2.245 sec
ggml_metal_library_compile_all: compiled 'fa_vec_q5_1' library in 2.252 sec
ggml_metal_library_compile_all: compiled 'fa_vec_q8_0' library in 2.393 sec
ggml_metal_library_compile_all: compiled 'mul_mv' library in 2.252 sec
ggml_metal_library_compile_all: compiled 'mul_mv_mma' library in 1.483 sec
ggml_metal_library_compile_all: compiled 'mul_mm' library in 1.471 sec
ggml_metal_library_compile_all: compiled 'quantize' library in 0.967 sec
ggml_metal_library_compile_all: compiled 'softmax' library in 0.129 sec
ggml_metal_library_compile_all: compiled 'norm' library in 0.146 sec
ggml_metal_library_compile_all: compiled 'unary' library in 1.179 sec
ggml_metal_library_compile_all: compiled 'binbcast' library in 1.051 sec
ggml_metal_library_compile_all: compiled 'reduce' library in 2.409 sec
ggml_metal_library_compile_all: compiled 'tri' library in 2.390 sec
ggml_metal_library_compile_all: compiled 'ssm' library in 1.095 sec
ggml_metal_library_compile_all: compiled 'wkv' library in 1.082 sec
ggml_metal_library_compile_all: compiled 'gated_delta_net' library in 1.750 sec
ggml_metal_library_compile_all: compiled 'solve_tri' library in 1.050 sec
ggml_metal_library_compile_all: compiled 'rope' library in 1.039 sec
ggml_metal_library_compile_all: compiled 'conv' library in 2.409 sec
ggml_metal_library_compile_all: compiled 'upscale' library in 2.441 sec
ggml_metal_library_compile_all: compiled 'argsort' library in 2.242 sec
ggml_metal_library_compile_all: compiled 'pool' library in 1.480 sec
ggml_metal_library_compile_all: compiled 'misc' library in 1.468 sec
ggml_metal_library_compile_all: loaded 35 libraries from embedded data in 2.445 sec (max single = 2.445 sec)
ggml_metal_rsets_init: creating a residency set collection (keep_alive = 180 s)
ggml_metal_device_init: GPU name:   MTL0 (Apple M5 Pro)
ggml_metal_device_init: GPU family: MTLGPUFamilyApple10  (1010)
ggml_metal_device_init: GPU family: MTLGPUFamilyMetal4  (5002)
ggml_metal_device_init: simdgroup reduction   = true
ggml_metal_device_init: simdgroup matrix mul. = true
ggml_metal_device_init: has unified memory    = true
ggml_metal_device_init: has bfloat            = true
ggml_metal_device_init: has tensor            = true
ggml_metal_device_init: use residency sets    = true
ggml_metal_device_init: use shared buffers    = true
ggml_metal_device_init: recommendedMaxWorkingSetSize  = 40200.90 MB
ggml_metal_init: allocating
ggml_metal_init: found device: Apple M5 Pro
ggml_metal_init: picking default device: Apple M5 Pro
ggml_metal_init: use fusion         = true
ggml_metal_init: use concurrency    = true
ggml_metal_init: use graph optimize = true
ggml_metal_library_compile_pipeline: compiling pipeline: base = 'kernel_argmax_f32', name = 'kernel_argmax_f32'
ggml_metal_library_compile_pipeline: loaded kernel_argmax_f32                             0x10187e8a0 | th_max = 1024 | th_width =   32
ggml_metal_library_compile_pipeline: compiling pipeline: base = 'kernel_get_rows_f32', name = 'kernel_get_rows_f32'
ggml_metal_library_compile_pipeline: loaded kernel_get_rows_f32                           0x10187f460 | th_max = 1024 | th_width =   32
ggml_metal_library_compile_pipeline: compiling pipeline: base = 'kernel_unary_f32_f32', name = 'kernel_unary_f32_f32_op=10_cnt=1'
ggml_metal_library_compile_pipeline: loaded kernel_unary_f32_f32_op=10_cnt=1              0x101882020 | th_max = 1024 | th_width =   32
ggml_metal_library_compile_pipeline: compiling pipeline: base = 'kernel_bin_fuse_f32_f32_f32', name = 'kernel_bin_fuse_f32_f32_f32_op=1_nf=1_rb=1_cb=1'
ggml_metal_library_compile_pipeline: loaded kernel_bin_fuse_f32_f32_f32_op=1_nf=1_rb=1_cb=1      0x1018811e0 | th_max = 1024 | th_width =   32
ggml_metal_library_compile_pipeline: compiling pipeline: base = 'kernel_unary_f32_f32', name = 'kernel_unary_f32_f32_op=111_cnt=1'
ggml_metal_library_compile_pipeline: loaded kernel_unary_f32_f32_op=111_cnt=1            0x7bc37c4000 | th_max = 1024 | th_width =   32
ggml_metal_library_compile_pipeline: compiling pipeline: base = 'kernel_unary_f32_f32', name = 'kernel_unary_f32_f32_op=17_cnt=1'
ggml_metal_library_compile_pipeline: loaded kernel_unary_f32_f32_op=17_cnt=1             0x7bc37c4380 | th_max = 1024 | th_width =   32
ggml_metal_library_compile_pipeline: compiling pipeline: base = 'kernel_bin_fuse_f32_f32_f32', name = 'kernel_bin_fuse_f32_f32_f32_op=0_nf=1_rb=1_cb=0'
ggml_metal_library_compile_pipeline: loaded kernel_bin_fuse_f32_f32_f32_op=0_nf=1_rb=1_cb=0     0x7bc37c4700 | th_max = 1024 | th_width =   32
M5_SAMPLING_CASE {"all_ops_supported_on_metal":true,"boundary":false,"cpu_retained_ids":[0,1,2,3],"graph_nodes":9,"identical_eligibility":true,"input_bytes_preserved":true,"input_logits":[0.0,-0.6531471610069275,-0.6731472015380859,-0.6831471920013428,-0.7031471729278564,-0.7131471633911133,-20.0],"metal_retained_ids":[0,1,2,3],"outputs":7,"p":0.5,"sorted":false,"threshold":-0.6931471824645996}
M5_SAMPLING_CASE {"all_ops_supported_on_metal":true,"boundary":true,"cpu_retained_ids":[0,1,2,3],"graph_nodes":9,"identical_eligibility":false,"input_bytes_preserved":true,"input_logits":[0.0,-0.6831471920013428,-0.6931471228599548,-0.6931471824645996,-0.6931472420692444,-0.7031471729278564,-20.0],"metal_retained_ids":[0,1,2],"outputs":7,"p":0.5,"sorted":false,"threshold":-0.6931471824645996}
M5_SAMPLING_CASE {"all_ops_supported_on_metal":true,"boundary":false,"cpu_retained_ids":[0,1,2,3],"graph_nodes":9,"identical_eligibility":true,"input_bytes_preserved":true,"input_logits":[0.0,-0.6531471610069275,-0.6731472015380859,-0.6831471920013428,-0.7031471729278564,-0.7131471633911133,-20.0],"metal_retained_ids":[0,1,2,3],"outputs":7,"p":0.5,"sorted":true,"threshold":-0.6931471824645996}
M5_SAMPLING_CASE {"all_ops_supported_on_metal":true,"boundary":true,"cpu_retained_ids":[0,1,2,3],"graph_nodes":9,"identical_eligibility":false,"input_bytes_preserved":true,"input_logits":[0.0,-0.6831471920013428,-0.6931471228599548,-0.6931471824645996,-0.6931472420692444,-0.7031471729278564,-20.0],"metal_retained_ids":[0,1,2],"outputs":7,"p":0.5,"sorted":true,"threshold":-0.6931471824645996}
M5_SAMPLING_CASE {"all_ops_supported_on_metal":true,"boundary":false,"cpu_retained_ids":[0,1,2,3],"graph_nodes":9,"identical_eligibility":true,"input_bytes_preserved":true,"input_logits":[0.0,-2.9557323455810547,-2.9757323265075684,-2.985732316970825,-3.005732297897339,-3.0157322883605957,-20.0],"metal_retained_ids":[0,1,2,3],"outputs":7,"p":0.05000000074505806,"sorted":false,"threshold":-2.995732307434082}
M5_SAMPLING_CASE {"all_ops_supported_on_metal":true,"boundary":true,"cpu_retained_ids":[0,1,2,3],"graph_nodes":9,"identical_eligibility":false,"input_bytes_preserved":true,"input_logits":[0.0,-2.985732316970825,-2.995732069015503,-2.995732307434082,-2.995732545852661,-3.005732297897339,-20.0],"metal_retained_ids":[0,1,2],"outputs":7,"p":0.05000000074505806,"sorted":false,"threshold":-2.995732307434082}
M5_SAMPLING_CASE {"all_ops_supported_on_metal":true,"boundary":false,"cpu_retained_ids":[0,1,2,3],"graph_nodes":9,"identical_eligibility":true,"input_bytes_preserved":true,"input_logits":[0.0,-2.9557323455810547,-2.9757323265075684,-2.985732316970825,-3.005732297897339,-3.0157322883605957,-20.0],"metal_retained_ids":[0,1,2,3],"outputs":7,"p":0.05000000074505806,"sorted":true,"threshold":-2.995732307434082}
M5_SAMPLING_CASE {"all_ops_supported_on_metal":true,"boundary":true,"cpu_retained_ids":[0,1,2,3],"graph_nodes":9,"identical_eligibility":false,"input_bytes_preserved":true,"input_logits":[0.0,-2.985732316970825,-2.995732069015503,-2.995732307434082,-2.995732545852661,-3.005732297897339,-20.0],"metal_retained_ids":[0,1,2],"outputs":7,"p":0.05000000074505806,"sorted":true,"threshold":-2.995732307434082}
M5_SAMPLING_DONE {"cases":8,"eligibility_mismatches":4,"models_loaded":false,"timings_measured":false}
ggml_metal_free: deallocating
