20261006T182755Z-feature-shared-cpu: ready in 8.41s
prompt=512 repeat=1: 36.35 tok/s, TTFT 1.34s, prompt 381.3 tok/s
prompt=2048 repeat=1: 35.81 tok/s, TTFT 4.57s, prompt 448.0 tok/s
code repeat=1: 39.69 tok/s, TTFT 0.55s
prose repeat=1: 36.46 tok/s, TTFT 0.77s
chinese repeat=1: 32.52 tok/s, TTFT 0.54s
PASS answer multiply at temperature 0
PASS answer different-multiply at temperature 0
PASS answer sum at temperature 0
PASS answer extract-json at temperature 0
PASS answer sort-unique-json at temperature 0
PASS answer updated-label at temperature 0
PASS answer ledger at temperature 0
PASS answer python-function at temperature 0
PASS answer chinese-multiply at temperature 0
PASS answer chinese-json at temperature 0
PASS answer accented-label at temperature 0
PASS answer multiply at temperature 0.6
PASS answer different-multiply at temperature 0.6
PASS answer sum at temperature 0.6
PASS answer extract-json at temperature 0.6
PASS answer sort-unique-json at temperature 0.6
PASS answer updated-label at temperature 0.6
PASS answer ledger at temperature 0.6
PASS answer python-function at temperature 0.6
PASS answer chinese-multiply at temperature 0.6
PASS answer chinese-json at temperature 0.6
PASS answer accented-label at temperature 0.6
cached 512 warmup: 42.38 tok/s, TTFT 0.473s, correct=True
cached 512 repeat=1: 47.19 tok/s, TTFT 0.393s, correct=True
cached 2048 warmup: 45.53 tok/s, TTFT 0.451s, correct=True
cached 2048 repeat=1: 45.34 tok/s, TTFT 0.437s, correct=True
Saved /Users/justin/Documents/Github/Strata-Mac-Lab/bench/results/20261006T182755Z-feature-shared-cpu/result.json
20261006T182852Z-feature-shared-gpu: ready in 3.82s
prompt=512 repeat=1: 2.96 tok/s, TTFT 1.46s, prompt 351.4 tok/s
prompt=2048 repeat=1: 4.98 tok/s, TTFT 7.18s, prompt 285.3 tok/s
Saved /Users/justin/Documents/Github/Strata-Mac-Lab/bench/results/20261006T182852Z-feature-shared-gpu/result.json
Saved /Users/justin/Documents/Github/Strata-Mac-Lab/bench/features/20261006T182751Z-mtp-shared
Traceback (most recent call last):
  File "/Users/justin/Documents/Github/Strata-Mac-Lab/scripts/verify_shared.py", line 62, in <module>
    main()
  File "/Users/justin/Documents/Github/Strata-Mac-Lab/scripts/verify_shared.py", line 44, in main
    result = run(trial)
             ^^^^^^^^^^
  File "/Users/justin/Documents/Github/Strata-Mac-Lab/scripts/benchmark.py", line 264, in run
    result = stream_completion(base, {"prompt": prompt, "n_predict": args.predict, "stream": True,
             ^^^^^^^^^^^^^^^^^^^^^^^^^^^^^^^^^^^^^^^^^^^^^^^^^^^^^^^^^^^^^^^^^^^^^^^^^^^^^^^^^^^^^
  File "/Users/justin/Documents/Github/Strata-Mac-Lab/scripts/benchmark.py", line 131, in stream_completion
    raise RuntimeError("Streaming response has no first token or final timing record")
RuntimeError: Streaming response has no first token or final timing record
