20261006T183135Z-feature-shared-gpu: ready in 2.81s
prompt=512 repeat=1: 10.09 tok/s, TTFT 3.81s, prompt 134.2 tok/s
prompt=2048 repeat=1: 5.30 tok/s, TTFT 13.22s, prompt 154.9 tok/s
code repeat=1: 6.64 tok/s, TTFT 1.29s
prose repeat=1: 4.50 tok/s, TTFT 1.42s
chinese repeat=1: 4.31 tok/s, TTFT 1.98s
PASS answer multiply at temperature 0
PASS answer different-multiply at temperature 0
PASS answer sum at temperature 0
PASS answer extract-json at temperature 0
PASS answer sort-unique-json at temperature 0
PASS answer updated-label at temperature 0
PASS answer ledger at temperature 0
PASS answer python-function at temperature 0
PASS answer chinese-multiply at temperature 0
PASS answer chinese-json at temperature 0
PASS answer accented-label at temperature 0
PASS answer multiply at temperature 0.6
PASS answer different-multiply at temperature 0.6
PASS answer sum at temperature 0.6
PASS answer extract-json at temperature 0.6
PASS answer sort-unique-json at temperature 0.6
PASS answer updated-label at temperature 0.6
PASS answer ledger at temperature 0.6
PASS answer python-function at temperature 0.6
PASS answer chinese-multiply at temperature 0.6
PASS answer chinese-json at temperature 0.6
PASS answer accented-label at temperature 0.6
cached 512 warmup: 8.91 tok/s, TTFT 1.228s, correct=True
cached 512 repeat=1: 6.45 tok/s, TTFT 1.744s, correct=True
cached 2048 warmup: 7.35 tok/s, TTFT 1.721s, correct=True
cached 2048 repeat=1: 10.66 tok/s, TTFT 0.779s, correct=True
Saved /Users/justin/Documents/Github/Strata-Mac-Lab/bench/results/20261006T183135Z-feature-shared-gpu/result.json
Saved /Users/justin/Documents/Github/Strata-Mac-Lab/bench/features/20261006T183135Z-mtp-shared
