ggml_metal_device_init: testing tensor API for f16 support
ggml_metal_library_compile_pipeline: compiling pipeline: base = 'dummy_kernel', name = 'dummy_kernel'
ggml_metal_library_compile_pipeline: loaded dummy_kernel                                  0x103de9620 | th_max = 1024 | th_width =   32
ggml_metal_device_init: testing tensor API for bfloat support
ggml_metal_library_compile_pipeline: compiling pipeline: base = 'dummy_kernel', name = 'dummy_kernel'
ggml_metal_library_compile_pipeline: loaded dummy_kernel                                  0x103de97a0 | th_max = 1024 | th_width =   32
ggml_metal_library_init: using embedded metal library
ggml_metal_library_compile_all: compiled 'fa_aux' library in 0.000 sec
ggml_metal_library_compile_all: compiled 'fa_f16' library in 0.001 sec
ggml_metal_library_compile_all: compiled 'fa_f32' library in 0.001 sec
ggml_metal_library_compile_all: compiled 'fa_q4_0' library in 0.005 sec
ggml_metal_library_compile_all: compiled 'fa_q4_1' library in 0.002 sec
ggml_metal_library_compile_all: compiled 'fa_q5_0' library in 0.010 sec
ggml_metal_library_compile_all: compiled 'fa_q5_1' library in 0.009 sec
ggml_metal_library_compile_all: compiled 'fa_q8_0' library in 0.007 sec
ggml_metal_library_compile_all: compiled 'fa_vec_f16' library in 0.003 sec
ggml_metal_library_compile_all: compiled 'fa_vec_f32' library in 0.007 sec
ggml_metal_library_compile_all: compiled 'fa_vec_q4_0' library in 0.002 sec
ggml_metal_library_compile_all: compiled 'fa_vec_q4_1' library in 0.010 sec
ggml_metal_library_compile_all: compiled 'fa_vec_q5_0' library in 0.007 sec
ggml_metal_library_compile_all: compiled 'fa_vec_q5_1' library in 0.011 sec
ggml_metal_library_compile_all: compiled 'fa_vec_q8_0' library in 0.008 sec
ggml_metal_library_compile_all: compiled 'mul_mv' library in 0.004 sec
ggml_metal_library_compile_all: compiled 'mul_mv_mma' library in 0.006 sec
ggml_metal_library_compile_all: compiled 'mul_mm' library in 0.009 sec
ggml_metal_library_compile_all: compiled 'quantize' library in 0.005 sec
ggml_metal_library_compile_all: compiled 'softmax' library in 0.008 sec
ggml_metal_library_compile_all: compiled 'norm' library in 0.001 sec
ggml_metal_library_compile_all: compiled 'unary' library in 0.001 sec
ggml_metal_library_compile_all: compiled 'binbcast' library in 0.004 sec
ggml_metal_library_compile_all: compiled 'reduce' library in 0.006 sec
ggml_metal_library_compile_all: compiled 'tri' library in 0.004 sec
ggml_metal_library_compile_all: compiled 'ssm' library in 0.002 sec
ggml_metal_library_compile_all: compiled 'wkv' library in 0.006 sec
ggml_metal_library_compile_all: compiled 'gated_delta_net' library in 0.009 sec
ggml_metal_library_compile_all: compiled 'solve_tri' library in 0.008 sec
ggml_metal_library_compile_all: compiled 'rope' library in 0.009 sec
ggml_metal_library_compile_all: compiled 'conv' library in 0.009 sec
ggml_metal_library_compile_all: compiled 'upscale' library in 0.000 sec
ggml_metal_library_compile_all: compiled 'argsort' library in 0.008 sec
ggml_metal_library_compile_all: compiled 'pool' library in 0.000 sec
ggml_metal_library_compile_all: compiled 'misc' library in 0.000 sec
ggml_metal_library_compile_all: loaded 35 libraries from embedded data in 0.011 sec (max single = 0.011 sec)
ggml_metal_rsets_init: creating a residency set collection (keep_alive = 180 s)
ggml_metal_device_init: GPU name:   MTL0 (Apple M5 Pro)
ggml_metal_device_init: GPU family: MTLGPUFamilyApple10  (1010)
ggml_metal_device_init: GPU family: MTLGPUFamilyMetal4  (5002)
ggml_metal_device_init: simdgroup reduction   = true
ggml_metal_device_init: simdgroup matrix mul. = true
ggml_metal_device_init: has unified memory    = true
ggml_metal_device_init: has bfloat            = true
ggml_metal_device_init: has tensor            = true
ggml_metal_device_init: use residency sets    = true
ggml_metal_device_init: use shared buffers    = true
ggml_metal_device_init: recommendedMaxWorkingSetSize  = 40200.90 MB
ggml_metal_init: allocating
ggml_metal_init: found device: Apple M5 Pro
ggml_metal_init: picking default device: Apple M5 Pro
ggml_metal_init: use fusion         = true
ggml_metal_init: use concurrency    = true
ggml_metal_init: use graph optimize = true
ggml_metal_library_compile_pipeline: compiling pipeline: base = 'kernel_mul_mv_id_q2_0_f32', name = 'kernel_mul_mv_id_q2_0_f32_nsg=2_split=0'
ggml_metal_library_compile_pipeline: loaded kernel_mul_mv_id_q2_0_f32_nsg=2_split=0       0x103df3460 | th_max = 1024 | th_width =   32
ggml_metal_library_compile_pipeline: compiling pipeline: base = 'kernel_swiglu_f32', name = 'kernel_swiglu_f32'
ggml_metal_library_compile_pipeline: loaded kernel_swiglu_f32                             0x103df3fe0 | th_max = 1024 | th_width =   32
M5_GROUP_CASE {"cpu_nmse":2.992198166983757e-14,"distinct_experts":[10],"elements":38400,"input_ids_preserved":true,"layout":"plain","max_absolute_error":2.3737442056415148e-07,"route":"distinct","route_index":0,"rows":1,"samples":1,"triplets_per_graph":1,"wall_us_per_triplet":626.167}
M5_GROUP_CASE {"cpu_nmse":2.936171953613681e-14,"distinct_experts":[20],"elements":76800,"input_ids_preserved":true,"layout":"plain","max_absolute_error":2.5304836537287656e-07,"route":"distinct","route_index":0,"rows":2,"samples":1,"triplets_per_graph":1,"wall_us_per_triplet":1326.167}
M5_GROUP_CASE {"cpu_nmse":3.59195122534704e-14,"distinct_experts":[30],"elements":115200,"input_ids_preserved":true,"layout":"plain","max_absolute_error":2.5991261409785693e-07,"route":"distinct","route_index":0,"rows":3,"samples":1,"triplets_per_graph":1,"wall_us_per_triplet":1314.666}
M5_GROUP_CASE {"cpu_nmse":3.0496928243071225e-14,"distinct_experts":[60],"elements":230400,"input_ids_preserved":true,"layout":"plain","max_absolute_error":2.7654375639452056e-07,"route":"distinct","route_index":0,"rows":6,"samples":1,"triplets_per_graph":1,"wall_us_per_triplet":752.208}
M5_GROUP_ROUTE {"k":2560,"m":640,"rows":4,"assignments":40,"map_bytes":1120,"map_reused":false}
ggml_metal_library_compile_pipeline: compiling pipeline: base = 'kernel_m5_group_map', name = 'kernel_m5_group_map'
ggml_metal_library_compile_pipeline: loaded kernel_m5_group_map                          0x7b64dfc700 | th_max = 1024 | th_width =   32
ggml_metal_library_compile_pipeline: compiling pipeline: base = 'kernel_m5_group_single_q2_0_f32', name = 'kernel_m5_group_single_q2_0_f32'
ggml_metal_library_compile_pipeline: loaded kernel_m5_group_single_q2_0_f32              0x7b64dfca80 | th_max = 1024 | th_width =   32
ggml_metal_library_compile_pipeline: compiling pipeline: base = 'kernel_m5_group_pair_q2_0_f32', name = 'kernel_m5_group_pair_q2_0_f32'
ggml_metal_library_compile_pipeline: loaded kernel_m5_group_pair_q2_0_f32                0x7b64dfce00 | th_max = 1024 | th_width =   32
M5_GROUP_ROUTE {"k":2560,"m":640,"rows":4,"assignments":40,"map_bytes":1120,"map_reused":false}
M5_GROUP_ROUTE {"k":640,"m":2560,"rows":4,"assignments":40,"map_bytes":1120,"map_reused":false}
M5_GROUP_ROUTE {"k":2560,"m":640,"rows":4,"assignments":40,"map_bytes":1120,"map_reused":false}
M5_GROUP_ROUTE {"k":2560,"m":640,"rows":4,"assignments":40,"map_bytes":1120,"map_reused":false}
M5_GROUP_ROUTE {"k":640,"m":2560,"rows":4,"assignments":40,"map_bytes":1120,"map_reused":false}
M5_GROUP_ROUTE {"k":2560,"m":640,"rows":4,"assignments":40,"map_bytes":1120,"map_reused":false}
M5_GROUP_ROUTE {"k":2560,"m":640,"rows":4,"assignments":40,"map_bytes":1120,"map_reused":false}
M5_GROUP_ROUTE {"k":640,"m":2560,"rows":4,"assignments":40,"map_bytes":1120,"map_reused":false}
M5_GROUP_ROUTE {"k":2560,"m":640,"rows":4,"assignments":40,"map_bytes":1120,"map_reused":false}
M5_GROUP_ROUTE {"k":2560,"m":640,"rows":4,"assignments":40,"map_bytes":1120,"map_reused":false}
M5_GROUP_ROUTE {"k":640,"m":2560,"rows":4,"assignments":40,"map_bytes":1120,"map_reused":false}
M5_GROUP_ROUTE {"k":2560,"m":640,"rows":4,"assignments":40,"map_bytes":1120,"map_reused":false}
M5_GROUP_ROUTE {"k":2560,"m":640,"rows":4,"assignments":40,"map_bytes":1120,"map_reused":false}
M5_GROUP_ROUTE {"k":640,"m":2560,"rows":4,"assignments":40,"map_bytes":1120,"map_reused":false}
M5_GROUP_CASE {"cpu_nmse":4.0521146034928e-14,"distinct_experts":[14],"elements":153600,"input_ids_preserved":true,"layout":"plain","max_absolute_error":2.97778948166183e-07,"route":"real","route_index":0,"rows":4,"samples":1,"triplets_per_graph":1,"wall_us_per_triplet":1481.917}
M5_GROUP_ROUTE {"k":2560,"m":640,"rows":4,"assignments":40,"map_bytes":1120,"map_reused":false}
M5_GROUP_ROUTE {"k":2560,"m":640,"rows":4,"assignments":40,"map_bytes":1120,"map_reused":false}
M5_GROUP_ROUTE {"k":640,"m":2560,"rows":4,"assignments":40,"map_bytes":1120,"map_reused":false}
M5_GROUP_ROUTE {"k":2560,"m":640,"rows":4,"assignments":40,"map_bytes":1120,"map_reused":false}
M5_GROUP_ROUTE {"k":2560,"m":640,"rows":4,"assignments":40,"map_bytes":1120,"map_reused":false}
M5_GROUP_ROUTE {"k":640,"m":2560,"rows":4,"assignments":40,"map_bytes":1120,"map_reused":false}
M5_GROUP_ROUTE {"k":2560,"m":640,"rows":4,"assignments":40,"map_bytes":1120,"map_reused":false}
M5_GROUP_ROUTE {"k":2560,"m":640,"rows":4,"assignments":40,"map_bytes":1120,"map_reused":false}
M5_GROUP_ROUTE {"k":640,"m":2560,"rows":4,"assignments":40,"map_bytes":1120,"map_reused":false}
M5_GROUP_ROUTE {"k":2560,"m":640,"rows":4,"assignments":40,"map_bytes":1120,"map_reused":false}
M5_GROUP_ROUTE {"k":2560,"m":640,"rows":4,"assignments":40,"map_bytes":1120,"map_reused":false}
M5_GROUP_ROUTE {"k":640,"m":2560,"rows":4,"assignments":40,"map_bytes":1120,"map_reused":false}
M5_GROUP_ROUTE {"k":2560,"m":640,"rows":4,"assignments":40,"map_bytes":1120,"map_reused":false}
M5_GROUP_ROUTE {"k":2560,"m":640,"rows":4,"assignments":40,"map_bytes":1120,"map_reused":false}
M5_GROUP_ROUTE {"k":640,"m":2560,"rows":4,"assignments":40,"map_bytes":1120,"map_reused":false}
M5_GROUP_CASE {"cpu_nmse":3.933932749505216e-14,"distinct_experts":[22],"elements":153600,"input_ids_preserved":true,"layout":"plain","max_absolute_error":3.1255133858820727e-07,"route":"real","route_index":1,"rows":4,"samples":1,"triplets_per_graph":1,"wall_us_per_triplet":1699.083}
M5_GROUP_ROUTE {"k":2560,"m":640,"rows":4,"assignments":40,"map_bytes":1120,"map_reused":false}
M5_GROUP_ROUTE {"k":2560,"m":640,"rows":4,"assignments":40,"map_bytes":1120,"map_reused":false}
M5_GROUP_ROUTE {"k":640,"m":2560,"rows":4,"assignments":40,"map_bytes":1120,"map_reused":false}
M5_GROUP_ROUTE {"k":2560,"m":640,"rows":4,"assignments":40,"map_bytes":1120,"map_reused":false}
M5_GROUP_ROUTE {"k":2560,"m":640,"rows":4,"assignments":40,"map_bytes":1120,"map_reused":false}
M5_GROUP_ROUTE {"k":640,"m":2560,"rows":4,"assignments":40,"map_bytes":1120,"map_reused":false}
M5_GROUP_ROUTE {"k":2560,"m":640,"rows":4,"assignments":40,"map_bytes":1120,"map_reused":false}
M5_GROUP_ROUTE {"k":2560,"m":640,"rows":4,"assignments":40,"map_bytes":1120,"map_reused":false}
M5_GROUP_ROUTE {"k":640,"m":2560,"rows":4,"assignments":40,"map_bytes":1120,"map_reused":false}
M5_GROUP_ROUTE {"k":2560,"m":640,"rows":4,"assignments":40,"map_bytes":1120,"map_reused":false}
M5_GROUP_ROUTE {"k":2560,"m":640,"rows":4,"assignments":40,"map_bytes":1120,"map_reused":false}
M5_GROUP_ROUTE {"k":640,"m":2560,"rows":4,"assignments":40,"map_bytes":1120,"map_reused":false}
M5_GROUP_ROUTE {"k":2560,"m":640,"rows":4,"assignments":40,"map_bytes":1120,"map_reused":false}
M5_GROUP_ROUTE {"k":2560,"m":640,"rows":4,"assignments":40,"map_bytes":1120,"map_reused":false}
M5_GROUP_ROUTE {"k":640,"m":2560,"rows":4,"assignments":40,"map_bytes":1120,"map_reused":false}
M5_GROUP_CASE {"cpu_nmse":3.7961911015367376e-14,"distinct_experts":[24],"elements":153600,"input_ids_preserved":true,"layout":"plain","max_absolute_error":2.914020535982331e-07,"route":"real","route_index":2,"rows":4,"samples":1,"triplets_per_graph":1,"wall_us_per_triplet":1418.25}
M5_GROUP_ROUTE {"k":2560,"m":640,"rows":4,"assignments":40,"map_bytes":1120,"map_reused":false}
M5_GROUP_ROUTE {"k":2560,"m":640,"rows":4,"assignments":40,"map_bytes":1120,"map_reused":false}
M5_GROUP_ROUTE {"k":640,"m":2560,"rows":4,"assignments":40,"map_bytes":1120,"map_reused":false}
M5_GROUP_ROUTE {"k":2560,"m":640,"rows":4,"assignments":40,"map_bytes":1120,"map_reused":false}
M5_GROUP_ROUTE {"k":2560,"m":640,"rows":4,"assignments":40,"map_bytes":1120,"map_reused":false}
M5_GROUP_ROUTE {"k":640,"m":2560,"rows":4,"assignments":40,"map_bytes":1120,"map_reused":false}
M5_GROUP_ROUTE {"k":2560,"m":640,"rows":4,"assignments":40,"map_bytes":1120,"map_reused":false}
M5_GROUP_ROUTE {"k":2560,"m":640,"rows":4,"assignments":40,"map_bytes":1120,"map_reused":false}
M5_GROUP_ROUTE {"k":640,"m":2560,"rows":4,"assignments":40,"map_bytes":1120,"map_reused":false}
M5_GROUP_ROUTE {"k":2560,"m":640,"rows":4,"assignments":40,"map_bytes":1120,"map_reused":false}
M5_GROUP_ROUTE {"k":2560,"m":640,"rows":4,"assignments":40,"map_bytes":1120,"map_reused":false}
M5_GROUP_ROUTE {"k":640,"m":2560,"rows":4,"assignments":40,"map_bytes":1120,"map_reused":false}
M5_GROUP_ROUTE {"k":2560,"m":640,"rows":4,"assignments":40,"map_bytes":1120,"map_reused":false}
M5_GROUP_ROUTE {"k":2560,"m":640,"rows":4,"assignments":40,"map_bytes":1120,"map_reused":false}
M5_GROUP_ROUTE {"k":640,"m":2560,"rows":4,"assignments":40,"map_bytes":1120,"map_reused":false}
M5_GROUP_CASE {"cpu_nmse":3.798374715193694e-14,"distinct_experts":[26],"elements":153600,"input_ids_preserved":true,"layout":"plain","max_absolute_error":2.735184674307334e-07,"route":"real","route_index":3,"rows":4,"samples":1,"triplets_per_graph":1,"wall_us_per_triplet":1442.834}
M5_GROUP_ROUTE {"k":2560,"m":640,"rows":4,"assignments":40,"map_bytes":1120,"map_reused":false}
M5_GROUP_ROUTE {"k":2560,"m":640,"rows":4,"assignments":40,"map_bytes":1120,"map_reused":false}
M5_GROUP_ROUTE {"k":640,"m":2560,"rows":4,"assignments":40,"map_bytes":1120,"map_reused":false}
M5_GROUP_ROUTE {"k":2560,"m":640,"rows":4,"assignments":40,"map_bytes":1120,"map_reused":false}
M5_GROUP_ROUTE {"k":2560,"m":640,"rows":4,"assignments":40,"map_bytes":1120,"map_reused":false}
M5_GROUP_ROUTE {"k":640,"m":2560,"rows":4,"assignments":40,"map_bytes":1120,"map_reused":false}
M5_GROUP_ROUTE {"k":2560,"m":640,"rows":4,"assignments":40,"map_bytes":1120,"map_reused":false}
M5_GROUP_ROUTE {"k":2560,"m":640,"rows":4,"assignments":40,"map_bytes":1120,"map_reused":false}
M5_GROUP_ROUTE {"k":640,"m":2560,"rows":4,"assignments":40,"map_bytes":1120,"map_reused":false}
M5_GROUP_ROUTE {"k":2560,"m":640,"rows":4,"assignments":40,"map_bytes":1120,"map_reused":false}
M5_GROUP_ROUTE {"k":2560,"m":640,"rows":4,"assignments":40,"map_bytes":1120,"map_reused":false}
M5_GROUP_ROUTE {"k":640,"m":2560,"rows":4,"assignments":40,"map_bytes":1120,"map_reused":false}
M5_GROUP_ROUTE {"k":2560,"m":640,"rows":4,"assignments":40,"map_bytes":1120,"map_reused":false}
M5_GROUP_ROUTE {"k":2560,"m":640,"rows":4,"assignments":40,"map_bytes":1120,"map_reused":false}
M5_GROUP_ROUTE {"k":640,"m":2560,"rows":4,"assignments":40,"map_bytes":1120,"map_reused":false}
M5_GROUP_CASE {"cpu_nmse":3.753921160547699e-14,"distinct_experts":[28],"elements":153600,"input_ids_preserved":true,"layout":"plain","max_absolute_error":3.0515603732794716e-07,"route":"real","route_index":4,"rows":4,"samples":1,"triplets_per_graph":1,"wall_us_per_triplet":1340.583}
M5_GROUP_ROUTE {"k":2560,"m":640,"rows":4,"assignments":40,"map_bytes":1120,"map_reused":false}
M5_GROUP_ROUTE {"k":2560,"m":640,"rows":4,"assignments":40,"map_bytes":1120,"map_reused":false}
M5_GROUP_ROUTE {"k":640,"m":2560,"rows":4,"assignments":40,"map_bytes":1120,"map_reused":false}
M5_GROUP_ROUTE {"k":2560,"m":640,"rows":4,"assignments":40,"map_bytes":1120,"map_reused":false}
M5_GROUP_ROUTE {"k":2560,"m":640,"rows":4,"assignments":40,"map_bytes":1120,"map_reused":false}
M5_GROUP_ROUTE {"k":640,"m":2560,"rows":4,"assignments":40,"map_bytes":1120,"map_reused":false}
M5_GROUP_ROUTE {"k":2560,"m":640,"rows":4,"assignments":40,"map_bytes":1120,"map_reused":false}
M5_GROUP_ROUTE {"k":2560,"m":640,"rows":4,"assignments":40,"map_bytes":1120,"map_reused":false}
M5_GROUP_ROUTE {"k":640,"m":2560,"rows":4,"assignments":40,"map_bytes":1120,"map_reused":false}
M5_GROUP_ROUTE {"k":2560,"m":640,"rows":4,"assignments":40,"map_bytes":1120,"map_reused":false}
M5_GROUP_ROUTE {"k":2560,"m":640,"rows":4,"assignments":40,"map_bytes":1120,"map_reused":false}
M5_GROUP_ROUTE {"k":640,"m":2560,"rows":4,"assignments":40,"map_bytes":1120,"map_reused":false}
M5_GROUP_ROUTE {"k":2560,"m":640,"rows":4,"assignments":40,"map_bytes":1120,"map_reused":false}
M5_GROUP_ROUTE {"k":2560,"m":640,"rows":4,"assignments":40,"map_bytes":1120,"map_reused":false}
M5_GROUP_ROUTE {"k":640,"m":2560,"rows":4,"assignments":40,"map_bytes":1120,"map_reused":false}
M5_GROUP_CASE {"cpu_nmse":3.556696994916468e-14,"distinct_experts":[30],"elements":153600,"input_ids_preserved":true,"layout":"plain","max_absolute_error":2.9169907822534924e-07,"route":"real","route_index":5,"rows":4,"samples":1,"triplets_per_graph":1,"wall_us_per_triplet":1380.625}
M5_GROUP_ROUTE {"k":2560,"m":640,"rows":4,"assignments":40,"map_bytes":1120,"map_reused":false}
M5_GROUP_ROUTE {"k":2560,"m":640,"rows":4,"assignments":40,"map_bytes":1120,"map_reused":false}
M5_GROUP_ROUTE {"k":640,"m":2560,"rows":4,"assignments":40,"map_bytes":1120,"map_reused":false}
M5_GROUP_ROUTE {"k":2560,"m":640,"rows":4,"assignments":40,"map_bytes":1120,"map_reused":false}
M5_GROUP_ROUTE {"k":2560,"m":640,"rows":4,"assignments":40,"map_bytes":1120,"map_reused":false}
M5_GROUP_ROUTE {"k":640,"m":2560,"rows":4,"assignments":40,"map_bytes":1120,"map_reused":false}
M5_GROUP_ROUTE {"k":2560,"m":640,"rows":4,"assignments":40,"map_bytes":1120,"map_reused":false}
M5_GROUP_ROUTE {"k":2560,"m":640,"rows":4,"assignments":40,"map_bytes":1120,"map_reused":false}
M5_GROUP_ROUTE {"k":640,"m":2560,"rows":4,"assignments":40,"map_bytes":1120,"map_reused":false}
M5_GROUP_ROUTE {"k":2560,"m":640,"rows":4,"assignments":40,"map_bytes":1120,"map_reused":false}
M5_GROUP_ROUTE {"k":2560,"m":640,"rows":4,"assignments":40,"map_bytes":1120,"map_reused":false}
M5_GROUP_ROUTE {"k":640,"m":2560,"rows":4,"assignments":40,"map_bytes":1120,"map_reused":false}
M5_GROUP_ROUTE {"k":2560,"m":640,"rows":4,"assignments":40,"map_bytes":1120,"map_reused":false}
M5_GROUP_ROUTE {"k":2560,"m":640,"rows":4,"assignments":40,"map_bytes":1120,"map_reused":false}
M5_GROUP_ROUTE {"k":640,"m":2560,"rows":4,"assignments":40,"map_bytes":1120,"map_reused":false}
M5_GROUP_CASE {"cpu_nmse":3.457820201890573e-14,"distinct_experts":[33],"elements":153600,"input_ids_preserved":true,"layout":"plain","max_absolute_error":2.6771386840707123e-07,"route":"real","route_index":6,"rows":4,"samples":1,"triplets_per_graph":1,"wall_us_per_triplet":1797.958}
M5_GROUP_ROUTE {"k":2560,"m":640,"rows":4,"assignments":40,"map_bytes":1120,"map_reused":false}
M5_GROUP_ROUTE {"k":2560,"m":640,"rows":4,"assignments":40,"map_bytes":1120,"map_reused":false}
M5_GROUP_ROUTE {"k":640,"m":2560,"rows":4,"assignments":40,"map_bytes":1120,"map_reused":false}
M5_GROUP_ROUTE {"k":2560,"m":640,"rows":4,"assignments":40,"map_bytes":1120,"map_reused":false}
M5_GROUP_ROUTE {"k":2560,"m":640,"rows":4,"assignments":40,"map_bytes":1120,"map_reused":false}
M5_GROUP_ROUTE {"k":640,"m":2560,"rows":4,"assignments":40,"map_bytes":1120,"map_reused":false}
M5_GROUP_ROUTE {"k":2560,"m":640,"rows":4,"assignments":40,"map_bytes":1120,"map_reused":false}
M5_GROUP_ROUTE {"k":2560,"m":640,"rows":4,"assignments":40,"map_bytes":1120,"map_reused":false}
M5_GROUP_ROUTE {"k":640,"m":2560,"rows":4,"assignments":40,"map_bytes":1120,"map_reused":false}
M5_GROUP_ROUTE {"k":2560,"m":640,"rows":4,"assignments":40,"map_bytes":1120,"map_reused":false}
M5_GROUP_ROUTE {"k":2560,"m":640,"rows":4,"assignments":40,"map_bytes":1120,"map_reused":false}
M5_GROUP_ROUTE {"k":640,"m":2560,"rows":4,"assignments":40,"map_bytes":1120,"map_reused":false}
M5_GROUP_ROUTE {"k":2560,"m":640,"rows":4,"assignments":40,"map_bytes":1120,"map_reused":false}
M5_GROUP_ROUTE {"k":2560,"m":640,"rows":4,"assignments":40,"map_bytes":1120,"map_reused":false}
M5_GROUP_ROUTE {"k":640,"m":2560,"rows":4,"assignments":40,"map_bytes":1120,"map_reused":false}
M5_GROUP_CASE {"cpu_nmse":3.161450915671085e-14,"distinct_experts":[40],"elements":153600,"input_ids_preserved":true,"layout":"plain","max_absolute_error":2.8658504014345e-07,"route":"real","route_index":7,"rows":4,"samples":1,"triplets_per_graph":1,"wall_us_per_triplet":1681.833}
M5_GROUP_ROUTE {"k":2560,"m":640,"rows":4,"assignments":40,"map_bytes":1120,"map_reused":false}
M5_GROUP_ROUTE {"k":2560,"m":640,"rows":4,"assignments":40,"map_bytes":1120,"map_reused":false}
M5_GROUP_ROUTE {"k":640,"m":2560,"rows":4,"assignments":40,"map_bytes":1120,"map_reused":false}
M5_GROUP_ROUTE {"k":2560,"m":640,"rows":4,"assignments":40,"map_bytes":1120,"map_reused":false}
M5_GROUP_ROUTE {"k":2560,"m":640,"rows":4,"assignments":40,"map_bytes":1120,"map_reused":false}
M5_GROUP_ROUTE {"k":640,"m":2560,"rows":4,"assignments":40,"map_bytes":1120,"map_reused":false}
M5_GROUP_ROUTE {"k":2560,"m":640,"rows":4,"assignments":40,"map_bytes":1120,"map_reused":false}
M5_GROUP_ROUTE {"k":2560,"m":640,"rows":4,"assignments":40,"map_bytes":1120,"map_reused":false}
M5_GROUP_ROUTE {"k":640,"m":2560,"rows":4,"assignments":40,"map_bytes":1120,"map_reused":false}
M5_GROUP_ROUTE {"k":2560,"m":640,"rows":4,"assignments":40,"map_bytes":1120,"map_reused":false}
M5_GROUP_ROUTE {"k":2560,"m":640,"rows":4,"assignments":40,"map_bytes":1120,"map_reused":false}
M5_GROUP_ROUTE {"k":640,"m":2560,"rows":4,"assignments":40,"map_bytes":1120,"map_reused":false}
M5_GROUP_ROUTE {"k":2560,"m":640,"rows":4,"assignments":40,"map_bytes":1120,"map_reused":false}
M5_GROUP_ROUTE {"k":2560,"m":640,"rows":4,"assignments":40,"map_bytes":1120,"map_reused":false}
M5_GROUP_ROUTE {"k":640,"m":2560,"rows":4,"assignments":40,"map_bytes":1120,"map_reused":false}
M5_GROUP_CASE {"cpu_nmse":3.1716130572722956e-14,"distinct_experts":[40],"elements":153600,"input_ids_preserved":true,"layout":"plain","max_absolute_error":2.5991261409785693e-07,"route":"distinct","route_index":0,"rows":4,"samples":1,"triplets_per_graph":1,"wall_us_per_triplet":1643.292}
M5_GROUP_ROUTE {"k":2560,"m":640,"rows":4,"assignments":40,"map_bytes":1120,"map_reused":false}
M5_GROUP_ROUTE {"k":2560,"m":640,"rows":4,"assignments":40,"map_bytes":1120,"map_reused":false}
M5_GROUP_ROUTE {"k":640,"m":2560,"rows":4,"assignments":40,"map_bytes":1120,"map_reused":false}
M5_GROUP_ROUTE {"k":2560,"m":640,"rows":4,"assignments":40,"map_bytes":1120,"map_reused":false}
M5_GROUP_ROUTE {"k":2560,"m":640,"rows":4,"assignments":40,"map_bytes":1120,"map_reused":false}
M5_GROUP_ROUTE {"k":640,"m":2560,"rows":4,"assignments":40,"map_bytes":1120,"map_reused":false}
M5_GROUP_ROUTE {"k":2560,"m":640,"rows":4,"assignments":40,"map_bytes":1120,"map_reused":false}
M5_GROUP_ROUTE {"k":2560,"m":640,"rows":4,"assignments":40,"map_bytes":1120,"map_reused":false}
M5_GROUP_ROUTE {"k":640,"m":2560,"rows":4,"assignments":40,"map_bytes":1120,"map_reused":false}
M5_GROUP_ROUTE {"k":2560,"m":640,"rows":4,"assignments":40,"map_bytes":1120,"map_reused":false}
M5_GROUP_ROUTE {"k":2560,"m":640,"rows":4,"assignments":40,"map_bytes":1120,"map_reused":false}
M5_GROUP_ROUTE {"k":640,"m":2560,"rows":4,"assignments":40,"map_bytes":1120,"map_reused":false}
M5_GROUP_ROUTE {"k":2560,"m":640,"rows":4,"assignments":40,"map_bytes":1120,"map_reused":false}
M5_GROUP_ROUTE {"k":2560,"m":640,"rows":4,"assignments":40,"map_bytes":1120,"map_reused":false}
M5_GROUP_ROUTE {"k":640,"m":2560,"rows":4,"assignments":40,"map_bytes":1120,"map_reused":false}
M5_GROUP_CASE {"cpu_nmse":4.1997239701549777e-14,"distinct_experts":[10],"elements":153600,"input_ids_preserved":true,"layout":"plain","max_absolute_error":2.782810852863804e-07,"route":"shared","route_index":0,"rows":4,"samples":1,"triplets_per_graph":1,"wall_us_per_triplet":1626.208}
M5_GROUP_ROUTE {"k":2560,"m":640,"rows":4,"assignments":40,"map_bytes":1120,"map_reused":false}
M5_GROUP_ROUTE {"k":2560,"m":640,"rows":4,"assignments":40,"map_bytes":1120,"map_reused":false}
M5_GROUP_ROUTE {"k":640,"m":2560,"rows":4,"assignments":40,"map_bytes":1120,"map_reused":false}
M5_GROUP_ROUTE {"k":2560,"m":640,"rows":4,"assignments":40,"map_bytes":1120,"map_reused":false}
M5_GROUP_ROUTE {"k":2560,"m":640,"rows":4,"assignments":40,"map_bytes":1120,"map_reused":false}
M5_GROUP_ROUTE {"k":640,"m":2560,"rows":4,"assignments":40,"map_bytes":1120,"map_reused":false}
M5_GROUP_ROUTE {"k":2560,"m":640,"rows":4,"assignments":40,"map_bytes":1120,"map_reused":false}
M5_GROUP_ROUTE {"k":2560,"m":640,"rows":4,"assignments":40,"map_bytes":1120,"map_reused":false}
M5_GROUP_ROUTE {"k":640,"m":2560,"rows":4,"assignments":40,"map_bytes":1120,"map_reused":false}
M5_GROUP_ROUTE {"k":2560,"m":640,"rows":4,"assignments":40,"map_bytes":1120,"map_reused":false}
M5_GROUP_ROUTE {"k":2560,"m":640,"rows":4,"assignments":40,"map_bytes":1120,"map_reused":false}
M5_GROUP_ROUTE {"k":640,"m":2560,"rows":4,"assignments":40,"map_bytes":1120,"map_reused":false}
M5_GROUP_ROUTE {"k":2560,"m":640,"rows":4,"assignments":40,"map_bytes":1120,"map_reused":false}
M5_GROUP_ROUTE {"k":2560,"m":640,"rows":4,"assignments":40,"map_bytes":1120,"map_reused":false}
M5_GROUP_ROUTE {"k":640,"m":2560,"rows":4,"assignments":40,"map_bytes":1120,"map_reused":false}
M5_GROUP_CASE {"cpu_nmse":4.2396036622025326e-14,"distinct_experts":[1],"elements":153600,"input_ids_preserved":true,"layout":"plain","max_absolute_error":2.5005940607059074e-07,"route":"duplicate","route_index":0,"rows":4,"samples":1,"triplets_per_graph":1,"wall_us_per_triplet":1682.917}
M5_GROUP_ROUTE {"k":2560,"m":640,"rows":4,"assignments":40,"map_bytes":1120,"map_reused":false}
M5_GROUP_ROUTE {"k":2560,"m":640,"rows":4,"assignments":40,"map_bytes":1120,"map_reused":false}
M5_GROUP_ROUTE {"k":640,"m":2560,"rows":4,"assignments":40,"map_bytes":1120,"map_reused":false}
M5_GROUP_ROUTE {"k":2560,"m":640,"rows":4,"assignments":40,"map_bytes":1120,"map_reused":false}
M5_GROUP_ROUTE {"k":2560,"m":640,"rows":4,"assignments":40,"map_bytes":1120,"map_reused":false}
M5_GROUP_ROUTE {"k":640,"m":2560,"rows":4,"assignments":40,"map_bytes":1120,"map_reused":false}
M5_GROUP_ROUTE {"k":2560,"m":640,"rows":4,"assignments":40,"map_bytes":1120,"map_reused":false}
M5_GROUP_ROUTE {"k":2560,"m":640,"rows":4,"assignments":40,"map_bytes":1120,"map_reused":false}
M5_GROUP_ROUTE {"k":640,"m":2560,"rows":4,"assignments":40,"map_bytes":1120,"map_reused":false}
M5_GROUP_ROUTE {"k":2560,"m":640,"rows":4,"assignments":40,"map_bytes":1120,"map_reused":false}
M5_GROUP_ROUTE {"k":2560,"m":640,"rows":4,"assignments":40,"map_bytes":1120,"map_reused":false}
M5_GROUP_ROUTE {"k":640,"m":2560,"rows":4,"assignments":40,"map_bytes":1120,"map_reused":false}
M5_GROUP_ROUTE {"k":2560,"m":640,"rows":4,"assignments":40,"map_bytes":1120,"map_reused":false}
M5_GROUP_ROUTE {"k":2560,"m":640,"rows":4,"assignments":40,"map_bytes":1120,"map_reused":false}
M5_GROUP_ROUTE {"k":640,"m":2560,"rows":4,"assignments":40,"map_bytes":1120,"map_reused":false}
M5_GROUP_CASE {"cpu_nmse":3.682151556704128e-14,"distinct_experts":[25],"elements":153600,"input_ids_preserved":true,"layout":"plain","max_absolute_error":2.782810852863804e-07,"route":"mixed","route_index":0,"rows":4,"samples":1,"triplets_per_graph":1,"wall_us_per_triplet":1430.0}
M5_GROUP_ROUTE {"k":2560,"m":640,"rows":4,"assignments":40,"map_bytes":1120,"map_reused":false}
M5_GROUP_ROUTE {"k":2560,"m":640,"rows":4,"assignments":40,"map_bytes":1120,"map_reused":false}
M5_GROUP_ROUTE {"k":640,"m":2560,"rows":4,"assignments":40,"map_bytes":1120,"map_reused":false}
M5_GROUP_ROUTE {"k":2560,"m":640,"rows":4,"assignments":40,"map_bytes":1120,"map_reused":false}
M5_GROUP_ROUTE {"k":2560,"m":640,"rows":4,"assignments":40,"map_bytes":1120,"map_reused":false}
M5_GROUP_ROUTE {"k":640,"m":2560,"rows":4,"assignments":40,"map_bytes":1120,"map_reused":false}
M5_GROUP_ROUTE {"k":2560,"m":640,"rows":4,"assignments":40,"map_bytes":1120,"map_reused":false}
M5_GROUP_ROUTE {"k":2560,"m":640,"rows":4,"assignments":40,"map_bytes":1120,"map_reused":false}
M5_GROUP_ROUTE {"k":640,"m":2560,"rows":4,"assignments":40,"map_bytes":1120,"map_reused":false}
M5_GROUP_ROUTE {"k":2560,"m":640,"rows":4,"assignments":40,"map_bytes":1120,"map_reused":false}
M5_GROUP_ROUTE {"k":2560,"m":640,"rows":4,"assignments":40,"map_bytes":1120,"map_reused":false}
M5_GROUP_ROUTE {"k":640,"m":2560,"rows":4,"assignments":40,"map_bytes":1120,"map_reused":false}
M5_GROUP_ROUTE {"k":2560,"m":640,"rows":4,"assignments":40,"map_bytes":1120,"map_reused":false}
M5_GROUP_ROUTE {"k":2560,"m":640,"rows":4,"assignments":40,"map_bytes":1120,"map_reused":false}
M5_GROUP_ROUTE {"k":640,"m":2560,"rows":4,"assignments":40,"map_bytes":1120,"map_reused":false}
M5_GROUP_CASE {"cpu_nmse":3.682151556704128e-14,"distinct_experts":[25],"elements":153600,"input_ids_preserved":true,"layout":"input-strided","max_absolute_error":2.782810852863804e-07,"route":"mixed","route_index":0,"rows":4,"samples":1,"triplets_per_graph":1,"wall_us_per_triplet":1487.583}
M5_GROUP_ROUTE {"k":2560,"m":640,"rows":4,"assignments":40,"map_bytes":1120,"map_reused":false}
M5_GROUP_ROUTE {"k":2560,"m":640,"rows":4,"assignments":40,"map_bytes":1120,"map_reused":false}
M5_GROUP_ROUTE {"k":640,"m":2560,"rows":4,"assignments":40,"map_bytes":1120,"map_reused":false}
M5_GROUP_ROUTE {"k":2560,"m":640,"rows":4,"assignments":40,"map_bytes":1120,"map_reused":false}
M5_GROUP_ROUTE {"k":2560,"m":640,"rows":4,"assignments":40,"map_bytes":1120,"map_reused":false}
M5_GROUP_ROUTE {"k":640,"m":2560,"rows":4,"assignments":40,"map_bytes":1120,"map_reused":false}
M5_GROUP_ROUTE {"k":2560,"m":640,"rows":4,"assignments":40,"map_bytes":1120,"map_reused":false}
M5_GROUP_ROUTE {"k":2560,"m":640,"rows":4,"assignments":40,"map_bytes":1120,"map_reused":false}
M5_GROUP_ROUTE {"k":640,"m":2560,"rows":4,"assignments":40,"map_bytes":1120,"map_reused":false}
M5_GROUP_ROUTE {"k":2560,"m":640,"rows":4,"assignments":40,"map_bytes":1120,"map_reused":false}
M5_GROUP_ROUTE {"k":2560,"m":640,"rows":4,"assignments":40,"map_bytes":1120,"map_reused":false}
M5_GROUP_ROUTE {"k":640,"m":2560,"rows":4,"assignments":40,"map_bytes":1120,"map_reused":false}
M5_GROUP_ROUTE {"k":2560,"m":640,"rows":4,"assignments":40,"map_bytes":1120,"map_reused":false}
M5_GROUP_ROUTE {"k":2560,"m":640,"rows":4,"assignments":40,"map_bytes":1120,"map_reused":false}
M5_GROUP_ROUTE {"k":640,"m":2560,"rows":4,"assignments":40,"map_bytes":1120,"map_reused":false}
M5_GROUP_CASE {"cpu_nmse":3.682151556704128e-14,"distinct_experts":[25],"elements":153600,"input_ids_preserved":true,"layout":"ids-contiguous","max_absolute_error":2.782810852863804e-07,"route":"mixed","route_index":0,"rows":4,"samples":1,"triplets_per_graph":1,"wall_us_per_triplet":1403.875}
M5_GROUP_ROUTE {"k":2560,"m":640,"rows":4,"assignments":40,"map_bytes":1120,"map_reused":false}
M5_GROUP_ROUTE {"k":2560,"m":640,"rows":4,"assignments":40,"map_bytes":1120,"map_reused":false}
M5_GROUP_ROUTE {"k":640,"m":2560,"rows":4,"assignments":40,"map_bytes":1120,"map_reused":false}
M5_GROUP_ROUTE {"k":2560,"m":640,"rows":4,"assignments":40,"map_bytes":1120,"map_reused":false}
M5_GROUP_ROUTE {"k":2560,"m":640,"rows":4,"assignments":40,"map_bytes":1120,"map_reused":false}
M5_GROUP_ROUTE {"k":640,"m":2560,"rows":4,"assignments":40,"map_bytes":1120,"map_reused":false}
M5_GROUP_ROUTE {"k":2560,"m":640,"rows":4,"assignments":40,"map_bytes":1120,"map_reused":false}
M5_GROUP_ROUTE {"k":2560,"m":640,"rows":4,"assignments":40,"map_bytes":1120,"map_reused":false}
M5_GROUP_ROUTE {"k":640,"m":2560,"rows":4,"assignments":40,"map_bytes":1120,"map_reused":false}
M5_GROUP_ROUTE {"k":2560,"m":640,"rows":4,"assignments":40,"map_bytes":1120,"map_reused":false}
M5_GROUP_ROUTE {"k":2560,"m":640,"rows":4,"assignments":40,"map_bytes":1120,"map_reused":false}
M5_GROUP_ROUTE {"k":640,"m":2560,"rows":4,"assignments":40,"map_bytes":1120,"map_reused":false}
M5_GROUP_ROUTE {"k":2560,"m":640,"rows":4,"assignments":40,"map_bytes":1120,"map_reused":false}
M5_GROUP_ROUTE {"k":2560,"m":640,"rows":4,"assignments":40,"map_bytes":1120,"map_reused":false}
M5_GROUP_ROUTE {"k":640,"m":2560,"rows":4,"assignments":40,"map_bytes":1120,"map_reused":false}
M5_GROUP_CASE {"cpu_nmse":3.682151556704128e-14,"distinct_experts":[25],"elements":153600,"input_ids_preserved":true,"layout":"ids-offset","max_absolute_error":2.782810852863804e-07,"route":"mixed","route_index":0,"rows":4,"samples":1,"triplets_per_graph":1,"wall_us_per_triplet":1430.5}
M5_GROUP_CASE {"cpu_nmse":3.204104425374727e-14,"distinct_experts":[25],"elements":153600,"input_ids_preserved":true,"layout":"weights-strided","max_absolute_error":2.9574419180278255e-07,"route":"mixed","route_index":0,"rows":4,"samples":1,"triplets_per_graph":1,"wall_us_per_triplet":1462.958}
M5_GROUP_ROUTE {"k":2560,"m":640,"rows":4,"assignments":40,"map_bytes":1120,"map_reused":false}
M5_GROUP_ROUTE {"k":2560,"m":640,"rows":4,"assignments":40,"map_bytes":1120,"map_reused":false}
M5_GROUP_ROUTE {"k":640,"m":2560,"rows":4,"assignments":40,"map_bytes":1120,"map_reused":false}
M5_GROUP_ROUTE {"k":2560,"m":640,"rows":4,"assignments":40,"map_bytes":1120,"map_reused":false}
M5_GROUP_ROUTE {"k":2560,"m":640,"rows":4,"assignments":40,"map_bytes":1120,"map_reused":false}
M5_GROUP_ROUTE {"k":640,"m":2560,"rows":4,"assignments":40,"map_bytes":1120,"map_reused":false}
M5_GROUP_ROUTE {"k":2560,"m":640,"rows":4,"assignments":40,"map_bytes":1120,"map_reused":false}
M5_GROUP_ROUTE {"k":2560,"m":640,"rows":4,"assignments":40,"map_bytes":1120,"map_reused":false}
M5_GROUP_ROUTE {"k":640,"m":2560,"rows":4,"assignments":40,"map_bytes":1120,"map_reused":false}
M5_GROUP_ROUTE {"k":2560,"m":640,"rows":4,"assignments":40,"map_bytes":1120,"map_reused":false}
M5_GROUP_ROUTE {"k":2560,"m":640,"rows":4,"assignments":40,"map_bytes":1120,"map_reused":false}
M5_GROUP_ROUTE {"k":640,"m":2560,"rows":4,"assignments":40,"map_bytes":1120,"map_reused":false}
M5_GROUP_ROUTE {"k":2560,"m":640,"rows":4,"assignments":40,"map_bytes":1120,"map_reused":false}
M5_GROUP_ROUTE {"k":2560,"m":640,"rows":4,"assignments":40,"map_bytes":1120,"map_reused":false}
M5_GROUP_ROUTE {"k":640,"m":2560,"rows":4,"assignments":40,"map_bytes":1120,"map_reused":false}
M5_GROUP_CASE {"cpu_nmse":2.6374164465592046e-14,"distinct_experts":[25],"elements":153600,"input_ids_preserved":true,"layout":"cancel","max_absolute_error":3.878449206240475e-07,"route":"mixed","route_index":0,"rows":4,"samples":1,"triplets_per_graph":1,"wall_us_per_triplet":1303.542}
M5_GROUP_ROUTE {"k":2560,"m":640,"rows":4,"assignments":40,"map_bytes":1120,"map_reused":false}
M5_GROUP_ROUTE {"k":2560,"m":640,"rows":4,"assignments":40,"map_bytes":1120,"map_reused":false}
M5_GROUP_ROUTE {"k":640,"m":2560,"rows":4,"assignments":40,"map_bytes":1120,"map_reused":false}
M5_GROUP_ROUTE {"k":2560,"m":640,"rows":4,"assignments":40,"map_bytes":1120,"map_reused":false}
M5_GROUP_ROUTE {"k":2560,"m":640,"rows":4,"assignments":40,"map_bytes":1120,"map_reused":false}
M5_GROUP_ROUTE {"k":640,"m":2560,"rows":4,"assignments":40,"map_bytes":1120,"map_reused":false}
M5_GROUP_ROUTE {"k":2560,"m":640,"rows":4,"assignments":40,"map_bytes":1120,"map_reused":false}
M5_GROUP_ROUTE {"k":2560,"m":640,"rows":4,"assignments":40,"map_bytes":1120,"map_reused":false}
M5_GROUP_ROUTE {"k":640,"m":2560,"rows":4,"assignments":40,"map_bytes":1120,"map_reused":false}
M5_GROUP_ROUTE {"k":2560,"m":640,"rows":4,"assignments":40,"map_bytes":1120,"map_reused":false}
M5_GROUP_ROUTE {"k":2560,"m":640,"rows":4,"assignments":40,"map_bytes":1120,"map_reused":false}
M5_GROUP_ROUTE {"k":640,"m":2560,"rows":4,"assignments":40,"map_bytes":1120,"map_reused":false}
M5_GROUP_ROUTE {"k":2560,"m":640,"rows":4,"assignments":40,"map_bytes":1120,"map_reused":false}
M5_GROUP_ROUTE {"k":2560,"m":640,"rows":4,"assignments":40,"map_bytes":1120,"map_reused":false}
M5_GROUP_ROUTE {"k":640,"m":2560,"rows":4,"assignments":40,"map_bytes":1120,"map_reused":false}
M5_GROUP_CASE {"cpu_nmse":1.8272972623504882e-14,"distinct_experts":[25],"elements":153600,"input_ids_preserved":true,"layout":"wide","max_absolute_error":2.499925686194615e-05,"route":"mixed","route_index":0,"rows":4,"samples":1,"triplets_per_graph":1,"wall_us_per_triplet":1345.666}
M5_GROUP_ROUTE {"k":2560,"m":640,"rows":5,"assignments":50,"map_bytes":1400,"map_reused":false}
M5_GROUP_ROUTE {"k":2560,"m":640,"rows":5,"assignments":50,"map_bytes":1400,"map_reused":false}
M5_GROUP_ROUTE {"k":640,"m":2560,"rows":5,"assignments":50,"map_bytes":1400,"map_reused":false}
M5_GROUP_ROUTE {"k":2560,"m":640,"rows":5,"assignments":50,"map_bytes":1400,"map_reused":false}
M5_GROUP_ROUTE {"k":2560,"m":640,"rows":5,"assignments":50,"map_bytes":1400,"map_reused":false}
M5_GROUP_ROUTE {"k":640,"m":2560,"rows":5,"assignments":50,"map_bytes":1400,"map_reused":false}
M5_GROUP_ROUTE {"k":2560,"m":640,"rows":5,"assignments":50,"map_bytes":1400,"map_reused":false}
M5_GROUP_ROUTE {"k":2560,"m":640,"rows":5,"assignments":50,"map_bytes":1400,"map_reused":false}
M5_GROUP_ROUTE {"k":640,"m":2560,"rows":5,"assignments":50,"map_bytes":1400,"map_reused":false}
M5_GROUP_ROUTE {"k":2560,"m":640,"rows":5,"assignments":50,"map_bytes":1400,"map_reused":false}
M5_GROUP_ROUTE {"k":2560,"m":640,"rows":5,"assignments":50,"map_bytes":1400,"map_reused":false}
M5_GROUP_ROUTE {"k":640,"m":2560,"rows":5,"assignments":50,"map_bytes":1400,"map_reused":false}
M5_GROUP_ROUTE {"k":2560,"m":640,"rows":5,"assignments":50,"map_bytes":1400,"map_reused":false}
M5_GROUP_ROUTE {"k":2560,"m":640,"rows":5,"assignments":50,"map_bytes":1400,"map_reused":false}
M5_GROUP_ROUTE {"k":640,"m":2560,"rows":5,"assignments":50,"map_bytes":1400,"map_reused":false}
M5_GROUP_CASE {"cpu_nmse":4.1246661712391755e-14,"distinct_experts":[13],"elements":192000,"input_ids_preserved":true,"layout":"plain","max_absolute_error":2.9968529791091214e-07,"route":"real","route_index":0,"rows":5,"samples":1,"triplets_per_graph":1,"wall_us_per_triplet":980.541}
M5_GROUP_ROUTE {"k":2560,"m":640,"rows":5,"assignments":50,"map_bytes":1400,"map_reused":false}
M5_GROUP_ROUTE {"k":2560,"m":640,"rows":5,"assignments":50,"map_bytes":1400,"map_reused":false}
M5_GROUP_ROUTE {"k":640,"m":2560,"rows":5,"assignments":50,"map_bytes":1400,"map_reused":false}
M5_GROUP_ROUTE {"k":2560,"m":640,"rows":5,"assignments":50,"map_bytes":1400,"map_reused":false}
M5_GROUP_ROUTE {"k":2560,"m":640,"rows":5,"assignments":50,"map_bytes":1400,"map_reused":false}
M5_GROUP_ROUTE {"k":640,"m":2560,"rows":5,"assignments":50,"map_bytes":1400,"map_reused":false}
M5_GROUP_ROUTE {"k":2560,"m":640,"rows":5,"assignments":50,"map_bytes":1400,"map_reused":false}
M5_GROUP_ROUTE {"k":2560,"m":640,"rows":5,"assignments":50,"map_bytes":1400,"map_reused":false}
M5_GROUP_ROUTE {"k":640,"m":2560,"rows":5,"assignments":50,"map_bytes":1400,"map_reused":false}
M5_GROUP_ROUTE {"k":2560,"m":640,"rows":5,"assignments":50,"map_bytes":1400,"map_reused":false}
M5_GROUP_ROUTE {"k":2560,"m":640,"rows":5,"assignments":50,"map_bytes":1400,"map_reused":false}
M5_GROUP_ROUTE {"k":640,"m":2560,"rows":5,"assignments":50,"map_bytes":1400,"map_reused":false}
M5_GROUP_ROUTE {"k":2560,"m":640,"rows":5,"assignments":50,"map_bytes":1400,"map_reused":false}
M5_GROUP_ROUTE {"k":2560,"m":640,"rows":5,"assignments":50,"map_bytes":1400,"map_reused":false}
M5_GROUP_ROUTE {"k":640,"m":2560,"rows":5,"assignments":50,"map_bytes":1400,"map_reused":false}
M5_GROUP_CASE {"cpu_nmse":3.831847343333576e-14,"distinct_experts":[26],"elements":192000,"input_ids_preserved":true,"layout":"plain","max_absolute_error":2.759687394160437e-07,"route":"real","route_index":1,"rows":5,"samples":1,"triplets_per_graph":1,"wall_us_per_triplet":1085.0}
M5_GROUP_ROUTE {"k":2560,"m":640,"rows":5,"assignments":50,"map_bytes":1400,"map_reused":false}
M5_GROUP_ROUTE {"k":2560,"m":640,"rows":5,"assignments":50,"map_bytes":1400,"map_reused":false}
M5_GROUP_ROUTE {"k":640,"m":2560,"rows":5,"assignments":50,"map_bytes":1400,"map_reused":false}
M5_GROUP_ROUTE {"k":2560,"m":640,"rows":5,"assignments":50,"map_bytes":1400,"map_reused":false}
M5_GROUP_ROUTE {"k":2560,"m":640,"rows":5,"assignments":50,"map_bytes":1400,"map_reused":false}
M5_GROUP_ROUTE {"k":640,"m":2560,"rows":5,"assignments":50,"map_bytes":1400,"map_reused":false}
M5_GROUP_ROUTE {"k":2560,"m":640,"rows":5,"assignments":50,"map_bytes":1400,"map_reused":false}
M5_GROUP_ROUTE {"k":2560,"m":640,"rows":5,"assignments":50,"map_bytes":1400,"map_reused":false}
M5_GROUP_ROUTE {"k":640,"m":2560,"rows":5,"assignments":50,"map_bytes":1400,"map_reused":false}
M5_GROUP_ROUTE {"k":2560,"m":640,"rows":5,"assignments":50,"map_bytes":1400,"map_reused":false}
M5_GROUP_ROUTE {"k":2560,"m":640,"rows":5,"assignments":50,"map_bytes":1400,"map_reused":false}
M5_GROUP_ROUTE {"k":640,"m":2560,"rows":5,"assignments":50,"map_bytes":1400,"map_reused":false}
M5_GROUP_ROUTE {"k":2560,"m":640,"rows":5,"assignments":50,"map_bytes":1400,"map_reused":false}
M5_GROUP_ROUTE {"k":2560,"m":640,"rows":5,"assignments":50,"map_bytes":1400,"map_reused":false}
M5_GROUP_ROUTE {"k":640,"m":2560,"rows":5,"assignments":50,"map_bytes":1400,"map_reused":false}
M5_GROUP_CASE {"cpu_nmse":3.8652813404091957e-14,"distinct_experts":[29],"elements":192000,"input_ids_preserved":true,"layout":"plain","max_absolute_error":2.7760159060363776e-07,"route":"real","route_index":2,"rows":5,"samples":1,"triplets_per_graph":1,"wall_us_per_triplet":1068.458}
M5_GROUP_ROUTE {"k":2560,"m":640,"rows":5,"assignments":50,"map_bytes":1400,"map_reused":false}
M5_GROUP_ROUTE {"k":2560,"m":640,"rows":5,"assignments":50,"map_bytes":1400,"map_reused":false}
M5_GROUP_ROUTE {"k":640,"m":2560,"rows":5,"assignments":50,"map_bytes":1400,"map_reused":false}
M5_GROUP_ROUTE {"k":2560,"m":640,"rows":5,"assignments":50,"map_bytes":1400,"map_reused":false}
M5_GROUP_ROUTE {"k":2560,"m":640,"rows":5,"assignments":50,"map_bytes":1400,"map_reused":false}
M5_GROUP_ROUTE {"k":640,"m":2560,"rows":5,"assignments":50,"map_bytes":1400,"map_reused":false}
M5_GROUP_ROUTE {"k":2560,"m":640,"rows":5,"assignments":50,"map_bytes":1400,"map_reused":false}
M5_GROUP_ROUTE {"k":2560,"m":640,"rows":5,"assignments":50,"map_bytes":1400,"map_reused":false}
M5_GROUP_ROUTE {"k":640,"m":2560,"rows":5,"assignments":50,"map_bytes":1400,"map_reused":false}
M5_GROUP_ROUTE {"k":2560,"m":640,"rows":5,"assignments":50,"map_bytes":1400,"map_reused":false}
M5_GROUP_ROUTE {"k":2560,"m":640,"rows":5,"assignments":50,"map_bytes":1400,"map_reused":false}
M5_GROUP_ROUTE {"k":640,"m":2560,"rows":5,"assignments":50,"map_bytes":1400,"map_reused":false}
M5_GROUP_ROUTE {"k":2560,"m":640,"rows":5,"assignments":50,"map_bytes":1400,"map_reused":false}
M5_GROUP_ROUTE {"k":2560,"m":640,"rows":5,"assignments":50,"map_bytes":1400,"map_reused":false}
M5_GROUP_ROUTE {"k":640,"m":2560,"rows":5,"assignments":50,"map_bytes":1400,"map_reused":false}
M5_GROUP_CASE {"cpu_nmse":3.8965663055556755e-14,"distinct_experts":[31],"elements":192000,"input_ids_preserved":true,"layout":"plain","max_absolute_error":2.7658277024222855e-07,"route":"real","route_index":3,"rows":5,"samples":1,"triplets_per_graph":1,"wall_us_per_triplet":1133.625}
M5_GROUP_ROUTE {"k":2560,"m":640,"rows":5,"assignments":50,"map_bytes":1400,"map_reused":false}
M5_GROUP_ROUTE {"k":2560,"m":640,"rows":5,"assignments":50,"map_bytes":1400,"map_reused":false}
M5_GROUP_ROUTE {"k":640,"m":2560,"rows":5,"assignments":50,"map_bytes":1400,"map_reused":false}
M5_GROUP_ROUTE {"k":2560,"m":640,"rows":5,"assignments":50,"map_bytes":1400,"map_reused":false}
M5_GROUP_ROUTE {"k":2560,"m":640,"rows":5,"assignments":50,"map_bytes":1400,"map_reused":false}
M5_GROUP_ROUTE {"k":640,"m":2560,"rows":5,"assignments":50,"map_bytes":1400,"map_reused":false}
M5_GROUP_ROUTE {"k":2560,"m":640,"rows":5,"assignments":50,"map_bytes":1400,"map_reused":false}
M5_GROUP_ROUTE {"k":2560,"m":640,"rows":5,"assignments":50,"map_bytes":1400,"map_reused":false}
M5_GROUP_ROUTE {"k":640,"m":2560,"rows":5,"assignments":50,"map_bytes":1400,"map_reused":false}
M5_GROUP_ROUTE {"k":2560,"m":640,"rows":5,"assignments":50,"map_bytes":1400,"map_reused":false}
M5_GROUP_ROUTE {"k":2560,"m":640,"rows":5,"assignments":50,"map_bytes":1400,"map_reused":false}
M5_GROUP_ROUTE {"k":640,"m":2560,"rows":5,"assignments":50,"map_bytes":1400,"map_reused":false}
M5_GROUP_ROUTE {"k":2560,"m":640,"rows":5,"assignments":50,"map_bytes":1400,"map_reused":false}
M5_GROUP_ROUTE {"k":2560,"m":640,"rows":5,"assignments":50,"map_bytes":1400,"map_reused":false}
M5_GROUP_ROUTE {"k":640,"m":2560,"rows":5,"assignments":50,"map_bytes":1400,"map_reused":false}
M5_GROUP_CASE {"cpu_nmse":3.7155369717275827e-14,"distinct_experts":[34],"elements":192000,"input_ids_preserved":true,"layout":"plain","max_absolute_error":2.914020535982331e-07,"route":"real","route_index":4,"rows":5,"samples":1,"triplets_per_graph":1,"wall_us_per_triplet":1083.625}
M5_GROUP_ROUTE {"k":2560,"m":640,"rows":5,"assignments":50,"map_bytes":1400,"map_reused":false}
M5_GROUP_ROUTE {"k":2560,"m":640,"rows":5,"assignments":50,"map_bytes":1400,"map_reused":false}
M5_GROUP_ROUTE {"k":640,"m":2560,"rows":5,"assignments":50,"map_bytes":1400,"map_reused":false}
M5_GROUP_ROUTE {"k":2560,"m":640,"rows":5,"assignments":50,"map_bytes":1400,"map_reused":false}
M5_GROUP_ROUTE {"k":2560,"m":640,"rows":5,"assignments":50,"map_bytes":1400,"map_reused":false}
M5_GROUP_ROUTE {"k":640,"m":2560,"rows":5,"assignments":50,"map_bytes":1400,"map_reused":false}
M5_GROUP_ROUTE {"k":2560,"m":640,"rows":5,"assignments":50,"map_bytes":1400,"map_reused":false}
M5_GROUP_ROUTE {"k":2560,"m":640,"rows":5,"assignments":50,"map_bytes":1400,"map_reused":false}
M5_GROUP_ROUTE {"k":640,"m":2560,"rows":5,"assignments":50,"map_bytes":1400,"map_reused":false}
M5_GROUP_ROUTE {"k":2560,"m":640,"rows":5,"assignments":50,"map_bytes":1400,"map_reused":false}
M5_GROUP_ROUTE {"k":2560,"m":640,"rows":5,"assignments":50,"map_bytes":1400,"map_reused":false}
M5_GROUP_ROUTE {"k":640,"m":2560,"rows":5,"assignments":50,"map_bytes":1400,"map_reused":false}
M5_GROUP_ROUTE {"k":2560,"m":640,"rows":5,"assignments":50,"map_bytes":1400,"map_reused":false}
M5_GROUP_ROUTE {"k":2560,"m":640,"rows":5,"assignments":50,"map_bytes":1400,"map_reused":false}
M5_GROUP_ROUTE {"k":640,"m":2560,"rows":5,"assignments":50,"map_bytes":1400,"map_reused":false}
M5_GROUP_CASE {"cpu_nmse":3.664454806036245e-14,"distinct_experts":[36],"elements":192000,"input_ids_preserved":true,"layout":"plain","max_absolute_error":2.989888479021374e-07,"route":"real","route_index":5,"rows":5,"samples":1,"triplets_per_graph":1,"wall_us_per_triplet":931.417}
M5_GROUP_ROUTE {"k":2560,"m":640,"rows":5,"assignments":50,"map_bytes":1400,"map_reused":false}
M5_GROUP_ROUTE {"k":2560,"m":640,"rows":5,"assignments":50,"map_bytes":1400,"map_reused":false}
M5_GROUP_ROUTE {"k":640,"m":2560,"rows":5,"assignments":50,"map_bytes":1400,"map_reused":false}
M5_GROUP_ROUTE {"k":2560,"m":640,"rows":5,"assignments":50,"map_bytes":1400,"map_reused":false}
M5_GROUP_ROUTE {"k":2560,"m":640,"rows":5,"assignments":50,"map_bytes":1400,"map_reused":false}
M5_GROUP_ROUTE {"k":640,"m":2560,"rows":5,"assignments":50,"map_bytes":1400,"map_reused":false}
M5_GROUP_ROUTE {"k":2560,"m":640,"rows":5,"assignments":50,"map_bytes":1400,"map_reused":false}
M5_GROUP_ROUTE {"k":2560,"m":640,"rows":5,"assignments":50,"map_bytes":1400,"map_reused":false}
M5_GROUP_ROUTE {"k":640,"m":2560,"rows":5,"assignments":50,"map_bytes":1400,"map_reused":false}
M5_GROUP_ROUTE {"k":2560,"m":640,"rows":5,"assignments":50,"map_bytes":1400,"map_reused":false}
M5_GROUP_ROUTE {"k":2560,"m":640,"rows":5,"assignments":50,"map_bytes":1400,"map_reused":false}
M5_GROUP_ROUTE {"k":640,"m":2560,"rows":5,"assignments":50,"map_bytes":1400,"map_reused":false}
M5_GROUP_ROUTE {"k":2560,"m":640,"rows":5,"assignments":50,"map_bytes":1400,"map_reused":false}
M5_GROUP_ROUTE {"k":2560,"m":640,"rows":5,"assignments":50,"map_bytes":1400,"map_reused":false}
M5_GROUP_ROUTE {"k":640,"m":2560,"rows":5,"assignments":50,"map_bytes":1400,"map_reused":false}
M5_GROUP_CASE {"cpu_nmse":3.525279979324763e-14,"distinct_experts":[40],"elements":192000,"input_ids_preserved":true,"layout":"plain","max_absolute_error":2.721160434759895e-07,"route":"real","route_index":6,"rows":5,"samples":1,"triplets_per_graph":1,"wall_us_per_triplet":1120.167}
M5_GROUP_ROUTE {"k":2560,"m":640,"rows":5,"assignments":50,"map_bytes":1400,"map_reused":false}
M5_GROUP_ROUTE {"k":2560,"m":640,"rows":5,"assignments":50,"map_bytes":1400,"map_reused":false}
M5_GROUP_ROUTE {"k":640,"m":2560,"rows":5,"assignments":50,"map_bytes":1400,"map_reused":false}
M5_GROUP_ROUTE {"k":2560,"m":640,"rows":5,"assignments":50,"map_bytes":1400,"map_reused":false}
M5_GROUP_ROUTE {"k":2560,"m":640,"rows":5,"assignments":50,"map_bytes":1400,"map_reused":false}
M5_GROUP_ROUTE {"k":640,"m":2560,"rows":5,"assignments":50,"map_bytes":1400,"map_reused":false}
M5_GROUP_ROUTE {"k":2560,"m":640,"rows":5,"assignments":50,"map_bytes":1400,"map_reused":false}
M5_GROUP_ROUTE {"k":2560,"m":640,"rows":5,"assignments":50,"map_bytes":1400,"map_reused":false}
M5_GROUP_ROUTE {"k":640,"m":2560,"rows":5,"assignments":50,"map_bytes":1400,"map_reused":false}
M5_GROUP_ROUTE {"k":2560,"m":640,"rows":5,"assignments":50,"map_bytes":1400,"map_reused":false}
M5_GROUP_ROUTE {"k":2560,"m":640,"rows":5,"assignments":50,"map_bytes":1400,"map_reused":false}
M5_GROUP_ROUTE {"k":640,"m":2560,"rows":5,"assignments":50,"map_bytes":1400,"map_reused":false}
M5_GROUP_ROUTE {"k":2560,"m":640,"rows":5,"assignments":50,"map_bytes":1400,"map_reused":false}
M5_GROUP_ROUTE {"k":2560,"m":640,"rows":5,"assignments":50,"map_bytes":1400,"map_reused":false}
M5_GROUP_ROUTE {"k":640,"m":2560,"rows":5,"assignments":50,"map_bytes":1400,"map_reused":false}
M5_GROUP_CASE {"cpu_nmse":3.3360612294487045e-14,"distinct_experts":[50],"elements":192000,"input_ids_preserved":true,"layout":"plain","max_absolute_error":2.9620588870571396e-07,"route":"real","route_index":7,"rows":5,"samples":1,"triplets_per_graph":1,"wall_us_per_triplet":1347.959}
M5_GROUP_ROUTE {"k":2560,"m":640,"rows":5,"assignments":50,"map_bytes":1400,"map_reused":false}
M5_GROUP_ROUTE {"k":2560,"m":640,"rows":5,"assignments":50,"map_bytes":1400,"map_reused":false}
M5_GROUP_ROUTE {"k":640,"m":2560,"rows":5,"assignments":50,"map_bytes":1400,"map_reused":false}
M5_GROUP_ROUTE {"k":2560,"m":640,"rows":5,"assignments":50,"map_bytes":1400,"map_reused":false}
M5_GROUP_ROUTE {"k":2560,"m":640,"rows":5,"assignments":50,"map_bytes":1400,"map_reused":false}
M5_GROUP_ROUTE {"k":640,"m":2560,"rows":5,"assignments":50,"map_bytes":1400,"map_reused":false}
M5_GROUP_ROUTE {"k":2560,"m":640,"rows":5,"assignments":50,"map_bytes":1400,"map_reused":false}
M5_GROUP_ROUTE {"k":2560,"m":640,"rows":5,"assignments":50,"map_bytes":1400,"map_reused":false}
M5_GROUP_ROUTE {"k":640,"m":2560,"rows":5,"assignments":50,"map_bytes":1400,"map_reused":false}
M5_GROUP_ROUTE {"k":2560,"m":640,"rows":5,"assignments":50,"map_bytes":1400,"map_reused":false}
M5_GROUP_ROUTE {"k":2560,"m":640,"rows":5,"assignments":50,"map_bytes":1400,"map_reused":false}
M5_GROUP_ROUTE {"k":640,"m":2560,"rows":5,"assignments":50,"map_bytes":1400,"map_reused":false}
M5_GROUP_ROUTE {"k":2560,"m":640,"rows":5,"assignments":50,"map_bytes":1400,"map_reused":false}
M5_GROUP_ROUTE {"k":2560,"m":640,"rows":5,"assignments":50,"map_bytes":1400,"map_reused":false}
M5_GROUP_ROUTE {"k":640,"m":2560,"rows":5,"assignments":50,"map_bytes":1400,"map_reused":false}
M5_GROUP_CASE {"cpu_nmse":3.292413235868148e-14,"distinct_experts":[50],"elements":192000,"input_ids_preserved":true,"layout":"plain","max_absolute_error":2.7654375639452056e-07,"route":"distinct","route_index":0,"rows":5,"samples":1,"triplets_per_graph":1,"wall_us_per_triplet":1220.791}
M5_GROUP_ROUTE {"k":2560,"m":640,"rows":5,"assignments":50,"map_bytes":1400,"map_reused":false}
M5_GROUP_ROUTE {"k":2560,"m":640,"rows":5,"assignments":50,"map_bytes":1400,"map_reused":false}
M5_GROUP_ROUTE {"k":640,"m":2560,"rows":5,"assignments":50,"map_bytes":1400,"map_reused":false}
M5_GROUP_ROUTE {"k":2560,"m":640,"rows":5,"assignments":50,"map_bytes":1400,"map_reused":false}
M5_GROUP_ROUTE {"k":2560,"m":640,"rows":5,"assignments":50,"map_bytes":1400,"map_reused":false}
M5_GROUP_ROUTE {"k":640,"m":2560,"rows":5,"assignments":50,"map_bytes":1400,"map_reused":false}
M5_GROUP_ROUTE {"k":2560,"m":640,"rows":5,"assignments":50,"map_bytes":1400,"map_reused":false}
M5_GROUP_ROUTE {"k":2560,"m":640,"rows":5,"assignments":50,"map_bytes":1400,"map_reused":false}
M5_GROUP_ROUTE {"k":640,"m":2560,"rows":5,"assignments":50,"map_bytes":1400,"map_reused":false}
M5_GROUP_ROUTE {"k":2560,"m":640,"rows":5,"assignments":50,"map_bytes":1400,"map_reused":false}
M5_GROUP_ROUTE {"k":2560,"m":640,"rows":5,"assignments":50,"map_bytes":1400,"map_reused":false}
M5_GROUP_ROUTE {"k":640,"m":2560,"rows":5,"assignments":50,"map_bytes":1400,"map_reused":false}
M5_GROUP_ROUTE {"k":2560,"m":640,"rows":5,"assignments":50,"map_bytes":1400,"map_reused":false}
M5_GROUP_ROUTE {"k":2560,"m":640,"rows":5,"assignments":50,"map_bytes":1400,"map_reused":false}
M5_GROUP_ROUTE {"k":640,"m":2560,"rows":5,"assignments":50,"map_bytes":1400,"map_reused":false}
M5_GROUP_CASE {"cpu_nmse":4.125946860195192e-14,"distinct_experts":[10],"elements":192000,"input_ids_preserved":true,"layout":"plain","max_absolute_error":2.9025725822862114e-07,"route":"shared","route_index":0,"rows":5,"samples":1,"triplets_per_graph":1,"wall_us_per_triplet":2002.0}
M5_GROUP_ROUTE {"k":2560,"m":640,"rows":5,"assignments":50,"map_bytes":1400,"map_reused":false}
M5_GROUP_ROUTE {"k":2560,"m":640,"rows":5,"assignments":50,"map_bytes":1400,"map_reused":false}
M5_GROUP_ROUTE {"k":640,"m":2560,"rows":5,"assignments":50,"map_bytes":1400,"map_reused":false}
M5_GROUP_ROUTE {"k":2560,"m":640,"rows":5,"assignments":50,"map_bytes":1400,"map_reused":false}
M5_GROUP_ROUTE {"k":2560,"m":640,"rows":5,"assignments":50,"map_bytes":1400,"map_reused":false}
M5_GROUP_ROUTE {"k":640,"m":2560,"rows":5,"assignments":50,"map_bytes":1400,"map_reused":false}
M5_GROUP_ROUTE {"k":2560,"m":640,"rows":5,"assignments":50,"map_bytes":1400,"map_reused":false}
M5_GROUP_ROUTE {"k":2560,"m":640,"rows":5,"assignments":50,"map_bytes":1400,"map_reused":false}
M5_GROUP_ROUTE {"k":640,"m":2560,"rows":5,"assignments":50,"map_bytes":1400,"map_reused":false}
M5_GROUP_ROUTE {"k":2560,"m":640,"rows":5,"assignments":50,"map_bytes":1400,"map_reused":false}
M5_GROUP_ROUTE {"k":2560,"m":640,"rows":5,"assignments":50,"map_bytes":1400,"map_reused":false}
M5_GROUP_ROUTE {"k":640,"m":2560,"rows":5,"assignments":50,"map_bytes":1400,"map_reused":false}
M5_GROUP_ROUTE {"k":2560,"m":640,"rows":5,"assignments":50,"map_bytes":1400,"map_reused":false}
M5_GROUP_ROUTE {"k":2560,"m":640,"rows":5,"assignments":50,"map_bytes":1400,"map_reused":false}
M5_GROUP_ROUTE {"k":640,"m":2560,"rows":5,"assignments":50,"map_bytes":1400,"map_reused":false}
M5_GROUP_CASE {"cpu_nmse":4.106158355441135e-14,"distinct_experts":[1],"elements":192000,"input_ids_preserved":true,"layout":"plain","max_absolute_error":2.6050182988512915e-07,"route":"duplicate","route_index":0,"rows":5,"samples":1,"triplets_per_graph":1,"wall_us_per_triplet":1052.458}
M5_GROUP_ROUTE {"k":2560,"m":640,"rows":5,"assignments":50,"map_bytes":1400,"map_reused":false}
M5_GROUP_ROUTE {"k":2560,"m":640,"rows":5,"assignments":50,"map_bytes":1400,"map_reused":false}
M5_GROUP_ROUTE {"k":640,"m":2560,"rows":5,"assignments":50,"map_bytes":1400,"map_reused":false}
M5_GROUP_ROUTE {"k":2560,"m":640,"rows":5,"assignments":50,"map_bytes":1400,"map_reused":false}
M5_GROUP_ROUTE {"k":2560,"m":640,"rows":5,"assignments":50,"map_bytes":1400,"map_reused":false}
M5_GROUP_ROUTE {"k":640,"m":2560,"rows":5,"assignments":50,"map_bytes":1400,"map_reused":false}
M5_GROUP_ROUTE {"k":2560,"m":640,"rows":5,"assignments":50,"map_bytes":1400,"map_reused":false}
M5_GROUP_ROUTE {"k":2560,"m":640,"rows":5,"assignments":50,"map_bytes":1400,"map_reused":false}
M5_GROUP_ROUTE {"k":640,"m":2560,"rows":5,"assignments":50,"map_bytes":1400,"map_reused":false}
M5_GROUP_ROUTE {"k":2560,"m":640,"rows":5,"assignments":50,"map_bytes":1400,"map_reused":false}
M5_GROUP_ROUTE {"k":2560,"m":640,"rows":5,"assignments":50,"map_bytes":1400,"map_reused":false}
M5_GROUP_ROUTE {"k":640,"m":2560,"rows":5,"assignments":50,"map_bytes":1400,"map_reused":false}
M5_GROUP_ROUTE {"k":2560,"m":640,"rows":5,"assignments":50,"map_bytes":1400,"map_reused":false}
M5_GROUP_ROUTE {"k":2560,"m":640,"rows":5,"assignments":50,"map_bytes":1400,"map_reused":false}
M5_GROUP_ROUTE {"k":640,"m":2560,"rows":5,"assignments":50,"map_bytes":1400,"map_reused":false}
M5_GROUP_CASE {"cpu_nmse":3.7066228993183715e-14,"distinct_experts":[30],"elements":192000,"input_ids_preserved":true,"layout":"plain","max_absolute_error":2.9025725822862114e-07,"route":"mixed","route_index":0,"rows":5,"samples":1,"triplets_per_graph":1,"wall_us_per_triplet":1133.166}
M5_GROUP_ROUTE {"k":2560,"m":640,"rows":5,"assignments":50,"map_bytes":1400,"map_reused":false}
M5_GROUP_ROUTE {"k":2560,"m":640,"rows":5,"assignments":50,"map_bytes":1400,"map_reused":false}
M5_GROUP_ROUTE {"k":640,"m":2560,"rows":5,"assignments":50,"map_bytes":1400,"map_reused":false}
M5_GROUP_ROUTE {"k":2560,"m":640,"rows":5,"assignments":50,"map_bytes":1400,"map_reused":false}
M5_GROUP_ROUTE {"k":2560,"m":640,"rows":5,"assignments":50,"map_bytes":1400,"map_reused":false}
M5_GROUP_ROUTE {"k":640,"m":2560,"rows":5,"assignments":50,"map_bytes":1400,"map_reused":false}
M5_GROUP_ROUTE {"k":2560,"m":640,"rows":5,"assignments":50,"map_bytes":1400,"map_reused":false}
M5_GROUP_ROUTE {"k":2560,"m":640,"rows":5,"assignments":50,"map_bytes":1400,"map_reused":false}
M5_GROUP_ROUTE {"k":640,"m":2560,"rows":5,"assignments":50,"map_bytes":1400,"map_reused":false}
M5_GROUP_ROUTE {"k":2560,"m":640,"rows":5,"assignments":50,"map_bytes":1400,"map_reused":false}
M5_GROUP_ROUTE {"k":2560,"m":640,"rows":5,"assignments":50,"map_bytes":1400,"map_reused":false}
M5_GROUP_ROUTE {"k":640,"m":2560,"rows":5,"assignments":50,"map_bytes":1400,"map_reused":false}
M5_GROUP_ROUTE {"k":2560,"m":640,"rows":5,"assignments":50,"map_bytes":1400,"map_reused":false}
M5_GROUP_ROUTE {"k":2560,"m":640,"rows":5,"assignments":50,"map_bytes":1400,"map_reused":false}
M5_GROUP_ROUTE {"k":640,"m":2560,"rows":5,"assignments":50,"map_bytes":1400,"map_reused":false}
M5_GROUP_CASE {"cpu_nmse":3.7066228993183715e-14,"distinct_experts":[30],"elements":192000,"input_ids_preserved":true,"layout":"input-strided","max_absolute_error":2.9025725822862114e-07,"route":"mixed","route_index":0,"rows":5,"samples":1,"triplets_per_graph":1,"wall_us_per_triplet":2143.833}
M5_GROUP_ROUTE {"k":2560,"m":640,"rows":5,"assignments":50,"map_bytes":1400,"map_reused":false}
M5_GROUP_ROUTE {"k":2560,"m":640,"rows":5,"assignments":50,"map_bytes":1400,"map_reused":false}
M5_GROUP_ROUTE {"k":640,"m":2560,"rows":5,"assignments":50,"map_bytes":1400,"map_reused":false}
M5_GROUP_ROUTE {"k":2560,"m":640,"rows":5,"assignments":50,"map_bytes":1400,"map_reused":false}
M5_GROUP_ROUTE {"k":2560,"m":640,"rows":5,"assignments":50,"map_bytes":1400,"map_reused":false}
M5_GROUP_ROUTE {"k":640,"m":2560,"rows":5,"assignments":50,"map_bytes":1400,"map_reused":false}
M5_GROUP_ROUTE {"k":2560,"m":640,"rows":5,"assignments":50,"map_bytes":1400,"map_reused":false}
M5_GROUP_ROUTE {"k":2560,"m":640,"rows":5,"assignments":50,"map_bytes":1400,"map_reused":false}
M5_GROUP_ROUTE {"k":640,"m":2560,"rows":5,"assignments":50,"map_bytes":1400,"map_reused":false}
M5_GROUP_ROUTE {"k":2560,"m":640,"rows":5,"assignments":50,"map_bytes":1400,"map_reused":false}
M5_GROUP_ROUTE {"k":2560,"m":640,"rows":5,"assignments":50,"map_bytes":1400,"map_reused":false}
M5_GROUP_ROUTE {"k":640,"m":2560,"rows":5,"assignments":50,"map_bytes":1400,"map_reused":false}
M5_GROUP_ROUTE {"k":2560,"m":640,"rows":5,"assignments":50,"map_bytes":1400,"map_reused":false}
M5_GROUP_ROUTE {"k":2560,"m":640,"rows":5,"assignments":50,"map_bytes":1400,"map_reused":false}
M5_GROUP_ROUTE {"k":640,"m":2560,"rows":5,"assignments":50,"map_bytes":1400,"map_reused":false}
M5_GROUP_CASE {"cpu_nmse":3.7066228993183715e-14,"distinct_experts":[30],"elements":192000,"input_ids_preserved":true,"layout":"ids-contiguous","max_absolute_error":2.9025725822862114e-07,"route":"mixed","route_index":0,"rows":5,"samples":1,"triplets_per_graph":1,"wall_us_per_triplet":1929.25}
M5_GROUP_ROUTE {"k":2560,"m":640,"rows":5,"assignments":50,"map_bytes":1400,"map_reused":false}
M5_GROUP_ROUTE {"k":2560,"m":640,"rows":5,"assignments":50,"map_bytes":1400,"map_reused":false}
M5_GROUP_ROUTE {"k":640,"m":2560,"rows":5,"assignments":50,"map_bytes":1400,"map_reused":false}
M5_GROUP_ROUTE {"k":2560,"m":640,"rows":5,"assignments":50,"map_bytes":1400,"map_reused":false}
M5_GROUP_ROUTE {"k":2560,"m":640,"rows":5,"assignments":50,"map_bytes":1400,"map_reused":false}
M5_GROUP_ROUTE {"k":640,"m":2560,"rows":5,"assignments":50,"map_bytes":1400,"map_reused":false}
M5_GROUP_ROUTE {"k":2560,"m":640,"rows":5,"assignments":50,"map_bytes":1400,"map_reused":false}
M5_GROUP_ROUTE {"k":2560,"m":640,"rows":5,"assignments":50,"map_bytes":1400,"map_reused":false}
M5_GROUP_ROUTE {"k":640,"m":2560,"rows":5,"assignments":50,"map_bytes":1400,"map_reused":false}
M5_GROUP_ROUTE {"k":2560,"m":640,"rows":5,"assignments":50,"map_bytes":1400,"map_reused":false}
M5_GROUP_ROUTE {"k":2560,"m":640,"rows":5,"assignments":50,"map_bytes":1400,"map_reused":false}
M5_GROUP_ROUTE {"k":640,"m":2560,"rows":5,"assignments":50,"map_bytes":1400,"map_reused":false}
M5_GROUP_ROUTE {"k":2560,"m":640,"rows":5,"assignments":50,"map_bytes":1400,"map_reused":false}
M5_GROUP_ROUTE {"k":2560,"m":640,"rows":5,"assignments":50,"map_bytes":1400,"map_reused":false}
M5_GROUP_ROUTE {"k":640,"m":2560,"rows":5,"assignments":50,"map_bytes":1400,"map_reused":false}
M5_GROUP_CASE {"cpu_nmse":3.7066228993183715e-14,"distinct_experts":[30],"elements":192000,"input_ids_preserved":true,"layout":"ids-offset","max_absolute_error":2.9025725822862114e-07,"route":"mixed","route_index":0,"rows":5,"samples":1,"triplets_per_graph":1,"wall_us_per_triplet":1067.708}
M5_GROUP_CASE {"cpu_nmse":3.340700862110528e-14,"distinct_experts":[30],"elements":192000,"input_ids_preserved":true,"layout":"weights-strided","max_absolute_error":2.9574419180278255e-07,"route":"mixed","route_index":0,"rows":5,"samples":1,"triplets_per_graph":1,"wall_us_per_triplet":1357.875}
M5_GROUP_ROUTE {"k":2560,"m":640,"rows":5,"assignments":50,"map_bytes":1400,"map_reused":false}
M5_GROUP_ROUTE {"k":2560,"m":640,"rows":5,"assignments":50,"map_bytes":1400,"map_reused":false}
M5_GROUP_ROUTE {"k":640,"m":2560,"rows":5,"assignments":50,"map_bytes":1400,"map_reused":false}
M5_GROUP_ROUTE {"k":2560,"m":640,"rows":5,"assignments":50,"map_bytes":1400,"map_reused":false}
M5_GROUP_ROUTE {"k":2560,"m":640,"rows":5,"assignments":50,"map_bytes":1400,"map_reused":false}
M5_GROUP_ROUTE {"k":640,"m":2560,"rows":5,"assignments":50,"map_bytes":1400,"map_reused":false}
M5_GROUP_ROUTE {"k":2560,"m":640,"rows":5,"assignments":50,"map_bytes":1400,"map_reused":false}
M5_GROUP_ROUTE {"k":2560,"m":640,"rows":5,"assignments":50,"map_bytes":1400,"map_reused":false}
M5_GROUP_ROUTE {"k":640,"m":2560,"rows":5,"assignments":50,"map_bytes":1400,"map_reused":false}
M5_GROUP_ROUTE {"k":2560,"m":640,"rows":5,"assignments":50,"map_bytes":1400,"map_reused":false}
M5_GROUP_ROUTE {"k":2560,"m":640,"rows":5,"assignments":50,"map_bytes":1400,"map_reused":false}
M5_GROUP_ROUTE {"k":640,"m":2560,"rows":5,"assignments":50,"map_bytes":1400,"map_reused":false}
M5_GROUP_ROUTE {"k":2560,"m":640,"rows":5,"assignments":50,"map_bytes":1400,"map_reused":false}
M5_GROUP_ROUTE {"k":2560,"m":640,"rows":5,"assignments":50,"map_bytes":1400,"map_reused":false}
M5_GROUP_ROUTE {"k":640,"m":2560,"rows":5,"assignments":50,"map_bytes":1400,"map_reused":false}
M5_GROUP_CASE {"cpu_nmse":2.6324816495319186e-14,"distinct_experts":[30],"elements":192000,"input_ids_preserved":true,"layout":"cancel","max_absolute_error":3.878449206240475e-07,"route":"mixed","route_index":0,"rows":5,"samples":1,"triplets_per_graph":1,"wall_us_per_triplet":1045.333}
M5_GROUP_ROUTE {"k":2560,"m":640,"rows":5,"assignments":50,"map_bytes":1400,"map_reused":false}
M5_GROUP_ROUTE {"k":2560,"m":640,"rows":5,"assignments":50,"map_bytes":1400,"map_reused":false}
M5_GROUP_ROUTE {"k":640,"m":2560,"rows":5,"assignments":50,"map_bytes":1400,"map_reused":false}
M5_GROUP_ROUTE {"k":2560,"m":640,"rows":5,"assignments":50,"map_bytes":1400,"map_reused":false}
M5_GROUP_ROUTE {"k":2560,"m":640,"rows":5,"assignments":50,"map_bytes":1400,"map_reused":false}
M5_GROUP_ROUTE {"k":640,"m":2560,"rows":5,"assignments":50,"map_bytes":1400,"map_reused":false}
M5_GROUP_ROUTE {"k":2560,"m":640,"rows":5,"assignments":50,"map_bytes":1400,"map_reused":false}
M5_GROUP_ROUTE {"k":2560,"m":640,"rows":5,"assignments":50,"map_bytes":1400,"map_reused":false}
M5_GROUP_ROUTE {"k":640,"m":2560,"rows":5,"assignments":50,"map_bytes":1400,"map_reused":false}
M5_GROUP_ROUTE {"k":2560,"m":640,"rows":5,"assignments":50,"map_bytes":1400,"map_reused":false}
M5_GROUP_ROUTE {"k":2560,"m":640,"rows":5,"assignments":50,"map_bytes":1400,"map_reused":false}
M5_GROUP_ROUTE {"k":640,"m":2560,"rows":5,"assignments":50,"map_bytes":1400,"map_reused":false}
M5_GROUP_ROUTE {"k":2560,"m":640,"rows":5,"assignments":50,"map_bytes":1400,"map_reused":false}
M5_GROUP_ROUTE {"k":2560,"m":640,"rows":5,"assignments":50,"map_bytes":1400,"map_reused":false}
M5_GROUP_ROUTE {"k":640,"m":2560,"rows":5,"assignments":50,"map_bytes":1400,"map_reused":false}
M5_GROUP_CASE {"cpu_nmse":2.0209673083538652e-14,"distinct_experts":[30],"elements":192000,"input_ids_preserved":true,"layout":"wide","max_absolute_error":2.8000824443097372e-05,"route":"mixed","route_index":0,"rows":5,"samples":1,"triplets_per_graph":1,"wall_us_per_triplet":1285.167}
M5_GROUP_ROUTE {"k":2560,"m":640,"rows":4,"assignments":40,"map_bytes":1120,"map_reused":false}
M5_GROUP_ROUTE {"k":2560,"m":640,"rows":4,"assignments":40,"map_bytes":1120,"map_reused":false}
M5_GROUP_ROUTE {"k":640,"m":2560,"rows":4,"assignments":40,"map_bytes":1120,"map_reused":false}
ggml_metal_library_compile_pipeline: compiling pipeline: base = 'kernel_bin_fuse_f32_f32_f32', name = 'kernel_bin_fuse_f32_f32_f32_op=2_nf=1_rb=0_cb=1'
ggml_metal_library_compile_pipeline: loaded kernel_bin_fuse_f32_f32_f32_op=2_nf=1_rb=0_cb=1     0x7b64dfd180 | th_max = 1024 | th_width =   32
ggml_metal_library_compile_pipeline: compiling pipeline: base = 'kernel_bin_fuse_f32_f32_f32_4', name = 'kernel_bin_fuse_f32_f32_f32_4_op=0_nf=7_rb=0_cb=0'
ggml_metal_library_compile_pipeline: loaded kernel_bin_fuse_f32_f32_f32_4_op=0_nf=7_rb=0_cb=0     0x7b64dfd500 | th_max = 1024 | th_width =   32
ggml_metal_library_compile_pipeline: compiling pipeline: base = 'kernel_bin_fuse_f32_f32_f32_4', name = 'kernel_bin_fuse_f32_f32_f32_4_op=0_nf=2_rb=0_cb=0'
ggml_metal_library_compile_pipeline: loaded kernel_bin_fuse_f32_f32_f32_4_op=0_nf=2_rb=0_cb=0     0x7b64dfd880 | th_max = 1024 | th_width =   32
ggml_metal_library_compile_pipeline: compiling pipeline: base = 'kernel_bin_fuse_f32_f32_f32_4', name = 'kernel_bin_fuse_f32_f32_f32_4_op=0_nf=1_rb=0_cb=0'
ggml_metal_library_compile_pipeline: loaded kernel_bin_fuse_f32_f32_f32_4_op=0_nf=1_rb=0_cb=0     0x7b64dfdc00 | th_max = 1024 | th_width =   32
M5_GROUP_ROUTE {"k":2560,"m":640,"rows":4,"assignments":40,"map_bytes":1120,"map_reused":false}
M5_GROUP_ROUTE {"k":2560,"m":640,"rows":4,"assignments":40,"map_bytes":1120,"map_reused":false}
M5_GROUP_ROUTE {"k":640,"m":2560,"rows":4,"assignments":40,"map_bytes":1120,"map_reused":false}
M5_GROUP_ROUTE {"k":2560,"m":640,"rows":4,"assignments":40,"map_bytes":1120,"map_reused":false}
M5_GROUP_ROUTE {"k":2560,"m":640,"rows":4,"assignments":40,"map_bytes":1120,"map_reused":false}
M5_GROUP_ROUTE {"k":640,"m":2560,"rows":4,"assignments":40,"map_bytes":1120,"map_reused":false}
M5_GROUP_ROUTE {"k":2560,"m":640,"rows":4,"assignments":40,"map_bytes":1120,"map_reused":false}
M5_GROUP_ROUTE {"k":2560,"m":640,"rows":4,"assignments":40,"map_bytes":1120,"map_reused":false}
M5_GROUP_ROUTE {"k":640,"m":2560,"rows":4,"assignments":40,"map_bytes":1120,"map_reused":false}
M5_GROUP_ROUTE {"k":2560,"m":640,"rows":4,"assignments":40,"map_bytes":1120,"map_reused":false}
M5_GROUP_ROUTE {"k":2560,"m":640,"rows":4,"assignments":40,"map_bytes":1120,"map_reused":false}
M5_GROUP_ROUTE {"k":640,"m":2560,"rows":4,"assignments":40,"map_bytes":1120,"map_reused":false}
M5_GROUP_ROUTE {"k":2560,"m":640,"rows":4,"assignments":40,"map_bytes":1120,"map_reused":false}
M5_GROUP_ROUTE {"k":2560,"m":640,"rows":4,"assignments":40,"map_bytes":1120,"map_reused":false}
M5_GROUP_ROUTE {"k":640,"m":2560,"rows":4,"assignments":40,"map_bytes":1120,"map_reused":false}
M5_GROUP_ROUTE {"k":2560,"m":640,"rows":4,"assignments":40,"map_bytes":1120,"map_reused":false}
M5_GROUP_ROUTE {"k":2560,"m":640,"rows":4,"assignments":40,"map_bytes":1120,"map_reused":false}
M5_GROUP_ROUTE {"k":640,"m":2560,"rows":4,"assignments":40,"map_bytes":1120,"map_reused":false}
M5_GROUP_ROUTE {"k":2560,"m":640,"rows":4,"assignments":40,"map_bytes":1120,"map_reused":false}
M5_GROUP_ROUTE {"k":2560,"m":640,"rows":4,"assignments":40,"map_bytes":1120,"map_reused":false}
M5_GROUP_ROUTE {"k":640,"m":2560,"rows":4,"assignments":40,"map_bytes":1120,"map_reused":false}
M5_GROUP_ROUTE {"k":2560,"m":640,"rows":4,"assignments":40,"map_bytes":1120,"map_reused":false}
M5_GROUP_ROUTE {"k":2560,"m":640,"rows":4,"assignments":40,"map_bytes":1120,"map_reused":false}
M5_GROUP_ROUTE {"k":640,"m":2560,"rows":4,"assignments":40,"map_bytes":1120,"map_reused":false}
M5_GROUP_ROUTE {"k":2560,"m":640,"rows":4,"assignments":40,"map_bytes":1120,"map_reused":false}
M5_GROUP_ROUTE {"k":2560,"m":640,"rows":4,"assignments":40,"map_bytes":1120,"map_reused":false}
M5_GROUP_ROUTE {"k":640,"m":2560,"rows":4,"assignments":40,"map_bytes":1120,"map_reused":false}
M5_GROUP_ROUTE {"k":2560,"m":640,"rows":4,"assignments":40,"map_bytes":1120,"map_reused":false}
M5_GROUP_ROUTE {"k":2560,"m":640,"rows":4,"assignments":40,"map_bytes":1120,"map_reused":false}
M5_GROUP_ROUTE {"k":640,"m":2560,"rows":4,"assignments":40,"map_bytes":1120,"map_reused":false}
M5_GROUP_ROUTE {"k":2560,"m":640,"rows":4,"assignments":40,"map_bytes":1120,"map_reused":false}
M5_GROUP_ROUTE {"k":2560,"m":640,"rows":4,"assignments":40,"map_bytes":1120,"map_reused":false}
M5_GROUP_ROUTE {"k":640,"m":2560,"rows":4,"assignments":40,"map_bytes":1120,"map_reused":false}
M5_GROUP_ROUTE {"k":2560,"m":640,"rows":4,"assignments":40,"map_bytes":1120,"map_reused":false}
M5_GROUP_ROUTE {"k":2560,"m":640,"rows":4,"assignments":40,"map_bytes":1120,"map_reused":false}
M5_GROUP_ROUTE {"k":640,"m":2560,"rows":4,"assignments":40,"map_bytes":1120,"map_reused":false}
M5_GROUP_ROUTE {"k":2560,"m":640,"rows":4,"assignments":40,"map_bytes":1120,"map_reused":false}
M5_GROUP_ROUTE {"k":2560,"m":640,"rows":4,"assignments":40,"map_bytes":1120,"map_reused":false}
M5_GROUP_ROUTE {"k":640,"m":2560,"rows":4,"assignments":40,"map_bytes":1120,"map_reused":false}
M5_GROUP_ROUTE {"k":2560,"m":640,"rows":4,"assignments":40,"map_bytes":1120,"map_reused":false}
M5_GROUP_ROUTE {"k":2560,"m":640,"rows":4,"assignments":40,"map_bytes":1120,"map_reused":false}
M5_GROUP_ROUTE {"k":640,"m":2560,"rows":4,"assignments":40,"map_bytes":1120,"map_reused":false}
M5_GROUP_ROUTE {"k":2560,"m":640,"rows":4,"assignments":40,"map_bytes":1120,"map_reused":false}
M5_GROUP_ROUTE {"k":2560,"m":640,"rows":4,"assignments":40,"map_bytes":1120,"map_reused":false}
M5_GROUP_ROUTE {"k":640,"m":2560,"rows":4,"assignments":40,"map_bytes":1120,"map_reused":false}
M5_GROUP_ROUTE {"k":2560,"m":640,"rows":4,"assignments":40,"map_bytes":1120,"map_reused":false}
M5_GROUP_ROUTE {"k":2560,"m":640,"rows":4,"assignments":40,"map_bytes":1120,"map_reused":false}
M5_GROUP_ROUTE {"k":640,"m":2560,"rows":4,"assignments":40,"map_bytes":1120,"map_reused":false}
M5_GROUP_ROUTE {"k":2560,"m":640,"rows":4,"assignments":40,"map_bytes":1120,"map_reused":false}
M5_GROUP_ROUTE {"k":2560,"m":640,"rows":4,"assignments":40,"map_bytes":1120,"map_reused":false}
M5_GROUP_ROUTE {"k":640,"m":2560,"rows":4,"assignments":40,"map_bytes":1120,"map_reused":false}
M5_GROUP_ROUTE {"k":2560,"m":640,"rows":4,"assignments":40,"map_bytes":1120,"map_reused":false}
M5_GROUP_ROUTE {"k":2560,"m":640,"rows":4,"assignments":40,"map_bytes":1120,"map_reused":false}
M5_GROUP_ROUTE {"k":640,"m":2560,"rows":4,"assignments":40,"map_bytes":1120,"map_reused":false}
M5_GROUP_ROUTE {"k":2560,"m":640,"rows":4,"assignments":40,"map_bytes":1120,"map_reused":false}
M5_GROUP_ROUTE {"k":2560,"m":640,"rows":4,"assignments":40,"map_bytes":1120,"map_reused":false}
M5_GROUP_ROUTE {"k":640,"m":2560,"rows":4,"assignments":40,"map_bytes":1120,"map_reused":false}
M5_GROUP_ROUTE {"k":2560,"m":640,"rows":4,"assignments":40,"map_bytes":1120,"map_reused":false}
M5_GROUP_ROUTE {"k":2560,"m":640,"rows":4,"assignments":40,"map_bytes":1120,"map_reused":false}
M5_GROUP_ROUTE {"k":640,"m":2560,"rows":4,"assignments":40,"map_bytes":1120,"map_reused":false}
M5_GROUP_ROUTE {"k":2560,"m":640,"rows":4,"assignments":40,"map_bytes":1120,"map_reused":false}
M5_GROUP_ROUTE {"k":2560,"m":640,"rows":4,"assignments":40,"map_bytes":1120,"map_reused":false}
M5_GROUP_ROUTE {"k":640,"m":2560,"rows":4,"assignments":40,"map_bytes":1120,"map_reused":false}
M5_GROUP_ROUTE {"k":2560,"m":640,"rows":4,"assignments":40,"map_bytes":1120,"map_reused":false}
M5_GROUP_ROUTE {"k":2560,"m":640,"rows":4,"assignments":40,"map_bytes":1120,"map_reused":false}
M5_GROUP_ROUTE {"k":640,"m":2560,"rows":4,"assignments":40,"map_bytes":1120,"map_reused":false}
M5_GROUP_ROUTE {"k":2560,"m":640,"rows":4,"assignments":40,"map_bytes":1120,"map_reused":false}
M5_GROUP_ROUTE {"k":2560,"m":640,"rows":4,"assignments":40,"map_bytes":1120,"map_reused":false}
M5_GROUP_ROUTE {"k":640,"m":2560,"rows":4,"assignments":40,"map_bytes":1120,"map_reused":false}
M5_GROUP_ROUTE {"k":2560,"m":640,"rows":4,"assignments":40,"map_bytes":1120,"map_reused":false}
M5_GROUP_ROUTE {"k":2560,"m":640,"rows":4,"assignments":40,"map_bytes":1120,"map_reused":false}
M5_GROUP_ROUTE {"k":640,"m":2560,"rows":4,"assignments":40,"map_bytes":1120,"map_reused":false}
M5_GROUP_ROUTE {"k":2560,"m":640,"rows":4,"assignments":40,"map_bytes":1120,"map_reused":false}
M5_GROUP_ROUTE {"k":2560,"m":640,"rows":4,"assignments":40,"map_bytes":1120,"map_reused":false}
M5_GROUP_ROUTE {"k":640,"m":2560,"rows":4,"assignments":40,"map_bytes":1120,"map_reused":false}
M5_GROUP_ROUTE {"k":2560,"m":640,"rows":4,"assignments":40,"map_bytes":1120,"map_reused":false}
M5_GROUP_ROUTE {"k":2560,"m":640,"rows":4,"assignments":40,"map_bytes":1120,"map_reused":false}
M5_GROUP_ROUTE {"k":640,"m":2560,"rows":4,"assignments":40,"map_bytes":1120,"map_reused":false}
M5_GROUP_ROUTE {"k":2560,"m":640,"rows":4,"assignments":40,"map_bytes":1120,"map_reused":false}
M5_GROUP_ROUTE {"k":2560,"m":640,"rows":4,"assignments":40,"map_bytes":1120,"map_reused":false}
M5_GROUP_ROUTE {"k":640,"m":2560,"rows":4,"assignments":40,"map_bytes":1120,"map_reused":false}
M5_GROUP_ROUTE {"k":2560,"m":640,"rows":4,"assignments":40,"map_bytes":1120,"map_reused":false}
M5_GROUP_ROUTE {"k":2560,"m":640,"rows":4,"assignments":40,"map_bytes":1120,"map_reused":false}
M5_GROUP_ROUTE {"k":640,"m":2560,"rows":4,"assignments":40,"map_bytes":1120,"map_reused":false}
M5_GROUP_ROUTE {"k":2560,"m":640,"rows":4,"assignments":40,"map_bytes":1120,"map_reused":false}
M5_GROUP_ROUTE {"k":2560,"m":640,"rows":4,"assignments":40,"map_bytes":1120,"map_reused":false}
M5_GROUP_ROUTE {"k":640,"m":2560,"rows":4,"assignments":40,"map_bytes":1120,"map_reused":false}
M5_GROUP_ROUTE {"k":2560,"m":640,"rows":4,"assignments":40,"map_bytes":1120,"map_reused":false}
M5_GROUP_ROUTE {"k":2560,"m":640,"rows":4,"assignments":40,"map_bytes":1120,"map_reused":false}
M5_GROUP_ROUTE {"k":640,"m":2560,"rows":4,"assignments":40,"map_bytes":1120,"map_reused":false}
M5_GROUP_ROUTE {"k":2560,"m":640,"rows":4,"assignments":40,"map_bytes":1120,"map_reused":false}
M5_GROUP_ROUTE {"k":2560,"m":640,"rows":4,"assignments":40,"map_bytes":1120,"map_reused":false}
M5_GROUP_ROUTE {"k":640,"m":2560,"rows":4,"assignments":40,"map_bytes":1120,"map_reused":false}
M5_GROUP_ROUTE {"k":2560,"m":640,"rows":4,"assignments":40,"map_bytes":1120,"map_reused":false}
M5_GROUP_ROUTE {"k":2560,"m":640,"rows":4,"assignments":40,"map_bytes":1120,"map_reused":false}
M5_GROUP_ROUTE {"k":640,"m":2560,"rows":4,"assignments":40,"map_bytes":1120,"map_reused":false}
M5_GROUP_ROUTE {"k":2560,"m":640,"rows":4,"assignments":40,"map_bytes":1120,"map_reused":false}
M5_GROUP_ROUTE {"k":2560,"m":640,"rows":4,"assignments":40,"map_bytes":1120,"map_reused":false}
M5_GROUP_ROUTE {"k":640,"m":2560,"rows":4,"assignments":40,"map_bytes":1120,"map_reused":false}
M5_GROUP_ROUTE {"k":2560,"m":640,"rows":4,"assignments":40,"map_bytes":1120,"map_reused":false}
M5_GROUP_ROUTE {"k":2560,"m":640,"rows":4,"assignments":40,"map_bytes":1120,"map_reused":false}
M5_GROUP_ROUTE {"k":640,"m":2560,"rows":4,"assignments":40,"map_bytes":1120,"map_reused":false}
M5_GROUP_ROUTE {"k":2560,"m":640,"rows":4,"assignments":40,"map_bytes":1120,"map_reused":false}
M5_GROUP_ROUTE {"k":2560,"m":640,"rows":4,"assignments":40,"map_bytes":1120,"map_reused":false}
M5_GROUP_ROUTE {"k":640,"m":2560,"rows":4,"assignments":40,"map_bytes":1120,"map_reused":false}
M5_GROUP_ROUTE {"k":2560,"m":640,"rows":4,"assignments":40,"map_bytes":1120,"map_reused":false}
M5_GROUP_ROUTE {"k":2560,"m":640,"rows":4,"assignments":40,"map_bytes":1120,"map_reused":false}
M5_GROUP_ROUTE {"k":640,"m":2560,"rows":4,"assignments":40,"map_bytes":1120,"map_reused":false}
M5_GROUP_ROUTE {"k":2560,"m":640,"rows":4,"assignments":40,"map_bytes":1120,"map_reused":false}
M5_GROUP_ROUTE {"k":2560,"m":640,"rows":4,"assignments":40,"map_bytes":1120,"map_reused":false}
M5_GROUP_ROUTE {"k":640,"m":2560,"rows":4,"assignments":40,"map_bytes":1120,"map_reused":false}
M5_GROUP_ROUTE {"k":2560,"m":640,"rows":4,"assignments":40,"map_bytes":1120,"map_reused":false}
M5_GROUP_ROUTE {"k":2560,"m":640,"rows":4,"assignments":40,"map_bytes":1120,"map_reused":false}
M5_GROUP_ROUTE {"k":640,"m":2560,"rows":4,"assignments":40,"map_bytes":1120,"map_reused":false}
M5_GROUP_ROUTE {"k":2560,"m":640,"rows":4,"assignments":40,"map_bytes":1120,"map_reused":false}
M5_GROUP_ROUTE {"k":2560,"m":640,"rows":4,"assignments":40,"map_bytes":1120,"map_reused":false}
M5_GROUP_ROUTE {"k":640,"m":2560,"rows":4,"assignments":40,"map_bytes":1120,"map_reused":false}
M5_GROUP_CASE {"cpu_nmse":2.957191673324815e-14,"distinct_experts":[14,22,24,26,28,30,33,40],"elements":1228800,"input_ids_preserved":true,"layout":"chain","max_absolute_error":3.292478432115331e-07,"route":"real","route_index":0,"rows":4,"samples":1,"triplets_per_graph":8,"wall_us_per_triplet":370.474}
M5_GROUP_ROUTE {"k":2560,"m":640,"rows":5,"assignments":50,"map_bytes":1400,"map_reused":false}
M5_GROUP_ROUTE {"k":2560,"m":640,"rows":5,"assignments":50,"map_bytes":1400,"map_reused":false}
M5_GROUP_ROUTE {"k":640,"m":2560,"rows":5,"assignments":50,"map_bytes":1400,"map_reused":false}
M5_GROUP_ROUTE {"k":2560,"m":640,"rows":5,"assignments":50,"map_bytes":1400,"map_reused":false}
M5_GROUP_ROUTE {"k":2560,"m":640,"rows":5,"assignments":50,"map_bytes":1400,"map_reused":false}
M5_GROUP_ROUTE {"k":640,"m":2560,"rows":5,"assignments":50,"map_bytes":1400,"map_reused":false}
M5_GROUP_ROUTE {"k":2560,"m":640,"rows":5,"assignments":50,"map_bytes":1400,"map_reused":false}
M5_GROUP_ROUTE {"k":2560,"m":640,"rows":5,"assignments":50,"map_bytes":1400,"map_reused":false}
M5_GROUP_ROUTE {"k":640,"m":2560,"rows":5,"assignments":50,"map_bytes":1400,"map_reused":false}
M5_GROUP_ROUTE {"k":2560,"m":640,"rows":5,"assignments":50,"map_bytes":1400,"map_reused":false}
M5_GROUP_ROUTE {"k":2560,"m":640,"rows":5,"assignments":50,"map_bytes":1400,"map_reused":false}
M5_GROUP_ROUTE {"k":640,"m":2560,"rows":5,"assignments":50,"map_bytes":1400,"map_reused":false}
M5_GROUP_ROUTE {"k":2560,"m":640,"rows":5,"assignments":50,"map_bytes":1400,"map_reused":false}
M5_GROUP_ROUTE {"k":2560,"m":640,"rows":5,"assignments":50,"map_bytes":1400,"map_reused":false}
M5_GROUP_ROUTE {"k":640,"m":2560,"rows":5,"assignments":50,"map_bytes":1400,"map_reused":false}
M5_GROUP_ROUTE {"k":2560,"m":640,"rows":5,"assignments":50,"map_bytes":1400,"map_reused":false}
M5_GROUP_ROUTE {"k":2560,"m":640,"rows":5,"assignments":50,"map_bytes":1400,"map_reused":false}
M5_GROUP_ROUTE {"k":640,"m":2560,"rows":5,"assignments":50,"map_bytes":1400,"map_reused":false}
M5_GROUP_ROUTE {"k":2560,"m":640,"rows":5,"assignments":50,"map_bytes":1400,"map_reused":false}
M5_GROUP_ROUTE {"k":2560,"m":640,"rows":5,"assignments":50,"map_bytes":1400,"map_reused":false}
M5_GROUP_ROUTE {"k":640,"m":2560,"rows":5,"assignments":50,"map_bytes":1400,"map_reused":false}
M5_GROUP_ROUTE {"k":2560,"m":640,"rows":5,"assignments":50,"map_bytes":1400,"map_reused":false}
M5_GROUP_ROUTE {"k":2560,"m":640,"rows":5,"assignments":50,"map_bytes":1400,"map_reused":false}
M5_GROUP_ROUTE {"k":640,"m":2560,"rows":5,"assignments":50,"map_bytes":1400,"map_reused":false}
M5_GROUP_ROUTE {"k":2560,"m":640,"rows":5,"assignments":50,"map_bytes":1400,"map_reused":false}
M5_GROUP_ROUTE {"k":2560,"m":640,"rows":5,"assignments":50,"map_bytes":1400,"map_reused":false}
M5_GROUP_ROUTE {"k":640,"m":2560,"rows":5,"assignments":50,"map_bytes":1400,"map_reused":false}
M5_GROUP_ROUTE {"k":2560,"m":640,"rows":5,"assignments":50,"map_bytes":1400,"map_reused":false}
M5_GROUP_ROUTE {"k":2560,"m":640,"rows":5,"assignments":50,"map_bytes":1400,"map_reused":false}
M5_GROUP_ROUTE {"k":640,"m":2560,"rows":5,"assignments":50,"map_bytes":1400,"map_reused":false}
M5_GROUP_ROUTE {"k":2560,"m":640,"rows":5,"assignments":50,"map_bytes":1400,"map_reused":false}
M5_GROUP_ROUTE {"k":2560,"m":640,"rows":5,"assignments":50,"map_bytes":1400,"map_reused":false}
M5_GROUP_ROUTE {"k":640,"m":2560,"rows":5,"assignments":50,"map_bytes":1400,"map_reused":false}
M5_GROUP_ROUTE {"k":2560,"m":640,"rows":5,"assignments":50,"map_bytes":1400,"map_reused":false}
M5_GROUP_ROUTE {"k":2560,"m":640,"rows":5,"assignments":50,"map_bytes":1400,"map_reused":false}
M5_GROUP_ROUTE {"k":640,"m":2560,"rows":5,"assignments":50,"map_bytes":1400,"map_reused":false}
M5_GROUP_ROUTE {"k":2560,"m":640,"rows":5,"assignments":50,"map_bytes":1400,"map_reused":false}
M5_GROUP_ROUTE {"k":2560,"m":640,"rows":5,"assignments":50,"map_bytes":1400,"map_reused":false}
M5_GROUP_ROUTE {"k":640,"m":2560,"rows":5,"assignments":50,"map_bytes":1400,"map_reused":false}
M5_GROUP_ROUTE {"k":2560,"m":640,"rows":5,"assignments":50,"map_bytes":1400,"map_reused":false}
M5_GROUP_ROUTE {"k":2560,"m":640,"rows":5,"assignments":50,"map_bytes":1400,"map_reused":false}
M5_GROUP_ROUTE {"k":640,"m":2560,"rows":5,"assignments":50,"map_bytes":1400,"map_reused":false}
M5_GROUP_ROUTE {"k":2560,"m":640,"rows":5,"assignments":50,"map_bytes":1400,"map_reused":false}
M5_GROUP_ROUTE {"k":2560,"m":640,"rows":5,"assignments":50,"map_bytes":1400,"map_reused":false}
M5_GROUP_ROUTE {"k":640,"m":2560,"rows":5,"assignments":50,"map_bytes":1400,"map_reused":false}
M5_GROUP_ROUTE {"k":2560,"m":640,"rows":5,"assignments":50,"map_bytes":1400,"map_reused":false}
M5_GROUP_ROUTE {"k":2560,"m":640,"rows":5,"assignments":50,"map_bytes":1400,"map_reused":false}
M5_GROUP_ROUTE {"k":640,"m":2560,"rows":5,"assignments":50,"map_bytes":1400,"map_reused":false}
M5_GROUP_ROUTE {"k":2560,"m":640,"rows":5,"assignments":50,"map_bytes":1400,"map_reused":false}
M5_GROUP_ROUTE {"k":2560,"m":640,"rows":5,"assignments":50,"map_bytes":1400,"map_reused":false}
M5_GROUP_ROUTE {"k":640,"m":2560,"rows":5,"assignments":50,"map_bytes":1400,"map_reused":false}
M5_GROUP_ROUTE {"k":2560,"m":640,"rows":5,"assignments":50,"map_bytes":1400,"map_reused":false}
M5_GROUP_ROUTE {"k":2560,"m":640,"rows":5,"assignments":50,"map_bytes":1400,"map_reused":false}
M5_GROUP_ROUTE {"k":640,"m":2560,"rows":5,"assignments":50,"map_bytes":1400,"map_reused":false}
M5_GROUP_ROUTE {"k":2560,"m":640,"rows":5,"assignments":50,"map_bytes":1400,"map_reused":false}
M5_GROUP_ROUTE {"k":2560,"m":640,"rows":5,"assignments":50,"map_bytes":1400,"map_reused":false}
M5_GROUP_ROUTE {"k":640,"m":2560,"rows":5,"assignments":50,"map_bytes":1400,"map_reused":false}
M5_GROUP_ROUTE {"k":2560,"m":640,"rows":5,"assignments":50,"map_bytes":1400,"map_reused":false}
M5_GROUP_ROUTE {"k":2560,"m":640,"rows":5,"assignments":50,"map_bytes":1400,"map_reused":false}
M5_GROUP_ROUTE {"k":640,"m":2560,"rows":5,"assignments":50,"map_bytes":1400,"map_reused":false}
M5_GROUP_ROUTE {"k":2560,"m":640,"rows":5,"assignments":50,"map_bytes":1400,"map_reused":false}
M5_GROUP_ROUTE {"k":2560,"m":640,"rows":5,"assignments":50,"map_bytes":1400,"map_reused":false}
M5_GROUP_ROUTE {"k":640,"m":2560,"rows":5,"assignments":50,"map_bytes":1400,"map_reused":false}
M5_GROUP_ROUTE {"k":2560,"m":640,"rows":5,"assignments":50,"map_bytes":1400,"map_reused":false}
M5_GROUP_ROUTE {"k":2560,"m":640,"rows":5,"assignments":50,"map_bytes":1400,"map_reused":false}
M5_GROUP_ROUTE {"k":640,"m":2560,"rows":5,"assignments":50,"map_bytes":1400,"map_reused":false}
M5_GROUP_ROUTE {"k":2560,"m":640,"rows":5,"assignments":50,"map_bytes":1400,"map_reused":false}
M5_GROUP_ROUTE {"k":2560,"m":640,"rows":5,"assignments":50,"map_bytes":1400,"map_reused":false}
M5_GROUP_ROUTE {"k":640,"m":2560,"rows":5,"assignments":50,"map_bytes":1400,"map_reused":false}
M5_GROUP_ROUTE {"k":2560,"m":640,"rows":5,"assignments":50,"map_bytes":1400,"map_reused":false}
M5_GROUP_ROUTE {"k":2560,"m":640,"rows":5,"assignments":50,"map_bytes":1400,"map_reused":false}
M5_GROUP_ROUTE {"k":640,"m":2560,"rows":5,"assignments":50,"map_bytes":1400,"map_reused":false}
M5_GROUP_ROUTE {"k":2560,"m":640,"rows":5,"assignments":50,"map_bytes":1400,"map_reused":false}
M5_GROUP_ROUTE {"k":2560,"m":640,"rows":5,"assignments":50,"map_bytes":1400,"map_reused":false}
M5_GROUP_ROUTE {"k":640,"m":2560,"rows":5,"assignments":50,"map_bytes":1400,"map_reused":false}
M5_GROUP_ROUTE {"k":2560,"m":640,"rows":5,"assignments":50,"map_bytes":1400,"map_reused":false}
M5_GROUP_ROUTE {"k":2560,"m":640,"rows":5,"assignments":50,"map_bytes":1400,"map_reused":false}
M5_GROUP_ROUTE {"k":640,"m":2560,"rows":5,"assignments":50,"map_bytes":1400,"map_reused":false}
M5_GROUP_ROUTE {"k":2560,"m":640,"rows":5,"assignments":50,"map_bytes":1400,"map_reused":false}
M5_GROUP_ROUTE {"k":2560,"m":640,"rows":5,"assignments":50,"map_bytes":1400,"map_reused":false}
M5_GROUP_ROUTE {"k":640,"m":2560,"rows":5,"assignments":50,"map_bytes":1400,"map_reused":false}
M5_GROUP_ROUTE {"k":2560,"m":640,"rows":5,"assignments":50,"map_bytes":1400,"map_reused":false}
M5_GROUP_ROUTE {"k":2560,"m":640,"rows":5,"assignments":50,"map_bytes":1400,"map_reused":false}
M5_GROUP_ROUTE {"k":640,"m":2560,"rows":5,"assignments":50,"map_bytes":1400,"map_reused":false}
M5_GROUP_ROUTE {"k":2560,"m":640,"rows":5,"assignments":50,"map_bytes":1400,"map_reused":false}
M5_GROUP_ROUTE {"k":2560,"m":640,"rows":5,"assignments":50,"map_bytes":1400,"map_reused":false}
M5_GROUP_ROUTE {"k":640,"m":2560,"rows":5,"assignments":50,"map_bytes":1400,"map_reused":false}
M5_GROUP_ROUTE {"k":2560,"m":640,"rows":5,"assignments":50,"map_bytes":1400,"map_reused":false}
M5_GROUP_ROUTE {"k":2560,"m":640,"rows":5,"assignments":50,"map_bytes":1400,"map_reused":false}
M5_GROUP_ROUTE {"k":640,"m":2560,"rows":5,"assignments":50,"map_bytes":1400,"map_reused":false}
M5_GROUP_ROUTE {"k":2560,"m":640,"rows":5,"assignments":50,"map_bytes":1400,"map_reused":false}
M5_GROUP_ROUTE {"k":2560,"m":640,"rows":5,"assignments":50,"map_bytes":1400,"map_reused":false}
M5_GROUP_ROUTE {"k":640,"m":2560,"rows":5,"assignments":50,"map_bytes":1400,"map_reused":false}
M5_GROUP_ROUTE {"k":2560,"m":640,"rows":5,"assignments":50,"map_bytes":1400,"map_reused":false}
M5_GROUP_ROUTE {"k":2560,"m":640,"rows":5,"assignments":50,"map_bytes":1400,"map_reused":false}
M5_GROUP_ROUTE {"k":640,"m":2560,"rows":5,"assignments":50,"map_bytes":1400,"map_reused":false}
M5_GROUP_ROUTE {"k":2560,"m":640,"rows":5,"assignments":50,"map_bytes":1400,"map_reused":false}
M5_GROUP_ROUTE {"k":2560,"m":640,"rows":5,"assignments":50,"map_bytes":1400,"map_reused":false}
M5_GROUP_ROUTE {"k":640,"m":2560,"rows":5,"assignments":50,"map_bytes":1400,"map_reused":false}
M5_GROUP_ROUTE {"k":2560,"m":640,"rows":5,"assignments":50,"map_bytes":1400,"map_reused":false}
M5_GROUP_ROUTE {"k":2560,"m":640,"rows":5,"assignments":50,"map_bytes":1400,"map_reused":false}
M5_GROUP_ROUTE {"k":640,"m":2560,"rows":5,"assignments":50,"map_bytes":1400,"map_reused":false}
M5_GROUP_ROUTE {"k":2560,"m":640,"rows":5,"assignments":50,"map_bytes":1400,"map_reused":false}
M5_GROUP_ROUTE {"k":2560,"m":640,"rows":5,"assignments":50,"map_bytes":1400,"map_reused":false}
M5_GROUP_ROUTE {"k":640,"m":2560,"rows":5,"assignments":50,"map_bytes":1400,"map_reused":false}
M5_GROUP_ROUTE {"k":2560,"m":640,"rows":5,"assignments":50,"map_bytes":1400,"map_reused":false}
M5_GROUP_ROUTE {"k":2560,"m":640,"rows":5,"assignments":50,"map_bytes":1400,"map_reused":false}
M5_GROUP_ROUTE {"k":640,"m":2560,"rows":5,"assignments":50,"map_bytes":1400,"map_reused":false}
M5_GROUP_ROUTE {"k":2560,"m":640,"rows":5,"assignments":50,"map_bytes":1400,"map_reused":false}
M5_GROUP_ROUTE {"k":2560,"m":640,"rows":5,"assignments":50,"map_bytes":1400,"map_reused":false}
M5_GROUP_ROUTE {"k":640,"m":2560,"rows":5,"assignments":50,"map_bytes":1400,"map_reused":false}
M5_GROUP_ROUTE {"k":2560,"m":640,"rows":5,"assignments":50,"map_bytes":1400,"map_reused":false}
M5_GROUP_ROUTE {"k":2560,"m":640,"rows":5,"assignments":50,"map_bytes":1400,"map_reused":false}
M5_GROUP_ROUTE {"k":640,"m":2560,"rows":5,"assignments":50,"map_bytes":1400,"map_reused":false}
M5_GROUP_ROUTE {"k":2560,"m":640,"rows":5,"assignments":50,"map_bytes":1400,"map_reused":false}
M5_GROUP_ROUTE {"k":2560,"m":640,"rows":5,"assignments":50,"map_bytes":1400,"map_reused":false}
M5_GROUP_ROUTE {"k":640,"m":2560,"rows":5,"assignments":50,"map_bytes":1400,"map_reused":false}
M5_GROUP_ROUTE {"k":2560,"m":640,"rows":5,"assignments":50,"map_bytes":1400,"map_reused":false}
M5_GROUP_ROUTE {"k":2560,"m":640,"rows":5,"assignments":50,"map_bytes":1400,"map_reused":false}
M5_GROUP_ROUTE {"k":640,"m":2560,"rows":5,"assignments":50,"map_bytes":1400,"map_reused":false}
M5_GROUP_CASE {"cpu_nmse":2.453947656213861e-14,"distinct_experts":[13,26,29,31,34,36,40,50],"elements":1536000,"input_ids_preserved":true,"layout":"chain","max_absolute_error":2.9968529791091214e-07,"route":"real","route_index":0,"rows":5,"samples":1,"triplets_per_graph":8,"wall_us_per_triplet":445.74475}
M5_GROUP_DONE {"allocated_weight_bytes":2124195840,"cases":42,"mode":"check","weights_preserved":true}
ggml_metal_free: deallocating
