math: PASS [(572, 572)]; peak RSS 288.6 MiB
fused-residual: PASS [(16, 16)]; peak RSS 96.2 MiB
math: PASS [(572, 572)]; peak RSS 301.6 MiB
fused-residual: PASS [(16, 16)]; peak RSS 98.2 MiB
20261009T214551Z-m5-qsa-all-pools-1-conv-direct: ready in 3.09s
prompt=512 warmup=1: 45.37 tok/s, TTFT 1.03s, prompt 497.9 tok/s
prompt=512 repeat=1: 48.38 tok/s, TTFT 0.93s, prompt 551.2 tok/s
prompt=512 repeat=2: 48.39 tok/s, TTFT 0.90s, prompt 570.1 tok/s
prompt=512 repeat=3: 48.47 tok/s, TTFT 0.89s, prompt 575.4 tok/s
prompt=2048 warmup=1: 47.00 tok/s, TTFT 3.83s, prompt 535.3 tok/s
prompt=2048 repeat=1: 49.80 tok/s, TTFT 3.77s, prompt 543.8 tok/s
prompt=2048 repeat=2: 49.96 tok/s, TTFT 3.77s, prompt 543.1 tok/s
prompt=2048 repeat=3: 49.79 tok/s, TTFT 3.77s, prompt 543.3 tok/s
code warmup: 55.76 tok/s, TTFT 0.30s
code repeat=1: 59.29 tok/s, TTFT 0.28s
code repeat=2: 59.44 tok/s, TTFT 0.28s
code repeat=3: 59.20 tok/s, TTFT 0.28s
prose warmup: 37.11 tok/s, TTFT 0.30s
prose repeat=1: 39.83 tok/s, TTFT 0.29s
prose repeat=2: 39.94 tok/s, TTFT 0.29s
prose repeat=3: 39.90 tok/s, TTFT 0.29s
PASS answer multiply at temperature 0
PASS answer different-multiply at temperature 0
PASS answer sum at temperature 0
PASS answer extract-json at temperature 0
PASS answer sort-unique-json at temperature 0
PASS answer updated-label at temperature 0
PASS answer ledger at temperature 0
PASS answer python-function at temperature 0
PASS answer multiply at temperature 0.6
PASS answer different-multiply at temperature 0.6
PASS answer sum at temperature 0.6
PASS answer extract-json at temperature 0.6
PASS answer sort-unique-json at temperature 0.6
PASS answer updated-label at temperature 0.6
PASS answer ledger at temperature 0.6
PASS answer python-function at temperature 0.6
cached 512 warmup: 58.15 tok/s, TTFT 0.304s, correct=True
cached 512 repeat=1: 60.15 tok/s, TTFT 0.273s, correct=True
cached 512 repeat=2: 69.95 tok/s, TTFT 0.275s, correct=True
cached 512 repeat=3: 69.96 tok/s, TTFT 0.274s, correct=True
cached 2048 warmup: 64.32 tok/s, TTFT 0.310s, correct=True
cached 2048 repeat=1: 64.43 tok/s, TTFT 0.308s, correct=True
cached 2048 repeat=2: 64.44 tok/s, TTFT 0.288s, correct=True
cached 2048 repeat=3: 64.80 tok/s, TTFT 0.288s, correct=True
Saved /Users/justin/Documents/Github/Strata-Mac-Lab/bench/results/20261009T214551Z-m5-qsa-all-pools-1-conv-direct/result.json
Waiting for macOS to release model memory: 21.91 GiB available
20261009T214820Z-m5-qsa-all-pools-2-qsa-all-pools: ready in 2.33s
prompt=512 warmup=1: 45.66 tok/s, TTFT 1.00s, prompt 512.3 tok/s
prompt=512 repeat=1: 48.36 tok/s, TTFT 0.93s, prompt 552.8 tok/s
prompt=512 repeat=2: 48.48 tok/s, TTFT 0.92s, prompt 557.2 tok/s
prompt=512 repeat=3: 48.36 tok/s, TTFT 0.92s, prompt 556.7 tok/s
prompt=2048 warmup=1: 46.59 tok/s, TTFT 3.90s, prompt 525.9 tok/s
Saved /Users/justin/Documents/Github/Strata-Mac-Lab/bench/results/20261009T214820Z-m5-qsa-all-pools-2-qsa-all-pools/result.json
Saved /Users/justin/Documents/Github/Strata-Mac-Lab/bench/results/20261009T214536Z-m5-qsa-all-pools
Traceback (most recent call last):
  File "/Users/justin/Documents/Github/Strata-Mac-Lab/scripts/benchmark_m5_qsa_models.py", line 159, in <module>
    if __name__=='__main__':main()
                            ^^^^^^
  File "/Users/justin/Documents/Github/Strata-Mac-Lab/scripts/benchmark_m5_qsa_models.py", line 149, in main
    folder=execute(spec,3,resume=args.resume,before_pass=wait_for_headroom,after_pass=check_pass)
           ^^^^^^^^^^^^^^^^^^^^^^^^^^^^^^^^^^^^^^^^^^^^^^^^^^^^^^^^^^^^^^^^^^^^^^^^^^^^^^^^^^^^^^
  File "/Users/justin/Documents/Github/Strata-Mac-Lab/scripts/benchmark_m5.py", line 169, in execute
    result = run(args)
             ^^^^^^^^^
  File "/Users/justin/Documents/Github/Strata-Mac-Lab/scripts/benchmark.py", line 319, in run
    result = stream_completion(base, payload)
             ^^^^^^^^^^^^^^^^^^^^^^^^^^^^^^^^
  File "/Users/justin/Documents/Github/Strata-Mac-Lab/scripts/benchmark.py", line 180, in stream_completion
    for line in response:
                ^^^^^^^^
  File "/Users/justin/.local/share/uv/python/cpython-3.12.13-macos-aarch64-none/lib/python3.12/http/client.py", line 708, in readline
    return super().readline(limit)
           ^^^^^^^^^^^^^^^^^^^^^^^
  File "/Users/justin/.local/share/uv/python/cpython-3.12.13-macos-aarch64-none/lib/python3.12/http/client.py", line 700, in peek
    return self._peek_chunked(n)
           ^^^^^^^^^^^^^^^^^^^^^
  File "/Users/justin/.local/share/uv/python/cpython-3.12.13-macos-aarch64-none/lib/python3.12/http/client.py", line 738, in _peek_chunked
    chunk_left = self._get_chunk_left()
                 ^^^^^^^^^^^^^^^^^^^^^^
  File "/Users/justin/.local/share/uv/python/cpython-3.12.13-macos-aarch64-none/lib/python3.12/http/client.py", line 584, in _get_chunk_left
    chunk_left = self._read_next_chunk_size()
                 ^^^^^^^^^^^^^^^^^^^^^^^^^^^^
  File "/Users/justin/.local/share/uv/python/cpython-3.12.13-macos-aarch64-none/lib/python3.12/http/client.py", line 544, in _read_next_chunk_size
    line = self.fp.readline(_MAXLINE + 1)
           ^^^^^^^^^^^^^^^^^^^^^^^^^^^^^^
  File "/Users/justin/.local/share/uv/python/cpython-3.12.13-macos-aarch64-none/lib/python3.12/socket.py", line 720, in readinto
    return self._sock.recv_into(b)
           ^^^^^^^^^^^^^^^^^^^^^^^
KeyboardInterrupt
