control check passed /Users/justin/Documents/Github/Strata-Mac-Lab/bench/results/20261009-next-speed-pass/qsa/20261009T213842222818Z-check-control
identity check passed /Users/justin/Documents/Github/Strata-Mac-Lab/bench/results/20261009-next-speed-pass/qsa/20261009T213843389128Z-check-identity
control perf passed /Users/justin/Documents/Github/Strata-Mac-Lab/bench/results/20261009-next-speed-pass/qsa/20261009T213844077504Z-perf-control
identity perf passed /Users/justin/Documents/Github/Strata-Mac-Lab/bench/results/20261009-next-speed-pass/qsa/20261009T213859038686Z-perf-identity
identity perf passed /Users/justin/Documents/Github/Strata-Mac-Lab/bench/results/20261009-next-speed-pass/qsa/20261009T213914013011Z-perf-identity
control perf passed /Users/justin/Documents/Github/Strata-Mac-Lab/bench/results/20261009-next-speed-pass/qsa/20261009T213929007792Z-perf-control
[
  {
    "id": "64/1/finite",
    "control_us": 221.65216597335322,
    "candidate_us": 210.7949138909942,
    "time_reduction_percent": 4.898328890530346,
    "control_drift_percent": 0.17780016557338296,
    "qualifies": true
  },
  {
    "id": "64/4/finite",
    "control_us": 249.07526993310768,
    "candidate_us": 244.1086223277346,
    "time_reduction_percent": 1.9940348179515954,
    "control_drift_percent": 0.25703169907396184,
    "qualifies": false
  },
  {
    "id": "64/512/finite",
    "control_us": 494.9504227795932,
    "candidate_us": 428.12482279243903,
    "time_reduction_percent": 13.501473463113367,
    "control_drift_percent": 0.4556620939123013,
    "qualifies": true
  },
  {
    "id": "128/1/finite",
    "control_us": 242.36410532687654,
    "candidate_us": 217.7771699724479,
    "time_reduction_percent": 10.144627366031877,
    "control_drift_percent": 0.1882241187195599,
    "qualifies": true
  },
  {
    "id": "128/4/finite",
    "control_us": 255.0371533682994,
    "candidate_us": 247.65815803385894,
    "time_reduction_percent": 2.893302107942075,
    "control_drift_percent": 0.7591906712719254,
    "qualifies": false
  },
  {
    "id": "128/512/finite",
    "control_us": 768.4924790076336,
    "candidate_us": 599.2159849586542,
    "time_reduction_percent": 22.02708532262656,
    "control_drift_percent": 0.2586191438759933,
    "qualifies": true
  },
  {
    "id": "512/1/finite",
    "control_us": 256.0914130651791,
    "candidate_us": 249.20509697150158,
    "time_reduction_percent": 2.689007027316781,
    "control_drift_percent": 0.7759780513311831,
    "qualifies": false
  },
  {
    "id": "512/4/finite",
    "control_us": 261.05327734375,
    "candidate_us": 260.43371379193724,
    "time_reduction_percent": 0.23733222509859653,
    "control_drift_percent": 0.01679054091964227,
    "qualifies": false
  },
  {
    "id": "512/512/finite",
    "control_us": 2360.3963139534885,
    "candidate_us": 1818.4958272727272,
    "time_reduction_percent": 22.958029695153957,
    "control_drift_percent": 0.11542264524810886,
    "qualifies": true
  },
  {
    "id": "576/1/finite",
    "control_us": 260.3800829622733,
    "candidate_us": 260.3810064935065,
    "time_reduction_percent": -0.00035468582031406015,
    "control_drift_percent": 0.4937777238244845,
    "qualifies": false
  },
  {
    "id": "576/4/finite",
    "control_us": 261.13227083333334,
    "candidate_us": 260.788511596361,
    "time_reduction_percent": 0.13164180584626095,
    "control_drift_percent": 0.03682161368478987,
    "qualifies": false
  },
  {
    "id": "576/512/finite",
    "control_us": 2536.5604125,
    "candidate_us": 2540.1270875,
    "time_reduction_percent": -0.140610686125342,
    "control_drift_percent": 0.09276668686183376,
    "qualifies": false
  }
]
