Starting bracket: w02-fresh-screen small-top10 vs conv-direct short 256
math: PASS [(572, 572)]; peak RSS 311.6 MiB
fused-residual: PASS [(16, 16)]; peak RSS 98.1 MiB
math: PASS [(572, 572)]; peak RSS 313.7 MiB
fused-residual: PASS [(16, 16)]; peak RSS 95.5 MiB
20261010T071215Z-m5-stack-v2-w02-fresh-screen-1-conv-direct: ready in 10.07s
code warmup: 55.46 tok/s, TTFT 0.37s
code repeat=1: 59.72 tok/s, TTFT 0.29s
code repeat=2: 59.71 tok/s, TTFT 0.28s
code repeat=3: 59.75 tok/s, TTFT 0.28s
prose warmup: 37.57 tok/s, TTFT 0.31s
prose repeat=1: 39.64 tok/s, TTFT 0.29s
prose repeat=2: 40.09 tok/s, TTFT 0.31s
prose repeat=3: 40.07 tok/s, TTFT 0.29s
PASS answer multiply at temperature 0
PASS answer different-multiply at temperature 0
PASS answer sum at temperature 0
PASS answer extract-json at temperature 0
PASS answer sort-unique-json at temperature 0
PASS answer updated-label at temperature 0
PASS answer ledger at temperature 0
PASS answer python-function at temperature 0
PASS answer multiply at temperature 0.6
PASS answer different-multiply at temperature 0.6
PASS answer sum at temperature 0.6
PASS answer extract-json at temperature 0.6
PASS answer sort-unique-json at temperature 0.6
PASS answer updated-label at temperature 0.6
PASS answer ledger at temperature 0.6
PASS answer python-function at temperature 0.6
cached 512 warmup: 58.36 tok/s, TTFT 0.322s, correct=True
cached 512 repeat=1: 59.11 tok/s, TTFT 0.272s, correct=True
cached 512 repeat=2: 70.41 tok/s, TTFT 0.271s, correct=True
cached 512 repeat=3: 71.69 tok/s, TTFT 0.272s, correct=True
cached 2048 warmup: 66.53 tok/s, TTFT 0.316s, correct=True
cached 2048 repeat=1: 63.37 tok/s, TTFT 0.298s, correct=True
cached 2048 repeat=2: 65.11 tok/s, TTFT 0.310s, correct=True
cached 2048 repeat=3: 64.33 tok/s, TTFT 0.307s, correct=True
Saved /Users/justin/Documents/Github/Strata-Mac-Lab/bench/results/20261010T071215Z-m5-stack-v2-w02-fresh-screen-1-conv-direct/result.json
Completed launch: 20261010T071215Z-m5-stack-v2-w02-fresh-screen-1-conv-direct
20261010T071351Z-m5-stack-v2-w02-fresh-screen-2-small-top10: ready in 2.33s
code warmup: 55.57 tok/s, TTFT 0.45s
code repeat=1: 59.87 tok/s, TTFT 0.29s
code repeat=2: 60.16 tok/s, TTFT 0.29s
code repeat=3: 60.11 tok/s, TTFT 0.28s
prose warmup: 39.31 tok/s, TTFT 0.32s
prose repeat=1: 40.36 tok/s, TTFT 0.30s
prose repeat=2: 40.32 tok/s, TTFT 0.29s
prose repeat=3: 40.39 tok/s, TTFT 0.29s
PASS answer multiply at temperature 0
PASS answer different-multiply at temperature 0
PASS answer sum at temperature 0
PASS answer extract-json at temperature 0
PASS answer sort-unique-json at temperature 0
PASS answer updated-label at temperature 0
PASS answer ledger at temperature 0
PASS answer python-function at temperature 0
PASS answer multiply at temperature 0.6
PASS answer different-multiply at temperature 0.6
PASS answer sum at temperature 0.6
PASS answer extract-json at temperature 0.6
PASS answer sort-unique-json at temperature 0.6
PASS answer updated-label at temperature 0.6
PASS answer ledger at temperature 0.6
PASS answer python-function at temperature 0.6
cached 512 warmup: 58.55 tok/s, TTFT 0.333s, correct=True
cached 512 repeat=1: 59.69 tok/s, TTFT 0.275s, correct=True
cached 512 repeat=2: 71.01 tok/s, TTFT 0.274s, correct=True
cached 512 repeat=3: 71.83 tok/s, TTFT 0.278s, correct=True
cached 2048 warmup: 65.56 tok/s, TTFT 0.309s, correct=True
cached 2048 repeat=1: 66.71 tok/s, TTFT 0.289s, correct=True
cached 2048 repeat=2: 63.60 tok/s, TTFT 0.289s, correct=True
cached 2048 repeat=3: 64.23 tok/s, TTFT 0.288s, correct=True
Saved /Users/justin/Documents/Github/Strata-Mac-Lab/bench/results/20261010T071351Z-m5-stack-v2-w02-fresh-screen-2-small-top10/result.json
Completed launch: 20261010T071351Z-m5-stack-v2-w02-fresh-screen-2-small-top10
Waiting for macOS to release model memory: 2.61 GiB available
20261010T071520Z-m5-stack-v2-w02-fresh-screen-3-small-top10: ready in 2.31s
code warmup: 55.69 tok/s, TTFT 0.34s
code repeat=1: 59.78 tok/s, TTFT 0.29s
code repeat=2: 60.19 tok/s, TTFT 0.28s
code repeat=3: 60.03 tok/s, TTFT 0.28s
prose warmup: 37.54 tok/s, TTFT 0.34s
prose repeat=1: 40.14 tok/s, TTFT 0.32s
prose repeat=2: 40.33 tok/s, TTFT 0.30s
prose repeat=3: 40.42 tok/s, TTFT 0.29s
PASS answer multiply at temperature 0
PASS answer different-multiply at temperature 0
PASS answer sum at temperature 0
PASS answer extract-json at temperature 0
PASS answer sort-unique-json at temperature 0
PASS answer updated-label at temperature 0
PASS answer ledger at temperature 0
PASS answer python-function at temperature 0
PASS answer multiply at temperature 0.6
PASS answer different-multiply at temperature 0.6
PASS answer sum at temperature 0.6
PASS answer extract-json at temperature 0.6
PASS answer sort-unique-json at temperature 0.6
PASS answer updated-label at temperature 0.6
PASS answer ledger at temperature 0.6
PASS answer python-function at temperature 0.6
cached 512 warmup: 58.47 tok/s, TTFT 0.320s, correct=True
cached 512 repeat=1: 59.71 tok/s, TTFT 0.279s, correct=True
cached 512 repeat=2: 71.15 tok/s, TTFT 0.275s, correct=True
cached 512 repeat=3: 70.93 tok/s, TTFT 0.274s, correct=True
cached 2048 warmup: 65.67 tok/s, TTFT 0.335s, correct=True
cached 2048 repeat=1: 64.80 tok/s, TTFT 0.302s, correct=True
cached 2048 repeat=2: 64.02 tok/s, TTFT 0.293s, correct=True
cached 2048 repeat=3: 64.48 tok/s, TTFT 0.288s, correct=True
Saved /Users/justin/Documents/Github/Strata-Mac-Lab/bench/results/20261010T071520Z-m5-stack-v2-w02-fresh-screen-3-small-top10/result.json
Completed launch: 20261010T071520Z-m5-stack-v2-w02-fresh-screen-3-small-top10
20261010T071648Z-m5-stack-v2-w02-fresh-screen-4-conv-direct: ready in 2.34s
code warmup: 54.66 tok/s, TTFT 0.40s
code repeat=1: 59.45 tok/s, TTFT 0.29s
code repeat=2: 59.73 tok/s, TTFT 0.28s
code repeat=3: 59.76 tok/s, TTFT 0.28s
prose warmup: 37.19 tok/s, TTFT 0.29s
prose repeat=1: 40.07 tok/s, TTFT 0.30s
prose repeat=2: 40.05 tok/s, TTFT 0.29s
prose repeat=3: 39.90 tok/s, TTFT 0.29s
PASS answer multiply at temperature 0
PASS answer different-multiply at temperature 0
PASS answer sum at temperature 0
PASS answer extract-json at temperature 0
PASS answer sort-unique-json at temperature 0
PASS answer updated-label at temperature 0
PASS answer ledger at temperature 0
PASS answer python-function at temperature 0
PASS answer multiply at temperature 0.6
PASS answer different-multiply at temperature 0.6
PASS answer sum at temperature 0.6
PASS answer extract-json at temperature 0.6
PASS answer sort-unique-json at temperature 0.6
PASS answer updated-label at temperature 0.6
PASS answer ledger at temperature 0.6
PASS answer python-function at temperature 0.6
cached 512 warmup: 60.74 tok/s, TTFT 0.345s, correct=True
cached 512 repeat=1: 59.59 tok/s, TTFT 0.296s, correct=True
cached 512 repeat=2: 70.39 tok/s, TTFT 0.275s, correct=True
cached 512 repeat=3: 71.02 tok/s, TTFT 0.275s, correct=True
cached 2048 warmup: 65.80 tok/s, TTFT 0.313s, correct=True
cached 2048 repeat=1: 65.08 tok/s, TTFT 0.293s, correct=True
cached 2048 repeat=2: 64.25 tok/s, TTFT 0.288s, correct=True
cached 2048 repeat=3: 63.32 tok/s, TTFT 0.289s, correct=True
Saved /Users/justin/Documents/Github/Strata-Mac-Lab/bench/results/20261010T071648Z-m5-stack-v2-w02-fresh-screen-4-conv-direct/result.json
Completed launch: 20261010T071648Z-m5-stack-v2-w02-fresh-screen-4-conv-direct
Saved /Users/justin/Documents/Github/Strata-Mac-Lab/bench/results/20261010T071156Z-m5-stack-v2-w02-fresh-screen
Decision: w02-fresh-screen {"eligible_for_confirmation": false, "common_metric_scopes": [], "workload_scopes": {"code": ["generation", "reply"], "prose": []}, "memory_clean": true, "rule": "Positive gains above 2x own control drift; both candidate launches beat both controls; same scope on English code/prose; generation/reply regressions use original floor; Fixed 10 ms ceiling on every candidate/control launch pair; remaining criteria unchanged. Exact-output/resource/activation gates mandatory.", "ttft_policy": "Fixed 10 ms ceiling on every candidate/control launch pair; remaining criteria unchanged.", "safety_passed": false} cached followup: False
Starting bracket: p07-long-safety small-reduce vs conv-direct long 256
math: PASS [(572, 572)]; peak RSS 314.8 MiB
fused-residual: PASS [(16, 16)]; peak RSS 95.3 MiB
math: PASS [(572, 572)]; peak RSS 315.4 MiB
fused-residual: PASS [(16, 16)]; peak RSS 98.1 MiB
20261010T071832Z-m5-stack-v2-p07-long-safety-1-conv-direct: ready in 2.07s
code warmup: 43.02 tok/s, TTFT 2.09s
code repeat=1: 45.43 tok/s, TTFT 1.66s
code repeat=2: 45.91 tok/s, TTFT 1.65s
code repeat=3: 45.86 tok/s, TTFT 1.62s
prose warmup: 44.02 tok/s, TTFT 2.03s
prose repeat=1: 46.88 tok/s, TTFT 1.81s
prose repeat=2: 46.95 tok/s, TTFT 1.80s
prose repeat=3: 46.85 tok/s, TTFT 1.80s
PASS answer multiply at temperature 0
PASS answer different-multiply at temperature 0
PASS answer sum at temperature 0
PASS answer extract-json at temperature 0
PASS answer sort-unique-json at temperature 0
PASS answer updated-label at temperature 0
PASS answer ledger at temperature 0
PASS answer python-function at temperature 0
PASS answer multiply at temperature 0.6
PASS answer different-multiply at temperature 0.6
PASS answer sum at temperature 0.6
PASS answer extract-json at temperature 0.6
PASS answer sort-unique-json at temperature 0.6
PASS answer updated-label at temperature 0.6
PASS answer ledger at temperature 0.6
PASS answer python-function at temperature 0.6
cached 512 warmup: 59.04 tok/s, TTFT 0.366s, correct=True
cached 512 repeat=1: 58.92 tok/s, TTFT 0.277s, correct=True
cached 512 repeat=2: 70.17 tok/s, TTFT 0.273s, correct=True
cached 512 repeat=3: 70.48 tok/s, TTFT 0.274s, correct=True
cached 2048 warmup: 65.01 tok/s, TTFT 0.306s, correct=True
cached 2048 repeat=1: 63.69 tok/s, TTFT 0.304s, correct=True
cached 2048 repeat=2: 63.72 tok/s, TTFT 0.292s, correct=True
cached 2048 repeat=3: 64.08 tok/s, TTFT 0.288s, correct=True
Saved /Users/justin/Documents/Github/Strata-Mac-Lab/bench/results/20261010T071832Z-m5-stack-v2-p07-long-safety-1-conv-direct/result.json
Completed launch: 20261010T071832Z-m5-stack-v2-p07-long-safety-1-conv-direct
20261010T072014Z-m5-stack-v2-p07-long-safety-2-small-reduce: ready in 2.33s
code warmup: 43.18 tok/s, TTFT 2.20s
code repeat=1: 45.97 tok/s, TTFT 1.61s
code repeat=2: 46.20 tok/s, TTFT 1.61s
code repeat=3: 46.19 tok/s, TTFT 1.60s
prose warmup: 43.99 tok/s, TTFT 2.05s
prose repeat=1: 46.59 tok/s, TTFT 1.79s
prose repeat=2: 47.07 tok/s, TTFT 1.81s
prose repeat=3: 47.27 tok/s, TTFT 1.82s
PASS answer multiply at temperature 0
PASS answer different-multiply at temperature 0
PASS answer sum at temperature 0
PASS answer extract-json at temperature 0
PASS answer sort-unique-json at temperature 0
PASS answer updated-label at temperature 0
PASS answer ledger at temperature 0
PASS answer python-function at temperature 0
PASS answer multiply at temperature 0.6
PASS answer different-multiply at temperature 0.6
PASS answer sum at temperature 0.6
PASS answer extract-json at temperature 0.6
PASS answer sort-unique-json at temperature 0.6
PASS answer updated-label at temperature 0.6
PASS answer ledger at temperature 0.6
PASS answer python-function at temperature 0.6
cached 512 warmup: 58.44 tok/s, TTFT 0.299s, correct=True
cached 512 repeat=1: 59.31 tok/s, TTFT 0.274s, correct=True
cached 512 repeat=2: 70.64 tok/s, TTFT 0.273s, correct=True
cached 512 repeat=3: 70.74 tok/s, TTFT 0.273s, correct=True
cached 2048 warmup: 66.20 tok/s, TTFT 0.314s, correct=True
cached 2048 repeat=1: 63.42 tok/s, TTFT 0.290s, correct=True
cached 2048 repeat=2: 65.07 tok/s, TTFT 0.293s, correct=True
cached 2048 repeat=3: 63.88 tok/s, TTFT 0.287s, correct=True
Saved /Users/justin/Documents/Github/Strata-Mac-Lab/bench/results/20261010T072014Z-m5-stack-v2-p07-long-safety-2-small-reduce/result.json
Completed launch: 20261010T072014Z-m5-stack-v2-p07-long-safety-2-small-reduce
20261010T072155Z-m5-stack-v2-p07-long-safety-3-small-reduce: ready in 2.33s
code warmup: 43.09 tok/s, TTFT 2.06s
code repeat=1: 45.73 tok/s, TTFT 1.64s
code repeat=2: 46.19 tok/s, TTFT 1.66s
code repeat=3: 46.20 tok/s, TTFT 1.60s
prose warmup: 44.19 tok/s, TTFT 2.03s
prose repeat=1: 47.17 tok/s, TTFT 1.79s
prose repeat=2: 47.21 tok/s, TTFT 1.78s
prose repeat=3: 47.27 tok/s, TTFT 1.79s
PASS answer multiply at temperature 0
PASS answer different-multiply at temperature 0
PASS answer sum at temperature 0
PASS answer extract-json at temperature 0
PASS answer sort-unique-json at temperature 0
PASS answer updated-label at temperature 0
PASS answer ledger at temperature 0
PASS answer python-function at temperature 0
PASS answer multiply at temperature 0.6
PASS answer different-multiply at temperature 0.6
PASS answer sum at temperature 0.6
PASS answer extract-json at temperature 0.6
PASS answer sort-unique-json at temperature 0.6
PASS answer updated-label at temperature 0.6
PASS answer ledger at temperature 0.6
PASS answer python-function at temperature 0.6
cached 512 warmup: 58.37 tok/s, TTFT 0.307s, correct=True
cached 512 repeat=1: 59.46 tok/s, TTFT 0.273s, correct=True
cached 512 repeat=2: 70.69 tok/s, TTFT 0.274s, correct=True
cached 512 repeat=3: 70.99 tok/s, TTFT 0.274s, correct=True
cached 2048 warmup: 64.89 tok/s, TTFT 0.319s, correct=True
cached 2048 repeat=1: 63.52 tok/s, TTFT 0.291s, correct=True
cached 2048 repeat=2: 63.62 tok/s, TTFT 0.293s, correct=True
cached 2048 repeat=3: 63.33 tok/s, TTFT 0.292s, correct=True
Saved /Users/justin/Documents/Github/Strata-Mac-Lab/bench/results/20261010T072155Z-m5-stack-v2-p07-long-safety-3-small-reduce/result.json
Completed launch: 20261010T072155Z-m5-stack-v2-p07-long-safety-3-small-reduce
20261010T072335Z-m5-stack-v2-p07-long-safety-4-conv-direct: ready in 2.32s
code warmup: 43.37 tok/s, TTFT 2.21s
code repeat=1: 45.61 tok/s, TTFT 1.62s
code repeat=2: 45.84 tok/s, TTFT 1.62s
code repeat=3: 45.93 tok/s, TTFT 1.61s
prose warmup: 43.96 tok/s, TTFT 1.94s
prose repeat=1: 46.48 tok/s, TTFT 1.85s
prose repeat=2: 46.82 tok/s, TTFT 1.85s
prose repeat=3: 46.78 tok/s, TTFT 1.81s
PASS answer multiply at temperature 0
PASS answer different-multiply at temperature 0
PASS answer sum at temperature 0
PASS answer extract-json at temperature 0
PASS answer sort-unique-json at temperature 0
PASS answer updated-label at temperature 0
PASS answer ledger at temperature 0
PASS answer python-function at temperature 0
PASS answer multiply at temperature 0.6
PASS answer different-multiply at temperature 0.6
PASS answer sum at temperature 0.6
PASS answer extract-json at temperature 0.6
PASS answer sort-unique-json at temperature 0.6
PASS answer updated-label at temperature 0.6
PASS answer ledger at temperature 0.6
PASS answer python-function at temperature 0.6
cached 512 warmup: 58.14 tok/s, TTFT 0.300s, correct=True
cached 512 repeat=1: 59.33 tok/s, TTFT 0.273s, correct=True
cached 512 repeat=2: 70.05 tok/s, TTFT 0.281s, correct=True
cached 512 repeat=3: 70.88 tok/s, TTFT 0.273s, correct=True
cached 2048 warmup: 64.80 tok/s, TTFT 0.312s, correct=True
cached 2048 repeat=1: 63.15 tok/s, TTFT 0.299s, correct=True
cached 2048 repeat=2: 63.23 tok/s, TTFT 0.287s, correct=True
cached 2048 repeat=3: 63.50 tok/s, TTFT 0.287s, correct=True
Saved /Users/justin/Documents/Github/Strata-Mac-Lab/bench/results/20261010T072335Z-m5-stack-v2-p07-long-safety-4-conv-direct/result.json
Completed launch: 20261010T072335Z-m5-stack-v2-p07-long-safety-4-conv-direct
Saved /Users/justin/Documents/Github/Strata-Mac-Lab/bench/results/20261010T071813Z-m5-stack-v2-p07-long-safety
Decision: p07-long-safety {"eligible_for_confirmation": true, "common_metric_scopes": ["generation"], "workload_scopes": {"code": ["generation"], "prose": ["generation"]}, "memory_clean": true, "rule": "Positive gains above 2x own control drift; both candidate launches beat both controls; same scope on English code/prose; generation/reply regressions use original floor; Original relative regression rule. Exact-output/resource/activation gates mandatory.", "ttft_policy": "Original relative regression rule.", "safety_passed": true} cached followup: False
Starting bracket: p07-short-answer-safety small-reduce vs conv-direct short 32
math: PASS [(572, 572)]; peak RSS 314.1 MiB
fused-residual: PASS [(16, 16)]; peak RSS 96.6 MiB
math: PASS [(572, 572)]; peak RSS 290.0 MiB
fused-residual: PASS [(16, 16)]; peak RSS 97.5 MiB
20261010T072533Z-m5-stack-v2-p07-short-answer-safety-1-conv-direct: ready in 2.07s
code warmup: 57.91 tok/s, TTFT 0.34s
code repeat=1: 62.05 tok/s, TTFT 0.29s
code repeat=2: 63.81 tok/s, TTFT 0.28s
code repeat=3: 64.10 tok/s, TTFT 0.28s
prose warmup: 49.42 tok/s, TTFT 0.33s
prose repeat=1: 52.05 tok/s, TTFT 0.29s
prose repeat=2: 52.47 tok/s, TTFT 0.29s
prose repeat=3: 52.52 tok/s, TTFT 0.29s
PASS answer multiply at temperature 0
PASS answer different-multiply at temperature 0
PASS answer sum at temperature 0
PASS answer extract-json at temperature 0
PASS answer sort-unique-json at temperature 0
PASS answer updated-label at temperature 0
PASS answer ledger at temperature 0
PASS answer python-function at temperature 0
PASS answer multiply at temperature 0.6
PASS answer different-multiply at temperature 0.6
PASS answer sum at temperature 0.6
PASS answer extract-json at temperature 0.6
PASS answer sort-unique-json at temperature 0.6
PASS answer updated-label at temperature 0.6
PASS answer ledger at temperature 0.6
PASS answer python-function at temperature 0.6
cached 512 warmup: 59.05 tok/s, TTFT 0.319s, correct=True
cached 512 repeat=1: 60.85 tok/s, TTFT 0.282s, correct=True
cached 512 repeat=2: 72.70 tok/s, TTFT 0.272s, correct=True
cached 512 repeat=3: 70.75 tok/s, TTFT 0.272s, correct=True
cached 2048 warmup: 67.04 tok/s, TTFT 0.306s, correct=True
cached 2048 repeat=1: 67.05 tok/s, TTFT 0.285s, correct=True
cached 2048 repeat=2: 67.12 tok/s, TTFT 0.285s, correct=True
cached 2048 repeat=3: 63.27 tok/s, TTFT 0.286s, correct=True
Saved /Users/justin/Documents/Github/Strata-Mac-Lab/bench/results/20261010T072533Z-m5-stack-v2-p07-short-answer-safety-1-conv-direct/result.json
Completed launch: 20261010T072533Z-m5-stack-v2-p07-short-answer-safety-1-conv-direct
Waiting for macOS to release model memory: 2.31 GiB available
20261010T072624Z-m5-stack-v2-p07-short-answer-safety-2-small-reduce: ready in 2.08s
code warmup: 63.28 tok/s, TTFT 0.31s
code repeat=1: 64.70 tok/s, TTFT 0.28s
code repeat=2: 64.37 tok/s, TTFT 0.28s
code repeat=3: 64.60 tok/s, TTFT 0.28s
prose warmup: 52.83 tok/s, TTFT 0.29s
prose repeat=1: 52.87 tok/s, TTFT 0.29s
prose repeat=2: 52.93 tok/s, TTFT 0.29s
prose repeat=3: 52.93 tok/s, TTFT 0.29s
PASS answer multiply at temperature 0
PASS answer different-multiply at temperature 0
PASS answer sum at temperature 0
PASS answer extract-json at temperature 0
PASS answer sort-unique-json at temperature 0
PASS answer updated-label at temperature 0
PASS answer ledger at temperature 0
PASS answer python-function at temperature 0
PASS answer multiply at temperature 0.6
PASS answer different-multiply at temperature 0.6
PASS answer sum at temperature 0.6
PASS answer extract-json at temperature 0.6
PASS answer sort-unique-json at temperature 0.6
PASS answer updated-label at temperature 0.6
PASS answer ledger at temperature 0.6
PASS answer python-function at temperature 0.6
cached 512 warmup: 61.91 tok/s, TTFT 0.319s, correct=True
cached 512 repeat=1: 62.79 tok/s, TTFT 0.274s, correct=True
cached 512 repeat=2: 72.93 tok/s, TTFT 0.276s, correct=True
cached 512 repeat=3: 72.70 tok/s, TTFT 0.272s, correct=True
cached 2048 warmup: 67.37 tok/s, TTFT 0.304s, correct=True
cached 2048 repeat=1: 67.54 tok/s, TTFT 0.289s, correct=True
cached 2048 repeat=2: 67.52 tok/s, TTFT 0.287s, correct=True
cached 2048 repeat=3: 67.47 tok/s, TTFT 0.288s, correct=True
Saved /Users/justin/Documents/Github/Strata-Mac-Lab/bench/results/20261010T072624Z-m5-stack-v2-p07-short-answer-safety-2-small-reduce/result.json
Completed launch: 20261010T072624Z-m5-stack-v2-p07-short-answer-safety-2-small-reduce
20261010T072711Z-m5-stack-v2-p07-short-answer-safety-3-small-reduce: ready in 2.06s
code warmup: 62.89 tok/s, TTFT 0.32s
code repeat=1: 64.64 tok/s, TTFT 0.28s
code repeat=2: 64.52 tok/s, TTFT 0.28s
code repeat=3: 64.21 tok/s, TTFT 0.29s
prose warmup: 51.76 tok/s, TTFT 0.31s
prose repeat=1: 52.72 tok/s, TTFT 0.29s
prose repeat=2: 52.78 tok/s, TTFT 0.29s
prose repeat=3: 52.85 tok/s, TTFT 0.29s
PASS answer multiply at temperature 0
PASS answer different-multiply at temperature 0
PASS answer sum at temperature 0
PASS answer extract-json at temperature 0
PASS answer sort-unique-json at temperature 0
PASS answer updated-label at temperature 0
PASS answer ledger at temperature 0
PASS answer python-function at temperature 0
PASS answer multiply at temperature 0.6
PASS answer different-multiply at temperature 0.6
PASS answer sum at temperature 0.6
PASS answer extract-json at temperature 0.6
PASS answer sort-unique-json at temperature 0.6
PASS answer updated-label at temperature 0.6
PASS answer ledger at temperature 0.6
PASS answer python-function at temperature 0.6
cached 512 warmup: 62.63 tok/s, TTFT 0.309s, correct=True
cached 512 repeat=1: 60.80 tok/s, TTFT 0.278s, correct=True
cached 512 repeat=2: 72.41 tok/s, TTFT 0.275s, correct=True
cached 512 repeat=3: 72.63 tok/s, TTFT 0.273s, correct=True
cached 2048 warmup: 66.72 tok/s, TTFT 0.313s, correct=True
cached 2048 repeat=1: 67.39 tok/s, TTFT 0.286s, correct=True
cached 2048 repeat=2: 63.67 tok/s, TTFT 0.287s, correct=True
cached 2048 repeat=3: 63.57 tok/s, TTFT 0.289s, correct=True
Saved /Users/justin/Documents/Github/Strata-Mac-Lab/bench/results/20261010T072711Z-m5-stack-v2-p07-short-answer-safety-3-small-reduce/result.json
Completed launch: 20261010T072711Z-m5-stack-v2-p07-short-answer-safety-3-small-reduce
20261010T072759Z-m5-stack-v2-p07-short-answer-safety-4-conv-direct: ready in 2.07s
code warmup: 63.56 tok/s, TTFT 0.32s
code repeat=1: 64.26 tok/s, TTFT 0.28s
code repeat=2: 64.18 tok/s, TTFT 0.28s
code repeat=3: 64.17 tok/s, TTFT 0.28s
prose warmup: 52.01 tok/s, TTFT 0.29s
prose repeat=1: 52.46 tok/s, TTFT 0.29s
prose repeat=2: 52.34 tok/s, TTFT 0.29s
prose repeat=3: 52.46 tok/s, TTFT 0.29s
PASS answer multiply at temperature 0
PASS answer different-multiply at temperature 0
PASS answer sum at temperature 0
PASS answer extract-json at temperature 0
PASS answer sort-unique-json at temperature 0
PASS answer updated-label at temperature 0
PASS answer ledger at temperature 0
PASS answer python-function at temperature 0
PASS answer multiply at temperature 0.6
PASS answer different-multiply at temperature 0.6
PASS answer sum at temperature 0.6
PASS answer extract-json at temperature 0.6
PASS answer sort-unique-json at temperature 0.6
PASS answer updated-label at temperature 0.6
PASS answer ledger at temperature 0.6
PASS answer python-function at temperature 0.6
cached 512 warmup: 58.25 tok/s, TTFT 0.340s, correct=True
cached 512 repeat=1: 61.35 tok/s, TTFT 0.292s, correct=True
cached 512 repeat=2: 72.40 tok/s, TTFT 0.276s, correct=True
cached 512 repeat=3: 72.40 tok/s, TTFT 0.273s, correct=True
cached 2048 warmup: 67.10 tok/s, TTFT 0.306s, correct=True
cached 2048 repeat=1: 64.19 tok/s, TTFT 0.286s, correct=True
cached 2048 repeat=2: 66.80 tok/s, TTFT 0.287s, correct=True
cached 2048 repeat=3: 65.56 tok/s, TTFT 0.298s, correct=True
Saved /Users/justin/Documents/Github/Strata-Mac-Lab/bench/results/20261010T072759Z-m5-stack-v2-p07-short-answer-safety-4-conv-direct/result.json
Completed launch: 20261010T072759Z-m5-stack-v2-p07-short-answer-safety-4-conv-direct
Saved /Users/justin/Documents/Github/Strata-Mac-Lab/bench/results/20261010T072514Z-m5-stack-v2-p07-short-answer-safety
Decision: p07-short-answer-safety {"eligible_for_confirmation": false, "common_metric_scopes": [], "workload_scopes": {"code": [], "prose": ["generation", "reply", "prompt-latency"]}, "memory_clean": true, "rule": "Positive gains above 2x own control drift; both candidate launches beat both controls; same scope on English code/prose; generation/reply regressions use original floor; Original relative regression rule. Exact-output/resource/activation gates mandatory.", "ttft_policy": "Original relative regression rule.", "safety_passed": true} cached followup: False
Final winner: ['reduce']
