ggml_metal_device_init: testing tensor API for f16 support
ggml_metal_library_compile_pipeline: compiling pipeline: base = 'dummy_kernel', name = 'dummy_kernel'
ggml_metal_library_compile_pipeline: loaded dummy_kernel                                  0x102322cd0 | th_max = 1024 | th_width =   32
ggml_metal_device_init: testing tensor API for bfloat support
ggml_metal_library_compile_pipeline: compiling pipeline: base = 'dummy_kernel', name = 'dummy_kernel'
ggml_metal_library_compile_pipeline: loaded dummy_kernel                                  0x102322e50 | th_max = 1024 | th_width =   32
ggml_metal_library_init: using embedded metal library
ggml_metal_library_compile_all: compiled 'fa_aux' library in 0.351 sec
ggml_metal_library_compile_all: compiled 'fa_f16' library in 1.915 sec
ggml_metal_library_compile_all: compiled 'fa_f32' library in 1.062 sec
ggml_metal_library_compile_all: compiled 'fa_q4_0' library in 1.159 sec
ggml_metal_library_compile_all: compiled 'fa_q4_1' library in 1.153 sec
ggml_metal_library_compile_all: compiled 'fa_q5_0' library in 1.078 sec
ggml_metal_library_compile_all: compiled 'fa_q5_1' library in 1.082 sec
ggml_metal_library_compile_all: compiled 'fa_q8_0' library in 1.124 sec
ggml_metal_library_compile_all: compiled 'fa_vec_f16' library in 3.193 sec
ggml_metal_library_compile_all: compiled 'fa_vec_f32' library in 0.583 sec
ggml_metal_library_compile_all: compiled 'fa_vec_q4_0' library in 2.864 sec
ggml_metal_library_compile_all: compiled 'fa_vec_q4_1' library in 2.752 sec
ggml_metal_library_compile_all: compiled 'fa_vec_q5_0' library in 3.028 sec
ggml_metal_library_compile_all: compiled 'fa_vec_q5_1' library in 2.559 sec
ggml_metal_library_compile_all: compiled 'fa_vec_q8_0' library in 2.608 sec
ggml_metal_library_compile_all: compiled 'mul_mv' library in 1.776 sec
ggml_metal_library_compile_all: compiled 'mul_mv_mma' library in 2.752 sec
ggml_metal_library_compile_all: compiled 'mul_mm' library in 1.643 sec
ggml_metal_library_compile_all: compiled 'quantize' library in 1.079 sec
ggml_metal_library_compile_all: compiled 'softmax' library in 0.143 sec
ggml_metal_library_compile_all: compiled 'norm' library in 0.167 sec
ggml_metal_library_compile_all: compiled 'unary' library in 0.172 sec
ggml_metal_library_compile_all: compiled 'binbcast' library in 0.171 sec
ggml_metal_library_compile_all: compiled 'reduce' library in 0.155 sec
ggml_metal_library_compile_all: compiled 'tri' library in 1.911 sec
ggml_metal_library_compile_all: compiled 'ssm' library in 1.120 sec
ggml_metal_library_compile_all: compiled 'wkv' library in 2.554 sec
ggml_metal_library_compile_all: compiled 'gated_delta_net' library in 1.007 sec
ggml_metal_library_compile_all: compiled 'solve_tri' library in 1.146 sec
ggml_metal_library_compile_all: compiled 'rope' library in 0.622 sec
ggml_metal_library_compile_all: compiled 'conv' library in 2.600 sec
ggml_metal_library_compile_all: compiled 'upscale' library in 0.472 sec
ggml_metal_library_compile_all: compiled 'argsort' library in 2.718 sec
ggml_metal_library_compile_all: compiled 'pool' library in 2.717 sec
ggml_metal_library_compile_all: compiled 'misc' library in 1.497 sec
ggml_metal_library_compile_all: loaded 35 libraries from embedded data in 3.193 sec (max single = 3.193 sec)
ggml_metal_rsets_init: creating a residency set collection (keep_alive = 180 s)
ggml_metal_device_init: GPU name:   MTL0 (Apple M5 Pro)
ggml_metal_device_init: GPU family: MTLGPUFamilyApple10  (1010)
ggml_metal_device_init: GPU family: MTLGPUFamilyMetal4  (5002)
ggml_metal_device_init: simdgroup reduction   = true
ggml_metal_device_init: simdgroup matrix mul. = true
ggml_metal_device_init: has unified memory    = true
ggml_metal_device_init: has bfloat            = true
ggml_metal_device_init: has tensor            = true
ggml_metal_device_init: use residency sets    = true
ggml_metal_device_init: use shared buffers    = true
ggml_metal_device_init: recommendedMaxWorkingSetSize  = 40200.90 MB
ggml_metal_init: allocating
ggml_metal_init: found device: Apple M5 Pro
ggml_metal_init: picking default device: Apple M5 Pro
ggml_metal_init: use fusion         = true
ggml_metal_init: use concurrency    = true
ggml_metal_init: use graph optimize = true
ggml_metal_library_compile_pipeline: compiling pipeline: base = 'kernel_mul_mv_q2_0_f32', name = 'kernel_mul_mv_q2_0_f32_nsg=2_ne12=1_r2=1_r3=1_split=0'
ggml_metal_library_compile_pipeline: loaded kernel_mul_mv_q2_0_f32_nsg=2_ne12=1_r2=1_r3=1_split=0      0x102322410 | th_max = 1024 | th_width =   32
Testing 3 devices

Backend 1/3: MTL0
  Device description: Apple M5 Pro
  Device memory: 38338 MB (38338 MB free)

  MUL_MAT(type_a=q2_0,type_b=f32,m=16,n=1,k=256,bs=[1,1],nr=[1,1],per=[0,1,2,3],k_v=0,o=1,src_overlap=0,m_v=0,pad=0): [1;32mOK[0m
ggml_metal_library_compile_pipeline: compiling pipeline: base = 'kernel_mul_mv_ext_q2_0_f32_r1_2', name = 'kernel_mul_mv_ext_q2_0_f32_r1_2_nsg=2_nxpsg=16_ne12=1_r2=1_r3=1'
ggml_metal_library_compile_pipeline: loaded kernel_mul_mv_ext_q2_0_f32_r1_2_nsg=2_nxpsg=16_ne12=1_r2=1_r3=1     0x7c03d54380 | th_max = 1024 | th_width =   32
  MUL_MAT(type_a=q2_0,type_b=f32,m=16,n=2,k=256,bs=[1,1],nr=[1,1],per=[0,1,2,3],k_v=0,o=1,src_overlap=0,m_v=0,pad=0): [1;32mOK[0m
ggml_metal_library_compile_pipeline: compiling pipeline: base = 'kernel_mul_mv_ext_q2_0_f32_r1_3', name = 'kernel_mul_mv_ext_q2_0_f32_r1_3_nsg=2_nxpsg=8_ne12=1_r2=1_r3=1'
ggml_metal_library_compile_pipeline: loaded kernel_mul_mv_ext_q2_0_f32_r1_3_nsg=2_nxpsg=8_ne12=1_r2=1_r3=1     0x7c03d54700 | th_max = 1024 | th_width =   32
  MUL_MAT(type_a=q2_0,type_b=f32,m=16,n=3,k=256,bs=[1,1],nr=[1,1],per=[0,1,2,3],k_v=0,o=1,src_overlap=0,m_v=0,pad=0): [1;32mOK[0m
ggml_metal_library_compile_pipeline: compiling pipeline: base = 'kernel_mul_mv_ext_q2_0_f32_r1_4', name = 'kernel_mul_mv_ext_q2_0_f32_r1_4_nsg=2_nxpsg=8_ne12=1_r2=1_r3=1'
ggml_metal_library_compile_pipeline: loaded kernel_mul_mv_ext_q2_0_f32_r1_4_nsg=2_nxpsg=8_ne12=1_r2=1_r3=1     0x7c03d54000 | th_max = 1024 | th_width =   32
  MUL_MAT(type_a=q2_0,type_b=f32,m=16,n=4,k=256,bs=[1,1],nr=[1,1],per=[0,1,2,3],k_v=0,o=1,src_overlap=0,m_v=0,pad=0): [1;32mOK[0m
ggml_metal_library_compile_pipeline: compiling pipeline: base = 'kernel_mul_mv_ext_q2_0_f32_r1_5', name = 'kernel_mul_mv_ext_q2_0_f32_r1_5_nsg=2_nxpsg=8_ne12=1_r2=1_r3=1'
ggml_metal_library_compile_pipeline: loaded kernel_mul_mv_ext_q2_0_f32_r1_5_nsg=2_nxpsg=8_ne12=1_r2=1_r3=1     0x7c03d54a80 | th_max = 1024 | th_width =   32
  MUL_MAT(type_a=q2_0,type_b=f32,m=16,n=5,k=256,bs=[1,1],nr=[1,1],per=[0,1,2,3],k_v=0,o=1,src_overlap=0,m_v=0,pad=0): [1;32mOK[0m
  MUL_MAT(type_a=q2_0,type_b=f32,m=16,n=6,k=256,bs=[1,1],nr=[1,1],per=[0,1,2,3],k_v=0,o=1,src_overlap=0,m_v=0,pad=0): [1;32mOK[0m
  MUL_MAT(type_a=q2_0,type_b=f32,m=16,n=7,k=256,bs=[1,1],nr=[1,1],per=[0,1,2,3],k_v=0,o=1,src_overlap=0,m_v=0,pad=0): [1;32mOK[0m
  MUL_MAT(type_a=q2_0,type_b=f32,m=16,n=8,k=256,bs=[1,1],nr=[1,1],per=[0,1,2,3],k_v=0,o=1,src_overlap=0,m_v=0,pad=0): [1;32mOK[0m
ggml_metal_library_compile_pipeline: compiling pipeline: base = 'kernel_mul_mm_q2_0_f32', name = 'kernel_mul_mm_q2_0_f32_bci=0_bco=1_ne12=1_ne13=1_r2=1_r3=1'
ggml_metal_library_compile_pipeline: loaded kernel_mul_mm_q2_0_f32_bci=0_bco=1_ne12=1_ne13=1_r2=1_r3=1     0x7c03d54e00 | th_max = 1024 | th_width =   32
  MUL_MAT(type_a=q2_0,type_b=f32,m=16,n=9,k=256,bs=[1,1],nr=[1,1],per=[0,1,2,3],k_v=0,o=1,src_overlap=0,m_v=0,pad=0): [1;32mOK[0m
  MUL_MAT(type_a=q2_0,type_b=f32,m=16,n=1,k=4096,bs=[1,1],nr=[1,1],per=[0,1,2,3],k_v=0,o=1,src_overlap=0,m_v=0,pad=0): [1;32mOK[0m
  MUL_MAT(type_a=q2_0,type_b=f32,m=16,n=8,k=4096,bs=[1,1],nr=[1,1],per=[0,1,2,3],k_v=0,o=1,src_overlap=0,m_v=0,pad=0): [1;32mOK[0m
  MUL_MAT(type_a=q2_0,type_b=f32,m=16,n=1,k=256,bs=[1,1],nr=[1,1],per=[0,1,2,3],k_v=0,o=1,src_overlap=0,m_v=0,pad=0): [1;32mOK[0m
ggml_metal_library_compile_pipeline: compiling pipeline: base = 'kernel_mul_mv_q2_0_f32', name = 'kernel_mul_mv_q2_0_f32_nsg=2_ne12=2_r2=2_r3=1_split=0'
ggml_metal_library_compile_pipeline: loaded kernel_mul_mv_q2_0_f32_nsg=2_ne12=2_r2=2_r3=1_split=0     0x7c03d55180 | th_max = 1024 | th_width =   32
  MUL_MAT(type_a=q2_0,type_b=f32,m=16,n=1,k=256,bs=[1,1],nr=[2,1],per=[0,1,2,3],k_v=0,o=1,src_overlap=0,m_v=0,pad=0): [1;32mOK[0m
ggml_metal_library_compile_pipeline: compiling pipeline: base = 'kernel_mul_mv_q2_0_f32', name = 'kernel_mul_mv_q2_0_f32_nsg=2_ne12=1_r2=1_r3=2_split=0'
ggml_metal_library_compile_pipeline: loaded kernel_mul_mv_q2_0_f32_nsg=2_ne12=1_r2=1_r3=2_split=0     0x7c03d55500 | th_max = 1024 | th_width =   32
  MUL_MAT(type_a=q2_0,type_b=f32,m=16,n=1,k=256,bs=[1,1],nr=[1,2],per=[0,1,2,3],k_v=0,o=1,src_overlap=0,m_v=0,pad=0): [1;32mOK[0m
ggml_metal_library_compile_pipeline: compiling pipeline: base = 'kernel_mul_mv_q2_0_f32', name = 'kernel_mul_mv_q2_0_f32_nsg=2_ne12=3_r2=1_r3=1_split=0'
ggml_metal_library_compile_pipeline: loaded kernel_mul_mv_q2_0_f32_nsg=2_ne12=3_r2=1_r3=1_split=0     0x7c03d55880 | th_max = 1024 | th_width =   32
  MUL_MAT(type_a=q2_0,type_b=f32,m=16,n=1,k=256,bs=[3,1],nr=[1,1],per=[0,1,2,3],k_v=0,o=1,src_overlap=0,m_v=0,pad=0): [1;32mOK[0m
ggml_metal_library_compile_pipeline: compiling pipeline: base = 'kernel_mul_mv_q2_0_f32', name = 'kernel_mul_mv_q2_0_f32_nsg=2_ne12=6_r2=2_r3=1_split=0'
ggml_metal_library_compile_pipeline: loaded kernel_mul_mv_q2_0_f32_nsg=2_ne12=6_r2=2_r3=1_split=0     0x7c03d55c00 | th_max = 1024 | th_width =   32
  MUL_MAT(type_a=q2_0,type_b=f32,m=16,n=1,k=256,bs=[3,1],nr=[2,1],per=[0,1,2,3],k_v=0,o=1,src_overlap=0,m_v=0,pad=0): [1;32mOK[0m
  MUL_MAT(type_a=q2_0,type_b=f32,m=16,n=1,k=256,bs=[3,2],nr=[1,1],per=[0,1,2,3],k_v=0,o=1,src_overlap=0,m_v=0,pad=0): [1;32mOK[0m
  MUL_MAT(type_a=q2_0,type_b=f32,m=16,n=1,k=256,bs=[3,2],nr=[2,1],per=[0,1,2,3],k_v=0,o=1,src_overlap=0,m_v=0,pad=0): [1;32mOK[0m
ggml_metal_library_compile_pipeline: compiling pipeline: base = 'kernel_mul_mv_q2_0_f32', name = 'kernel_mul_mv_q2_0_f32_nsg=2_ne12=3_r2=1_r3=2_split=0'
ggml_metal_library_compile_pipeline: loaded kernel_mul_mv_q2_0_f32_nsg=2_ne12=3_r2=1_r3=2_split=0     0x7c03d56680 | th_max = 1024 | th_width =   32
  MUL_MAT(type_a=q2_0,type_b=f32,m=16,n=1,k=256,bs=[3,2],nr=[1,2],per=[0,1,2,3],k_v=0,o=1,src_overlap=0,m_v=0,pad=0): [1;32mOK[0m
ggml_metal_library_compile_pipeline: compiling pipeline: base = 'kernel_mul_mv_q2_0_f32', name = 'kernel_mul_mv_q2_0_f32_nsg=2_ne12=6_r2=2_r3=2_split=0'
ggml_metal_library_compile_pipeline: loaded kernel_mul_mv_q2_0_f32_nsg=2_ne12=6_r2=2_r3=2_split=0     0x7c03d55f80 | th_max = 1024 | th_width =   32
  MUL_MAT(type_a=q2_0,type_b=f32,m=16,n=1,k=256,bs=[3,2],nr=[2,2],per=[0,1,2,3],k_v=0,o=1,src_overlap=0,m_v=0,pad=0): [1;32mOK[0m
ggml_metal_library_compile_pipeline: compiling pipeline: base = 'kernel_mul_mv_ext_q2_0_f32_r1_4', name = 'kernel_mul_mv_ext_q2_0_f32_r1_4_nsg=2_nxpsg=8_ne12=6_r2=2_r3=2'
ggml_metal_library_compile_pipeline: loaded kernel_mul_mv_ext_q2_0_f32_r1_4_nsg=2_nxpsg=8_ne12=6_r2=2_r3=2     0x7c03d56300 | th_max = 1024 | th_width =   32
  MUL_MAT(type_a=q2_0,type_b=f32,m=16,n=4,k=256,bs=[3,2],nr=[2,2],per=[0,1,2,3],k_v=0,o=1,src_overlap=0,m_v=0,pad=0): [1;32mOK[0m
  MUL_MAT(type_a=q2_0,type_b=f32,m=16,n=16,k=256,bs=[1,1],nr=[1,1],per=[0,1,2,3],k_v=0,o=1,src_overlap=0,m_v=0,pad=0): [1;32mOK[0m
ggml_metal_library_compile_pipeline: compiling pipeline: base = 'kernel_mul_mm_q2_0_f32', name = 'kernel_mul_mm_q2_0_f32_bci=0_bco=1_ne12=2_ne13=1_r2=2_r3=1'
ggml_metal_library_compile_pipeline: loaded kernel_mul_mm_q2_0_f32_bci=0_bco=1_ne12=2_ne13=1_r2=2_r3=1     0x7c03d56d80 | th_max = 1024 | th_width =   32
  MUL_MAT(type_a=q2_0,type_b=f32,m=16,n=16,k=256,bs=[1,1],nr=[2,1],per=[0,1,2,3],k_v=0,o=1,src_overlap=0,m_v=0,pad=0): [1;32mOK[0m
ggml_metal_library_compile_pipeline: compiling pipeline: base = 'kernel_mul_mm_q2_0_f32', name = 'kernel_mul_mm_q2_0_f32_bci=0_bco=1_ne12=1_ne13=2_r2=1_r3=2'
ggml_metal_library_compile_pipeline: loaded kernel_mul_mm_q2_0_f32_bci=0_bco=1_ne12=1_ne13=2_r2=1_r3=2     0x7c03d57100 | th_max = 1024 | th_width =   32
  MUL_MAT(type_a=q2_0,type_b=f32,m=16,n=16,k=256,bs=[1,1],nr=[1,2],per=[0,1,2,3],k_v=0,o=1,src_overlap=0,m_v=0,pad=0): [1;32mOK[0m
ggml_metal_library_compile_pipeline: compiling pipeline: base = 'kernel_mul_mm_q2_0_f32', name = 'kernel_mul_mm_q2_0_f32_bci=0_bco=1_ne12=3_ne13=1_r2=1_r3=1'
ggml_metal_library_compile_pipeline: loaded kernel_mul_mm_q2_0_f32_bci=0_bco=1_ne12=3_ne13=1_r2=1_r3=1     0x7c03d56a00 | th_max = 1024 | th_width =   32
  MUL_MAT(type_a=q2_0,type_b=f32,m=16,n=16,k=256,bs=[3,1],nr=[1,1],per=[0,1,2,3],k_v=0,o=1,src_overlap=0,m_v=0,pad=0): [1;32mOK[0m
ggml_metal_library_compile_pipeline: compiling pipeline: base = 'kernel_mul_mm_q2_0_f32', name = 'kernel_mul_mm_q2_0_f32_bci=0_bco=1_ne12=6_ne13=1_r2=2_r3=1'
ggml_metal_library_compile_pipeline: loaded kernel_mul_mm_q2_0_f32_bci=0_bco=1_ne12=6_ne13=1_r2=2_r3=1     0x7c03d57480 | th_max = 1024 | th_width =   32
  MUL_MAT(type_a=q2_0,type_b=f32,m=16,n=16,k=256,bs=[3,1],nr=[2,1],per=[0,1,2,3],k_v=0,o=1,src_overlap=0,m_v=0,pad=0): [1;32mOK[0m
ggml_metal_library_compile_pipeline: compiling pipeline: base = 'kernel_mul_mm_q2_0_f32', name = 'kernel_mul_mm_q2_0_f32_bci=0_bco=1_ne12=3_ne13=2_r2=1_r3=1'
ggml_metal_library_compile_pipeline: loaded kernel_mul_mm_q2_0_f32_bci=0_bco=1_ne12=3_ne13=2_r2=1_r3=1     0x7c03da4380 | th_max = 1024 | th_width =   32
  MUL_MAT(type_a=q2_0,type_b=f32,m=16,n=16,k=256,bs=[3,2],nr=[1,1],per=[0,1,2,3],k_v=0,o=1,src_overlap=0,m_v=0,pad=0): [1;32mOK[0m
ggml_metal_library_compile_pipeline: compiling pipeline: base = 'kernel_mul_mm_q2_0_f32', name = 'kernel_mul_mm_q2_0_f32_bci=0_bco=1_ne12=6_ne13=2_r2=2_r3=1'
ggml_metal_library_compile_pipeline: loaded kernel_mul_mm_q2_0_f32_bci=0_bco=1_ne12=6_ne13=2_r2=2_r3=1     0x7c03da4700 | th_max = 1024 | th_width =   32
  MUL_MAT(type_a=q2_0,type_b=f32,m=16,n=16,k=256,bs=[3,2],nr=[2,1],per=[0,1,2,3],k_v=0,o=1,src_overlap=0,m_v=0,pad=0): [1;32mOK[0m
ggml_metal_library_compile_pipeline: compiling pipeline: base = 'kernel_mul_mm_q2_0_f32', name = 'kernel_mul_mm_q2_0_f32_bci=0_bco=1_ne12=3_ne13=4_r2=1_r3=2'
ggml_metal_library_compile_pipeline: loaded kernel_mul_mm_q2_0_f32_bci=0_bco=1_ne12=3_ne13=4_r2=1_r3=2     0x7c03da4000 | th_max = 1024 | th_width =   32
  MUL_MAT(type_a=q2_0,type_b=f32,m=16,n=16,k=256,bs=[3,2],nr=[1,2],per=[0,1,2,3],k_v=0,o=1,src_overlap=0,m_v=0,pad=0): [1;32mOK[0m
ggml_metal_library_compile_pipeline: compiling pipeline: base = 'kernel_mul_mm_q2_0_f32', name = 'kernel_mul_mm_q2_0_f32_bci=0_bco=1_ne12=6_ne13=4_r2=2_r3=2'
ggml_metal_library_compile_pipeline: loaded kernel_mul_mm_q2_0_f32_bci=0_bco=1_ne12=6_ne13=4_r2=2_r3=2     0x7c03da4a80 | th_max = 1024 | th_width =   32
  MUL_MAT(type_a=q2_0,type_b=f32,m=16,n=16,k=256,bs=[3,2],nr=[2,2],per=[0,1,2,3],k_v=0,o=1,src_overlap=0,m_v=0,pad=0): [1;32mOK[0m
ggml_metal_library_compile_pipeline: compiling pipeline: base = 'kernel_mul_mv_q2_0_f32', name = 'kernel_mul_mv_q2_0_f32_nsg=2_ne12=2_r2=1_r3=1_split=0'
ggml_metal_library_compile_pipeline: loaded kernel_mul_mv_q2_0_f32_nsg=2_ne12=2_r2=1_r3=1_split=0     0x7c03da5180 | th_max = 1024 | th_width =   32
  MUL_MAT(type_a=q2_0,type_b=f32,m=16,n=1,k=256,bs=[2,3],nr=[1,1],per=[0,2,1,3],k_v=0,o=1,src_overlap=0,m_v=0,pad=0): [1;32mOK[0m
  MUL_MAT(type_a=q2_0,type_b=f32,m=16,n=1,k=256,bs=[2,3],nr=[1,1],per=[0,1,3,2],k_v=0,o=1,src_overlap=0,m_v=0,pad=0): [1;32mOK[0m
  MUL_MAT(type_a=q2_0,type_b=f32,m=16,n=1,k=256,bs=[2,3],nr=[1,1],per=[0,3,2,1],k_v=0,o=1,src_overlap=0,m_v=0,pad=0): [1;32mOK[0m
ggml_metal_library_compile_pipeline: compiling pipeline: base = 'kernel_mul_mv_ext_q2_0_f32_r1_4', name = 'kernel_mul_mv_ext_q2_0_f32_r1_4_nsg=2_nxpsg=8_ne12=2_r2=1_r3=1'
ggml_metal_library_compile_pipeline: loaded kernel_mul_mv_ext_q2_0_f32_r1_4_nsg=2_nxpsg=8_ne12=2_r2=1_r3=1     0x7c03da5880 | th_max = 1024 | th_width =   32
  MUL_MAT(type_a=q2_0,type_b=f32,m=16,n=4,k=256,bs=[2,3],nr=[1,1],per=[0,3,2,1],k_v=0,o=1,src_overlap=0,m_v=0,pad=0): [1;32mOK[0m
  MUL_MAT(type_a=q2_0,type_b=f32,m=16,n=8,k=256,bs=[2,3],nr=[1,1],per=[0,2,1,3],k_v=0,o=1,src_overlap=0,m_v=0,pad=0): [1;32mOK[0m
  MUL_MAT(type_a=q2_0,type_b=f32,m=16,n=8,k=256,bs=[2,3],nr=[1,1],per=[0,1,3,2],k_v=0,o=1,src_overlap=0,m_v=0,pad=0): [1;32mOK[0m
  MUL_MAT(type_a=q2_0,type_b=f32,m=16,n=8,k=256,bs=[2,3],nr=[1,1],per=[0,3,2,1],k_v=0,o=1,src_overlap=0,m_v=0,pad=0): [1;32mOK[0m
ggml_metal_library_compile_pipeline: compiling pipeline: base = 'kernel_mul_mm_q2_0_f32', name = 'kernel_mul_mm_q2_0_f32_bci=0_bco=1_ne12=2_ne13=3_r2=1_r3=1'
ggml_metal_library_compile_pipeline: loaded kernel_mul_mm_q2_0_f32_bci=0_bco=1_ne12=2_ne13=3_r2=1_r3=1     0x7c03da4e00 | th_max = 1024 | th_width =   32
  MUL_MAT(type_a=q2_0,type_b=f32,m=16,n=16,k=256,bs=[2,3],nr=[1,1],per=[0,2,1,3],k_v=0,o=1,src_overlap=0,m_v=0,pad=0): [1;32mOK[0m
  MUL_MAT(type_a=q2_0,type_b=f32,m=16,n=16,k=256,bs=[2,3],nr=[1,1],per=[0,1,3,2],k_v=0,o=1,src_overlap=0,m_v=0,pad=0): [1;32mOK[0m
  MUL_MAT(type_a=q2_0,type_b=f32,m=16,n=16,k=256,bs=[2,3],nr=[1,1],per=[0,3,2,1],k_v=0,o=1,src_overlap=0,m_v=0,pad=0): [1;32mOK[0m
  MUL_MAT(type_a=q2_0,type_b=f32,m=16,n=1,k=1024,bs=[3,2],nr=[1,1],per=[0,1,2,3],k_v=0,o=1,src_overlap=0,m_v=0,pad=0): [1;32mOK[0m
ggml_metal_library_compile_pipeline: compiling pipeline: base = 'kernel_mul_mv_ext_q2_0_f32_r1_4', name = 'kernel_mul_mv_ext_q2_0_f32_r1_4_nsg=2_nxpsg=8_ne12=3_r2=1_r3=1'
ggml_metal_library_compile_pipeline: loaded kernel_mul_mv_ext_q2_0_f32_r1_4_nsg=2_nxpsg=8_ne12=3_r2=1_r3=1     0x7c03da5f80 | th_max = 1024 | th_width =   32
  MUL_MAT(type_a=q2_0,type_b=f32,m=16,n=8,k=1024,bs=[3,2],nr=[1,1],per=[0,1,2,3],k_v=0,o=1,src_overlap=0,m_v=0,pad=0): [1;32mOK[0m
  MUL_MAT(type_a=q2_0,type_b=f32,m=16,n=16,k=1024,bs=[3,2],nr=[1,1],per=[0,1,2,3],k_v=0,o=1,src_overlap=0,m_v=0,pad=0): [1;32mOK[0m
ggml_metal_library_compile_pipeline: compiling pipeline: base = 'kernel_mul_mv_ext_q2_0_f32_r1_4', name = 'kernel_mul_mv_ext_q2_0_f32_r1_4_nsg=2_nxpsg=8_ne12=1536_r2=1_r3=1'
ggml_metal_library_compile_pipeline: loaded kernel_mul_mv_ext_q2_0_f32_r1_4_nsg=2_nxpsg=8_ne12=1536_r2=1_r3=1     0x7c03da5500 | th_max = 1024 | th_width =   32
  MUL_MAT(type_a=q2_0,type_b=f32,m=16,n=8,k=256,bs=[1536,1],nr=[1,1],per=[0,1,2,3],k_v=0,o=1,src_overlap=0,m_v=0,pad=0): [1;32mOK[0m
  MUL_MAT(type_a=q2_0,type_b=f16,m=16,n=1,k=256,bs=[1,1],nr=[1,1],per=[0,1,2,3],k_v=0,o=1,src_overlap=0,m_v=0,pad=0): not supported [MTL0, CPU] 
  MUL_MAT(type_a=q2_0,type_b=f16,m=16,n=1,k=256,bs=[1,1],nr=[2,1],per=[0,1,2,3],k_v=0,o=1,src_overlap=0,m_v=0,pad=0): not supported [MTL0, CPU] 
  MUL_MAT(type_a=q2_0,type_b=f16,m=16,n=1,k=256,bs=[1,1],nr=[1,2],per=[0,1,2,3],k_v=0,o=1,src_overlap=0,m_v=0,pad=0): not supported [MTL0, CPU] 
  MUL_MAT(type_a=q2_0,type_b=f16,m=16,n=1,k=256,bs=[3,1],nr=[1,1],per=[0,1,2,3],k_v=0,o=1,src_overlap=0,m_v=0,pad=0): not supported [MTL0, CPU] 
  MUL_MAT(type_a=q2_0,type_b=f16,m=16,n=1,k=256,bs=[3,1],nr=[2,1],per=[0,1,2,3],k_v=0,o=1,src_overlap=0,m_v=0,pad=0): not supported [MTL0, CPU] 
  MUL_MAT(type_a=q2_0,type_b=f16,m=16,n=1,k=256,bs=[3,2],nr=[1,1],per=[0,1,2,3],k_v=0,o=1,src_overlap=0,m_v=0,pad=0): not supported [MTL0, CPU] 
  MUL_MAT(type_a=q2_0,type_b=f16,m=16,n=1,k=256,bs=[3,2],nr=[2,1],per=[0,1,2,3],k_v=0,o=1,src_overlap=0,m_v=0,pad=0): not supported [MTL0, CPU] 
  MUL_MAT(type_a=q2_0,type_b=f16,m=16,n=1,k=256,bs=[3,2],nr=[1,2],per=[0,1,2,3],k_v=0,o=1,src_overlap=0,m_v=0,pad=0): not supported [MTL0, CPU] 
  MUL_MAT(type_a=q2_0,type_b=f16,m=16,n=1,k=256,bs=[3,2],nr=[2,2],per=[0,1,2,3],k_v=0,o=1,src_overlap=0,m_v=0,pad=0): not supported [MTL0, CPU] 
  MUL_MAT(type_a=q2_0,type_b=f16,m=16,n=4,k=256,bs=[3,2],nr=[2,2],per=[0,1,2,3],k_v=0,o=1,src_overlap=0,m_v=0,pad=0): not supported [MTL0, CPU] 
  MUL_MAT(type_a=q2_0,type_b=f16,m=16,n=16,k=256,bs=[1,1],nr=[1,1],per=[0,1,2,3],k_v=0,o=1,src_overlap=0,m_v=0,pad=0): not supported [CPU] 
  MUL_MAT(type_a=q2_0,type_b=f16,m=16,n=16,k=256,bs=[1,1],nr=[2,1],per=[0,1,2,3],k_v=0,o=1,src_overlap=0,m_v=0,pad=0): not supported [CPU] 
  MUL_MAT(type_a=q2_0,type_b=f16,m=16,n=16,k=256,bs=[1,1],nr=[1,2],per=[0,1,2,3],k_v=0,o=1,src_overlap=0,m_v=0,pad=0): not supported [CPU] 
  MUL_MAT(type_a=q2_0,type_b=f16,m=16,n=16,k=256,bs=[3,1],nr=[1,1],per=[0,1,2,3],k_v=0,o=1,src_overlap=0,m_v=0,pad=0): not supported [CPU] 
  MUL_MAT(type_a=q2_0,type_b=f16,m=16,n=16,k=256,bs=[3,1],nr=[2,1],per=[0,1,2,3],k_v=0,o=1,src_overlap=0,m_v=0,pad=0): not supported [CPU] 
  MUL_MAT(type_a=q2_0,type_b=f16,m=16,n=16,k=256,bs=[3,2],nr=[1,1],per=[0,1,2,3],k_v=0,o=1,src_overlap=0,m_v=0,pad=0): not supported [CPU] 
  MUL_MAT(type_a=q2_0,type_b=f16,m=16,n=16,k=256,bs=[3,2],nr=[2,1],per=[0,1,2,3],k_v=0,o=1,src_overlap=0,m_v=0,pad=0): not supported [CPU] 
  MUL_MAT(type_a=q2_0,type_b=f16,m=16,n=16,k=256,bs=[3,2],nr=[1,2],per=[0,1,2,3],k_v=0,o=1,src_overlap=0,m_v=0,pad=0): not supported [CPU] 
  MUL_MAT(type_a=q2_0,type_b=f16,m=16,n=16,k=256,bs=[3,2],nr=[2,2],per=[0,1,2,3],k_v=0,o=1,src_overlap=0,m_v=0,pad=0): not supported [CPU] 
  MUL_MAT(type_a=q2_0,type_b=f16,m=16,n=1,k=256,bs=[2,3],nr=[1,1],per=[0,2,1,3],k_v=0,o=1,src_overlap=0,m_v=0,pad=0): not supported [MTL0, CPU] 
  MUL_MAT(type_a=q2_0,type_b=f16,m=16,n=1,k=256,bs=[2,3],nr=[1,1],per=[0,1,3,2],k_v=0,o=1,src_overlap=0,m_v=0,pad=0): not supported [MTL0, CPU] 
  MUL_MAT(type_a=q2_0,type_b=f16,m=16,n=1,k=256,bs=[2,3],nr=[1,1],per=[0,3,2,1],k_v=0,o=1,src_overlap=0,m_v=0,pad=0): not supported [MTL0, CPU] 
  MUL_MAT(type_a=q2_0,type_b=f16,m=16,n=4,k=256,bs=[2,3],nr=[1,1],per=[0,3,2,1],k_v=0,o=1,src_overlap=0,m_v=0,pad=0): not supported [MTL0, CPU] 
  MUL_MAT(type_a=q2_0,type_b=f16,m=16,n=8,k=256,bs=[2,3],nr=[1,1],per=[0,2,1,3],k_v=0,o=1,src_overlap=0,m_v=0,pad=0): not supported [MTL0, CPU] 
  MUL_MAT(type_a=q2_0,type_b=f16,m=16,n=8,k=256,bs=[2,3],nr=[1,1],per=[0,1,3,2],k_v=0,o=1,src_overlap=0,m_v=0,pad=0): not supported [MTL0, CPU] 
  MUL_MAT(type_a=q2_0,type_b=f16,m=16,n=8,k=256,bs=[2,3],nr=[1,1],per=[0,3,2,1],k_v=0,o=1,src_overlap=0,m_v=0,pad=0): not supported [MTL0, CPU] 
  MUL_MAT(type_a=q2_0,type_b=f16,m=16,n=16,k=256,bs=[2,3],nr=[1,1],per=[0,2,1,3],k_v=0,o=1,src_overlap=0,m_v=0,pad=0): not supported [CPU] 
  MUL_MAT(type_a=q2_0,type_b=f16,m=16,n=16,k=256,bs=[2,3],nr=[1,1],per=[0,1,3,2],k_v=0,o=1,src_overlap=0,m_v=0,pad=0): not supported [CPU] 
  MUL_MAT(type_a=q2_0,type_b=f16,m=16,n=16,k=256,bs=[2,3],nr=[1,1],per=[0,3,2,1],k_v=0,o=1,src_overlap=0,m_v=0,pad=0): not supported [CPU] 
  MUL_MAT(type_a=q2_0,type_b=f16,m=16,n=1,k=1024,bs=[3,2],nr=[1,1],per=[0,1,2,3],k_v=0,o=1,src_overlap=0,m_v=0,pad=0): not supported [MTL0, CPU] 
  MUL_MAT(type_a=q2_0,type_b=f16,m=16,n=8,k=1024,bs=[3,2],nr=[1,1],per=[0,1,2,3],k_v=0,o=1,src_overlap=0,m_v=0,pad=0): not supported [MTL0, CPU] 
  MUL_MAT(type_a=q2_0,type_b=f16,m=16,n=16,k=1024,bs=[3,2],nr=[1,1],per=[0,1,2,3],k_v=0,o=1,src_overlap=0,m_v=0,pad=0): not supported [CPU] 
  MUL_MAT(type_a=q2_0,type_b=f16,m=16,n=8,k=256,bs=[1536,1],nr=[1,1],per=[0,1,2,3],k_v=0,o=1,src_overlap=0,m_v=0,pad=0): not supported [MTL0, CPU] 
  MUL_MAT(type_a=q2_0,type_b=f32,m=16,n=1,k=64,bs=[1,1],nr=[1,1],per=[0,1,2,3],k_v=0,o=1,src_overlap=0,m_v=0,pad=0): [1;32mOK[0m
  MUL_MAT(type_a=q2_0,type_b=f32,m=16,n=1,k=256,bs=[1,1],nr=[1,1],per=[0,1,2,3],k_v=0,o=1,src_overlap=0,m_v=0,pad=0): [1;32mOK[0m
  MUL_MAT(type_a=q2_0,type_b=f32,m=1,n=64,k=256,bs=[1,1],nr=[1,1],per=[0,1,2,3],k_v=0,o=1,src_overlap=0,m_v=0,pad=0): [1;32mOK[0m
ggml_metal_library_compile_pipeline: compiling pipeline: base = 'kernel_mul_mv_id_q2_0_f32', name = 'kernel_mul_mv_id_q2_0_f32_nsg=2_split=0'
ggml_metal_library_compile_pipeline: loaded kernel_mul_mv_id_q2_0_f32_nsg=2_split=0      0x7c03da6680 | th_max = 1024 | th_width =   32
  MUL_MAT_ID(type_a=q2_0,type_b=f32,n_mats=4,n_used=2,b=0,m=64,n=16,k=192,amax=1.000000,m_v=0): [1;32mOK[0m
  MUL_MAT_ID(type_a=q2_0,type_b=f32,n_mats=4,n_used=1,b=0,m=512,n=1,k=256,amax=1.000000,m_v=0): [1;32mOK[0m
  MUL_MAT_ID(type_a=q2_0,type_b=f32,n_mats=4,n_used=1,b=0,m=512,n=4,k=256,amax=1.000000,m_v=0): [1;32mOK[0m
  MUL_MAT_ID(type_a=q2_0,type_b=f32,n_mats=4,n_used=1,b=0,m=512,n=5,k=256,amax=1.000000,m_v=0): [1;32mOK[0m
  MUL_MAT_ID(type_a=q2_0,type_b=f32,n_mats=4,n_used=1,b=0,m=512,n=17,k=256,amax=1.000000,m_v=0): [1;32mOK[0m
ggml_metal_library_compile_pipeline: compiling pipeline: base = 'kernel_mul_mm_id_map0_ne20_1', name = 'kernel_mul_mm_id_map0_ne20_1_ne02=4'
ggml_metal_library_compile_pipeline: loaded kernel_mul_mm_id_map0_ne20_1_ne02=4          0x7c03da6300 | th_max = 1024 | th_width =   32
ggml_metal_library_compile_pipeline: compiling pipeline: base = 'kernel_mul_mm_id_q2_0_f32', name = 'kernel_mul_mm_id_q2_0_f32_bci=0_amax=0'
ggml_metal_library_compile_pipeline: loaded kernel_mul_mm_id_q2_0_f32_bci=0_amax=0       0x7c03da6d80 | th_max = 1024 | th_width =   32
  MUL_MAT_ID(type_a=q2_0,type_b=f32,n_mats=4,n_used=1,b=0,m=512,n=32,k=256,amax=1.000000,m_v=0): [1;32mOK[0m
  MUL_MAT_ID(type_a=q2_0,type_b=f32,n_mats=4,n_used=1,b=0,m=512,n=129,k=256,amax=1.000000,m_v=0): [1;32mOK[0m
  MUL_MAT_ID(type_a=q2_0,type_b=f32,n_mats=4,n_used=1,b=1,m=512,n=1,k=256,amax=1.000000,m_v=0): [1;32mOK[0m
  MUL_MAT_ID(type_a=q2_0,type_b=f32,n_mats=4,n_used=1,b=1,m=512,n=4,k=256,amax=1.000000,m_v=0): [1;32mOK[0m
  MUL_MAT_ID(type_a=q2_0,type_b=f32,n_mats=4,n_used=1,b=1,m=512,n=5,k=256,amax=1.000000,m_v=0): [1;32mOK[0m
  MUL_MAT_ID(type_a=q2_0,type_b=f32,n_mats=4,n_used=1,b=1,m=512,n=17,k=256,amax=1.000000,m_v=0): [1;32mOK[0m
  MUL_MAT_ID(type_a=q2_0,type_b=f32,n_mats=4,n_used=1,b=1,m=512,n=32,k=256,amax=1.000000,m_v=0): [1;32mOK[0m
  MUL_MAT_ID(type_a=q2_0,type_b=f32,n_mats=4,n_used=1,b=1,m=512,n=129,k=256,amax=1.000000,m_v=0): [1;32mOK[0m
  MUL_MAT_ID(type_a=q2_0,type_b=f32,n_mats=4,n_used=2,b=0,m=512,n=1,k=256,amax=1.000000,m_v=0): [1;32mOK[0m
  MUL_MAT_ID(type_a=q2_0,type_b=f32,n_mats=4,n_used=2,b=0,m=512,n=4,k=256,amax=1.000000,m_v=0): [1;32mOK[0m
  MUL_MAT_ID(type_a=q2_0,type_b=f32,n_mats=4,n_used=2,b=0,m=512,n=5,k=256,amax=1.000000,m_v=0): [1;32mOK[0m
  MUL_MAT_ID(type_a=q2_0,type_b=f32,n_mats=4,n_used=2,b=0,m=512,n=17,k=256,amax=1.000000,m_v=0): [1;32mOK[0m
ggml_metal_library_compile_pipeline: compiling pipeline: base = 'kernel_mul_mm_id_map0_ne20_2', name = 'kernel_mul_mm_id_map0_ne20_2_ne02=4'
ggml_metal_library_compile_pipeline: loaded kernel_mul_mm_id_map0_ne20_2_ne02=4          0x7c03da7100 | th_max = 1024 | th_width =   32
  MUL_MAT_ID(type_a=q2_0,type_b=f32,n_mats=4,n_used=2,b=0,m=512,n=32,k=256,amax=1.000000,m_v=0): [1;32mOK[0m
  MUL_MAT_ID(type_a=q2_0,type_b=f32,n_mats=4,n_used=2,b=0,m=512,n=129,k=256,amax=1.000000,m_v=0): [1;32mOK[0m
  MUL_MAT_ID(type_a=q2_0,type_b=f32,n_mats=4,n_used=2,b=1,m=512,n=1,k=256,amax=1.000000,m_v=0): [1;32mOK[0m
  MUL_MAT_ID(type_a=q2_0,type_b=f32,n_mats=4,n_used=2,b=1,m=512,n=4,k=256,amax=1.000000,m_v=0): [1;32mOK[0m
  MUL_MAT_ID(type_a=q2_0,type_b=f32,n_mats=4,n_used=2,b=1,m=512,n=5,k=256,amax=1.000000,m_v=0): [1;32mOK[0m
  MUL_MAT_ID(type_a=q2_0,type_b=f32,n_mats=4,n_used=2,b=1,m=512,n=17,k=256,amax=1.000000,m_v=0): [1;32mOK[0m
  MUL_MAT_ID(type_a=q2_0,type_b=f32,n_mats=4,n_used=2,b=1,m=512,n=32,k=256,amax=1.000000,m_v=0): [1;32mOK[0m
  MUL_MAT_ID(type_a=q2_0,type_b=f32,n_mats=4,n_used=2,b=1,m=512,n=129,k=256,amax=1.000000,m_v=0): [1;32mOK[0m
  MUL_MAT_ID(type_a=q2_0,type_b=f32,n_mats=4,n_used=4,b=0,m=512,n=1,k=256,amax=1.000000,m_v=0): [1;32mOK[0m
  MUL_MAT_ID(type_a=q2_0,type_b=f32,n_mats=4,n_used=4,b=0,m=512,n=4,k=256,amax=1.000000,m_v=0): [1;32mOK[0m
  MUL_MAT_ID(type_a=q2_0,type_b=f32,n_mats=4,n_used=4,b=0,m=512,n=5,k=256,amax=1.000000,m_v=0): [1;32mOK[0m
  MUL_MAT_ID(type_a=q2_0,type_b=f32,n_mats=4,n_used=4,b=0,m=512,n=17,k=256,amax=1.000000,m_v=0): [1;32mOK[0m
ggml_metal_library_compile_pipeline: compiling pipeline: base = 'kernel_mul_mm_id_map0_ne20_4', name = 'kernel_mul_mm_id_map0_ne20_4_ne02=4'
ggml_metal_library_compile_pipeline: loaded kernel_mul_mm_id_map0_ne20_4_ne02=4          0x7c03da6a00 | th_max = 1024 | th_width =   32
  MUL_MAT_ID(type_a=q2_0,type_b=f32,n_mats=4,n_used=4,b=0,m=512,n=32,k=256,amax=1.000000,m_v=0): [1;32mOK[0m
  MUL_MAT_ID(type_a=q2_0,type_b=f32,n_mats=4,n_used=4,b=0,m=512,n=129,k=256,amax=1.000000,m_v=0): [1;32mOK[0m
  MUL_MAT_ID(type_a=q2_0,type_b=f32,n_mats=4,n_used=4,b=1,m=512,n=1,k=256,amax=1.000000,m_v=0): [1;32mOK[0m
  MUL_MAT_ID(type_a=q2_0,type_b=f32,n_mats=4,n_used=4,b=1,m=512,n=4,k=256,amax=1.000000,m_v=0): [1;32mOK[0m
  MUL_MAT_ID(type_a=q2_0,type_b=f32,n_mats=4,n_used=4,b=1,m=512,n=5,k=256,amax=1.000000,m_v=0): [1;32mOK[0m
  MUL_MAT_ID(type_a=q2_0,type_b=f32,n_mats=4,n_used=4,b=1,m=512,n=17,k=256,amax=1.000000,m_v=0): [1;32mOK[0m
  MUL_MAT_ID(type_a=q2_0,type_b=f32,n_mats=4,n_used=4,b=1,m=512,n=32,k=256,amax=1.000000,m_v=0): [1;32mOK[0m
  MUL_MAT_ID(type_a=q2_0,type_b=f32,n_mats=4,n_used=4,b=1,m=512,n=129,k=256,amax=1.000000,m_v=0): [1;32mOK[0m
  MUL_MAT_ID(type_a=q2_0,type_b=f32,n_mats=8,n_used=1,b=0,m=512,n=1,k=256,amax=1.000000,m_v=0): [1;32mOK[0m
  MUL_MAT_ID(type_a=q2_0,type_b=f32,n_mats=8,n_used=1,b=0,m=512,n=4,k=256,amax=1.000000,m_v=0): [1;32mOK[0m
  MUL_MAT_ID(type_a=q2_0,type_b=f32,n_mats=8,n_used=1,b=0,m=512,n=5,k=256,amax=1.000000,m_v=0): [1;32mOK[0m
  MUL_MAT_ID(type_a=q2_0,type_b=f32,n_mats=8,n_used=1,b=0,m=512,n=17,k=256,amax=1.000000,m_v=0): [1;32mOK[0m
ggml_metal_library_compile_pipeline: compiling pipeline: base = 'kernel_mul_mm_id_map0_ne20_1', name = 'kernel_mul_mm_id_map0_ne20_1_ne02=8'
ggml_metal_library_compile_pipeline: loaded kernel_mul_mm_id_map0_ne20_1_ne02=8          0x7c03da7480 | th_max = 1024 | th_width =   32
  MUL_MAT_ID(type_a=q2_0,type_b=f32,n_mats=8,n_used=1,b=0,m=512,n=32,k=256,amax=1.000000,m_v=0): [1;32mOK[0m
  MUL_MAT_ID(type_a=q2_0,type_b=f32,n_mats=8,n_used=1,b=0,m=512,n=129,k=256,amax=1.000000,m_v=0): [1;32mOK[0m
  MUL_MAT_ID(type_a=q2_0,type_b=f32,n_mats=8,n_used=1,b=1,m=512,n=1,k=256,amax=1.000000,m_v=0): [1;32mOK[0m
  MUL_MAT_ID(type_a=q2_0,type_b=f32,n_mats=8,n_used=1,b=1,m=512,n=4,k=256,amax=1.000000,m_v=0): [1;32mOK[0m
  MUL_MAT_ID(type_a=q2_0,type_b=f32,n_mats=8,n_used=1,b=1,m=512,n=5,k=256,amax=1.000000,m_v=0): [1;32mOK[0m
  MUL_MAT_ID(type_a=q2_0,type_b=f32,n_mats=8,n_used=1,b=1,m=512,n=17,k=256,amax=1.000000,m_v=0): [1;32mOK[0m
  MUL_MAT_ID(type_a=q2_0,type_b=f32,n_mats=8,n_used=1,b=1,m=512,n=32,k=256,amax=1.000000,m_v=0): [1;32mOK[0m
  MUL_MAT_ID(type_a=q2_0,type_b=f32,n_mats=8,n_used=1,b=1,m=512,n=129,k=256,amax=1.000000,m_v=0): [1;32mOK[0m
  MUL_MAT_ID(type_a=q2_0,type_b=f32,n_mats=8,n_used=2,b=0,m=512,n=1,k=256,amax=1.000000,m_v=0): [1;32mOK[0m
  MUL_MAT_ID(type_a=q2_0,type_b=f32,n_mats=8,n_used=2,b=0,m=512,n=4,k=256,amax=1.000000,m_v=0): [1;32mOK[0m
  MUL_MAT_ID(type_a=q2_0,type_b=f32,n_mats=8,n_used=2,b=0,m=512,n=5,k=256,amax=1.000000,m_v=0): [1;32mOK[0m
  MUL_MAT_ID(type_a=q2_0,type_b=f32,n_mats=8,n_used=2,b=0,m=512,n=17,k=256,amax=1.000000,m_v=0): [1;32mOK[0m
ggml_metal_library_compile_pipeline: compiling pipeline: base = 'kernel_mul_mm_id_map0_ne20_2', name = 'kernel_mul_mm_id_map0_ne20_2_ne02=8'
ggml_metal_library_compile_pipeline: loaded kernel_mul_mm_id_map0_ne20_2_ne02=8          0x7c03da7b80 | th_max = 1024 | th_width =   32
  MUL_MAT_ID(type_a=q2_0,type_b=f32,n_mats=8,n_used=2,b=0,m=512,n=32,k=256,amax=1.000000,m_v=0): [1;32mOK[0m
  MUL_MAT_ID(type_a=q2_0,type_b=f32,n_mats=8,n_used=2,b=0,m=512,n=129,k=256,amax=1.000000,m_v=0): [1;32mOK[0m
  MUL_MAT_ID(type_a=q2_0,type_b=f32,n_mats=8,n_used=2,b=1,m=512,n=1,k=256,amax=1.000000,m_v=0): [1;32mOK[0m
  MUL_MAT_ID(type_a=q2_0,type_b=f32,n_mats=8,n_used=2,b=1,m=512,n=4,k=256,amax=1.000000,m_v=0): [1;32mOK[0m
  MUL_MAT_ID(type_a=q2_0,type_b=f32,n_mats=8,n_used=2,b=1,m=512,n=5,k=256,amax=1.000000,m_v=0): [1;32mOK[0m
  MUL_MAT_ID(type_a=q2_0,type_b=f32,n_mats=8,n_used=2,b=1,m=512,n=17,k=256,amax=1.000000,m_v=0): [1;32mOK[0m
  MUL_MAT_ID(type_a=q2_0,type_b=f32,n_mats=8,n_used=2,b=1,m=512,n=32,k=256,amax=1.000000,m_v=0): [1;32mOK[0m
  MUL_MAT_ID(type_a=q2_0,type_b=f32,n_mats=8,n_used=2,b=1,m=512,n=129,k=256,amax=1.000000,m_v=0): [1;32mOK[0m
  MUL_MAT_ID(type_a=q2_0,type_b=f32,n_mats=8,n_used=4,b=0,m=512,n=1,k=256,amax=1.000000,m_v=0): [1;32mOK[0m
  MUL_MAT_ID(type_a=q2_0,type_b=f32,n_mats=8,n_used=4,b=0,m=512,n=4,k=256,amax=1.000000,m_v=0): [1;32mOK[0m
  MUL_MAT_ID(type_a=q2_0,type_b=f32,n_mats=8,n_used=4,b=0,m=512,n=5,k=256,amax=1.000000,m_v=0): [1;32mOK[0m
  MUL_MAT_ID(type_a=q2_0,type_b=f32,n_mats=8,n_used=4,b=0,m=512,n=17,k=256,amax=1.000000,m_v=0): [1;32mOK[0m
ggml_metal_library_compile_pipeline: compiling pipeline: base = 'kernel_mul_mm_id_map0_ne20_4', name = 'kernel_mul_mm_id_map0_ne20_4_ne02=8'
ggml_metal_library_compile_pipeline: loaded kernel_mul_mm_id_map0_ne20_4_ne02=8          0x7c03d57b80 | th_max = 1024 | th_width =   32
  MUL_MAT_ID(type_a=q2_0,type_b=f32,n_mats=8,n_used=4,b=0,m=512,n=32,k=256,amax=1.000000,m_v=0): [1;32mOK[0m
  MUL_MAT_ID(type_a=q2_0,type_b=f32,n_mats=8,n_used=4,b=0,m=512,n=129,k=256,amax=1.000000,m_v=0): [1;32mOK[0m
  MUL_MAT_ID(type_a=q2_0,type_b=f32,n_mats=8,n_used=4,b=1,m=512,n=1,k=256,amax=1.000000,m_v=0): [1;32mOK[0m
  MUL_MAT_ID(type_a=q2_0,type_b=f32,n_mats=8,n_used=4,b=1,m=512,n=4,k=256,amax=1.000000,m_v=0): [1;32mOK[0m
  MUL_MAT_ID(type_a=q2_0,type_b=f32,n_mats=8,n_used=4,b=1,m=512,n=5,k=256,amax=1.000000,m_v=0): [1;32mOK[0m
  MUL_MAT_ID(type_a=q2_0,type_b=f32,n_mats=8,n_used=4,b=1,m=512,n=17,k=256,amax=1.000000,m_v=0): [1;32mOK[0m
  MUL_MAT_ID(type_a=q2_0,type_b=f32,n_mats=8,n_used=4,b=1,m=512,n=32,k=256,amax=1.000000,m_v=0): [1;32mOK[0m
  MUL_MAT_ID(type_a=q2_0,type_b=f32,n_mats=8,n_used=4,b=1,m=512,n=129,k=256,amax=1.000000,m_v=0): [1;32mOK[0m
  MUL_MAT_ID(type_a=q2_0,type_b=f32,n_mats=4,n_used=2,b=0,m=512,n=1,k=256,amax=1.000000,m_v=0): [1;32mOK[0m
  MUL_MAT_ID(type_a=q2_0,type_b=f32,n_mats=4,n_used=2,b=0,m=512,n=32,k=256,amax=1.000000,m_v=0): [1;32mOK[0m
ggml_metal_free: deallocating
  122/122 tests passed
  Backend MTL0: [1;32mOK[0m
Backend 2/3: BLAS
  Skipping
Backend 3/3: CPU
  Skipping
3/3 backends passed
[1;32mOK[0m
